Using Python:
Python 3.10.18
Checking core dependencies:
numpy: 2.2.6
gurobi: (12, 0, 3)
[Mon Sep 28 09:17:16 PDT 2026] Starting run_single_instance on a04-17.hpc.usc.edu for r101_Skewed2
Set parameter TokenServer to value "hpc-licenses.hpcc.usc.edu"
Added workload fairness penalty (mean_absolute_deviation) to objective with weight 10.0
Added weekly leadership day fairness penalty (mean_absolute_deviation) to objective with weight 100.0
Set parameter TimeLimit to value 10000
Set parameter Seed to value 42
Set parameter OutputFlag to value 1
Gurobi Optimizer version 12.0.3 build v12.0.3rc0 (linux64 - "Rocky Linux 8.10 (Green Obsidian)")

CPU model: AMD EPYC 7513 32-Core Processor, instruction set [SSE2|AVX|AVX2]
Thread count: 64 physical cores, 64 logical processors, using up to 32 threads

Non-default parameters:
TimeLimit  10000
Seed  42

Optimize a model with 992850 rows, 728450 columns and 6954150 nonzeros
Model fingerprint: 0xdae788da
Variable types: 200 continuous, 728250 integer (727750 binary)
Coefficient statistics:
  Matrix range     [2e-02, 1e+03]
  Objective range  [1e+00, 1e+02]
  Bounds range     [1e+00, 5e+01]
  RHS range        [1e+00, 1e+03]
Presolve removed 963550 rows and 700153 columns
Presolve time: 1.35s
Presolved: 29300 rows, 28297 columns, 225050 nonzeros
Variable types: 100 continuous, 28197 integer (28050 binary)
Performing another presolve...
Presolve removed 3100 rows and 150 columns
Presolve time: 1.01s
Deterministic concurrent LP optimizer: primal and dual simplex
Showing primal log only...


Root simplex log...

Iteration    Objective       Primal Inf.    Dual Inf.      Time
   15547    4.8631477e+04   0.000000e+00   7.990720e+07      5s
   51714    6.0860400e+03   0.000000e+00   3.376307e+05     10s
Concurrent spin time: 0.00s

Solved with dual simplex

Root simplex log...

Iteration    Objective       Primal Inf.    Dual Inf.      Time
   18946    4.2377005e+03   0.000000e+00   0.000000e+00     10s

Root relaxation: objective 4.237701e+03, 18946 iterations, 5.89 seconds (8.22 work units)
Total elapsed time = 10.11s (DegenMoves)

    Nodes    |    Current Node    |     Objective Bounds      |     Work
 Expl Unexpl |  Obj  Depth IntInf | Incumbent    BestBd   Gap | It/Node Time

     0     0 4237.70052    0 1508          - 4237.70052      -     -   10s
     0     0 4328.13655    0 1488          - 4328.13655      -     -   57s
     0     0 4328.13655    0 1609          - 4328.13655      -     -   59s
     0     0 4328.13655    0 1639          - 4328.13655      -     -   60s
     0     0 4328.13655    0 1670          - 4328.13655      -     -   60s
     0     0 4328.13655    0 1663          - 4328.13655      -     -   60s
     0     0 4335.88214    0 1536          - 4335.88214      -     -   65s
     0     0 4337.37724    0 1548          - 4337.37724      -     -   66s
     0     0 4337.37724    0 1535          - 4337.37724      -     -   66s
     0     0 4412.02170    0 1768          - 4412.02170      -     -   74s
     0     0 4426.54255    0 1793          - 4426.54255      -     -   78s
     0     0 4426.98110    0 1809          - 4426.98110      -     -   79s
     0     0 4427.02795    0 1828          - 4427.02795      -     -   79s
     0     0 4427.02795    0 1826          - 4427.02795      -     -   79s
     0     0 4484.92309    0 1835          - 4484.92309      -     -   85s
     0     0 4485.23983    0 1867          - 4485.23983      -     -   86s
     0     0 4485.34720    0 1813          - 4485.34720      -     -   86s
     0     0 4485.34912    0 1810          - 4485.34912      -     -   86s
     0     0 4508.86268    0 1832          - 4508.86268      -     -   91s
     0     0 4509.59179    0 1812          - 4509.59179      -     -   92s
     0     0 4509.61767    0 1789          - 4509.61767      -     -   92s
     0     0 4532.14927    0 1896          - 4532.14927      -     -   96s
     0     0 4533.56189    0 1928          - 4533.56189      -     -   97s
     0     0 4533.62679    0 1870          - 4533.62679      -     -   98s
     0     0 4533.62688    0 1861          - 4533.62688      -     -   98s
     0     0 4552.62624    0 1855          - 4552.62624      -     -  101s
     0     0 4552.97835    0 1927          - 4552.97835      -     -  102s
     0     0 4553.11264    0 1985          - 4553.11264      -     -  103s
     0     0 4553.13236    0 1988          - 4553.13236      -     -  103s
     0     0 4577.69435    0 1826          - 4577.69435      -     -  107s
     0     0 4579.19184    0 1885          - 4579.19184      -     -  108s
     0     0 4579.30894    0 1865          - 4579.30894      -     -  108s
     0     0 4579.33241    0 1887          - 4579.33241      -     -  109s
     0     0 4599.03990    0 1916          - 4599.03990      -     -  112s
     0     0 4599.80060    0 1887          - 4599.80060      -     -  113s
     0     0 4599.83590    0 1901          - 4599.83590      -     -  113s
     0     0 4621.47860    0 1944          - 4621.47860      -     -  116s
     0     0 4621.85560    0 1950          - 4621.85560      -     -  116s
     0     0 4621.94119    0 1978          - 4621.94119      -     -  116s
     0     0 4621.95946    0 1946          - 4621.95946      -     -  117s
     0     0 4640.31944    0 1991          - 4640.31944      -     -  120s
     0     0 4641.24583    0 1980          - 4641.24583      -     -  121s
     0     0 4641.37437    0 1979          - 4641.37437      -     -  121s
     0     0 4641.37668    0 1977          - 4641.37668      -     -  121s
     0     0 4654.13491    0 1987          - 4654.13491      -     -  123s
     0     0 4654.57447    0 1996          - 4654.57447      -     -  124s
     0     0 4654.62647    0 1974          - 4654.62647      -     -  124s
     0     0 4670.44353    0 1998          - 4670.44353      -     -  127s
     0     0 4670.80741    0 1972          - 4670.80741      -     -  128s
     0     0 4670.84735    0 2027          - 4670.84735      -     -  128s
     0     0 4679.11984    0 1873          - 4679.11984      -     -  130s
     0     0 4679.99083    0 1877          - 4679.99083      -     -  131s
     0     0 4680.04131    0 1895          - 4680.04131      -     -  131s
     0     0 4688.85527    0 1876          - 4688.85527      -     -  134s
     0     0 4689.21052    0 1929          - 4689.21052      -     -  134s
     0     0 4689.21523    0 1904          - 4689.21523      -     -  134s
     0     0 4707.77347    0 1849          - 4707.77347      -     -  138s
     0     0 4707.85322    0 1884          - 4707.85322      -     -  138s
     0     0 4716.10813    0 1889          - 4716.10813      -     -  140s
     0     0 4716.42657    0 1993          - 4716.42657      -     -  141s
     0     0 4716.43363    0 1989          - 4716.43363      -     -  141s
     0     0 4722.50414    0 1890          - 4722.50414      -     -  142s
     0     0 4722.52391    0 1912          - 4722.52391      -     -  143s
     0     0 4727.14812    0 1965          - 4727.14812      -     -  144s
     0     0 4727.43999    0 1955          - 4727.43999      -     -  145s
     0     0 4727.43999    0 1959          - 4727.43999      -     -  145s
     0     0 4731.85112    0 1988          - 4731.85112      -     -  147s
     0     0 4732.11683    0 1931          - 4732.11683      -     -  148s
     0     0 4732.19695    0 1965          - 4732.19695      -     -  148s
     0     0 4734.55908    0 2002          - 4734.55908      -     -  149s
     0     0 4734.59201    0 1993          - 4734.59201      -     -  149s
     0     0 4735.22561    0 2007          - 4735.22561      -     -  150s
     0     0 4735.25969    0 2066          - 4735.25969      -     -  150s
     0     0 4735.51289    0 2038          - 4735.51289      -     -  151s
     0     0 4735.77663    0 2025          - 4735.77663      -     -  152s
     0     2 4735.77934    0 2025          - 4735.77934      -     -  163s
     1     5 4735.96519    1 2008          - 4735.77934      -   544  172s
     7    16 4737.58476    3 1939          - 4737.02257      -  2136  187s
    15    32 4738.27362    4 2003          - 4737.60974      -  4282  195s
    31    64 4738.80621    5 1956          - 4738.30753      -  3610  211s
    63    96 4739.95149    6 2046          - 4739.95149      -  3877  222s
    95   157 4740.06443    7 2021          - 4740.06443      -  3235  251s
   156   194 4772.92761    8 2064          - 4740.51582      -  3587  270s
   193   249 4796.19033    9 2012          - 4740.51582      -  3730  285s
   248   306 4797.20468   10 1957          - 4740.51582      -  3404  311s
   311   352 4941.58618   11 1903          - 4740.51582      -  3326  345s
   359   406 4816.87258   12 1981          - 4740.51582      -  3611  370s
   413   454 4867.60849   15 2087          - 4740.51582      -  3760  396s
   463   483 4893.20938   14 2064          - 4740.51582      -  3750  417s
   492   559 4867.66251   16 2077          - 4740.51582      -  3836  447s
   568   642 4870.29956   21 2060          - 4740.51582      -  3638  473s
   651   723 4873.17947   22 2093          - 4740.51582      -  3458  496s
   732   792 4877.37933   26 2090          - 4740.51582      -  3339  520s
   801   881 4904.49418   28 2070          - 4740.51582      -  3265  544s
   890  1009 4911.43608   31 1974          - 4740.51582      -  3153  566s
  1018  1107 4914.34597   35 2038          - 4740.51582      -  2893  585s
  1116  1166 4939.80950   36 2005          - 4740.51582      -  2800  610s
  1175  1221 4962.13111   37 1949          - 4740.51582      -  2815  637s
  1234  1292 4963.04401   38 1954          - 4740.51582      -  2844  666s
  1305  1345 4970.19315   42 1940          - 4740.51582      -  2844  697s
  1358  1411 4989.62515   43 1990          - 4740.51582      -  2882  730s
  1424  1471 5011.99779   44 2017          - 4740.51582      -  2925  767s
  1484  1546 5037.63384   45 2095          - 4740.51582      -  2983  801s
  1559  1657 5060.68332   48 2009          - 4740.51582      -  3004  830s
  1670  1774 5064.93768   52 2007          - 4740.51582      -  2963  864s
  1787  1895 5070.63940   57 2012          - 4740.51582      -  2923  904s
  1908  2017 5081.92887   66 2095          - 4740.51582      -  2893  939s
  2030  2111 5114.11743   68 2175          - 4740.51582      -  2876  981s
  2124  2198 5154.00144   76 2248          - 4740.51582      -  2905 1020s
  2211  2295 5168.92718   79 2183          - 4740.51582      -  2946 1060s
  2308  2408 5200.66218   80 2017          - 4740.51582      -  2970 1103s
  2421  2535 5221.86326   84 1955          - 4740.51582      -  2982 1142s
  2548  2712 5275.34548   88 2053          - 4740.51582      -  2980 1189s
  2725  2852 5271.75734   99 2020          - 4740.51582      -  2928 1237s
  2865  2987 5312.06975  103 2042          - 4740.51582      -  2943 1285s
  3000  3129 5347.48211  106 2012          - 4740.51582      -  2951 1333s
  3142  3326 5391.83725  110 2005          - 4740.51582      -  2962 1383s
  3347  3581 5443.12694  121 1913          - 4740.51582      -  2917 1435s
  3604  3796 5444.39721  123 1872          - 4740.51582      -  2834 1489s
  3819  4160 5506.63561  129 1772          - 4740.51582      -  2808 1541s
  4185  4481 5558.93606  137 1841          - 4740.51582      -  2679 1591s
  4506  4843 5594.94807  148 1807          - 4740.51582      -  2601 1643s
  4870  5208 5695.29466  166 1629          - 4740.51582      -  2514 1698s
  5235  5519 5788.29787  181 1576          - 4740.51582      -  2452 1753s
  5546  5962 5851.20455  188 1437          - 4740.51582      -  2432 1809s
  5997  6736 5890.60487  197 1408          - 4740.51582      -  2362 1869s
  6783  7468 6311.06136  205 1244          - 4740.51582      -  2193 1925s
  7549  8012 7584.93869  211 1170          - 4740.51582      -  2074 1983s
  8169  8449 11429.3048  251 1292          - 4740.51582      -  2021 2039s
  8658  8926 18404.2507  293 1316          - 4740.51582      -  2006 2099s
  9209  9898 18823.1839  339 1301          - 4741.19488      -  1984 2157s
 10268 10762 5008.81002    8 1825          - 4741.19488      -  1868 2213s
 11265 11459 5143.95540   15 2014          - 4741.19488      -  1786 2275s
 12104 12225 5248.47634   22 1933          - 4741.19488      -  1742 2341s
 13028 12686 5292.46483   25 1951          - 4741.19488      -  1692 2404s
 13741 13233 5380.23313   30 1837          - 4741.19488      -  1668 2469s
 14395 13702 5398.33051   33 1799          - 4741.19488      -  1650 2534s
 15051 13703 5838.85207   97 14074          - 4741.19488      -  1632 2577s
 15053 13704 5701.60459   81 1468          - 4741.19488      -  1632 2637s
 15054 13705 5142.83926   28 1571          - 4741.19488      -  1632 2641s
 15055 13706 5582.65844  127 1528          - 4741.19488      -  1632 2648s
 15056 13706 4977.65755   20 1759          - 4741.19488      -  1632 2658s
 15057 13707 5839.01563   51 1810          - 4741.19488      -  1632 2667s
 15058 13708 9518.25558  274 1973          - 4792.55291      -  1632 2673s
 15059 13708 6594.23167  113 1793          - 4805.95694      -  1632 2677s
 15064 13712 5202.30565   44 1872          - 4808.80644      -  1631 2720s
 15065 13712 8634.51802  211 1871          - 4863.15667      -  1631 2729s
 15066 13713 6248.23025  100 1881          - 4882.50483      -  1631 2734s
 15067 13714 7188.41317  192 1939          - 4891.55000      -  1631 2737s
 15069 13715 5564.95926   71 1995          - 4895.25428      -  1630 2740s
 15072 13717 4964.40127   38 1986          - 4895.30846      -  1630 2781s
 15073 13718 7909.26622  229 1978          - 4940.36246      -  1630 2789s
 15074 13718 18623.5475  313 2010          - 4953.66645      -  1630 2793s
 15075 13719 5239.79348   71 1994          - 4956.63763      -  1630 2796s
 15082 13724 17625.7088  123 1981          - 4957.40897      -  1629 2841s
 15083 13724 5013.58524   29 2030          - 4995.70677      -  1629 2848s
 15084 13725 9015.56202  262 1991          - 5009.34171      -  1629 2852s
 15085 13726 5625.68083   82 2010          - 5012.95743      -  1629 2855s
 15090 13729 6093.48339  107 1952          - 5014.55582      -  1628 2900s
 15091 13730 5222.16048   85 2042          - 5055.37745      -  1628 2908s
 15092 13730 8570.28504  110 2021          - 5063.03366      -  1628 2911s
 15098 13734 5736.03443   66 2078          - 5064.96476      -  1627 2933s
 15099 13735 6763.21902  179 2344          - 5117.30881      -  1627 2948s
 15100 13736 5127.61032   39 2326          - 5127.61032      -  1627 2955s
 15106 13740 5394.85491   84 2353          - 5129.04561      -  1626 2999s
 15107 13740 5339.91032   48 2175          - 5159.13723      -  1626 3014s
 15108 13741 5179.71149   39 2135          - 5164.77205      -  1626 3018s
 15109 13742 7190.70675  211 2112          - 5167.04484      -  1626 3020s
 15113 13744 5499.96635   30 2214          - 5167.99835      -  1626 3059s
 15114 13745 14200.3821  122 2381          - 5186.14411      -  1626 3067s
 15115 13746 5628.83974   78 2403          - 5190.13418      -  1625 3071s
 15117 13747 5898.54184  110 2388          - 5192.47337      -  1625 3075s
 15122 13750 6969.04733  104 2330          - 5192.68183      -  1625 3118s
 15123 13751 5835.78151   87 2256          - 5214.35775      -  1625 3127s
 15124 13752 11427.1528  249 2415          - 5214.60492      -  1624 3130s
 15131 13756 5430.40132   95 2442          - 5216.69634      -  1624 3177s
 15132 13757 5507.11167   66 2299          - 5234.13359      -  1624 3183s
 15133 13758 5482.59025   39 2375          - 5239.39354      -  1624 3187s
 15135 13759 6333.18098  277 2334          - 5241.09517      -  1623 3190s
 15139 13762 6443.18970  268 2359          - 5241.20184      -  1623 3234s
 15140 13762 5322.03935   91 2542          - 5258.91567      -  1623 3242s
 15141 13763 5589.18050  133 2542          - 5264.89696      -  1623 3246s
 15143 13764 14207.7369  417 2424          - 5267.25116      -  1622 3250s
 15149 13768 8891.10599  192 2511          - 5268.11567      -  1622 3295s
 15150 13769 7229.77924  195 2632          - 5283.28754      -  1622 3304s
 15151 13770 5838.85207   97 2665          - 5284.43708      -  1622 3308s
 15152 13770 5285.97465   31 2594          - 5285.97465      -  1621 3310s
 15157 13774 5839.01563   51 2775          - 5286.39432      -  1621 3355s
 15158 13774 9518.25558  274 2738          - 5300.09580      -  1621 3362s
 15159 13775 6594.23167  113 2805          - 5304.02814      -  1621 3367s
 15160 13776 5833.73585  164 2828          - 5306.04850      -  1621 3370s
 15165 13779 8634.51802  211 2843          - 5306.21712      -  1620 3412s
 15166 13780 6248.23025  100 2721          - 5320.11875      -  1620 3420s
 15169 13782 5564.95926   71 2789          - 5320.12394      -  1620 3425s
 15173 13784 7909.26622  229 2865          - 5320.17950      -  1619 3466s
 15174 13785 18623.5475  313 2961          - 5324.87690      -  1619 3471s
 15176 13786 5943.74753  219 2937          - 5325.98550      -  1619 3475s
 15180 13789 5856.57379   92 2958          - 5326.03791      -  1619 3517s
 15181 13790 7067.34081  179 2770          - 5330.96609      -  1618 3523s
 15182 13790 17625.7088  123 2758          - 5330.96609      -  1618 3525s
 15188 13794 5663.49478   80 2945          - 5331.30865      -  1618 3570s
 15190 13796 6093.48339  107 2874          - 5334.63437      -  1617 3576s
 15196 13800 5939.44338  194 3021          - 5334.70718      -  1617 3618s
 15197 13800 6123.81371  240 2982          - 5336.87537      -  1617 3622s
 15201 13803 5828.56014  186 3054          - 5337.25324      -  1616 3625s
 15204 13805 5703.27026   77 3074          - 5337.26339      -  1616 3666s
 15205 13806 6829.49738  154 2971          - 5339.61994      -  1616 3671s
 15210 13809 5340.46887   28 3017          - 5340.46887      -  1615 3715s
 15214 13812 14200.3821  122 3087          - 5343.15233      -  1615 3720s
 15216 13813 5828.33272  205 3127          - 5343.15379      -  1615 3760s
 15217 13814 5898.54184  110 2875          - 5345.84729      -  1615 3766s
 15223 13818 5835.78151   87 2982          - 5346.41323      -  1614 3808s
 15224 13818 11427.1528  249 2954          - 5348.00372      -  1614 3812s
 15227 13820 6006.85806   92 2964          - 5348.74202      -  1614 3815s
 15231 13823 5430.40132   95 2985          - 5348.77702      -  1613 3856s
 15232 13824 5507.11167   66 2868          - 5351.11793      -  1613 3860s
 15236 13826 5904.03105  203 3012          - 5351.42017      -  1613 3901s
 15238 13828 5353.33023   72 3008          - 5353.33023      -  1612 3905s
 15245 13832 6713.84399  166 2872          - 5353.43114      -  1612 3947s
 15246 13833 6659.01739  299 3002          - 5355.38366      -  1611 3951s
 15251 13836 5838.85207   97 3012          - 5355.51774      -  1611 3994s
 15252 13837 5357.79495   31 2979          - 5357.79495      -  1611 3998s
 15253 13838 5701.60459   81 3063          - 5358.48368      -  1611 4000s
 15259 13842 6594.23167  113 3081          - 5358.78083      -  1610 4042s
 15260 13842 5833.73585  164 3172          - 5360.91420      -  1610 4046s
 15266 13846 6248.23025  100 3233          - 5361.28857      -  1609 4089s
 15267 13847 7188.41317  192 3119          - 5362.16239      -  1609 4091s
 15272 13850 5362.28954   38 3213          - 5362.28954      -  1609 4134s
 15273 13851 7909.26622  229 2855          - 5365.24153      -  1609 4138s
 15275 13852 5365.24153   71 2930          - 5365.24153      -  1608 4140s
 15278 13854 5365.24153   14 2928          - 5365.24153      -  1608 4181s
 15280 13856 5856.57379   92 3112          - 5365.94750      -  1608 4185s
 15283 13858 5365.98801   29 3251          - 5365.98801      -  1608 4226s
 15285 13859 5625.68083   82 3062          - 5367.43128      -  1607 4230s
 15290 13862 6093.48339  107 3130          - 5367.56801      -  1607 4273s
 15291 13863 5368.87118   85 3173          - 5368.87118      -  1607 4275s
 15294 13865 5369.04740   47 3289          - 5369.04740      -  1606 4317s
 15296 13866 5939.44338  194 3183          - 5370.01146      -  1606 4320s
 15301 13870 5828.56014  186 3226          - 5370.12047      -  1606 4364s
 15302 13870 8299.93145  179 3003          - 5371.47549      -  1606 4367s
 15305 13872 6829.49738  154 3102          - 5371.92349      -  1605 4370s
 15309 13875 7190.70675  211 3085          - 5371.93007      -  1605 4411s
 15311 13876 5373.53460   13 3193          - 5373.53460      -  1605 4415s
 15317 13880 5898.54184  110 3246          - 5373.64921      -  1604 4458s
 15318 13881 6803.33058  158 3077          - 5374.27426      -  1604 4460s
 15321 13883 5374.53108   33 3246          - 5374.53108      -  1604 4503s
 15322 13884 6969.04733  104 3185          - 5375.32671      -  1604 4505s
 15327 13887 6006.85806   92 3257          - 5375.53171      -  1603 4547s
 15328 13888 5377.19079   19 3308          - 5377.19079      -  1603 4551s
 15332 13890 5507.11167   66 3283          - 5377.79805      -  1602 4593s
 15333 13891 5482.59025   39 3308          - 5379.61236      -  1602 4597s
 15336 13893 5904.03105  203 3276          - 5379.84193      -  1602 4600s
 15339 13895 6443.18970  268 3248          - 5379.84692      -  1602 4640s
 15341 13896 5589.18050  133 3277          - 5381.19487      -  1602 4645s
 15346 13900 6659.01739  299 3172          - 5381.26394      -  1601 4687s
 15348 13901 5968.70127  204 3319          - 5382.48937      -  1601 4690s
 15351 13903 5838.85207   97 3304          - 5382.52634      -  1600 4732s
 15353 13904 5701.60459   81 3269          - 5383.95690      -  1600 4736s
 15356 13906 5383.99234   20 3369          - 5383.99234      -  1600 4778s
 15357 13907 5839.01563   51 3319          - 5384.75495      -  1600 4780s
 15361 13910 5384.98829   20 3259          - 5384.98829      -  1599 4822s
 15362 13910 5386.12238   23 3336          - 5386.12238      -  1599 4825s
 15367 13914 7188.41317  192 3421          - 5386.33032      -  1599 4869s
 15368 13914 7452.62412  177 3446          - 5387.00508      -  1599 4871s
 15373 13918 7909.26622  229 3510          - 5387.27050      -  1598 4915s
 15380 13922 5856.57379   92 3565          - 5388.08553      -  1597 4960s
 15385 13926 5625.68083   82 3627          - 5388.55083      -  1597 5006s
 15387 13927 5925.49284   95 3497          - 5389.15639      -  1597 5010s
 15394 13932 5389.23365   47 3479          - 5389.23365      -  1596 5053s
 15395 13932 7792.96748  205 3370          - 5389.64713      -  1596 5055s
 15399 13935 6763.21902  179 3420          - 5389.75111      -  1595 5098s
 15400 13936 5390.48874   39 3368          - 5390.48874      -  1595 5100s
 15405 13939 6829.49738  154 3365          - 5390.68571      -  1595 5143s
 15406 13940 5394.85491   84 3457          - 5390.95275      -  1595 5145s
 15411 13943 5391.04687   13 3525          - 5391.04687      -  1594 5188s
 15412 13944 6186.02966   94 3361          - 5391.45266      -  1594 5190s
 15418 13948 6803.33058  158 3516          - 5391.74867      -  1594 5234s
 15419 13948 7923.94853  267 3364          - 5392.08711      -  1593 5235s
 15423 13951 5835.78151   87 3487          - 5392.19967      -  1593 5278s
 15424 13952 11427.1528  249 3419          - 5392.57827      -  1593 5280s
 15428 13954 5392.64737   19 3467          - 5392.64737      -  1592 5323s
 15429 13955 5972.69349  106 3505          - 5393.89831      -  1592 5326s
 15434 13958 6019.10091  212 3519          - 5394.19448      -  1592 5371s
 15438 13961 5394.82576   72 3460          - 5394.82576      -  1591 5415s
 15443 13964 14207.7369  417 3545          - 5395.69369      -  1591 5461s
 15447 13967 6505.56140  133 3494          - 5396.25067      -  1591 5465s
 15449 13968 8891.10599  192 3514          - 5396.25335      -  1590 5507s
 15451 13970 5838.85207   97 3429          - 5397.22947      -  1590 5510s
 15455 13972 5582.65844  127 3475          - 5397.26524      -  1590 5553s
 15457 13974 5839.01563   51 3289          - 5397.79842      -  1589 5555s
 15461 13976 5397.82626   20 3289          - 5397.82626      -  1589 5598s
 15462 13977 5398.39708   23 3319          - 5398.39708      -  1589 5600s
 15466 13980 6248.23025  100 3505          - 5398.55490      -  1589 5644s
 15467 13980 7188.41317  192 3275          - 5399.55407      -  1588 5647s
 15470 13982 5927.87128   91 3254          - 5400.02885      -  1588 5650s
 15473 13984 7909.26622  229 3273          - 5400.03655      -  1588 5692s
 15478 13988 5400.37137   14 3332          - 5400.37137      -  1587 5695s
 15480 13989 5856.57379   92 3351          - 5400.37914      -  1587 5736s
 15484 13992 9015.56202  262 3441          - 5400.73210      -  1587 5781s
 15489 13995 6137.80559   94 3206          - 5401.13267      -  1586 5785s
 15491 13996 5401.13456   85 3207          - 5401.13456      -  1586 5827s
 15493 13998 8628.21063  210 3364          - 5401.68364      -  1586 5830s
 15498 14001 5736.03443   66 3449          - 5401.73219      -  1585 5873s
 15499 14002 6763.21902  179 3422          - 5402.15516      -  1585 5875s
 15505 14006 6829.49738  154 3389          - 5402.41201      -  1585 5918s
 15506 14006 5402.96938   84 3425          - 5402.96938      -  1584 5921s
 15510 14009 5403.04033   28 3436          - 5403.04033      -  1584 5963s
 15511 14010 5403.38462   13 3461          - 5403.38462      -  1584 5965s
 15515 14012 5628.83974   78 3414          - 5403.48334      -  1584 6008s
 15517 14014 5898.54184  110 3429          - 5403.74781      -  1583 6010s
 15520 14016 5403.79195   20 3468          - 5403.79195      -  1583 6052s
 15523 14018 5835.78151   87 3510          - 5404.30517      -  1583 6055s
 15526 14020 5404.31175   17 3521          - 5404.31175      -  1582 6097s
 15528 14021 5405.14604   19 3500          - 5405.14604      -  1582 6101s
 15532 14024 5507.11167   66 3505          - 5405.20115      -  1582 6144s
 15533 14024 5482.59025   39 3489          - 5405.79592      -  1582 6146s
 15538 14028 5406.19209   72 3640          - 5406.19209      -  1581 6150s
 15539 14028 6443.18970  268 3610          - 5406.19223      -  1581 6191s
 15543 14031 14207.7369  417 3650          - 5406.86788      -  1581 6195s
 15546 14033 6659.01739  299 3553          - 5406.87645      -  1580 6237s
 15548 14034 5968.70127  204 3515          - 5407.89927      -  1580 6241s
 15552 14037 5407.98302   31 3523          - 5407.98302      -  1580 6283s
 15553 14038 5701.60459   81 3360          - 5408.74377      -  1580 6285s
 15558 14041 9518.25558  274 3539          - 5409.04312      -  1579 6330s
 15560 14042 5833.73585  164 3449          - 5410.22742      -  1579 6335s
 15565 14046 8634.51802  211 3676          - 5410.29275      -  1578 6378s
 15566 14046 6248.23025  100 3277          - 5410.73527      -  1578 6380s
 15573 14051 7909.26622  229 3392          - 5410.98918      -  1578 6424s
 15574 14052 18623.5475  313 3388          - 5411.51723      -  1578 6426s
 15579 14055 6964.82904  179 3495          - 5411.61700      -  1577 6469s
 15580 14056 5856.57379   92 3397          - 5411.83603      -  1577 6470s
 15583 14058 5411.86708   29 3455          - 5411.86708      -  1577 6513s
 15584 14058 9015.56202  262 3394          - 5412.35022      -  1577 6515s
 15588 14061 5663.49478   80 3362          - 5412.80113      -  1576 6559s
 15589 14062 6137.80559   94 3309          - 5413.03142      -  1576 6560s
 15593 14064 8628.21063  210 3401          - 5413.14959      -  1576 6604s
 15594 14065 5413.60508   47 3465          - 5413.60508      -  1576 6605s
 15599 14068 6763.21902  179 3582          - 5413.77386      -  1575 6650s
 15603 14071 5413.84779    7 3490          - 5413.84779      -  1575 6693s
 15605 14072 6829.49738  154 3486          - 5413.99280      -  1574 6695s
 15608 14074 5414.00832   39 3485          - 5414.00832      -  1574 6738s
 15613 14078 5499.96635   30 3468          - 5414.16947      -  1574 6782s
 15616 14080 5828.33272  205 3505          - 5414.19515      -  1573 6825s
 15619 14082 7923.94853  267 3471          - 5414.23311      -  1573 6868s
 15622 14084 6969.04733  104 3441          - 5414.40502      -  1573 6870s
 15625 14086 5751.09317   67 3420          - 5414.41723      -  1572 6912s
 15627 14087 6006.85806   92 3457          - 5414.99671      -  1572 6915s
 15630 14089 5487.78581   60 3471          - 5415.02036      -  1572 6958s
 15631 14090 5430.40132   95 3333          - 5415.60391      -  1572 6960s
 15639 14095 6443.18970  268 3433          - 5415.82468      -  1571 6965s
 15643 14098 14207.7369  417 3371          - 5416.37007      -  1571 6970s
 15648 14101 5968.70127  204 3487          - 5416.99478      -  1570 6975s
 15654 14105 5417.50330   28 3323          - 5417.50330      -  1569 6980s
 15659 14108 6594.23167  113 3396          - 5417.84391      -  1569 6985s
 15665 14112 8634.51802  211 3444          - 5418.11201      -  1568 6990s
 15672 14117 5418.32118   38 3422          - 5418.32118      -  1568 6995s
 15678 14121 5418.70446   14 3623          - 5418.70446      -  1567 7000s
 15686 14127 6780.39476  179 1437          - 5418.91775      -  1601 7064s
 15687 14128 5925.49284   95 1534          - 5418.91775      -  1600 7069s
 15688 14129 5663.49478   80 1469          - 5418.91775      -  1600 7075s
 15689 14129 6137.80559   94 1736          - 5418.93048      -  1600 7086s
 15690 14130 6093.48339  107 1771          - 5419.09427      -  1600 7100s
 15691 14131 5419.09427   85 2084          - 5419.09427      -  1600 7114s
 15692 14131 8570.28504  110 2390          - 5419.09427      -  1600 7127s
 15693 14132 8628.21063  210 2508          - 5419.09427      -  1600 7140s
 15694 14133 5419.09427   47 2760          - 5419.09427      -  1600 7153s
 15695 14133 7792.96748  205 3026          - 5419.09427      -  1600 7162s
 15696 14134 5939.44338  194 3013          - 5419.09427      -  1600 7169s
 15697 14135 6123.81371  240 3122          - 5419.09427      -  1599 7174s
 15698 14135 5736.03443   66 3270          - 5419.09998      -  1599 7178s
 15699 14136 6763.21902  179 3397          - 5419.90719      -  1599 7180s
 15703 14139 5420.02844    7 3339          - 5420.02844      -  1599 7218s
 15704 14139 5703.27026   77 3420          - 5423.13788      -  1599 7223s
 15705 14140 6829.49738  154 3270          - 5423.53739      -  1599 7225s
 15709 14143 7190.70675  211 3336          - 5423.59499      -  1598 7270s
 15710 14143 5426.42729   28 3269          - 5426.42729      -  1598 7276s
 15715 14147 5628.83974   78 3233          - 5426.72781      -  1598 7323s
 15716 14147 5828.33272  205 3153          - 5427.66598      -  1598 7326s
 15721 14151 5427.95095   33 3186          - 5427.95095      -  1597 7373s
 15722 14151 6969.04733  104 3232          - 5430.55107      -  1597 7378s
 15724 14153 11427.1528  249 3252          - 5431.03175      -  1597 7380s
 15727 14155 6006.85806   92 3233          - 5431.06824      -  1596 7425s
 15729 14156 5972.69349  106 3337          - 5433.58562      -  1596 7430s
 15733 14159 5482.59025   39 3374          - 5433.74704      -  1596 7476s
 15735 14160 6333.18098  277 3255          - 5435.43351      -  1596 7481s
 15741 14164 5589.18050  133 3300          - 5435.60818      -  1595 7527s
 15742 14165 7127.16186  204 3286          - 5436.88385      -  1595 7530s
 15746 14167 6659.01739  299 3308          - 5437.11054      -  1594 7577s
 15747 14168 6505.56140  133 3011          - 5438.45376      -  1594 7581s
 15754 14173 5438.83955   28 3117          - 5438.83955      -  1594 7629s
 15755 14173 5582.65844  127 3206          - 5439.77544      -  1594 7632s
 15757 14175 5839.01563   51 3140          - 5440.42049      -  1593 7635s
 15761 14177 5440.46708   20 3224          - 5440.46708      -  1593 7680s
 15763 14179 7225.93816  191 3119          - 5443.90310      -  1593 7687s
 15769 14183 5564.95926   71 3335          - 5444.06403      -  1592 7733s
 15770 14183 5927.87128   91 3139          - 5446.11692      -  1592 7737s
 15772 14185 5447.01537   38 3163          - 5447.01537      -  1592 7740s
 15775 14187 5447.05712   71 3207          - 5447.05712      -  1592 7786s
 15776 14187 5943.74753  219 3371          - 5449.35091      -  1591 7790s
 15782 14191 17625.7088  123 3295          - 5449.86785      -  1591 7814s
 15783 14192 5450.72969   29 3387          - 5450.72969      -  1591 7817s
 15787 14195 5925.49284   95 3106          - 5451.12703      -  1590 7820s
 15789 14196 6137.80559   94 3079          - 5451.13354      -  1590 7863s
 15790 14197 6093.48339  107 3208          - 5453.11651      -  1590 7867s
 15794 14199 5453.44312   47 3302          - 5453.44312      -  1590 7912s
 15795 14200 7792.96748  205 3243          - 5454.97819      -  1590 7916s
 15798 14202 5736.03443   66 3236          - 5455.42764      -  1589 7920s
 15800 14203 5455.42942   39 3225          - 5455.42942      -  1589 7961s
 15801 14204 5828.56014  186 3107          - 5457.33743      -  1589 7966s
 15805 14207 6829.49738  154 3140          - 5457.76955      -  1589 8009s
 15806 14207 5460.04545   84 3206          - 5460.04545      -  1588 8015s
 15811 14211 5460.53210   13 3321          - 5460.53210      -  1588 8058s
 15812 14211 6186.02966   94 3076          - 5461.95224      -  1588 8061s
 15816 14214 5828.33272  205 3220          - 5462.77773      -  1587 8065s
 15818 14215 6803.33058  158 3256          - 5462.77999      -  1587 8106s
 15820 14217 5464.16302   20 3359          - 5464.16302      -  1587 8110s
 15825 14220 5751.09317   67 3349          - 5464.22356      -  1587 8154s
 15826 14221 5465.19116   17 3395          - 5465.19116      -  1586 8157s
 15831 14224 5465.41903   95 3401          - 5465.41903      -  1586 8203s
 15832 14225 5507.11167   66 3419          - 5466.19964      -  1586 8206s
 15836 14227 5904.03105  203 3578          - 5466.37469      -  1585 8252s
 15837 14228 5466.87111   46 3407          - 5466.87111      -  1585 8255s
 15842 14231 7127.16186  204 3445          - 5467.11675      -  1585 8260s
 15847 14235 6505.56140  133 3399          - 5467.53015      -  1584 8265s
 15851 14237 5838.85207   97 3539          - 5467.83261      -  1584 8271s
 15856 14241 5468.39349   20 3312          - 5468.39349      -  1583 8276s
 15858 14242 9518.25558  274 3461          - 5469.05332      -  1583 8280s
 15864 14246 5469.47527   44 3539          - 5469.47527      -  1583 8285s
 15869 14249 5564.95926   71 3679          - 5470.09752      -  1582 8290s
 15872 14251 5470.72657   38 3526          - 5470.72657      -  1582 8295s
 15877 14255 7898.23984  201 3564          - 5471.03643      -  1581 8300s
 15884 14259 9015.56202  262 3496          - 5471.95061      -  1581 8306s
H15888 13545                    72681.000000 5472.16097  92.5%  1580 8311s
H15888 12864                    60537.000000 5472.16097  91.0%  1580 8311s
H15888 12218                    58703.000000 5472.16097  90.7%  1580 8311s
H15888 11603                    57845.000000 5472.16097  90.5%  1580 8311s
H15888 11020                    40629.000000 5472.16097  86.5%  1580 8311s
H15888 10465                    38697.000000 5472.16097  85.9%  1580 8311s
H15888  9939                    36435.000000 5472.16097  85.0%  1580 8311s
H15888  9438                    36339.000000 5472.16097  84.9%  1580 8311s
H15888  8963                    30546.000000 5472.16097  82.1%  1580 8311s
H15888  8511                    29316.000000 5472.16097  81.3%  1580 8311s
H15888  8082                    27314.000000 5472.16097  80.0%  1580 8311s
H15888  7675                    26739.000000 5472.16097  79.5%  1580 8311s
H15888  7288                    26196.000000 5472.16097  79.1%  1580 8311s
H15888  6920                    26165.000000 5472.16097  79.1%  1580 8311s
H15888  6570                    26115.000000 5472.16097  79.0%  1580 8311s
H15888  6239                    26077.000000 5472.16097  79.0%  1580 8311s
H15888  5923                    26021.000000 5472.16097  79.0%  1580 8311s
H15888  5624                    25914.000000 5472.16097  78.9%  1580 8311s
H15888  5339                    21801.000000 5472.16097  74.9%  1580 8311s
H15888  5069                    20093.000000 5472.16097  72.8%  1580 8311s
H15888  4812                    19588.000000 5472.16097  72.1%  1580 8311s
H15888  4568                    19103.000000 5472.16097  71.4%  1580 8311s
H15888  4336                    18712.000000 5472.16097  70.8%  1580 8311s
H15889  4117                    18132.000000 5472.56652  69.8%  1580 8313s
H15889  3907                    18081.000000 5472.56652  69.7%  1580 8313s
H15889  3709                    18062.000000 5472.56652  69.7%  1580 8313s
H15889  3520                    18037.000000 5472.56652  69.7%  1580 8313s
H15889  3340                    17931.000000 5472.56652  69.5%  1580 8313s
H15889  3170                    17912.000000 5472.56652  69.4%  1580 8313s
H15889  3008                    17604.000000 5472.56944  68.9%  1580 8313s
H15889  2854                    17597.000000 5472.56944  68.9%  1580 8313s
 15894  2857 5472.62710   47 3472 17597.0000 5472.62710  68.9%  1580 8316s
H15894  2711                    17488.000000 5473.06193  68.7%  1580 8318s
H15894  2572                    17459.000000 5473.06193  68.7%  1580 8318s
H15894  2440                    17429.000000 5473.06193  68.6%  1580 8318s
H15894  2314                    17421.000000 5473.06193  68.6%  1580 8318s
H15894  2195                    17416.000000 5473.06193  68.6%  1580 8318s
H15894  2082                    17383.000000 5473.06193  68.5%  1580 8318s
H15894  1974                    17335.000000 5473.06324  68.4%  1580 8321s
H15894  1872                    17257.000000 5473.06324  68.3%  1580 8324s
H15894  1775                    17207.000000 5473.06324  68.2%  1580 8324s
H15894  1682                    17206.000000 5473.06324  68.2%  1580 8324s
H15894  1595                    17091.000000 5473.06324  68.0%  1580 8324s
H15894  1511                    17061.000000 5473.06324  67.9%  1580 8324s
H15894  1432                    17032.000000 5473.06324  67.9%  1580 8329s
H15894  1357                    17028.000000 5473.06324  67.9%  1580 8329s
H15894  1286                    17003.000000 5473.06324  67.8%  1580 8329s
H15894  1218                    16967.000000 5473.06324  67.7%  1580 8329s
H15894  1154                    16897.000000 5473.06324  67.6%  1580 8332s
H15894  1092                    16891.000000 5473.06324  67.6%  1580 8332s
H15894  1034                    16723.000000 5473.06324  67.3%  1580 8332s
H15894   979                    16553.000000 5473.06324  66.9%  1580 8334s
H15894   927                    16431.000000 5473.06324  66.7%  1580 8334s
H15894   877                    16415.000000 5473.06324  66.7%  1580 8336s
H15894   829                    16371.000000 5473.06324  66.6%  1580 8336s
H15894   784                    16354.000000 5473.06324  66.5%  1580 8336s
H15894   742                    16321.000000 5473.06324  66.5%  1580 8336s
H15894   701                    16317.000000 5473.06324  66.5%  1580 8337s
H15894   662                    16207.000000 5473.06324  66.2%  1580 8338s
H15894   626                    15638.000000 5473.06324  65.0%  1580 8338s
H15894   591                    15632.000000 5473.06324  65.0%  1580 8338s
 15896   592 5939.44338  194 3536 15632.0000 5473.24102  65.0%  1579 8340s
H15899   561                    15350.000000 5473.55019  64.3%  1579 8345s
H15905   533                    15265.000000 5473.79458  64.1%  1579 8351s
H15905   502                    15260.000000 5473.79458  64.1%  1579 8351s
H15910   477                    15207.000000 5474.05206  64.0%  1578 8356s
H15910   450                    15202.000000 5474.05206  64.0%  1578 8356s
H15914   425                    15182.000000 5474.23592  63.9%  1578 8360s
H15914   400                    15181.000000 5474.23592  63.9%  1578 8360s
H15914   376                    15166.000000 5474.23592  63.9%  1578 8360s
H15919   357                    15091.000000 5474.52552  63.7%  1577 8366s
H15919   335                    15028.000000 5474.52552  63.6%  1577 8366s
H15919   315                    15014.000000 5474.52552  63.5%  1577 8366s
H15919   295                    14984.000000 5474.52552  63.5%  1577 8366s
 15924   298 11427.1528  249 3663 14984.0000 5474.70758  63.5%  1577 8370s
H15924   279                    14930.000000 5474.93630  63.3%  1577 8377s
H15924   261                    14915.000000 5474.93630  63.3%  1577 8382s
H15924   244                    14839.000000 5474.93630  63.1%  1577 8388s
 15926   245 5474.97799   17 3692 14839.0000 5474.97799  63.1%  1576 8390s
H15929   231                    14819.000000 5475.13355  63.1%  1576 8395s
H15933   218                    14813.000000 5475.56172  63.0%  1576 8400s
H15933   203                    14768.000000 5475.56172  62.9%  1576 8400s
H15933   188                    14762.000000 5475.56172  62.9%  1576 8400s
 15939   192 6443.18970  268 3618 14762.0000 5475.76206  62.9%  1575 8405s
H15942   180                    14711.000000 5476.03348  62.8%  1575 8410s
H15942   167                    14708.000000 5476.03348  62.8%  1575 8410s
 15951   173 5838.85207   97 3751 14708.0000 5476.09927  62.8%  1574 8415s
H15951   160                    14661.000000 5476.42927  62.6%  1574 8417s
 15957   164 5839.01563   51 3637 14661.0000 5476.63924  62.6%  1573 8421s
H15957   151                    14652.000000 5476.95786  62.6%  1573 8429s
H15957   139                    14623.000000 5476.95786  62.5%  1573 8434s
 15958   140 9518.25558  274 3635 14623.0000 5476.95786  62.5%  1573 8448s
 15960   141 5833.73585  164 3786 14623.0000 5477.00588  62.5%  1573 8450s
H15963   131                    14610.000000 5477.42005  62.5%  1573 8455s
H15970   125                    14608.000000 5477.87178  62.5%  1572 8461s
H15970   114                    14602.000000 5477.87178  62.5%  1572 8461s
 15976   118 5943.74753  219 3857 14602.0000 5477.97463  62.5%  1572 8466s
 15979   120 6964.82904  179 3740 14602.0000 5478.45029  62.5%  1571 8470s
H15982   110                    14563.000000 5478.63006  62.4%  1571 8474s
H15982   100                    14539.000000 5478.63006  62.3%  1571 8474s
H15982    90                    14531.000000 5478.63006  62.3%  1571 8474s
H15982    81                    14527.000000 5478.63006  62.3%  1571 8474s
 15984    82 9015.56202  262 3767 14527.0000 5478.69298  62.3%  1571 8475s
 15989    85 6137.80559   94 3641 14527.0000 5479.03939  62.3%  1570 8480s
 15995    89 7792.96748  205 3709 14527.0000 5479.34151  62.3%  1570 8507s
 15999    92 6763.21902  179 3698 14527.0000 5479.44445  62.3%  1569 8511s
 16001    93 5828.56014  186 3644 14527.0000 5479.77353  62.3%  1569 8515s
H16005    85                    14512.000000 5480.06847  62.2%  1569 8520s
H16005    76                    14493.000000 5480.06847  62.2%  1569 8520s
 16012    81 6186.02966   94 3823 14493.0000 5480.21727  62.2%  1568 8525s
H16012    71                    14440.000000 5480.61763  62.0%  1568 8528s
 16015    73 5628.83974   78 3868 14440.0000 5480.74166  62.0%  1568 8530s
H16018    66                    14433.000000 5481.14082  62.0%  1567 8535s
H16018    57                    14421.000000 5481.14082  62.0%  1567 8535s
H16018    49                    14412.000000 5481.14082  62.0%  1567 8535s
H16018    41                    14404.000000 5481.14082  61.9%  1567 8535s
H16018    33                    14403.000000 5481.14082  61.9%  1567 8535s
H16018    26                    14395.000000 5481.14082  61.9%  1567 8535s
 16024    30 11427.1528  249 3868 14395.0000 5481.39920  61.9%  1567 8541s
 16027    32 6006.85806   92 3934 14395.0000 5481.75922  61.9%  1567 8545s
H16030    26                    14392.000000 5481.97578  61.9%  1566 8549s
H16030    19                    14365.000000 5481.97578  61.8%  1566 8549s
H16030    12                    14338.000000 5481.97578  61.8%  1566 8550s
H16030     6                    14336.000000 5481.97578  61.8%  1566 8550s
H16034     2                    14326.000000 5482.15179  61.7%  1566 8554s
H16034     0                    14320.000000 5482.15179  61.7%  1566 8554s
 16036     0 5904.03105  203 3852 14320.0000 5482.17470  61.7%  1566 8555s
H16039     0                    14294.000000 5482.29032  61.6%  1565 8559s
H16039     0                    14276.000000 5482.29032  61.6%  1565 8559s
H16039     0                    14271.000000 5482.29032  61.6%  1565 8559s
H16039     0                    14255.000000 5482.29032  61.5%  1565 8560s
H16042     0                    14224.000000 5482.47216  61.5%  1565 8565s
H16042     0                    14162.000000 5482.47216  61.3%  1565 8565s
H16042     0                    14158.000000 5482.47216  61.3%  1565 8565s
H16042     0                    14140.000000 5482.47216  61.2%  1565 8565s
H16047     0                    14127.000000 5482.59167  61.2%  1565 8570s
H16047     0                    14114.000000 5482.59167  61.2%  1565 8570s
H16047     0                    14094.000000 5482.59167  61.1%  1565 8570s
H16047     0                    14057.000000 5482.59167  61.0%  1565 8572s
 16050     0 7229.77924  195 3839 14057.0000 5482.60355  61.0%  1564 8575s
H16050     0                    14045.000000 5482.73468  61.0%  1564 8577s
H16050     0                    13975.000000 5482.73468  60.8%  1564 8577s
H16050     0                    13940.000000 5482.73468  60.7%  1564 8577s
H16050     0                    13926.000000 5482.73468  60.6%  1564 8577s
 16055     0 5582.65844  127 3952 13926.0000 5482.76279  60.6%  1564 8580s
H16055     0                    13923.000000 5482.84052  60.6%  1564 8582s
H16055     0                    13907.000000 5482.84052  60.6%  1564 8582s
H16055     0                    13895.000000 5482.84052  60.5%  1564 8582s
H16055     0                    13870.000000 5482.84052  60.5%  1564 8583s
H16055     0                    13865.000000 5482.84052  60.5%  1564 8584s
H16055     0                    13864.000000 5482.84052  60.5%  1564 8584s
H16055     0                    13860.000000 5482.84052  60.4%  1564 8584s
 16056     0 5482.84052   20 3781 13860.0000 5482.84052  60.4%  1564 8585s
H16059     0                    13843.000000 5482.88708  60.4%  1563 8589s
H16059     0                    13841.000000 5482.88708  60.4%  1563 8589s
H16059     0                    13825.000000 5482.88708  60.3%  1563 8589s
 16061     0 5482.88708   20 3924 13825.0000 5482.88708  60.3%  1563 8592s
H16061     0                    13813.000000 5482.88708  60.3%  1563 8593s
H16061     0                    13795.000000 5482.88708  60.3%  1563 8593s
H16061     0                    13794.000000 5482.88708  60.3%  1563 8593s
H16061     0                    13788.000000 5482.88708  60.2%  1563 8593s
H16061     0                    13769.000000 5482.88708  60.2%  1563 8594s
 16062     0 5482.88708   23 3990 13769.0000 5482.88708  60.2%  1563 8595s
H16068     2                    13701.000000 5482.88708  60.0%  1583 8610s
H16068     2                    13689.000000 5482.88708  59.9%  1583 8611s
H16068     2                    13687.000000 5482.88708  59.9%  1583 8611s
H16068     2                    13610.000000 5482.88708  59.7%  1583 8613s
H16068     2                    13469.000000 5482.88708  59.3%  1583 8613s
H16068     2                    13444.000000 5482.88708  59.2%  1583 8614s
H16068     2                    13437.000000 5482.88708  59.2%  1583 8614s
 16069     2 5564.95926   71 1465 13437.0000 5482.88708  59.2%  1583 8648s
 16070     3 5927.87128   91 1517 13437.0000 5482.88708  59.2%  1582 8654s
 16071     4 5915.27145   92 1569 13437.0000 5482.88708  59.2%  1582 8663s
 16072     4 5482.88708   38 1697 13437.0000 5482.88708  59.2%  1582 8677s
 16073     5 7909.26622  229 2002 13437.0000 5482.91257  59.2%  1582 8691s
 16074     6 13437.0000  313 2151 13437.0000 5482.91257  59.2%  1582 8708s
 16075     6 5482.97661   71 2373 13437.0000 5482.97661  59.2%  1582 8721s
 16076     7 5943.74753  219 2710 13437.0000 5482.97661  59.2%  1582 8737s
 16077     8 7898.23984  201 2718 13437.0000 5482.97661  59.2%  1582 8749s
 16078     8 5482.97661   14 3129 13437.0000 5482.97661  59.2%  1582 8761s
 16079     9 6964.82904  179 3497 13437.0000 5482.97661  59.2%  1582 8770s
 16080    10 5856.57379   92 3432 13437.0000 5482.97661  59.2%  1581 8776s
 16081    10 7067.34081  179 3476 13437.0000 5482.97661  59.2%  1581 8780s
 16084    12 9015.56202  262 3831 13437.0000 5483.12836  59.2%  1581 8785s
 16088    15 5663.49478   80 3838 13437.0000 5483.19227  59.2%  1581 8812s
H16088    13                    13425.000000 5484.61211  59.1%  1581 8817s
 16092    16 8570.28504  110 3542 13425.0000 5484.76880  59.1%  1580 8820s
 16093    16 8628.21063  210 3597 13425.0000 5484.76900  59.1%  1580 8850s
H16093    15                    13380.000000 5485.60175  59.0%  1580 8853s
 16097    18 6123.81371  240 3610 13380.0000 5485.76199  59.0%  1580 8855s
 16098    19 5736.03443   66 3625 13380.0000 5485.76207  59.0%  1580 8884s
H16098    18                    13378.000000 5486.50109  59.0%  1580 8888s
 16101    20 5828.56014  186 3417 13378.0000 5486.82297  59.0%  1579 8890s
 16104    22 5703.27026   77 3533 13378.0000 5486.84229  59.0%  1579 8921s
 16106    23 5487.80624   84 3481 13378.0000 5487.80624  59.0%  1579 8925s
H16108    22                    13361.000000 5487.86906  58.9%  1579 8958s
H16108    20                    13317.000000 5487.86906  58.8%  1579 8958s
H16109    19                    13303.000000 5488.76093  58.7%  1579 8974s
H16109    18                    13227.000000 5488.76093  58.5%  1579 8981s
 16111    19 5488.99700   13 3460 13227.0000 5488.99700  58.5%  1578 8986s
 16117    23 5898.54184  110 3567 13227.0000 5489.05174  58.5%  1578 9015s
 16118    24 6803.33058  158 3516 13227.0000 5490.55539  58.5%  1578 9020s
 16122    27 6969.04733  104 3617 13227.0000 5490.93527  58.5%  1577 9054s
 16123    27 5835.78151   87 3677 13227.0000 5492.67849  58.5%  1577 9058s
 16125    29 5751.09317   67 3782 13227.0000 5492.98842  58.5%  1577 9060s
 16129    31 5972.69349  106 3736 13227.0000 5493.02497  58.5%  1577 9091s
 16130    32 5494.03775   60 3469 13227.0000 5494.03775  58.5%  1577 9096s
 16135    35 6333.18098  277 3555 13227.0000 5494.24567  58.5%  1576 9128s
 16136    36 5904.03105  203 3308 13227.0000 5494.89058  58.5%  1576 9131s
H16140    35                    13221.000000 5495.30276  58.4%  1576 9164s
H16140    32                    13220.000000 5495.30276  58.4%  1576 9164s
H16140    30                    13215.000000 5495.30276  58.4%  1576 9164s
 16142    31 7127.16186  204 3451 13215.0000 5495.97613  58.4%  1575 9168s
 16144    32 5535.47562   66 3459 13215.0000 5496.06967  58.4%  1575 9170s
H16146    31                    13173.000000 5496.85076  58.3%  1575 9177s
H16146    28                    13165.000000 5496.85076  58.2%  1575 9177s
 16148    29 5968.70127  204 3393 13165.0000 5497.28722  58.2%  1575 9180s
 16152    32 5497.39748   31 3508 13165.0000 5497.39748  58.2%  1574 9185s
 16154    33 5498.31998   28 3581 13165.0000 5498.31998  58.2%  1574 9191s
 16158    36 9518.25558  274 3462 13165.0000 5498.33945  58.2%  1574 9195s
H16158    32                    13147.000000 5498.69775  58.2%  1574 9197s
H16158    29                    13112.000000 5498.69775  58.1%  1574 9197s
 16162    31 5498.82018   23 3466 13112.0000 5498.82018  58.1%  1573 9202s
 16163    32 7225.93816  191 3614 13112.0000 5499.20560  58.1%  1573 9205s
 16168    35 7452.62412  177 3543 13112.0000 5499.33886  58.1%  1573 9211s
H16168    32                    13024.000000 5499.87105  57.8%  1573 9227s
H16168    28                    12927.000000 5499.87105  57.5%  1573 9242s
H16168    25                    12921.000000 5499.87105  57.4%  1573 9247s
H16168    22                    12895.000000 5499.87105  57.3%  1573 9247s
 16170    24 5927.87128   91 3516 12895.0000 5500.26078  57.3%  1573 9250s
 16175    27 5500.31827   71 3617 12895.0000 5500.31827  57.3%  1572 9255s
H16175    24                    12889.000000 5500.69084  57.3%  1572 9258s
H16175    21                    12844.000000 5500.69084  57.2%  1572 9258s
H16175    18                    12834.000000 5500.69084  57.1%  1572 9258s
 16179    21 6964.82904  179 3656 12834.0000 5500.83311  57.1%  1572 9260s
 16183    23 5501.45692   29 3679 12834.0000 5501.45692  57.1%  1571 9266s
 16189    27 6137.80559   94 3766 12834.0000 5501.81332  57.1%  1571 9270s
 16194    31 5501.94993   47 3747 12834.0000 5501.94993  57.1%  1570 9275s
 16199    34 6763.21902  179 3766 12834.0000 5502.28850  57.1%  1570 9280s
 16205    38 6829.49738  154 3808 12834.0000 5502.82793  57.1%  1569 9285s
 16211    42 5503.09677   13 3757 12834.0000 5503.09677  57.1%  1569 9290s
 16215    45 5628.83974   78 3739 12834.0000 5503.61768  57.1%  1568 9295s
 16219    47 7923.94853  267 3773 12834.0000 5503.86164  57.1%  1568 9300s
H16223    45                    12833.000000 5504.12721  57.1%  1567 9305s
H16223    40                    12827.000000 5504.12721  57.1%  1567 9305s
 16228    43 5504.34513   19 3791 12827.0000 5504.34513  57.1%  1567 9310s
 16233    47 5504.54605   39 3721 12827.0000 5504.54605  57.1%  1567 9315s
 16239    51 6443.18970  268 3634 12827.0000 5504.58586  57.1%  1566 9321s
 16243    53 12827.0000  417 3780 12827.0000 5505.03842  57.1%  1566 9326s
 16247    56 6505.56140  133 3807 12827.0000 5505.03842  57.1%  1565 9330s
 16251    59 5838.85207   97 3898 12827.0000 5505.14547  57.1%  1565 9335s
 16257    63 5839.01563   51 3799 12827.0000 5505.26506  57.1%  1564 9340s
 16263    67 7225.93816  191 3826 12827.0000 5505.28258  57.1%  1564 9345s
 16269    71 5564.95926   71 3815 12827.0000 5505.57975  57.1%  1563 9350s
 16273    73 7909.26622  229 3812 12827.0000 5505.92573  57.1%  1563 9355s
 16277    76 7898.23984  201 3904 12827.0000 5506.42037  57.1%  1562 9360s
 16282    79 12827.0000  123 3977 12827.0000 5506.48887  57.1%  1562 9365s
 16288    83 5663.49478   80 3934 12827.0000 5506.83841  57.1%  1561 9371s
 16293    87 8628.21063  210 3640 12827.0000 5507.23950  57.1%  1561 9376s
 16298    90 5736.03443   66 3768 12827.0000 5507.35728  57.1%  1560 9381s
 16300    91 5507.71728   39 3874 12827.0000 5507.71728  57.1%  1560 9385s
 16304    94 5703.27026   77 3775 12827.0000 5508.50215  57.1%  1560 9390s
 16310    98 5508.60798   28 3823 12827.0000 5508.60798  57.1%  1559 9395s
 16314   101 12827.0000  122 3829 12827.0000 5509.01348  57.1%  1559 9401s
 16318   103 6803.33058  158 3811 12827.0000 5509.36139  57.0%  1558 9405s
 16321   105 5509.67698   33 3763 12827.0000 5509.67698  57.0%  1558 9410s
 16326   109 5510.16974   17 3754 12827.0000 5510.16974  57.0%  1558 9416s
 16331   112 5510.34486   95 3937 12827.0000 5510.34486  57.0%  1557 9421s
 16333   113 5510.94701   39 3945 12827.0000 5510.94701  57.0%  1557 9425s
 16337   116 5511.30221   46 3898 12827.0000 5511.30221  57.0%  1557 9430s
 16342   119 7127.16186  204 3843 12827.0000 5511.81311  57.0%  1556 9436s
 16345   121 6713.84399  166 3924 12827.0000 5511.91600  57.0%  1556 9440s
 16350   125 7229.77924  195 3891 12827.0000 5512.31313  57.0%  1555 9445s
 16355   128 5582.65844  127 3995 12827.0000 5512.73552  57.0%  1555 9451s
 16360   131 5833.73585  164 3898 12827.0000 5512.91499  57.0%  1554 9456s
 16367   136 7188.41317  192 3980 12827.0000 5513.19416  57.0%  1554 9462s
 16370   138 5927.87128   91 3922 12827.0000 5513.45638  57.0%  1553 9465s
 16374   141 12827.0000  313 3999 12827.0000 5513.67709  57.0%  1553 9470s
 16379   144 6964.82904  179 3966 12827.0000 5513.82310  57.0%  1553 9475s
 16385   148 5625.68083   82 4014 12827.0000 5513.95359  57.0%  1552 9480s
 16390   151 6093.48339  107 3955 12827.0000 5514.10032  57.0%  1552 9485s
H16392   140                    12813.000000 5514.14079  57.0%  1551 9488s
 16395   142 7792.96748  205 3951 12813.0000 5514.15044  57.0%  1551 9491s
 16400   145 5514.27667   39 3989 12813.0000 5514.27667  57.0%  1551 9495s
 16405   148 6829.49738  154 3870 12813.0000 5514.49926  57.0%  1550 9500s
 16412   153 6186.02966   94 3763 12813.0000 5515.15959  57.0%  1549 9507s
 16417   156 5898.54184  110 3899 12813.0000 5515.25395  57.0%  1549 9511s
 16422   160 6969.04733  104 4020 12813.0000 5515.41157  57.0%  1549 9516s
 16424   161 11427.1528  249 3933 12813.0000 5515.68077  57.0%  1548 9520s
 16430   165 5515.92714   60 4054 12813.0000 5515.92714  57.0%  1548 9525s
 16435   168 6333.18098  277 4048 12813.0000 5515.95592  57.0%  1547 9531s
 16439   171 6443.18970  268 4080 12813.0000 5516.04962  56.9%  1547 9535s
 16444   174 5535.47562   66 4089 12813.0000 5516.26772  56.9%  1546 9540s
 16448   177 5968.70127  204 4012 12813.0000 5516.50209  56.9%  1546 9545s
 16452   180 5516.66083   31 4145 12813.0000 5516.66083  56.9%  1546 9552s
 16457   183 5839.01563   51 4038 12813.0000 5516.71727  56.9%  1545 9556s
 16461   186 5516.74247   20 4075 12813.0000 5516.74247  56.9%  1545 9560s
 16467   190 7188.41317  192 3986 12813.0000 5516.84771  56.9%  1544 9565s
 16472   193 5516.84771   38 4000 12813.0000 5516.84771  56.9%  1544 9571s
 16475   195 5516.85272   71 3975 12813.0000 5516.85272  56.9%  1544 9575s
 16480   198 5856.57379   92 3901 12813.0000 5516.97226  56.9%  1543 9580s
 16485   202 5625.68083   82 3999 12813.0000 5517.15512  56.9%  1543 9585s
 16489   204 6137.80559   94 3967 12813.0000 5517.46261  56.9%  1542 9590s
 16494   208 5517.51698   47 4073 12813.0000 5517.51698  56.9%  1542 9595s
 16501   212 5828.56014  186 4032 12813.0000 5517.92195  56.9%  1541 9601s
 16507   216 5518.07623   48 4039 12813.0000 5518.07623  56.9%  1541 9606s
 16511   219 5518.30629   13 4071 12813.0000 5518.30629  56.9%  1540 9610s
 16516   222 5828.33272  205 4092 12813.0000 5518.41336  56.9%  1540 9615s
 16522   226 6969.04733  104 3989 12813.0000 5518.43862  56.9%  1539 9621s
 16526   229 5518.60549   17 4063 12813.0000 5518.60549  56.9%  1539 9626s
 16531   232 5518.70469   95 4183 12813.0000 5518.70469  56.9%  1538 9631s
 16535   235 6333.18098  277 4175 12813.0000 5518.72599  56.9%  1538 9635s
 16540   238 5518.76810   91 4140 12813.0000 5518.76810  56.9%  1537 9640s
 16545   242 6713.84399  166 4153 12813.0000 5518.77854  56.9%  1537 9646s
 16549   244 8891.10599  192 4076 12813.0000 5519.11356  56.9%  1537 9650s
 16554   248 5519.12858   28 4153 12813.0000 5519.12858  56.9%  1536 9656s
 16559   251 6594.23167  113 4111 12813.0000 5519.15273  56.9%  1536 9660s
 16564   254 5519.44910   44 4152 12813.0000 5519.44910  56.9%  1535 9666s
 16569   258 5564.95926   71 4099 12813.0000 5519.49775  56.9%  1535 9670s
 16574   261 12813.0000  313 4172 12813.0000 5519.54314  56.9%  1534 9675s
H16579   252                    12812.000000 5519.56885  56.9%  1553 9691s
H16579   240                    12800.000000 5519.56885  56.9%  1553 9692s
 16580   240 5856.57379   92 1445 12800.0000 5519.56885  56.9%  1553 9729s
H16580   228                    12791.000000 5519.56885  56.8%  1553 9737s
 16582   230 12791.0000  123 1465 12791.0000 5519.56885  56.8%  1553 9747s
 16583   230 5519.56885   29 1741 12791.0000 5519.56885  56.8%  1553 9762s
 16584   231 9015.56202  262 2056 12791.0000 5519.56885  56.8%  1553 9781s
 16585   232 5625.68083   82 2353 12791.0000 5519.57030  56.8%  1553 9800s
 16586   232 6780.39476  179 2398 12791.0000 5519.57030  56.8%  1553 9817s
 16587   233 5925.49284   95 2683 12791.0000 5519.59086  56.8%  1553 9845s
 16588   234 5663.49478   80 2790 12791.0000 5519.59086  56.8%  1552 9862s
 16589   234 6137.80559   94 3281 12791.0000 5519.59086  56.8%  1552 9881s
 16590   235 6093.48339  107 3227 12791.0000 5519.59086  56.8%  1552 9897s
 16591   236 5519.59086   85 3529 12791.0000 5519.59086  56.8%  1552 9910s
H16591   224                    12744.000000 5519.59086  56.7%  1552 9918s
H16591   212                    12738.000000 5519.59086  56.7%  1552 9918s
 16593   213 8628.21063  210 3682 12738.0000 5519.59086  56.7%  1552 9924s
 16594   214 5519.59086   47 3968 12738.0000 5519.59086  56.7%  1552 9929s
 16595   214 7792.96748  205 3940 12738.0000 5519.59086  56.7%  1552 9932s
 16597   216 6123.81371  240 3989 12738.0000 5519.70255  56.7%  1552 9935s
 16600   218 5519.72460   39 4009 12738.0000 5519.72460  56.7%  1551 9988s
H16600   207                    12708.000000 5520.54916  56.6%  1551 9994s
H16600   196                    12707.000000 5520.54916  56.6%  1551 9994s
H16600   186                    12690.000000 5520.54916  56.5%  1551 9994s
 16601   186 5828.56014  186 3664 12690.0000 5520.54916  56.5%  1551 9995s
H16603   178                    12392.000000 5520.71059  55.4%  1551 10009s
H16603   169                    12386.000000 5520.71059  55.4%  1551 10009s

Cutting planes:
  Learned: 2
  Gomory: 22
  Cover: 925
  Implied bound: 11
  Clique: 249
  MIR: 131
  StrongCG: 139
  Flow cover: 1619
  GUB cover: 97
  Zero half: 323
  Mod-K: 1
  RLT: 942
  Relax-and-lift: 7
  BQP: 6
  PSD: 1

Explored 16603 nodes (26046453 simplex iterations) in 10010.07 seconds (13685.95 work units)
Thread count was 32 (of 64 available processors)

Solution count 10: 12386 12392 12690 ... 12812

Time limit reached
Best objective 1.238600000000e+04, best bound 5.521000000000e+03, gap 55.4255%
Solved r101_Skewed2 -> /project2/ssuen_1733/output/v4_exact_weekly_fairness_w10_l100_mad/r101_Skewed2.pkl / /project2/ssuen_1733/output/v4_exact_weekly_fairness_w10_l100_mad/r101_Skewed2.json / /project2/ssuen_1733/output/v4_exact_weekly_fairness_w10_l100_mad/r101_Skewed2_running_synopsis.json
[Mon Sep 28 12:04:37 PDT 2026] Finished run_single_instance for r101_Skewed2
