Using Python:
Python 3.10.18
Checking core dependencies:
numpy: 2.2.6
gurobi: (12, 0, 3)
[Mon Sep 28 09:17:15 PDT 2026] Starting run_single_instance on a02-02.hpc.usc.edu for c101_Skewed1
Set parameter TokenServer to value "hpc-licenses.hpcc.usc.edu"
Added workload fairness penalty (mean_absolute_deviation) to objective with weight 10.0
Added weekly leadership day fairness penalty (mean_absolute_deviation) to objective with weight 100.0
Set parameter TimeLimit to value 10000
Set parameter Seed to value 42
Set parameter OutputFlag to value 1
Gurobi Optimizer version 12.0.3 build v12.0.3rc0 (linux64 - "Rocky Linux 8.10 (Green Obsidian)")

CPU model: AMD EPYC 7513 32-Core Processor, instruction set [SSE2|AVX|AVX2]
Thread count: 64 physical cores, 64 logical processors, using up to 32 threads

Non-default parameters:
TimeLimit  10000
Seed  42

Optimize a model with 985350 rows, 728450 columns and 6946650 nonzeros
Model fingerprint: 0xba57320d
Variable types: 200 continuous, 728250 integer (727750 binary)
Coefficient statistics:
  Matrix range     [2e-02, 1e+03]
  Objective range  [1e+00, 1e+02]
  Bounds range     [1e+00, 5e+01]
  RHS range        [1e+00, 1e+03]
Presolve removed 955950 rows and 700054 columns
Presolve time: 1.17s
Presolved: 29400 rows, 28396 columns, 226050 nonzeros
Variable types: 100 continuous, 28296 integer (28150 binary)
Performing another presolve...
Presolve removed 3250 rows and 251 columns
Presolve time: 0.39s
Deterministic concurrent LP optimizer: primal and dual simplex
Showing primal log only...


Root simplex log...

Iteration    Objective       Primal Inf.    Dual Inf.      Time
   21722    1.0511742e+04   0.000000e+00   1.251414e+06      5s
   47848    5.9108001e+03   0.000000e+00   2.293156e+06     10s
Concurrent spin time: 0.00s

Solved with dual simplex

Root simplex log...

Iteration    Objective       Primal Inf.    Dual Inf.      Time
   23744    4.5745743e+03   0.000000e+00   0.000000e+00     11s

Root relaxation: objective 4.574574e+03, 23744 iterations, 7.81 seconds (11.06 work units)
Total elapsed time = 11.30s (DegenMoves)

    Nodes    |    Current Node    |     Objective Bounds      |     Work
 Expl Unexpl |  Obj  Depth IntInf | Incumbent    BestBd   Gap | It/Node Time

     0     0 4574.57427    0 1525          - 4574.57427      -     -   11s
H    0     0                    6513097.0000 4633.17220   100%     -   54s
     0     0 4633.17220    0 1549 6513097.00 4633.17220   100%     -   56s
H    0     0                    101161.00000 4633.17220  95.4%     -   57s
H    0     0                    101096.00000 4633.17220  95.4%     -   57s
H    0     0                    100938.00000 4633.17220  95.4%     -   57s
H    0     0                    100727.00000 4633.17220  95.4%     -   57s
H    0     0                    100704.00000 4633.17220  95.4%     -   57s
H    0     0                    100694.00000 4633.17220  95.4%     -   57s
H    0     0                    98472.000000 4633.17220  95.3%     -   57s
H    0     0                    72144.000000 4633.17220  93.6%     -   57s
H    0     0                    71936.000000 4633.17220  93.6%     -   57s
H    0     0                    71906.000000 4633.17220  93.6%     -   57s
H    0     0                    71528.000000 4633.17220  93.5%     -   57s
H    0     0                    70410.000000 4633.17220  93.4%     -   57s
H    0     0                    70254.000000 4633.17220  93.4%     -   57s
H    0     0                    70036.000000 4633.17220  93.4%     -   57s
H    0     0                    67236.000000 4633.17220  93.1%     -   57s
H    0     0                    66646.000000 4633.17220  93.0%     -   58s
H    0     0                    66170.000000 4633.17220  93.0%     -   58s
H    0     0                    65997.000000 4633.17220  93.0%     -   58s
H    0     0                    65811.000000 4633.17220  93.0%     -   58s
H    0     0                    65375.000000 4633.17220  92.9%     -   58s
H    0     0                    65349.000000 4633.17220  92.9%     -   58s
H    0     0                    64755.000000 4633.17220  92.8%     -   58s
H    0     0                    64729.000000 4633.17220  92.8%     -   58s
     0     0 4633.17220    0 1608 64729.0000 4633.17220  92.8%     -   61s
     0     0 4636.32737    0 1603 64729.0000 4636.32737  92.8%     -   62s
     0     0 4636.32737    0 1580 64729.0000 4636.32737  92.8%     -   62s
     0     0 4654.64599    0 1532 64729.0000 4654.64599  92.8%     -   66s
H    0     0                    64679.000000 4654.87862  92.8%     -   66s
H    0     0                    64674.000000 4654.87862  92.8%     -   66s
H    0     0                    64644.000000 4654.87862  92.8%     -   66s
H    0     0                    64643.000000 4654.87862  92.8%     -   66s
H    0     0                    64642.000000 4654.87862  92.8%     -   66s
H    0     0                    64585.000000 4654.87862  92.8%     -   67s
H    0     0                    63359.000000 4654.87862  92.7%     -   67s
H    0     0                    63338.000000 4654.87862  92.7%     -   67s
H    0     0                    58113.000000 4654.87862  92.0%     -   67s
H    0     0                    54698.000000 4654.87862  91.5%     -   68s
H    0     0                    54696.000000 4654.87862  91.5%     -   68s
H    0     0                    54050.000000 4654.87862  91.4%     -   69s
H    0     0                    53962.000000 4654.87862  91.4%     -   69s
H    0     0                    53960.000000 4654.87862  91.4%     -   69s
H    0     0                    50256.000000 4654.87862  90.7%     -   70s
H    0     0                    50254.000000 4654.87862  90.7%     -   70s
H    0     0                    49890.000000 4654.87862  90.7%     -   71s
H    0     0                    49505.000000 4654.87862  90.6%     -   71s
H    0     0                    49371.000000 4654.87862  90.6%     -   71s
H    0     0                    49184.000000 4654.87862  90.5%     -   71s
H    0     0                    49169.000000 4654.87862  90.5%     -   72s
     0     0 4655.88611    0 1639 49169.0000 4655.88611  90.5%     -   74s
     0     0 4656.00954    0 1602 49169.0000 4656.00954  90.5%     -   74s
     0     0 4656.03500    0 1577 49169.0000 4656.03500  90.5%     -   75s
     0     0 4656.03580    0 1550 49169.0000 4656.03580  90.5%     -   75s
     0     0 4801.37098    0 1644 49169.0000 4801.37098  90.2%     -   85s
H    0     0                    48465.000000 4801.59025  90.1%     -   85s
H    0     0                    48321.000000 4801.59025  90.1%     -   85s
H    0     0                    48309.000000 4801.59025  90.1%     -   85s
H    0     0                    47839.000000 4801.59025  90.0%     -   85s
H    0     0                    47825.000000 4801.59025  90.0%     -   86s
H    0     0                    47733.000000 4801.59025  89.9%     -   86s
H    0     0                    46859.000000 4801.59025  89.8%     -   86s
H    0     0                    46809.000000 4801.59025  89.7%     -   86s
H    0     0                    46786.000000 4801.59025  89.7%     -   86s
H    0     0                    46741.000000 4801.59025  89.7%     -   86s
H    0     0                    45544.000000 4801.59025  89.5%     -   86s
H    0     0                    45541.000000 4801.59025  89.5%     -   86s
H    0     0                    45192.000000 4801.59025  89.4%     -   86s
     0     0 4804.39492    0 1710 45192.0000 4804.39492  89.4%     -   89s
     0     0 4804.44475    0 1654 45192.0000 4804.44475  89.4%     -   89s
     0     0 4804.44475    0 1652 45192.0000 4804.44475  89.4%     -   89s
     0     0 4838.15864    0 1779 45192.0000 4838.15864  89.3%     -   95s
     0     0 4842.47471    0 1763 45192.0000 4842.47471  89.3%     -   97s
     0     0 4842.59137    0 1703 45192.0000 4842.59137  89.3%     -   97s
     0     0 4842.59603    0 1726 45192.0000 4842.59603  89.3%     -   97s
     0     0 4895.38042    0 1851 45192.0000 4895.38042  89.2%     -  105s
H    0     0                    44502.000000 4895.38081  89.0%     -  105s
H    0     0                    44274.000000 4895.38081  88.9%     -  105s
H    0     0                    44243.000000 4895.38081  88.9%     -  105s
     0     0 4896.89176    0 1841 44243.0000 4896.89176  88.9%     -  106s
     0     0 4896.89931    0 1835 44243.0000 4896.89931  88.9%     -  107s
     0     0 4961.79721    0 1908 44243.0000 4961.79721  88.8%     -  112s
     0     0 4964.86405    0 1868 44243.0000 4964.86405  88.8%     -  114s
     0     0 4965.36721    0 1866 44243.0000 4965.36721  88.8%     -  115s
     0     0 4965.47607    0 1910 44243.0000 4965.47607  88.8%     -  115s
     0     0 4965.48020    0 1927 44243.0000 4965.48020  88.8%     -  115s
     0     0 5011.34420    0 1883 44243.0000 5011.34420  88.7%     -  120s
H    0     0                    44238.000000 5011.35147  88.7%     -  120s
H    0     0                    44186.000000 5011.35147  88.7%     -  120s
H    0     0                    43966.000000 5011.35147  88.6%     -  121s
H    0     0                    43892.000000 5011.35147  88.6%     -  121s
H    0     0                    43788.000000 5011.35147  88.6%     -  121s
H    0     0                    43460.000000 5011.35147  88.5%     -  121s
H    0     0                    42862.000000 5011.35147  88.3%     -  121s
H    0     0                    42492.000000 5011.35147  88.2%     -  121s
     0     0 5013.35922    0 1905 42492.0000 5013.35922  88.2%     -  122s
     0     0 5013.66569    0 1995 42492.0000 5013.66569  88.2%     -  123s
     0     0 5013.73572    0 1943 42492.0000 5013.73572  88.2%     -  123s
     0     0 5051.06044    0 1850 42492.0000 5051.06044  88.1%     -  128s
     0     0 5052.43450    0 1874 42492.0000 5052.43450  88.1%     -  129s
     0     0 5052.45777    0 1884 42492.0000 5052.45777  88.1%     -  129s
     0     0 5083.35505    0 1940 42492.0000 5083.35505  88.0%     -  134s
H    0     0                    42456.000000 5083.43513  88.0%     -  134s
H    0     0                    42451.000000 5083.43513  88.0%     -  134s
H    0     0                    40839.000000 5083.43513  87.6%     -  134s
H    0     0                    40824.000000 5083.43513  87.5%     -  134s
H    0     0                    40281.000000 5083.43513  87.4%     -  134s
H    0     0                    40251.000000 5083.43513  87.4%     -  134s
     0     0 5084.68532    0 1927 40251.0000 5084.68532  87.4%     -  136s
     0     0 5084.69904    0 1932 40251.0000 5084.69904  87.4%     -  136s
     0     0 5130.04972    0 1882 40251.0000 5130.04972  87.3%     -  140s
H    0     0                    40023.000000 5130.22296  87.2%     -  140s
H    0     0                    40009.000000 5130.22296  87.2%     -  140s
H    0     0                    39995.000000 5130.22296  87.2%     -  140s
H    0     0                    39951.000000 5130.22296  87.2%     -  140s
H    0     0                    39949.000000 5130.22296  87.2%     -  140s
     0     0 5131.22903    0 1908 39949.0000 5131.22903  87.2%     -  142s
     0     0 5131.22948    0 1903 39949.0000 5131.22948  87.2%     -  142s
     0     0 5162.04229    0 1967 39949.0000 5162.04229  87.1%     -  145s
H    0     0                    39941.000000 5162.12173  87.1%     -  145s
H    0     0                    39886.000000 5162.12173  87.1%     -  145s
H    0     0                    39884.000000 5162.12173  87.1%     -  145s
H    0     0                    39850.000000 5162.12173  87.0%     -  146s
H    0     0                    39763.000000 5162.12173  87.0%     -  146s
H    0     0                    39743.000000 5162.12173  87.0%     -  146s
H    0     0                    39724.000000 5162.12173  87.0%     -  146s
     0     0 5162.30969    0 1919 39724.0000 5162.30969  87.0%     -  146s
     0     0 5162.30969    0 1929 39724.0000 5162.30969  87.0%     -  146s
     0     0 5180.28639    0 1944 39724.0000 5180.28639  87.0%     -  150s
H    0     0                    39619.000000 5180.33212  86.9%     -  150s
H    0     0                    39560.000000 5180.33212  86.9%     -  150s
H    0     0                    39558.000000 5180.33212  86.9%     -  150s
H    0     0                    39362.000000 5180.33212  86.8%     -  150s
H    0     0                    39336.000000 5180.33212  86.8%     -  150s
H    0     0                    39253.000000 5180.33212  86.8%     -  150s
     0     0 5180.70570    0 1911 39253.0000 5180.70570  86.8%     -  151s
     0     0 5180.99277    0 1895 39253.0000 5180.99277  86.8%     -  151s
     0     0 5180.99482    0 1905 39253.0000 5180.99482  86.8%     -  151s
     0     0 5192.50391    0 1824 39253.0000 5192.50391  86.8%     -  154s
H    0     0                    39225.000000 5192.50421  86.8%     -  154s
H    0     0                    38679.000000 5192.50421  86.6%     -  154s
H    0     0                    38119.000000 5192.50421  86.4%     -  154s
H    0     0                    38117.000000 5192.50421  86.4%     -  154s
H    0     0                    37527.000000 5192.50421  86.2%     -  154s
H    0     0                    37189.000000 5192.50421  86.0%     -  154s
H    0     0                    36955.000000 5192.50421  85.9%     -  154s
H    0     0                    36666.000000 5192.50421  85.8%     -  154s
H    0     0                    36664.000000 5192.50421  85.8%     -  154s
H    0     0                    36643.000000 5192.50421  85.8%     -  154s
     0     0 5192.72949    0 1932 36643.0000 5192.72949  85.8%     -  155s
     0     0 5192.73829    0 1978 36643.0000 5192.73829  85.8%     -  155s
     0     0 5194.90963    0 1976 36643.0000 5194.90963  85.8%     -  157s
H    0     0                    36637.000000 5195.50628  85.8%     -  158s
H    0     0                    35479.000000 5195.50628  85.4%     -  159s
H    0     0                    35460.000000 5195.50628  85.3%     -  159s
H    0     0                    34145.000000 5195.50628  84.8%     -  160s
H    0     0                    34107.000000 5195.50628  84.8%     -  167s
H    0     0                    34060.000000 5195.50628  84.7%     -  167s
H    0     0                    32982.000000 5195.50628  84.2%     -  167s
H    0     0                    32958.000000 5195.50628  84.2%     -  168s
H    0     0                    32756.000000 5195.50628  84.1%     -  168s
H    0     0                    32747.000000 5195.50628  84.1%     -  168s
H    0     0                    32646.000000 5195.50628  84.1%     -  168s
H    0     0                    32638.000000 5195.50628  84.1%     -  169s
H    0     0                    32626.000000 5195.50628  84.1%     -  169s
H    0     0                    32569.000000 5195.50628  84.0%     -  169s
H    0     0                    31996.000000 5195.50628  83.8%     -  169s
H    0     0                    31984.000000 5195.50628  83.8%     -  171s
H    0     0                    31944.000000 5195.50628  83.7%     -  171s
H    0     0                    31785.000000 5195.50628  83.7%     -  171s
H    0     0                    31773.000000 5195.50628  83.6%     -  173s
H    0     0                    31703.000000 5195.50628  83.6%     -  173s
H    0     0                    31669.000000 5195.50628  83.6%     -  173s
H    0     0                    31618.000000 5195.50628  83.6%     -  174s
     0     0 5195.50628    0 1885 31618.0000 5195.50628  83.6%     -  176s
     0     0 5195.50628    0 1964 31618.0000 5195.50628  83.6%     -  176s
     0     0 5197.53733    0 1990 31618.0000 5197.53733  83.6%     -  178s
H    0     0                    31568.000000 5197.74401  83.5%     -  178s
H    0     0                    31554.000000 5197.74401  83.5%     -  178s
H    0     0                    31464.000000 5197.74401  83.5%     -  178s
     0     0 5197.74401    0 2014 31464.0000 5197.74401  83.5%     -  179s
     0     0 5198.36499    0 1935 31464.0000 5198.36499  83.5%     -  181s
     0     0 5198.80960    0 1987 31464.0000 5198.80960  83.5%     -  182s
     0     0 5198.91509    0 1996 31464.0000 5198.91509  83.5%     -  183s
     0     0 5200.20478    0 1961 31464.0000 5200.20478  83.5%     -  184s
H    0     0                    30858.000000 5200.72065  83.1%     -  185s
     0     0 5200.72065    0 1999 30858.0000 5200.72065  83.1%     -  186s
     0     0 5200.72065    0 2063 30858.0000 5200.72065  83.1%     -  187s
     0     0 5200.72065    0 2050 30858.0000 5200.72065  83.1%     -  187s
     0     0 5201.83704    0 2029 30858.0000 5201.83704  83.1%     -  188s
     0     0 5201.91227    0 2029 30858.0000 5201.91227  83.1%     -  189s
H    0     0                    30822.000000 5201.91356  83.1%     -  196s
H    0     0                    30717.000000 5201.91356  83.1%     -  198s
H    0     0                    30703.000000 5201.91356  83.1%     -  199s
H    0     2                    29487.000000 5201.91356  82.4%     -  201s
     0     2 5201.91356    0 2029 29487.0000 5201.91356  82.4%     -  201s
     1     4 5203.44780    1 1991 29487.0000 5201.91356  82.4%  1771  212s
H    3     8                    29484.000000 5203.44950  82.4%  5049  223s
     7    16 5204.13748    3 2028 29484.0000 5203.86922  82.4%  6383  237s
    15    32 5205.52734    4 1957 29484.0000 5205.52734  82.3%  6802  246s
    31    52 5293.13584    5 1885 29484.0000 5206.62099  82.3%  6080  271s
H   51    84                    29276.000000 5206.62099  82.2%  5750  293s
H   52    84                    28946.000000 5206.62099  82.0%  5693  293s
H   60    84                    28592.000000 5206.62099  81.8%  5630  293s
H   71    84                    28269.000000 5206.62099  81.6%  5448  293s
H   83   225                    28212.000000 5206.62099  81.5%  4778  316s
H  224   313                    28164.000000 5206.62099  81.5%  2774  333s
H  265   313                    28141.000000 5206.62099  81.5%  2534  333s
H  273   313                    28133.000000 5206.62099  81.5%  2493  333s
H  296   313                    27560.000000 5206.62099  81.1%  2462  333s
   312   418 5290.66817   11 1991 27560.0000 5206.62099  81.1%  2429  349s
   417   449 5375.75648   13 1809 27560.0000 5206.62099  81.1%  2163  364s
H  418   449                    27460.000000 5206.62099  81.0%  2158  365s
H  419   449                    27441.000000 5206.62099  81.0%  2154  365s
H  422   449                    26947.000000 5206.62099  80.7%  2150  365s
H  429   449                    26786.000000 5206.62099  80.6%  2141  365s
   448   532 5288.35458   14 1962 26786.0000 5206.62099  80.6%  2136  381s
H  531   602                    26251.000000 5206.62099  80.2%  2091  400s
H  551   602                    26137.000000 5206.62099  80.1%  2157  400s
H  554   602                    25909.000000 5206.62099  79.9%  2150  400s
   601   702 5301.58590   16 1985 25909.0000 5206.62099  79.9%  2112  414s
H  701   791                    25908.000000 5206.62099  79.9%  1976  430s
   790   884 5304.32596   21 1877 25908.0000 5206.62099  79.9%  1890  445s
H  883   914                    25729.000000 5206.62099  79.8%  1822  457s
H  884   914                    24794.000000 5206.62099  79.0%  1821  457s
H  897   914                    24206.000000 5206.62099  78.5%  1811  457s
H  913  1027                    24161.000000 5206.62099  78.5%  1790  472s
  1026  1058 5358.87650   20 1941 24161.0000 5206.62099  78.5%  1695  486s
H 1027  1058                    24151.000000 5206.62099  78.4%  1694  486s
H 1029  1058                    21903.000000 5206.62099  76.2%  1693  486s
H 1057  1088                    21848.000000 5206.62099  76.2%  1684  505s
H 1058  1088                    21135.000000 5206.62099  75.4%  1683  505s
H 1066  1088                    21017.000000 5206.62099  75.2%  1677  505s
H 1077  1088                    20989.000000 5206.62099  75.2%  1676  505s
H 1087  1120                    20958.000000 5206.62099  75.2%  1672  518s
H 1092  1120                    20770.000000 5206.62099  74.9%  1680  518s
H 1099  1120                    20470.000000 5206.62099  74.6%  1681  518s
H 1119  1208                    20439.000000 5206.62099  74.5%  1687  535s
H 1207  1240                    19640.000000 5206.62099  73.5%  1676  543s
  1239  1343 5299.05140   26 1991 19640.0000 5206.62099  73.5%  1661  561s
H 1342  1374                    19587.000000 5206.62099  73.4%  1639  576s
H 1343  1374                    19563.000000 5206.62099  73.4%  1639  576s
H 1345  1374                    19480.000000 5206.62099  73.3%  1638  576s
H 1351  1374                    18776.000000 5206.62099  72.3%  1641  576s
  1373  1489 5302.69323   29 1900 18776.0000 5206.62099  72.3%  1632  595s
H 1488  1521                    18621.000000 5206.62099  72.0%  1593  605s
H 1489  1521                    18589.000000 5206.62099  72.0%  1592  605s
H 1493  1521                    18239.000000 5206.62099  71.5%  1590  605s
H 1495  1521                    18036.000000 5206.62099  71.1%  1589  605s
H 1509  1521                    17722.000000 5206.62099  70.6%  1586  605s
H 1515  1521                    17277.000000 5206.62099  69.9%  1583  605s
H 1520  1626                    17247.000000 5206.62099  69.8%  1581  624s
H 1625  1658                    17008.000000 5206.62099  69.4%  1582  636s
H 1626  1658                    16915.000000 5206.62099  69.2%  1581  636s
H 1627  1658                    16902.000000 5206.62099  69.2%  1581  636s
H 1628  1658                    16855.000000 5206.62099  69.1%  1581  636s
H 1629  1658                    16763.000000 5206.62099  68.9%  1581  636s
  1657  1786 5306.84612   36 1910 16763.0000 5206.62099  68.9%  1577  656s
H 1785  1817                    16669.000000 5206.62099  68.8%  1575  674s
H 1791  1817                    16651.000000 5206.62099  68.7%  1574  674s
H 1795  1817                    16644.000000 5206.62099  68.7%  1576  674s
H 1811  1817                    16162.000000 5206.62099  67.8%  1571  674s
H 1816  1906                    16133.000000 5206.62099  67.7%  1569  694s
H 1905  1938                    16120.000000 5206.62099  67.7%  1613  708s
H 1907  1938                    16049.000000 5206.62099  67.6%  1615  708s
H 1910  1938                    16015.000000 5206.62099  67.5%  1616  708s
H 1911  1938                    15934.000000 5206.62099  67.3%  1616  708s
  1937  2054 5391.96721   37 1823 15934.0000 5206.62099  67.3%  1629  729s
H 1943  2054                    15922.000000 5206.62099  67.3%  1626  729s
H 1950  2054                    15918.000000 5206.62099  67.3%  1626  729s
H 1960  2054                    15904.000000 5206.62099  67.3%  1631  729s
H 1966  2054                    15827.000000 5206.62099  67.1%  1628  729s
  2053  2090 5413.22739   39 1866 15827.0000 5206.62099  67.1%  1631  747s
H 2060  2090                    15763.000000 5206.62099  67.0%  1633  747s
H 2085  2090                    15744.000000 5206.62099  66.9%  1633  747s
  2089  2225 5339.01170   40 1991 15744.0000 5206.62099  66.9%  1633  773s
H 2224  2257                    15728.000000 5206.62099  66.9%  1662  796s
H 2226  2257                    15687.000000 5206.62099  66.8%  1662  796s
H 2227  2257                    15491.000000 5206.62099  66.4%  1662  796s
H 2253  2257                    15487.000000 5206.62099  66.4%  1679  796s
  2256  2314 5478.79500   42 1942 15487.0000 5206.62099  66.4%  1683  814s
H 2257  2314                    15311.000000 5206.62099  66.0%  1682  814s
H 2260  2314                    15306.000000 5206.62099  66.0%  1682  814s
H 2262  2314                    15251.000000 5206.62099  65.9%  1681  814s
H 2265  2314                    15112.000000 5206.62099  65.5%  1684  814s
H 2275  2314                    14877.000000 5206.62099  65.0%  1681  814s
H 2313  2509                    14858.000000 5206.62099  65.0%  1669  836s
  2508  2697 5382.56780   45 1999 14858.0000 5206.62099  65.0%  1633  862s
  2698  2910 5384.27752   47 1953 14858.0000 5206.62099  65.0%  1624  891s
H 2911  3028                    14816.000000 5206.62099  64.9%  1598  913s
H 2913  3028                    14814.000000 5206.62099  64.9%  1599  913s
H 2936  3028                    14656.000000 5206.62099  64.5%  1593  913s
H 2948  3028                    14654.000000 5206.62099  64.5%  1589  913s
H 2970  3028                    14647.000000 5206.62099  64.5%  1587  913s
  3029  3303 5407.37721   50 1986 14647.0000 5206.62099  64.5%  1572  942s
  3304  3583 5408.93200   52 1866 14647.0000 5206.62099  64.5%  1531  970s
H 3313  3583                    14635.000000 5206.62099  64.4%  1529  970s
  3584  3792 5414.34891   60 1933 14635.0000 5206.62099  64.4%  1490  998s
H 3793  3982                    14622.000000 5206.62099  64.4%  1489 1027s
H 3814  3982                    14619.000000 5206.62099  64.4%  1489 1027s
H 3851  3982                    14610.000000 5206.62099  64.4%  1490 1027s
H 3853  3982                    14603.000000 5206.62099  64.3%  1490 1027s
H 3944  3982                    14587.000000 5206.62099  64.3%  1480 1027s
  3983  4204 5488.21071   67 1906 14587.0000 5206.62099  64.3%  1475 1095s
H 4205  4236                    14584.000000 5206.62099  64.3%  1444 1124s
H 4206  4236                    14580.000000 5206.62099  64.3%  1444 1124s
H 4208  4236                    14534.000000 5206.62099  64.2%  1443 1124s
H 4211  4236                    14514.000000 5206.62099  64.1%  1443 1124s
  4237  4671 5498.93502   75 1760 14514.0000 5206.62099  64.1%  1440 1159s
H 4672  4703                    14513.000000 5206.62099  64.1%  1381 1182s
H 4674  4703                    14074.000000 5206.62099  63.0%  1381 1182s
  4704  5079 5499.64221   88 1849 14074.0000 5206.62099  63.0%  1379 1218s
  5080  5313 5607.62117   91 1903 14074.0000 5206.62099  63.0%  1354 1257s
  5320  5345 5598.90428   90 1799 14074.0000 5206.62099  63.0%  1373 1286s
H 5321  5345                    14060.000000 5206.62099  63.0%  1373 1286s
H 5328  5345                    14044.000000 5206.62099  62.9%  1373 1286s
H 5333  5345                    14043.000000 5206.62099  62.9%  1373 1286s
H 5334  5345                    14042.000000 5206.62099  62.9%  1373 1286s
H 5336  5345                    14038.000000 5206.62099  62.9%  1374 1286s
H 5340  5345                    14031.000000 5206.62099  62.9%  1374 1286s
H 5346  5345                    13995.000000 5206.62099  62.8%  1374 1286s
  5352  5580 5573.36698   92 1888 13995.0000 5206.62099  62.8%  1375 1325s
  5587  5875 5515.70439   93 1871 13995.0000 5206.62099  62.8%  1396 1361s
  5882  6268 5604.80637   96 1956 13995.0000 5206.62099  62.8%  1400 1399s
  6279  6719 5536.07093   94 1868 13995.0000 5206.62099  62.8%  1384 1442s
H 6744  6804                    13958.000000 5206.62099  62.7%  1360 1480s
H 6745  6804                    13901.000000 5206.62099  62.5%  1360 1480s
H 6750  6804                    13844.000000 5206.62099  62.4%  1360 1480s
H 6774  6804                    13759.000000 5206.62099  62.2%  1356 1480s
H 6794  6804                    13739.000000 5206.62099  62.1%  1355 1480s
  6829  7320 5642.17442   97 1950 13739.0000 5206.62099  62.1%  1353 1519s
H 7357  7358                    13666.000000 5206.62099  61.9%  1324 1553s
H 7376  7358                    13612.000000 5206.62099  61.7%  1325 1553s
  7395  7877 5660.86725   98 2009 13612.0000 5206.62099  61.7%  1327 1597s
  7916  8553 5675.62334   98 1933 13612.0000 5206.62099  61.7%  1308 1639s
H 8598  8583                    13532.000000 5206.62099  61.5%  1271 1685s
H 8610  8583                    13502.000000 5206.62099  61.4%  1272 1685s
H 8623  8583                    13487.000000 5206.62099  61.4%  1271 1685s
H 8630  8583                    13471.000000 5206.62099  61.3%  1271 1685s
H 8631  8583                    13465.000000 5206.62099  61.3%  1271 1685s
  8632  9449 5733.96911   98 1760 13465.0000 5206.62099  61.3%  1272 1726s
  9560 10330 5712.01474   99 1993 13465.0000 5206.62099  61.3%  1211 1770s
H10582 10362                    13420.000000 5207.31449  61.2%  1154 1806s
H10583 10362                    13413.000000 5207.31449  61.2%  1154 1806s
H10584 10359                    13367.000000 5207.31449  61.0%  1154 1806s
H10607 10351                    13332.000000 5207.31449  60.9%  1154 1806s
 10614 11022 5694.53432   99 1953 13332.0000 5207.31449  60.9%  1155 1853s
 11505 11745 5704.36543   99 1922 13332.0000 5207.31449  60.9%  1121 1899s
H12287 11805                    13199.000000 5207.65813  60.5%  1101 1946s
H12342 11799                    13185.000000 5207.65813  60.5%  1106 1946s
H12377 11821                    13126.000000 5207.65813  60.3%  1105 1991s
H12378 11797                    12962.000000 5207.65813  59.8%  1105 1991s
 12409 12620 5764.46710   99 1786 12962.0000 5207.65813  59.8%  1108 2040s
H13282 12685                    12955.000000 5207.65813  59.8%  1085 2081s
H13283 12684                    12951.000000 5207.65813  59.8%  1085 2081s
H13292 12683                    12924.000000 5207.65813  59.7%  1085 2081s
 13352 13848 5888.96350  100 1615 12924.0000 5207.65813  59.7%  1087 2128s
 14618 13849 6628.10839  200 13958 12924.0000 5207.65813  59.7%  1038 2187s
H14619 13157                    12923.000000 5207.65813  59.7%  1038 2199s
H14619 12499                    12920.000000 5207.65813  59.7%  1038 2229s
H14619 11874                    12895.000000 5207.65813  59.6%  1038 2229s
 14621 11875 7199.81485   55 1390 12895.0000 5207.65813  59.6%  1038 2233s
 14622 11876 5879.27379  117 1513 12895.0000 5207.65813  59.6%  1038 2238s
 14623 11876 7374.82422  207 1618 12895.0000 5207.65813  59.6%  1038 2246s
H14623 11282                    12887.000000 5207.65813  59.6%  1038 2254s
H14623 10718                    12875.000000 5207.65813  59.6%  1038 2254s
 14625 10720 5692.13697   56 1756 12875.0000 5207.65813  59.6%  1038 2260s
 14626 10720 6557.64682  168 1739 12875.0000 5243.92777  59.3%  1038 2266s
 14628 10722 7615.24354   48 1759 12875.0000 5268.15987  59.1%  1038 2271s
 14630 10723 7196.34213  192 1791 12875.0000 5273.62073  59.0%  1038 2275s
 14635 10726 8666.89883   90 1816 12875.0000 5276.43890  59.0%  1037 2302s
 14636 10727 11926.2041  245 1869 12875.0000 5396.69222  58.1%  1037 2311s
 14637 10728 7778.46022  230 1810 12875.0000 5421.50081  57.9%  1037 2316s
 14639 10729 5431.42655   16 1873 12875.0000 5431.42655  57.8%  1037 2320s
 14641 10730 8663.32076  786 1877 12875.0000 5431.45685  57.8%  1037 2349s
 14642 10731 6337.22159  135 2053 12875.0000 5556.58403  56.8%  1037 2360s
 14643 10732 12126.4869  425 1955 12875.0000 5582.00195  56.6%  1037 2365s
 14645 10733 6830.77811   86 1925 12875.0000 5587.80665  56.6%  1037 2370s
 14649 10736 10022.3988  244 1961 12875.0000 5588.18965  56.6%  1036 2399s
 14650 10736 10491.0600  253 1957 12875.0000 5725.40763  55.5%  1036 2411s
 14651 10737 7476.92937  202 2015 12875.0000 5760.90490  55.3%  1036 2417s
 14652 10738 11651.8220  491 1958 12875.0000 5772.84611  55.2%  1036 2421s
 14657 10741 6675.59522  180 1978 12875.0000 5774.10398  55.2%  1036 2450s
 14658 10742 5892.18873   69 1908 12875.0000 5892.18873  54.2%  1036 2461s
 14659 10742 6427.57226  137 1948 12875.0000 5927.34783  54.0%  1036 2468s
 14660 10743 7006.72522  240 2038 12875.0000 5931.12809  53.9%  1035 2471s
 14666 10747 5933.55737   44 2053 12875.0000 5933.55737  53.9%  1035 2501s
H14666 10209                    12863.000000 6010.50294  53.3%  1035 2555s
H14666  9698                    12854.000000 6010.50294  53.2%  1035 2555s
H14666  9212                    12801.000000 6010.50294  53.0%  1035 2555s
 14667  9213 8219.71040  597 1914 12801.0000 6010.50294  53.0%  1035 2605s
 14668  9213 9210.16033  305 1953 12801.0000 6081.37063  52.5%  1035 2622s
 14669  9214 8859.16253  775 2028 12801.0000 6083.64584  52.5%  1035 2625s
 14674  9217 6140.06791   81 1956 12801.0000 6140.06791  52.0%  1035 2656s
 14675  9218 7824.69979  234 2036 12801.0000 6152.14495  51.9%  1034 2667s
 14676  9219 8056.23923  556 2135 12801.0000 6201.74227  51.6%  1034 2677s
 14677  9219 6388.13101  240 2153 12801.0000 6224.56878  51.4%  1034 2683s
 14678  9220 6233.83713   54 2185 12801.0000 6233.83713  51.3%  1034 2688s
 14679  9221 6524.50203  156 2153 12801.0000 6236.74696  51.3%  1034 2690s
 14685  9225 6237.66340   54 2285 12801.0000 6237.66340  51.3%  1034 2721s
 14686  9225 9006.70312  751 2170 12801.0000 6289.69953  50.9%  1034 2731s
 14687  9226 9095.58382  248 2131 12801.0000 6302.63600  50.8%  1034 2736s
 14688  9227 6308.63610   77 2106 12801.0000 6308.63610  50.7%  1034 2740s
 14694  9231 6310.95612   86 2034 12801.0000 6310.95612  50.7%  1033 2771s
 14695  9231 12699.1418  265 2177 12801.0000 6356.47725  50.3%  1033 2781s
 14696  9232 9489.64613  843 2209 12801.0000 6367.14014  50.3%  1033 2787s
 14697  9233 6372.04650  100 2236 12801.0000 6372.04650  50.2%  1033 2790s
 14703  9237 7268.03609  230 2240 12801.0000 6374.49908  50.2%  1032 2822s
 14704  9237 6421.00316  102 2357 12801.0000 6421.00316  49.8%  1032 2831s
 14705  9238 8606.31709  237 2321 12801.0000 6428.32505  49.8%  1032 2835s
 14707  9239 6432.92342   17 2376 12801.0000 6432.92342  49.7%  1032 2840s
 14711  9242 6780.78059   39 2459 12801.0000 6433.05654  49.7%  1032 2869s
H14711  8778                    12786.000000 6458.95391  49.5%  1032 2878s
 14713  8779 6467.74826  120 2454 12786.0000 6467.74826  49.4%  1032 2884s
 14714  8780 6469.39245   38 2456 12786.0000 6469.39245  49.4%  1032 2887s
 14718  8783 6628.10839  200 2391 12786.0000 6470.16815  49.4%  1031 2890s
 14719  8783 6470.16817  100 2398 12786.0000 6470.16817  49.4%  1031 2918s
 14720  8784 12786.0000  259 2244 12786.0000 6497.66764  49.2%  1031 2927s
H14720  8343                    12779.000000 6502.67200  49.1%  1031 2930s
H14720  7924                    12778.000000 6502.67200  49.1%  1031 2930s
 14726  7928 6557.64682  168 2311 12778.0000 6506.19735  49.1%  1031 2935s
 14727  7929 7562.92325  440 2311 12778.0000 6506.19735  49.1%  1031 2963s
 14728  7929 7615.24354   48 2298 12778.0000 6531.34788  48.9%  1031 2972s
 14729  7930 6537.71737  114 2268 12778.0000 6537.71737  48.8%  1031 2978s
 14730  7931 7196.34213  192 2394 12778.0000 6539.80601  48.8%  1031 2981s
 14735  7934 8666.89883   90 2399 12778.0000 6540.35827  48.8%  1030 3011s
 14736  7935 11926.2041  245 2512 12778.0000 6561.53797  48.6%  1030 3022s
 14737  7935 7778.46022  230 2413 12778.0000 6569.46684  48.6%  1030 3028s
 14738  7936 6572.14866   18 2524 12778.0000 6572.14866  48.6%  1030 3031s
 14744  7940 6874.01732  173 2466 12778.0000 6572.93547  48.6%  1030 3035s
 14745  7941 6830.77811   86 2484 12778.0000 6572.93565  48.6%  1030 3061s
 14746  7941 6592.43733   51 2278 12778.0000 6592.43733  48.4%  1029 3070s
 14748  7943 8569.92208  752 2421 12778.0000 6598.25675  48.4%  1029 3076s
 14752  7945 11651.8220  491 2450 12778.0000 6598.56827  48.4%  1029 3106s
 14753  7946 7054.72142  124 2500 12778.0000 6616.13405  48.2%  1029 3115s
 14754  7947 6620.84800  209 2533 12778.0000 6620.84800  48.2%  1029 3120s
 14759  7950 6622.09791  137 2433 12778.0000 6622.09791  48.2%  1029 3153s
 14760  7951 7006.72522  240 2584 12778.0000 6643.86121  48.0%  1028 3164s
 14761  7951 6648.86248   93 2402 12778.0000 6648.86248  48.0%  1028 3169s
 14762  7952 9983.77093  257 2606 12778.0000 6650.07923  48.0%  1028 3172s
 14764  7953 10554.2121  398 2602 12778.0000 6650.81146  48.0%  1028 3175s
 14768  7956 9210.16033  305 2631 12778.0000 6650.90261  48.0%  1028 3205s
 14769  7957 8859.16253  775 2565 12778.0000 6662.90485  47.9%  1028 3213s
 14770  7957 7151.06722  338 2529 12778.0000 6667.07659  47.8%  1028 3217s
 14773  7959 6667.44834  119 2587 12778.0000 6667.44834  47.8%  1028 3247s
 14774  7960 6678.59930   81 2700 12778.0000 6678.59930  47.7%  1028 3255s
 14776  7961 8056.23923  556 2545 12778.0000 6680.81903  47.7%  1027 3260s
 14780  7964 9310.01488  803 2604 12778.0000 6681.01018  47.7%  1027 3289s
 14781  7965 6690.52348  142 2504 12778.0000 6690.52348  47.6%  1027 3295s
 14784  7967 7044.10887  221 2537 12778.0000 6692.51199  47.6%  1027 3300s
 14787  7969 9095.58382  248 2555 12778.0000 6692.53532  47.6%  1027 3328s
 14788  7969 6703.15380   77 2482 12778.0000 6703.15380  47.5%  1027 3335s
 14790  7971 6705.56564   50 2584 12778.0000 6705.56564  47.5%  1026 3340s
 14795  7974 12699.1418  265 2627 12778.0000 6705.66484  47.5%  1026 3370s
 14796  7975 9489.64613  843 2612 12778.0000 6715.26927  47.4%  1026 3377s
 14797  7975 6716.18007  100 2615 12778.0000 6716.18007  47.4%  1026 3380s
 14802  7979 9209.01500  109 2610 12778.0000 6716.78051  47.4%  1026 3412s
 14803  7979 7268.03609  230 2607 12778.0000 6726.62326  47.4%  1025 3419s
 14804  7980 6728.51523  102 2649 12778.0000 6728.51523  47.3%  1025 3422s
 14806  7981 9050.44687  106 2715 12778.0000 6729.20360  47.3%  1025 3425s
 14809  7983 6729.23001   86 2702 12778.0000 6729.23001  47.3%  1025 3454s
 14810  7984 6741.11912  128 2595 12778.0000 6741.11912  47.2%  1025 3461s
 14812  7985 9947.99133  352 2649 12778.0000 6743.18197  47.2%  1025 3466s
 14817  7989 10590.9699  213 2629 12778.0000 6743.42959  47.2%  1025 3496s
 14818  7989 6756.41930  200 2501 12778.0000 6756.41930  47.1%  1024 3503s
 14819  7990 6758.20241  100 2512 12778.0000 6758.20241  47.1%  1024 3506s
 14825  7994 6758.89467   56 2496 12778.0000 6758.89467  47.1%  1024 3537s
 14826  7995 6768.07879  168 2632 12778.0000 6768.07879  47.0%  1024 3546s
 14829  7997 6769.85560  114 2730 12778.0000 6769.85560  47.0%  1024 3550s
 14833  7999 6769.89608  124 2704 12778.0000 6769.89608  47.0%  1023 3579s
 14834  8000 6777.52697   81 2576 12778.0000 6777.52697  47.0%  1023 3586s
 14835  8001 8666.89883   90 2728 12778.0000 6779.56759  46.9%  1023 3590s
H14836  7598                    12750.000000 6780.44504  46.8%  1023 3593s
 14842  7602 6780.49354  135 2791 12750.0000 6780.49354  46.8%  1023 3622s
 14843  7603 12126.4869  425 2582 12750.0000 6786.20726  46.8%  1023 3628s
 14844  7604 6874.01732  173 2749 12750.0000 6788.39739  46.8%  1023 3631s
 14849  7607 10022.3988  244 2798 12750.0000 6788.54869  46.8%  1022 3661s
 14850  7608 10491.0600  253 2685 12750.0000 6794.49906  46.7%  1022 3668s
 14851  7608 7476.92937  202 2661 12750.0000 6796.86947  46.7%  1022 3672s
 14855  7611 8898.88112  319 2790 12750.0000 6797.22054  46.7%  1022 3675s
 14856  7612 6797.22139  209 2799 12750.0000 6797.22139  46.7%  1022 3702s
 14857  7612 6803.50382  180 2820 12750.0000 6803.50382  46.6%  1022 3708s
 14858  7613 6804.54380   69 2816 12750.0000 6804.54380  46.6%  1022 3711s
 14862  7616 9983.77093  257 2813 12750.0000 6805.20510  46.6%  1021 3715s
 14865  7618 6805.21142  238 2838 12750.0000 6805.21142  46.6%  1021 3743s
 14866  7618 6811.58345   44 2815 12750.0000 6811.58345  46.6%  1021 3751s
 14867  7619 8219.71040  597 2740 12750.0000 6813.13386  46.6%  1021 3755s
 14872  7622 6813.40273   17 2902 12750.0000 6813.40273  46.6%  1021 3784s
 14873  7623 6819.64982  119 2710 12750.0000 6819.64982  46.5%  1021 3791s
 14878  7626 6820.66913   54 2794 12750.0000 6820.66913  46.5%  1020 3795s
 14881  7628 6820.67978  142 2814 12750.0000 6820.67978  46.5%  1020 3824s
 14882  7629 6826.17063   20 2905 12750.0000 6826.17063  46.5%  1020 3831s
 14883  7630 7122.66557  193 2820 12750.0000 6827.49035  46.5%  1020 3835s
 14889  7634 7033.02077  271 2969 12750.0000 6828.11234  46.4%  1020 3865s
 14890  7634 6835.24716   50 3127 12750.0000 6835.24716  46.4%  1019 3872s
 14891  7635 8439.18467  242 3197 12750.0000 6837.33561  46.4%  1019 3876s
 14896  7638 9489.64613  843 3208 12750.0000 6837.76298  46.4%  1019 3908s
 14897  7639 6841.74404  100 3126 12750.0000 6841.74404  46.3%  1019 3914s
 14898  7640 12319.7861  181 3129 12750.0000 6842.98762  46.3%  1019 3917s
 14901  7642 6843.31412   87 3217 12750.0000 6843.31412  46.3%  1019 3920s
 14904  7644 6843.31829  102 3242 12750.0000 6843.31829  46.3%  1019 3949s
 14905  7644 8606.31709  237 3211 12750.0000 6847.05614  46.3%  1018 3955s
 14908  7646 6848.31080   69 3104 12750.0000 6848.31080  46.3%  1018 3960s
 14913  7650 6848.33624  120 3096 12750.0000 6848.33624  46.3%  1018 3986s
 14914  7650 6854.47755   38 2837 12750.0000 6854.47755  46.2%  1018 3993s
 14915  7651 6855.49271   53 2974 12750.0000 6855.49271  46.2%  1018 3997s
 14919  7654 6855.76557  100 2868 12750.0000 6855.76557  46.2%  1018 4000s
 14921  7655 7199.81485   55 2888 12750.0000 6855.76809  46.2%  1017 4029s
 14922  7656 6862.05703  117 2671 12750.0000 6862.05703  46.2%  1017 4035s
 14924  7657 8572.27034  290 2874 12750.0000 6864.60828  46.2%  1017 4041s
 14930  7661 7196.34213  192 2931 12750.0000 6864.81850  46.2%  1017 4073s
 14931  7662 9299.74119  800 2784 12750.0000 6872.92313  46.1%  1017 4081s
 14933  7663 6875.39874  124 2889 12750.0000 6875.39874  46.1%  1017 4086s
 14936  7665 11926.2041  245 2902 12750.0000 6875.46668  46.1%  1016 4114s
 14937  7666 7778.46022  230 2994 12750.0000 6882.62851  46.0%  1016 4123s
 14938  7666 6884.21163   18 3127 12750.0000 6884.21163  46.0%  1016 4127s
 14941  7668 8663.32076  786 3214 12750.0000 6884.65938  46.0%  1016 4130s
 14943  7670 12126.4869  425 3189 12750.0000 6884.67421  46.0%  1016 4159s
 14944  7670 6889.85962  173 3017 12750.0000 6889.85962  46.0%  1016 4166s
 14946  7672 6891.17191   51 3036 12750.0000 6891.17191  46.0%  1016 4171s
 14952  7676 11651.8220  491 3165 12750.0000 6891.27433  46.0%  1015 4202s
 14953  7676 7054.72142  124 2927 12750.0000 6896.85491  45.9%  1015 4209s
 14954  7677 6898.11039  209 2988 12750.0000 6898.11039  45.9%  1015 4212s
 14959  7680 6898.32509  137 2958 12750.0000 6898.32509  45.9%  1015 4243s
 14960  7681 7006.72522  240 3034 12750.0000 6902.42622  45.9%  1015 4249s
 14961  7682 6904.32724   93 3079 12750.0000 6904.32724  45.8%  1015 4253s
 14962  7682 9983.77093  257 3103 12750.0000 6904.73083  45.8%  1015 4255s
 14968  7686 9210.16033  305 3070 12750.0000 6904.89505  45.8%  1014 4285s
 14969  7687 8859.16253  775 2997 12750.0000 6909.71084  45.8%  1014 4293s
 14970  7688 7151.06722  338 3134 12750.0000 6910.92799  45.8%  1014 4296s
 14977  7692 6911.22558  240 3191 12750.0000 6911.22558  45.8%  1014 4327s
H14977  7301                    12660.000000 6915.52969  45.4%  1014 4334s
 14979  7303 6916.38505  156 3146 12660.0000 6916.38505  45.4%  1013 4337s
 14981  7304 6916.64580  142 3091 12660.0000 6916.64580  45.4%  1013 4340s
 14985  7307 6916.68627   54 3050 12660.0000 6916.68627  45.4%  1013 4368s
 14986  7307 9006.70312  751 3142 12660.0000 6919.88124  45.3%  1013 4374s
 14987  7308 9095.58382  248 3216 12660.0000 6920.39218  45.3%  1013 4376s
 14991  7311 8439.18467  242 3211 12660.0000 6920.84482  45.3%  1013 4408s
 14992  7311 6924.68941  220 3370 12660.0000 6924.68941  45.3%  1013 4414s
 14993  7312 6926.72775   82 3465 12660.0000 6926.72775  45.3%  1012 4419s
 14994  7313 6927.14789   86 3516 12660.0000 6927.14789  45.3%  1012 4421s
 14998  7315 12319.7861  181 3419 12660.0000 6927.24333  45.3%  1012 4452s
 14999  7316 7911.84854  573 3157 12660.0000 6930.38834  45.3%  1012 4458s
 15000  7317 12464.4441  185 3214 12660.0000 6931.65009  45.2%  1012 4462s
 15002  7318 9209.01500  109 3308 12660.0000 6932.00626  45.2%  1012 4465s
H15004  6947                    12636.000000 6932.03235  45.1%  1012 4496s
H15005  6594                    12635.000000 6935.18998  45.1%  1012 4500s
 15009  6597 6936.36052   86 3512 12635.0000 6936.36052  45.1%  1011 4505s
 15013  6599 6936.41312  120 3429 12635.0000 6936.41312  45.1%  1011 4536s
 15014  6600 6940.16560   38 3381 12635.0000 6940.16560  45.1%  1011 4542s
 15015  6601 6941.12869   53 3435 12635.0000 6941.12869  45.1%  1011 4545s
 15020  6604 12635.0000  259 3536 12635.0000 6941.29417  45.1%  1011 4578s
 15021  6605 7199.81485   55 3250 12635.0000 6944.34326  45.0%  1011 4584s
 15022  6605 6944.95479  117 3358 12635.0000 6944.95479  45.0%  1011 4586s
 15027  6609 7562.92325  440 3410 12635.0000 6945.17726  45.0%  1010 4617s
 15028  6609 7615.24354   48 3294 12635.0000 6948.00342  45.0%  1010 4623s
 15029  6610 6948.58410  114 3367 12635.0000 6948.58410  45.0%  1010 4625s
 15033  6613 6948.87388  124 3381 12635.0000 6948.87388  45.0%  1010 4657s
 15034  6613 6952.17076   81 3245 12635.0000 6952.17076  45.0%  1010 4663s
 15035  6614 8666.89883   90 3388 12635.0000 6952.93622  45.0%  1010 4666s
 15041  6618 8663.32076  786 3398 12635.0000 6953.09697  45.0%  1009 4699s
H15041  6280                    12614.000000 6955.68777  44.9%  1009 4709s
 15042  6281 6955.68777  135 3287 12614.0000 6955.68777  44.9%  1009 4803s
 15043  6281 12126.4869  425 3327 12614.0000 6956.21119  44.9%  1009 4826s
 15047  6284 8037.07589   72 3406 12614.0000 6956.38624  44.9%  1009 4857s
 15048  6285 8569.92208  752 3024 12614.0000 6960.69489  44.8%  1009 4865s
 15050  6286 10491.0600  253 3123 12614.0000 6962.31443  44.8%  1009 4870s
 15055  6289 8898.88112  319 3274 12614.0000 6962.39376  44.8%  1008 4901s
 15056  6290 6965.48718  209 3202 12614.0000 6965.48718  44.8%  1008 4906s
 15058  6291 6966.53135   69 3472 12614.0000 6966.53135  44.8%  1008 4911s
 15062  6294 9983.77093  257 3497 12614.0000 6966.62552  44.8%  1008 4941s
 15063  6295 6970.52039  127 3254 12614.0000 6970.52039  44.7%  1008 4947s
H15063  5973                    12609.000000 6971.09056  44.7%  1008 4949s
H15063  5667                    12589.000000 6971.09056  44.6%  1008 4949s
 15064  5667 10554.2121  398 3179 12589.0000 6971.09056  44.6%  1008 4950s
 15070  5671 7151.06722  338 3272 12589.0000 6971.32082  44.6%  1007 4982s
 15071  5672 6974.12808   59 3357 12589.0000 6974.12808  44.6%  1007 4988s
 15072  5673 6975.33016   17 3577 12589.0000 6975.33016  44.6%  1007 4991s
 15077  5676 6975.59269  240 3451 12589.0000 6975.59269  44.6%  1007 5023s
 15078  5677 6979.07786   54 3387 12589.0000 6979.07786  44.6%  1007 5029s
 15079  5677 6979.99453  156 3522 12589.0000 6979.99453  44.6%  1007 5032s
 15081  5679 6980.31701  142 3491 12589.0000 6980.31701  44.6%  1007 5035s
 15087  5683 9095.58382  248 3557 12589.0000 6980.34478  44.6%  1006 5065s
 15088  5683 6983.15219   77 3339 12589.0000 6983.15219  44.5%  1006 5071s
 15090  5685 6983.70166   50 3338 12589.0000 6983.70166  44.5%  1006 5075s
 15096  5689 9489.64613  843 3488 12589.0000 6983.76885  44.5%  1006 5108s
 15097  5689 6985.05431  100 3199 12589.0000 6985.05431  44.5%  1006 5113s
 15098  5690 12319.7861  181 3427 12589.0000 6985.90551  44.5%  1005 5116s
 15101  5692 6986.26148   87 3495 12589.0000 6986.26148  44.5%  1005 5120s
 15104  5694 6986.26798  102 3456 12589.0000 6986.26798  44.5%  1005 5148s
 15105  5695 8606.31709  237 3482 12589.0000 6990.25462  44.5%  1005 5156s
 15107  5696 6991.50515   17 3536 12589.0000 6991.50515  44.5%  1005 5162s
 15110  5698 6991.56868  128 3566 12589.0000 6991.56868  44.5%  1005 5192s
 15111  5699 6993.69313   39 3577 12589.0000 6993.69313  44.4%  1005 5198s
 15112  5699 9947.99133  352 3577 12589.0000 6994.23203  44.4%  1005 5201s
 15117  5703 10590.9699  213 3519 12589.0000 6994.42502  44.4%  1004 5233s
 15118  5703 6997.45897  200 3531 12589.0000 6997.45897  44.4%  1004 5239s
 15119  5704 6999.04383  100 3651 12589.0000 6999.04383  44.4%  1004 5241s
 15125  5708 6999.33206   56 3615 12589.0000 6999.33206  44.4%  1004 5271s
 15126  5709 7002.60684  168 3479 12589.0000 7002.60684  44.4%  1004 5276s
 15128  5710 7615.24354   48 3654 12589.0000 7003.99893  44.4%  1003 5281s
 15133  5713 7004.08895  124 3763 12589.0000 7004.08895  44.4%  1003 5310s
 15135  5715 8666.89883   90 3709 12589.0000 7008.21022  44.3%  1003 5317s
 15137  5716 7778.46022  230 3744 12589.0000 7008.62164  44.3%  1003 5320s
 15141  5719 8663.32076  786 3787 12589.0000 7008.68152  44.3%  1003 5350s
 15142  5719 7010.69361  135 3415 12589.0000 7010.69361  44.3%  1003 5355s
 15145  5721 7011.18745   86 3851 12589.0000 7011.18745  44.3%  1002 5360s
 15148  5723 8569.92208  752 3785 12589.0000 7011.20024  44.3%  1002 5389s
 15149  5724 10022.3988  244 3362 12589.0000 7014.63940  44.3%  1002 5395s
 15151  5725 7476.92937  202 3466 12589.0000 7015.47894  44.3%  1002 5400s
 15155  5728 8898.88112  319 3511 12589.0000 7015.55585  44.3%  1002 5430s
 15156  5729 7017.39157  209 3351 12589.0000 7017.39157  44.3%  1002 5435s
 15161  5732 7017.54503   93 3404 12589.0000 7017.54503  44.3%  1001 5463s
 15162  5733 9983.77093  257 3152 12589.0000 7020.72278  44.2%  1001 5470s
 15164  5734 10554.2121  398 3305 12589.0000 7021.82094  44.2%  1001 5475s
 15168  5737 9210.16033  305 3267 12589.0000 7021.93193  44.2%  1001 5500s
 15169  5737 8859.16253  775 3273 12589.0000 7024.36379  44.2%  1001 5506s
 15170  5738 7151.06722  338 3424 12589.0000 7025.10616  44.2%  1001 5510s
 15175  5741 7824.69979  234 3611 12589.0000 7025.30508  44.2%  1000 5537s
 15176  5742 8056.23923  556 3337 12589.0000 7027.49813  44.2%  1000 5542s
 15178  5743 7028.31602   54 3502 12589.0000 7028.31602  44.2%  1000 5546s
 15184  5747 7044.10887  221 3544 12589.0000 7028.34088  44.2%  1000 5576s
 15185  5748 7030.77839   54 3439 12589.0000 7030.77839  44.2%  1000 5582s
 15186  5749 9006.70312  751 3434 12589.0000 7031.14782  44.1%  1000 5585s
 15190  5751 7031.37873   50 3540 12589.0000 7031.37873  44.1%   999 5615s
 15192  5753 7034.31186  220 3372 12589.0000 7034.31186  44.1%   999 5622s
 15194  5754 7034.53168   86 3559 12589.0000 7034.53168  44.1%   999 5625s
 15198  5757 12319.7861  181 3749 12589.0000 7034.55019  44.1%   999 5655s
 15199  5757 7911.84854  573 3498 12589.0000 7037.25636  44.1%   999 5660s
 15203  5760 7268.03609  230 3447 12589.0000 7038.00699  44.1%   999 5665s
 15205  5761 8606.31709  237 3353 12589.0000 7038.00878  44.1%   998 5693s
 15206  5762 9050.44687  106 3151 12589.0000 7040.34261  44.1%   998 5698s
 15207  5763 7040.80362   17 3467 12589.0000 7040.80362  44.1%   998 5700s
 15214  5767 7041.01930   38 3437 12589.0000 7041.01930  44.1%   998 5733s
 15215  5768 7043.77570   53 3292 12589.0000 7043.77570  44.0%   998 5739s
 15216  5769 7044.28539   93 3271 12589.0000 7044.28539  44.0%   998 5742s
 15221  5772 7199.81485   55 3328 12589.0000 7044.44456  44.0%   997 5771s
H15221  5473                    12563.000000 7046.30262  43.9%   997 5775s
 15224  5475 8572.27034  290 3457 12563.0000 7047.18030  43.9%   997 5780s
 15230  5479 7196.34213  192 3394 12563.0000 7047.26546  43.9%   997 5809s
 15231  5480 9299.74119  800 3173 12563.0000 7049.72558  43.9%   997 5815s
 15234  5482 7050.92061   81 3372 12563.0000 7050.92061  43.9%   996 5821s
 15240  5486 7051.01523   41 3518 12563.0000 7051.01523  43.9%   996 5851s
 15241  5486 8663.32076  786 3497 12563.0000 7052.20512  43.9%   996 5855s
 15247  5490 8037.07589   72 3450 12563.0000 7052.73631  43.9%   996 5888s
 15248  5491 8569.92208  752 3484 12563.0000 7053.98852  43.9%   996 5892s
 15250  5492 10491.0600  253 3642 12563.0000 7054.25984  43.8%   995 5895s
 15254  5495 7054.28651  209 3702 12563.0000 7054.28651  43.8%   995 5926s
 15256  5496 7055.56640  209 3521 12563.0000 7055.56640  43.8%   995 5930s
 15260  5499 7055.70103  240 3539 12563.0000 7055.70103  43.8%   995 5961s
 15262  5500 9983.77093  257 3537 12563.0000 7057.01930  43.8%   995 5966s
 15268  5504 9210.16033  305 3545 12563.0000 7057.17542  43.8%   994 5997s
 15269  5505 8859.16253  775 3534 12563.0000 7058.92408  43.8%   994 6001s
 15272  5507 7059.44276   17 3634 12563.0000 7059.44276  43.8%   994 6005s
 15274  5508 7059.44781   81 3598 12563.0000 7059.44781  43.8%   994 6035s
 15276  5510 8056.23923  556 3368 12563.0000 7060.92700  43.8%   994 6041s
H15283  5227                    12548.000000 7061.04922  43.7%   993 6071s
H15283  4955                    12547.000000 7061.04922  43.7%   993 6071s
H15283  4696                    12531.000000 7061.04922  43.7%   993 6071s
H15283  4450                    12510.000000 7061.04922  43.6%   993 6071s
 15285  4452 7062.16125   54 3629 12510.0000 7062.16125  43.5%   993 6075s
 15289  4454 7062.64981  271 3639 12510.0000 7062.64981  43.5%   993 6105s
 15294  4458 7063.13541   86 3650 12510.0000 7063.13541  43.5%   993 6110s
 15296  4459 9489.64613  843 3661 12510.0000 7063.13837  43.5%   992 6139s
 15297  4460 7063.80922  100 3542 12510.0000 7063.80922  43.5%   992 6141s
 15301  4462 7064.18255   87 3709 12510.0000 7064.18255  43.5%   992 6145s
 15302  4463 9209.01500  109 3704 12510.0000 7064.18289  43.5%   992 6173s
 15303  4464 7268.03609  230 3603 12510.0000 7065.74757  43.5%   992 6178s
 15305  4465 8606.31709  237 3625 12510.0000 7066.09971  43.5%   992 6180s
 15310  4468 7066.14856  128 3624 12510.0000 7066.14856  43.5%   992 6211s
 15312  4470 9947.99133  352 3533 12510.0000 7067.33195  43.5%   991 6216s
 15317  4473 10590.9699  213 3624 12510.0000 7067.53405  43.5%   991 6248s
 15318  4474 7069.13034  200 3595 12510.0000 7069.13034  43.5%   991 6254s
 15319  4474 7069.34986  100 3684 12510.0000 7069.34986  43.5%   991 6256s
 15325  4478 7069.45745   56 3749 12510.0000 7069.45745  43.5%   991 6286s
 15326  4479 7070.37761  168 3465 12510.0000 7070.37761  43.5%   990 6290s
H15331  4246                    12505.000000 7070.66406  43.5%   990 6322s
H15331  4022                    12497.000000 7070.66406  43.4%   990 6322s
H15331  3809                    12410.000000 7070.66406  43.0%   990 6322s
H15331  3606                    12408.000000 7070.66406  43.0%   990 6322s
 15333  3608 7071.69235  124 3407 12408.0000 7071.69235  43.0%   990 6326s
 15336  3610 11926.2041  245 3631 12408.0000 7072.14527  43.0%   990 6330s
 15339  3612 7072.16084   16 3733 12408.0000 7072.16084  43.0%   990 6359s
 15340  3612 7072.80177   41 3551 12408.0000 7072.80177  43.0%   990 6362s
 15343  3614 12126.4869  425 3540 12408.0000 7073.03851  43.0%   989 6365s
 15347  3617 8037.07589   72 3609 12408.0000 7073.04654  43.0%   989 6392s
 15348  3618 8569.92208  752 3475 12408.0000 7073.65958  43.0%   989 6395s
 15354  3622 7074.01000  209 3532 12408.0000 7074.01000  43.0%   989 6428s
 15355  3622 8898.88112  319 3513 12408.0000 7075.71438  43.0%   989 6433s
 15356  3623 7076.21885  209 3525 12408.0000 7076.21885  43.0%   989 6436s
 15359  3625 7076.64832  137 3520 12408.0000 7076.64832  43.0%   988 6440s
 15362  3627 9983.77093  257 3517 12408.0000 7076.66360  43.0%   988 6470s
 15364  3628 10554.2121  398 3527 12408.0000 7078.16860  43.0%   988 6476s
 15369  3632 8859.16253  775 3610 12408.0000 7078.24174  43.0%   988 6508s
 15370  3632 7151.06722  338 3602 12408.0000 7079.30705  42.9%   988 6511s
 15373  3634 7079.55511  119 3646 12408.0000 7079.55511  42.9%   987 6515s
 15375  3636 7824.69979  234 3673 12408.0000 7079.55932  42.9%   987 6544s
 15376  3636 8056.23923  556 3542 12408.0000 7080.08977  42.9%   987 6547s
 15378  3638 7080.46418   54 3559 12408.0000 7080.46418  42.9%   987 6550s
 15382  3640 7080.49788   20 3508 12408.0000 7080.49788  42.9%   987 6580s
H15386  3462                    12386.000000 7081.06622  42.8%  1055 6594s
 15387  3462 9095.58382  248 1597 12386.0000 7081.06622  42.8%  1055 6626s
 15388  3463 7081.06622   77 1320 12386.0000 7081.06622  42.8%  1055 6632s
 15389  3464 7081.06622  271 1448 12386.0000 7081.06622  42.8%  1055 6642s
 15390  3464 7081.06622   50 1674 12386.0000 7081.06622  42.8%  1055 6655s
 15391  3465 8439.18467  242 1850 12386.0000 7081.27440  42.8%  1055 6671s
 15392  3466 7081.27440  220 2027 12386.0000 7081.27440  42.8%  1055 6687s
 15393  3466 7081.27440   82 2172 12386.0000 7081.27440  42.8%  1055 6704s
 15394  3467 7082.23466   86 2194 12386.0000 7082.23466  42.8%  1054 6720s
 15395  3468 12386.0000  265 2153 12386.0000 7082.23466  42.8%  1054 6735s
 15396  3468 9489.64613  843 2329 12386.0000 7082.67388  42.8%  1054 6751s
 15397  3469 7082.69087  100 2737 12386.0000 7082.69087  42.8%  1054 6766s
 15398  3470 12319.7861  181 2808 12386.0000 7082.69087  42.8%  1054 6780s
 15399  3470 7911.84854  573 2969 12386.0000 7082.81209  42.8%  1054 6790s
 15400  3471 12386.0000  185 3126 12386.0000 7082.81209  42.8%  1054 6800s
 15401  3472 7082.81209   87 3245 12386.0000 7082.81209  42.8%  1054 6807s
 15402  3472 9209.01500  109 3333 12386.0000 7082.81209  42.8%  1054 6811s
 15404  3474 7082.81209  102 3230 12386.0000 7082.81209  42.8%  1054 6815s
 15409  3477 7082.81209   86 3305 12386.0000 7082.81209  42.8%  1053 6834s
 15410  3478 7086.03841  128 3201 12386.0000 7086.03841  42.8%  1053 6840s
 15412  3479 9947.99133  352 3146 12386.0000 7087.69453  42.8%  1053 6845s
 15416  3482 7087.78306   93 3012 12386.0000 7087.78306  42.8%  1053 6874s
 15417  3482 10590.9699  213 2911 12386.0000 7091.99205  42.7%  1053 6881s
 15423  3486 7374.82422  207 3043 12386.0000 7092.54737  42.7%  1052 6912s
 15424  3487 8572.27034  290 3274 12386.0000 7096.83687  42.7%  1052 6918s
 15425  3488 7097.39770   56 3053 12386.0000 7097.39770  42.7%  1052 6921s
 15431  3492 9299.74119  800 3136 12386.0000 7097.61799  42.7%  1052 6951s
 15432  3492 7539.99618  404 3207 12386.0000 7100.25458  42.7%  1052 6956s
 15435  3494 8666.89883   90 3152 12386.0000 7101.06863  42.7%  1052 6960s
 15442  3499 7101.11440  135 3176 12386.0000 7101.11440  42.7%  1051 6989s
 15443  3500 12126.4869  425 3050 12386.0000 7103.56509  42.6%  1051 7024s
 15444  3500 7103.90801  173 3193 12386.0000 7103.90801  42.6%  1051 7027s
 15449  3504 10022.3988  244 3154 12386.0000 7103.98715  42.6%  1051 7058s
 15450  3504 10491.0600  253 3193 12386.0000 7106.09299  42.6%  1051 7064s
 15451  3505 7476.92937  202 3135 12386.0000 7106.94064  42.6%  1051 7066s
 15456  3508 7107.14705  209 3187 12386.0000 7107.14705  42.6%  1050 7097s
 15457  3509 7108.77106  180 3086 12386.0000 7108.77106  42.6%  1050 7101s
 15462  3512 9983.77093  257 3108 12386.0000 7109.14260  42.6%  1050 7133s
 15463  3513 7111.62533  127 3235 12386.0000 7111.62533  42.6%  1050 7138s
 15464  3514 10554.2121  398 3093 12386.0000 7112.45677  42.6%  1050 7141s
 15468  3516 9210.16033  305 3130 12386.0000 7112.62508  42.6%  1049 7172s
 15469  3517 8859.16253  775 3052 12386.0000 7115.70260  42.6%  1049 7177s
 15470  3518 7151.06722  338 3029 12386.0000 7116.40919  42.5%  1049 7180s
 15476  3522 8056.23923  556 3005 12386.0000 7116.62751  42.5%  1049 7211s
 15477  3522 7119.07363  240 3212 12386.0000 7119.07363  42.5%  1049 7217s
 15478  3523 7120.13238   54 3434 12386.0000 7120.13238  42.5%  1049 7220s
 15484  3527 7120.48950  221 3354 12386.0000 7120.48950  42.5%  1048 7251s
 15485  3528 7122.90132   54 3186 12386.0000 7122.90132  42.5%  1048 7289s
 15486  3528 9006.70312  751 3281 12386.0000 7123.38427  42.5%  1048 7294s
 15487  3529 9095.58382  248 3258 12386.0000 7123.55244  42.5%  1048 7295s
 15491  3532 8439.18467  242 3380 12386.0000 7123.60909  42.5%  1048 7325s
 15492  3532 7125.46750  220 3123 12386.0000 7125.46750  42.5%  1048 7330s
 15497  3536 7125.73954  100 3220 12386.0000 7125.73954  42.5%  1047 7362s
 15498  3536 12319.7861  181 3135 12386.0000 7127.38696  42.5%  1047 7366s
 15501  3538 7127.98891   87 3206 12386.0000 7127.98891  42.5%  1047 7370s
 15503  3540 7268.03609  230 3197 12386.0000 7127.99163  42.5%  1047 7399s
 15504  3540 7129.95165  102 3127 12386.0000 7129.95165  42.4%  1047 7404s
 15505  3541 8606.31709  237 3216 12386.0000 7130.62131  42.4%  1047 7407s
 15509  3544 7130.72454   86 3266 12386.0000 7130.72454  42.4%  1047 7438s
 15510  3544 7133.91273  128 3258 12386.0000 7133.91273  42.4%  1047 7444s
 15511  3545 7134.61091   39 3187 12386.0000 7134.61091  42.4%  1046 7446s
 15514  3547 7135.36692   38 3240 12386.0000 7135.36692  42.4%  1046 7450s
 15517  3549 10590.9699  213 3224 12386.0000 7135.41442  42.4%  1046 7480s
 15518  3550 7139.00761  200 3333 12386.0000 7139.00761  42.4%  1046 7486s
H15519  3370                    12348.000000 7139.65121  42.2%  1046 7490s
H15521  3202                    12346.000000 7139.67087  42.2%  1046 7519s
 15523  3203 7374.82422  207 3223 12346.0000 7142.14557  42.2%  1046 7523s
 15524  3204 8572.27034  290 3191 12346.0000 7142.56111  42.1%  1046 7525s
 15529  3207 7142.71322  114 3329 12346.0000 7142.71322  42.1%  1045 7554s
 15530  3208 7196.34213  192 3269 12346.0000 7144.02219  42.1%  1045 7557s
 15532  3209 7539.99618  404 3262 12346.0000 7144.37153  42.1%  1045 7560s
 15534  3210 7144.38233   81 3236 12346.0000 7144.38233  42.1%  1045 7587s
 15535  3211 8666.89883   90 3242 12346.0000 7146.04434  42.1%  1045 7591s
 15537  3212 7778.46022  230 3405 12346.0000 7146.56991  42.1%  1045 7595s
 15541  3215 8663.32076  786 3490 12346.0000 7146.59863  42.1%  1044 7622s
 15542  3216 7148.67226  135 3401 12346.0000 7148.67226  42.1%  1044 7627s
 15544  3217 7149.16074  173 3375 12346.0000 7149.16074  42.1%  1044 7630s
 15547  3219 8037.07589   72 3354 12346.0000 7149.18438  42.1%  1044 7657s
 15548  3220 8569.92208  752 3189 12346.0000 7150.53851  42.1%  1044 7661s
 15550  3221 10491.0600  253 3241 12346.0000 7151.46207  42.1%  1044 7665s
 15553  3223 7151.48216  124 3252 12346.0000 7151.48216  42.1%  1044 7692s
 15554  3224 7152.91927  209 3235 12346.0000 7152.91927  42.1%  1044 7697s
 15556  3225 7153.37849  209 3156 12346.0000 7153.37849  42.1%  1043 7700s
 15559  3227 7153.46594  137 3356 12346.0000 7153.46594  42.1%  1043 7729s
 15560  3228 7155.27244  240 3181 12346.0000 7155.27244  42.0%  1043 7733s
 15561  3228 7155.81469   93 3386 12346.0000 7155.81469  42.0%  1043 7736s
 15565  3231 7156.02625  238 3324 12346.0000 7156.02625  42.0%  1043 7771s
 15566  3232 7157.85982   44 3284 12346.0000 7157.85982  42.0%  1043 7777s
 15567  3232 8219.71040  597 3380 12346.0000 7158.27713  42.0%  1043 7780s
 15573  3236 7158.35480  119 3380 12346.0000 7158.35480  42.0%  1042 7813s
 15574  3237 7160.81644   81 3312 12346.0000 7160.81644  42.0%  1042 7819s
 15575  3238 7824.69979  234 3311 12346.0000 7161.31416  42.0%  1042 7822s
 15578  3240 7161.37922   54 3391 12346.0000 7161.37922  42.0%  1042 7856s
 15579  3240 7162.79549  156 3368 12346.0000 7162.79549  42.0%  1042 7861s
 15581  3242 7163.15759  142 3441 12346.0000 7163.15759  42.0%  1042 7865s
 15586  3245 9006.70312  751 3477 12346.0000 7163.18265  42.0%  1041 7900s
 15587  3246 9095.58382  248 3330 12346.0000 7164.80928  42.0%  1041 7905s
 15592  3249 7165.08499  220 3423 12346.0000 7165.08499  42.0%  1041 7939s
 15593  3250 7167.16765   82 3525 12346.0000 7167.16765  41.9%  1041 7944s
 15594  3250 7168.16805   86 3363 12346.0000 7168.16805  41.9%  1041 7949s
 15595  3251 12346.0000  265 3427 12346.0000 7168.34054  41.9%  1041 7950s
 15599  3254 7911.84854  573 3533 12346.0000 7168.40057  41.9%  1041 7975s
 15600  3254 12346.0000  185 3462 12346.0000 7169.44480  41.9%  1041 7982s
 15602  3256 9209.01500  109 3559 12346.0000 7169.90304  41.9%  1040 7985s
 15606  3258 9050.44687  106 3564 12346.0000 7169.93283  41.9%  1040 8010s
 15607  3259 7171.05797   17 3380 12346.0000 7171.05797  41.9%  1040 8015s
 15610  3261 7171.42005  128 3367 12346.0000 7171.42005  41.9%  1040 8020s
 15612  3262 9947.99133  352 3390 12346.0000 7171.42659  41.9%  1040 8049s
H15612  3095                    12345.000000 7172.65033  41.9%  1040 8054s
H15612  2936                    12340.000000 7172.65033  41.9%  1040 8055s
 15617  2940 10590.9699  213 3399 12340.0000 7172.92293  41.9%  1039 8090s
 15618  2940 7174.95902  200 3434 12340.0000 7174.95902  41.9%  1039 8096s
 15619  2941 7175.46486  100 3393 12340.0000 7175.46486  41.9%  1039 8100s
 15624  2944 8572.27034  290 3513 12340.0000 7175.65614  41.9%  1039 8135s
H15624  2793                    12314.000000 7177.35664  41.7%  1039 8140s
 15625  2794 7177.35664   56 3435 12314.0000 7177.35664  41.7%  1039 8146s
 15627  2795 7562.92325  440 3715 12314.0000 7177.63168  41.7%  1039 8150s
 15632  2799 7539.99618  404 3693 12314.0000 7177.69213  41.7%  1038 8185s
 15633  2799 7179.37354  124 3534 12314.0000 7179.37354  41.7%  1038 8190s
 15635  2801 8666.89883   90 3658 12314.0000 7179.88215  41.7%  1038 8196s
 15640  2804 7180.02784   41 3678 12314.0000 7180.02784  41.7%  1038 8234s
H15640  2659                    12313.000000 7180.67654  41.7%  1038 8239s
H15640  2522                    12310.000000 7180.67654  41.7%  1038 8241s
 15643  2524 12126.4869  425 3705 12310.0000 7180.86192  41.7%  1038 8245s
 15646  2526 7180.88012   51 3710 12310.0000 7180.88012  41.7%  1037 8278s
 15647  2527 8037.07589   72 3559 12310.0000 7181.59786  41.7%  1037 8282s
 15649  2528 10022.3988  244 3700 12310.0000 7181.81369  41.7%  1037 8285s
 15654  2531 7181.88256  209 3619 12310.0000 7181.88256  41.7%  1037 8321s
H15654  2400                    12294.000000 7182.89723  41.6%  1037 8328s
H15654  2276                    12266.000000 7182.89723  41.4%  1037 8329s
 15656  2278 7183.29137  209 3732 12266.0000 7183.29137  41.4%  1037 8333s
 15661  2281 7183.33887   93 3716 12266.0000 7183.33887  41.4%  1036 8370s
 15662  2282 9983.77093  257 3697 12266.0000 7184.21358  41.4%  1036 8375s
 15668  2286 9210.16033  305 3737 12266.0000 7184.38728  41.4%  1036 8413s
H15668  2167                    12257.000000 7185.49877  41.4%  1036 8422s
 15670  2168 7185.81204  338 3549 12257.0000 7185.81204  41.4%  1036 8426s
 15675  2171 7824.69979  234 3564 12257.0000 7185.88349  41.4%  1036 8459s
H15675  2057                    12240.000000 7187.18867  41.3%  1036 8464s
 15677  2059 7187.41436  240 3686 12240.0000 7187.41436  41.3%  1035 8466s
 15683  2063 7187.55588  193 3695 12240.0000 7187.55588  41.3%  1035 8470s
 15685  2064 7187.56018   54 3694 12240.0000 7187.56018  41.3%  1035 8503s
H15685  1956                    12218.000000 7188.04372  41.2%  1035 8513s
H15685  1853                    12211.000000 7188.04372  41.1%  1035 8513s
H15685  1755                    12196.000000 7188.04372  41.1%  1035 8514s
H15685  1663                    12185.000000 7188.04372  41.0%  1035 8514s
H15685  1574                    12177.000000 7188.04372  41.0%  1035 8514s
H15685  1491                    12144.000000 7188.04372  40.8%  1035 8514s
 15687  1492 9095.58382  248 3633 12144.0000 7188.20283  40.8%  1035 8516s
 15690  1494 7188.24392   50 3528 12144.0000 7188.24392  40.8%  1035 8551s
H15690  1414                    12142.000000 7189.43464  40.8%  1035 8554s
 15692  1416 7189.79502  220 3621 12142.0000 7189.79502  40.8%  1034 8558s
 15695  1418 12142.0000  265 3709 12142.0000 7189.94064  40.8%  1034 8560s
 15696  1418 9489.64613  843 3673 12142.0000 7189.94070  40.8%  1034 8595s
H15696  1342                    12131.000000 7191.25103  40.7%  1034 8600s
H15696  1269                    12104.000000 7191.25103  40.6%  1034 8604s
 15697  1270 7191.25103  100 3723 12104.0000 7191.25103  40.6%  1034 8619s
 15698  1271 12104.0000  181 3655 12104.0000 7191.67178  40.6%  1034 8622s
 15703  1274 7268.03609  230 3749 12104.0000 7191.74776  40.6%  1034 8657s
 15704  1275 7192.36500  102 3433 12104.0000 7192.36500  40.6%  1034 8660s
 15708  1277 7192.63173   69 3590 12104.0000 7192.63173  40.6%  1033 8665s
 15709  1278 7192.63268   86 3580 12104.0000 7192.63268  40.6%  1033 8698s
 15710  1279 7193.13261  128 3534 12104.0000 7193.13261  40.6%  1033 8710s
 15715  1282 7193.28577   53 3604 12104.0000 7193.28577  40.6%  1033 8747s
 15716  1283 7194.15486   93 3457 12104.0000 7194.15486  40.6%  1033 8751s
 15718  1284 7194.51402  200 3612 12104.0000 7194.51402  40.6%  1033 8755s
 15720  1285 12104.0000  259 3663 12104.0000 7194.52129  40.6%  1033 8789s
H15720  1216                    12084.000000 7196.07061  40.4%  1033 8833s
H15720  1149                    12053.000000 7196.07061  40.3%  1033 8837s
 15721  1150 7199.81485   55 3699 12053.0000 7196.07061  40.3%  1033 8850s
 15722  1151 7196.18299  117 3680 12053.0000 7196.18299  40.3%  1032 8865s
 15726  1153 7196.21186  168 3683 12053.0000 7196.21186  40.3%  1032 8901s
H15726  1090                    12046.000000 7198.84153  40.2%  1032 8907s
 15728  1092 7615.24354   48 3491 12046.0000 7199.20755  40.2%  1032 8910s
 15733  1095 7199.39127  124 3502 12046.0000 7199.39127  40.2%  1032 8948s
 15734  1096 7202.04608   81 3821 12046.0000 7202.04608  40.2%  1032 8955s
 15738  1098 7202.51825   18 3579 12046.0000 7202.51825  40.2%  1031 8993s
 15739  1099 7203.68443   16 3539 12046.0000 7203.68443  40.2%  1031 8999s
 15740  1100 7203.94267   41 3796 12046.0000 7203.94267  40.2%  1031 9001s
 15745  1103 7204.07204   86 3776 12046.0000 7204.07204  40.2%  1031 9039s
 15746  1104 7204.84516   51 3673 12046.0000 7204.84516  40.2%  1031 9042s
 15751  1107 7476.92937  202 3827 12046.0000 7204.97997  40.2%  1031 9079s
 15752  1108 11651.8220  491 3842 12046.0000 7205.48117  40.2%  1030 9082s
 15754  1109 7205.62715  209 3832 12046.0000 7205.62715  40.2%  1030 9085s
 15758  1112 7206.55797   69 3878 12046.0000 7206.55797  40.2%  1030 9092s
 15759  1112 7207.08375  137 4019 12046.0000 7207.08375  40.2%  1030 9095s
 15765  1116 7208.12602  238 3784 12046.0000 7208.12602  40.2%  1030 9105s
 15768  1118 9210.16033  305 3853 12046.0000 7208.46645  40.2%  1029 9110s
 15772  1121 7209.03592   17 3839 12046.0000 7209.03592  40.2%  1029 9116s
 15777  1124 7209.24541  240 3974 12046.0000 7209.24541  40.2%  1029 9122s
 15778  1125 7209.91911   54 3863 12046.0000 7209.91911  40.1%  1029 9125s
 15782  1128 7210.31313   20 3892 12046.0000 7210.31313  40.1%  1029 9130s
 15786  1130 9006.70312  751 4010 12046.0000 7210.76125  40.1%  1028 9136s
 15789  1132 7210.85143  271 3972 12046.0000 7210.85143  40.1%  1028 9140s
 15791  1134 8439.18467  242 3993 12046.0000 7211.19320  40.1%  1028 9145s
 15796  1137 9489.64613  843 3821 12046.0000 7211.47920  40.1%  1028 9151s
 15801  1140 7211.54319   87 3935 12046.0000 7211.54319  40.1%  1027 9156s
 15802  1141 9209.01500  109 3991 12046.0000 7212.03715  40.1%  1027 9163s
 15803  1142 7268.03609  230 4004 12046.0000 7212.14013  40.1%  1027 9165s
 15806  1144 9050.44687  106 3970 12046.0000 7212.25403  40.1%  1027 9170s
 15808  1145 7212.62083   69 3910 12046.0000 7212.62083  40.1%  1027 9175s
 15812  1148 9947.99133  352 3886 12046.0000 7213.20410  40.1%  1027 9183s
 15813  1148 7213.41317  120 3926 12046.0000 7213.41317  40.1%  1027 9186s
 15817  1151 10590.9699  213 3976 12046.0000 7214.34961  40.1%  1026 9194s
 15818  1152 7214.56081  200 4011 12046.0000 7214.56081  40.1%  1026 9196s
 15823  1155 7374.82422  207 4023 12046.0000 7214.63965  40.1%  1026 9201s
 15824  1156 8572.27034  290 3808 12046.0000 7215.50977  40.1%  1026 9206s
 15827  1158 7562.92325  440 3875 12046.0000 7215.67654  40.1%  1026 9210s
 15830  1160 7216.72875  192 4036 12046.0000 7216.72875  40.1%  1025 9216s
 15836  1164 11926.2041  245 3970 12046.0000 7216.87788  40.1%  1025 9222s
 15838  1165 7217.13886   18 3994 12046.0000 7217.13886  40.1%  1025 9225s
 15842  1168 7217.81201  135 3802 12046.0000 7217.81201  40.1%  1025 9232s
 15845  1170 7218.04820   86 4005 12046.0000 7218.04820  40.1%  1024 9235s
 15850  1173 10491.0600  253 3817 12046.0000 7218.40170  40.1%  1024 9241s
 15855  1176 8898.88112  319 3891 12046.0000 7218.54190  40.1%  1024 9247s
 15857  1178 7218.76927  180 4078 12046.0000 7218.76927  40.1%  1024 9250s
 15861  1180 7219.30416   93 3816 12046.0000 7219.30416  40.1%  1023 9259s
 15862  1181 9983.77093  257 3780 12046.0000 7219.45840  40.1%  1023 9261s
 15867  1184 8219.71040  597 3906 12046.0000 7219.52738  40.1%  1023 9266s
 15869  1186 8859.16253  775 3727 12046.0000 7220.27589  40.1%  1023 9271s
 15873  1188 7220.36622  119 3846 12046.0000 7220.36622  40.1%  1023 9275s
 15879  1192 7220.84572  156 3851 12046.0000 7220.84572  40.1%  1022 9282s
 15880  1193 9310.01488  803 3912 12046.0000 7221.28364  40.1%  1022 9285s
 15884  1196 7221.34911  221 3958 12046.0000 7221.34911  40.1%  1022 9290s
 15885  1196 7222.35997   54 3575 12046.0000 7222.35997  40.0%  1022 9296s
 15889  1199 7222.52199  271 3748 12046.0000 7222.52199  40.0%  1022 9300s
 15892  1201 7223.14646  220 3532 12046.0000 7223.14646  40.0%  1021 9305s
 15898  1205 12046.0000  181 3874 12046.0000 7223.55506  40.0%  1021 9311s
 15899  1206 7911.84854  573 3682 12046.0000 7224.12609  40.0%  1021 9315s
 15903  1208 7268.03609  230 3672 12046.0000 7224.30179  40.0%  1021 9321s
 15905  1210 8606.31709  237 3684 12046.0000 7224.86104  40.0%  1021 9325s
 15909  1212 7225.78795   86 3776 12046.0000 7225.78795  40.0%  1020 9332s
 15911  1214 7225.98799   39 3834 12046.0000 7225.98799  40.0%  1020 9335s
 15917  1218 10590.9699  213 3825 12046.0000 7226.78294  40.0%  1020 9342s
 15919  1219 7227.08006  100 3868 12046.0000 7227.08006  40.0%  1020 9345s
 15923  1222 7374.82422  207 3648 12046.0000 7227.72360  40.0%  1019 9351s
 15925  1223 7228.08118   56 3779 12046.0000 7228.08118  40.0%  1019 9355s
 15930  1226 7228.44603  192 3812 12046.0000 7228.44603  40.0%  1019 9361s
 15935  1230 8666.89883   90 3752 12046.0000 7228.68976  40.0%  1019 9365s
 15937  1231 7778.46022  230 3773 12046.0000 7229.98424  40.0%  1019 9372s
 15939  1232 7230.43283   16 3769 12046.0000 7230.43283  40.0%  1018 9375s
 15944  1236 7231.14177  173 3868 12046.0000 7231.14177  40.0%  1018 9383s
 15946  1237 7231.40345   51 3917 12046.0000 7231.40345  40.0%  1018 9385s
 15951  1240 7476.92937  202 3891 12046.0000 7231.76388  40.0%  1018 9393s
 15952  1241 11651.8220  491 3827 12046.0000 7231.85617  40.0%  1018 9395s
 15956  1244 7231.88336  209 4062 12046.0000 7231.88336  40.0%  1017 9400s
 15958  1245 7232.78495   69 3865 12046.0000 7232.78495  40.0%  1017 9405s
 15962  1248 9983.77093  257 3835 12046.0000 7233.07775  40.0%  1017 9411s
 15963  1248 7233.60731  127 3715 12046.0000 7233.60731  40.0%  1017 9415s
 15969  1252 8859.16253  775 3870 12046.0000 7233.74159  39.9%  1016 9421s
 15973  1255 7234.07366  119 3940 12046.0000 7234.07366  39.9%  1016 9425s
 15977  1258 7234.64416  240 4006 12046.0000 7234.64416  39.9%  1016 9431s
 15979  1259 7234.98044  156 3872 12046.0000 7234.98044  39.9%  1016 9435s
 15982  1261 7235.59090   20 3970 12046.0000 7235.59090  39.9%  1016 9442s
 15984  1262 7235.74947  221 3995 12046.0000 7235.74947  39.9%  1016 9445s
 15989  1266 7236.22980  271 3914 12046.0000 7236.22980  39.9%  1015 9452s
 15992  1268 7236.38109  220 3822 12046.0000 7236.38109  39.9%  1015 9455s
 15996  1270 9489.64613  843 3973 12046.0000 7236.67688  39.9%  1015 9461s
 16000  1273 12046.0000  185 3968 12046.0000 7236.69168  39.9%  1015 9465s
 16002  1274 9209.01500  109 3960 12046.0000 7237.42470  39.9%  1014 9471s
 16006  1277 9050.44687  106 3965 12046.0000 7237.45089  39.9%  1014 9475s
 16011  1280 7237.62391   39 3911 12046.0000 7237.62391  39.9%  1014 9483s
 16012  1281 9947.99133  352 3904 12046.0000 7237.97623  39.9%  1014 9486s
 16017  1284 10590.9699  213 3941 12046.0000 7238.15552  39.9%  1013 9492s
 16018  1285 7238.77549  200 3757 12046.0000 7238.77549  39.9%  1013 9496s
 16021  1287 7239.10208   55 3905 12046.0000 7239.10208  39.9%  1013 9500s
 16024  1289 8572.27034  290 3884 12046.0000 7239.94091  39.9%  1013 9508s
 16025  1290 7240.06808   56 3882 12046.0000 7240.06808  39.9%  1013 9510s
 16030  1293 7240.68348  192 3712 12046.0000 7240.68348  39.9%  1013 9518s
 16031  1294 9299.74119  800 3791 12046.0000 7241.14115  39.9%  1013 9520s
 16036  1297 11926.2041  245 3900 12046.0000 7241.39515  39.9%  1012 9527s
 16037  1298 7778.46022  230 3788 12046.0000 7243.24281  39.9%  1012 9534s
 16038  1298 7243.88625   18 3853 12046.0000 7243.88625  39.9%  1012 9539s
 16039  1299 7244.00997   16 3849 12046.0000 7244.00997  39.9%  1012 9541s
 16043  1302 12046.0000  425 4008 12046.0000 7244.04437  39.9%  1012 9546s
 16044  1302 7245.68169  173 3895 12046.0000 7245.68169  39.8%  1012 9551s
H16047  1240                    12044.000000 7245.68169  39.8%  1053 9597s
 16048  1240 8569.92208  752 1548 12044.0000 7245.68169  39.8%  1053 9601s
 16049  1241 10022.3988  244 1359 12044.0000 7245.68169  39.8%  1053 9609s
 16050  1242 10491.0600  253 1460 12044.0000 7245.68169  39.8%  1053 9624s
 16051  1242 7476.92937  202 1729 12044.0000 7245.68169  39.8%  1053 9640s
 16052  1243 11651.8220  491 1789 12044.0000 7245.68308  39.8%  1053 9660s
 16053  1244 7245.97177  124 2008 12044.0000 7245.97177  39.8%  1053 9681s
 16054  1244 7245.97177  209 2057 12044.0000 7245.97177  39.8%  1053 9704s
 16055  1245 8898.88112  319 2414 12044.0000 7245.97177  39.8%  1053 9728s
 16056  1246 7246.66017  209 2345 12044.0000 7246.66017  39.8%  1053 9749s
 16057  1246 7246.66017  180 2375 12044.0000 7246.66017  39.8%  1053 9772s
 16058  1247 7246.66017   69 2636 12044.0000 7246.66017  39.8%  1053 9794s
 16059  1248 7246.66017  137 2982 12044.0000 7246.66017  39.8%  1053 9813s
 16060  1248 7246.66017  240 3261 12044.0000 7246.66017  39.8%  1052 9829s
 16061  1249 7246.66017   93 3484 12044.0000 7246.66017  39.8%  1052 9844s
 16062  1250 9983.77093  257 3744 12044.0000 7246.66017  39.8%  1052 9855s
 16063  1250 7246.66017  127 3821 12044.0000 7246.66017  39.8%  1052 9861s
 16064  1251 10554.2121  398 3732 12044.0000 7246.66017  39.8%  1052 9865s
 16068  1254 9210.16033  305 3788 12044.0000 7246.66017  39.8%  1052 9884s
 16069  1254 8859.16253  775 3778 12044.0000 7248.04557  39.8%  1052 9889s
 16070  1255 7248.16605  338 3695 12044.0000 7248.16605  39.8%  1052 9891s
 16075  1258 7824.69979  234 3764 12044.0000 7248.22853  39.8%  1051 9923s
 16076  1259 8056.23923  556 3698 12044.0000 7249.29958  39.8%  1051 9927s
 16077  1260 7249.53999  240 3743 12044.0000 7249.53999  39.8%  1051 9930s
 16081  1262 7249.57605  142 3678 12044.0000 7249.57605  39.8%  1051 9965s
 16083  1264 7250.65100  193 3510 12044.0000 7250.65100  39.8%  1051 9971s
 16087  1266 9095.58382  248 3646 12044.0000 7250.68763  39.8%  1051 10000s

Cutting planes:
  Gomory: 15
  Cover: 969
  Implied bound: 4
  Projected implied bound: 1
  Clique: 207
  MIR: 143
  StrongCG: 162
  Flow cover: 2056
  GUB cover: 180
  Zero half: 381
  Mod-K: 2
  RLT: 1119
  Relax-and-lift: 16
  BQP: 28
  PSD: 3

Explored 16087 nodes (17305087 simplex iterations) in 10000.16 seconds (13308.08 work units)
Thread count was 32 (of 64 available processors)

Solution count 10: 12044 12046 12053 ... 12185

Time limit reached
Best objective 1.204400000000e+04, best bound 7.251000000000e+03, gap 39.7957%
Solved c101_Skewed1 -> /project2/ssuen_1733/output/v4_exact_weekly_fairness_w10_l100_mad/c101_Skewed1.pkl / /project2/ssuen_1733/output/v4_exact_weekly_fairness_w10_l100_mad/c101_Skewed1.json / /project2/ssuen_1733/output/v4_exact_weekly_fairness_w10_l100_mad/c101_Skewed1_running_synopsis.json
[Mon Sep 28 12:04:25 PDT 2026] Finished run_single_instance for c101_Skewed1
