Using Python:
Python 3.10.18
Checking core dependencies:
numpy: 2.2.6
gurobi: (12, 0, 3)
[Mon Sep 28 09:17:16 PDT 2026] Starting run_single_instance on b22-16.hpc.usc.edu for rc101_Skewed1
Set parameter TokenServer to value "hpc-licenses.hpcc.usc.edu"
Added workload fairness penalty (mean_absolute_deviation) to objective with weight 10.0
Added weekly leadership day fairness penalty (mean_absolute_deviation) to objective with weight 100.0
Set parameter TimeLimit to value 10000
Set parameter Seed to value 42
Set parameter OutputFlag to value 1
Gurobi Optimizer version 12.0.3 build v12.0.3rc0 (linux64 - "Rocky Linux 8.10 (Green Obsidian)")

CPU model: AMD EPYC 7542 32-Core Processor, instruction set [SSE2|AVX|AVX2]
Thread count: 64 physical cores, 64 logical processors, using up to 32 threads

Non-default parameters:
TimeLimit  10000
Seed  42

Optimize a model with 1005850 rows, 728450 columns and 6967150 nonzeros
Model fingerprint: 0x2c6743df
Variable types: 200 continuous, 728250 integer (727750 binary)
Coefficient statistics:
  Matrix range     [2e-02, 1e+03]
  Objective range  [1e+00, 1e+02]
  Bounds range     [1e+00, 5e+01]
  RHS range        [1e+00, 1e+03]
Presolve removed 977250 rows and 700855 columns
Presolve time: 2.04s
Presolved: 28600 rows, 27595 columns, 218050 nonzeros
Variable types: 100 continuous, 27495 integer (27350 binary)
Performing another presolve...
Presolve removed 2900 rows and 301 columns
Presolve time: 0.95s
Deterministic concurrent LP optimizer: primal and dual simplex
Showing primal log only...


Root simplex log...

Iteration    Objective       Primal Inf.    Dual Inf.      Time
       0    2.5030000e+03   2.720000e+02   1.315879e+10      6s
   11415    6.1382167e+06   0.000000e+00   7.140829e+05      6s
   33132    8.4545354e+03   0.000000e+00   2.370963e+06     10s
Concurrent spin time: 0.65s

Solved with dual simplex

Root simplex log...

Iteration    Objective       Primal Inf.    Dual Inf.      Time
   18323    5.2056127e+03   0.000000e+00   0.000000e+00     13s

Root relaxation: objective 5.205613e+03, 18323 iterations, 7.28 seconds (8.14 work units)
Total elapsed time = 13.24s (DegenMoves)

    Nodes    |    Current Node    |     Objective Bounds      |     Work
 Expl Unexpl |  Obj  Depth IntInf | Incumbent    BestBd   Gap | It/Node Time

     0     0 5205.61267    0 1187          - 5205.61267      -     -   13s
H    0     0                    6149256.0000 5289.45814   100%     -   62s
     0     0 5289.45814    0 1373 6149256.00 5289.45814   100%     -   64s
H    0     0                    116520.00000 5289.45814  95.5%     -   64s
H    0     0                    116441.00000 5289.45814  95.5%     -   64s
H    0     0                    116133.00000 5289.45814  95.4%     -   64s
H    0     0                    115784.00000 5289.45814  95.4%     -   64s
H    0     0                    115758.00000 5289.45814  95.4%     -   64s
H    0     0                    114234.00000 5289.45814  95.4%     -   64s
H    0     0                    114144.00000 5289.45814  95.4%     -   64s
H    0     0                    82064.000000 5289.45814  93.6%     -   64s
H    0     0                    81611.000000 5289.45814  93.5%     -   65s
H    0     0                    72968.000000 5289.45814  92.8%     -   65s
H    0     0                    72507.000000 5289.45814  92.7%     -   65s
H    0     0                    72459.000000 5289.45814  92.7%     -   65s
H    0     0                    72402.000000 5289.45814  92.7%     -   65s
H    0     0                    72036.000000 5289.45814  92.7%     -   66s
H    0     0                    71437.000000 5289.45814  92.6%     -   66s
H    0     0                    71198.000000 5289.45814  92.6%     -   66s
H    0     0                    71196.000000 5289.45814  92.6%     -   66s
H    0     0                    71051.000000 5289.45814  92.6%     -   66s
H    0     0                    69899.000000 5289.45814  92.4%     -   66s
H    0     0                    69839.000000 5289.45814  92.4%     -   66s
     0     0 5289.45814    0 1427 69839.0000 5289.45814  92.4%     -   69s
     0     0 5289.45814    0 1410 69839.0000 5289.45814  92.4%     -   70s
     0     0 5289.45814    0 1375 69839.0000 5289.45814  92.4%     -   70s
     0     0 5289.45814    0 1377 69839.0000 5289.45814  92.4%     -   70s
     0     0 5289.45814    0 1478 69839.0000 5289.45814  92.4%     -   73s
H    0     0                    69823.000000 5289.45814  92.4%     -   73s
H    0     0                    69822.000000 5289.45814  92.4%     -   73s
H    0     0                    69813.000000 5289.45814  92.4%     -   73s
H    0     0                    69795.000000 5289.45814  92.4%     -   73s
H    0     0                    69788.000000 5289.45814  92.4%     -   73s
H    0     0                    69593.000000 5289.45814  92.4%     -   73s
H    0     0                    69585.000000 5289.45814  92.4%     -   73s
H    0     0                    68812.000000 5289.45814  92.3%     -   74s
H    0     0                    68375.000000 5289.45814  92.3%     -   74s
H    0     0                    68367.000000 5289.45814  92.3%     -   74s
H    0     0                    68359.000000 5289.45814  92.3%     -   74s
H    0     0                    63000.000000 5289.45814  91.6%     -   74s
H    0     0                    62805.000000 5289.45814  91.6%     -   74s
H    0     0                    61329.000000 5289.45814  91.4%     -   74s
H    0     0                    56739.000000 5289.45814  90.7%     -   74s
     0     0 5289.45814    0 1466 56739.0000 5289.45814  90.7%     -   76s
     0     0 5289.45814    0 1438 56739.0000 5289.45814  90.7%     -   76s
     0     0 5372.48670    0 1484 56739.0000 5372.48670  90.5%     -   81s
H    0     0                    56707.000000 5372.49209  90.5%     -   82s
H    0     0                    56688.000000 5372.49209  90.5%     -   82s
H    0     0                    56594.000000 5372.49209  90.5%     -   82s
H    0     0                    52982.000000 5372.49209  89.9%     -   82s
H    0     0                    52803.000000 5372.49209  89.8%     -   82s
H    0     0                    52751.000000 5372.49209  89.8%     -   82s
     0     0 5380.44555    0 1487 52751.0000 5380.44555  89.8%     -   84s
     0     0 5380.44555    0 1479 52751.0000 5380.44555  89.8%     -   85s
     0     0 5426.77278    0 1715 52751.0000 5426.77278  89.7%     -   90s
H    0     0                    52261.000000 5426.85948  89.6%     -   90s
H    0     0                    52220.000000 5426.85948  89.6%     -   90s
H    0     0                    52172.000000 5426.85948  89.6%     -   90s
     0     0 5427.46383    0 1671 52172.0000 5427.46383  89.6%     -   91s
     0     0 5427.61072    0 1622 52172.0000 5427.61072  89.6%     -   91s
     0     0 5427.75955    0 1651 52172.0000 5427.75955  89.6%     -   92s
     0     0 5427.75955    0 1651 52172.0000 5427.75955  89.6%     -   92s
     0     0 5514.30911    0 1766 52172.0000 5514.30911  89.4%     -   98s
H    0     0                    52073.000000 5514.35683  89.4%     -   98s
H    0     0                    52045.000000 5514.35683  89.4%     -   98s
H    0     0                    52043.000000 5514.35683  89.4%     -   98s
H    0     0                    51996.000000 5514.35683  89.4%     -   98s
H    0     0                    51918.000000 5514.35683  89.4%     -   98s
     0     0 5517.03941    0 1736 51918.0000 5517.03941  89.4%     -  101s
     0     0 5517.05610    0 1717 51918.0000 5517.05610  89.4%     -  101s
     0     0 5622.80483    0 1875 51918.0000 5622.80483  89.2%     -  107s
H    0     0                    51721.000000 5622.82370  89.1%     -  108s
H    0     0                    51671.000000 5622.82370  89.1%     -  108s
H    0     0                    51611.000000 5622.82370  89.1%     -  108s
H    0     0                    51500.000000 5622.82370  89.1%     -  108s
H    0     0                    51492.000000 5622.82370  89.1%     -  108s
H    0     0                    51472.000000 5622.82370  89.1%     -  108s
H    0     0                    51442.000000 5622.82370  89.1%     -  108s
H    0     0                    51395.000000 5622.82370  89.1%     -  108s
H    0     0                    51391.000000 5622.82370  89.1%     -  108s
H    0     0                    51345.000000 5622.82370  89.0%     -  108s
H    0     0                    51315.000000 5622.82370  89.0%     -  108s
     0     0 5624.02797    0 1908 51315.0000 5624.02797  89.0%     -  110s
     0     0 5624.15238    0 1854 51315.0000 5624.15238  89.0%     -  110s
     0     0 5624.23573    0 1852 51315.0000 5624.23573  89.0%     -  111s
     0     0 5624.23907    0 1822 51315.0000 5624.23907  89.0%     -  111s
     0     0 5718.18009    0 1773 51315.0000 5718.18009  88.9%     -  118s
H    0     0                    50861.000000 5718.27081  88.8%     -  118s
H    0     0                    50550.000000 5718.27081  88.7%     -  118s
H    0     0                    49358.000000 5718.27081  88.4%     -  118s
H    0     0                    49282.000000 5718.27081  88.4%     -  118s
H    0     0                    49140.000000 5718.27081  88.4%     -  118s
H    0     0                    48920.000000 5718.27081  88.3%     -  119s
H    0     0                    48888.000000 5718.27081  88.3%     -  119s
     0     0 5719.09374    0 1834 48888.0000 5719.09374  88.3%     -  121s
     0     0 5719.11342    0 1836 48888.0000 5719.11342  88.3%     -  121s
     0     0 5756.69978    0 1867 48888.0000 5756.69978  88.2%     -  126s
H    0     0                    48861.000000 5756.85123  88.2%     -  127s
H    0     0                    48837.000000 5756.85123  88.2%     -  127s
H    0     0                    45709.000000 5756.85123  87.4%     -  128s
H    0     0                    43103.000000 5756.85123  86.6%     -  134s
H    0     0                    43069.000000 5756.85123  86.6%     -  134s
H    0     0                    42563.000000 5756.85123  86.5%     -  139s
H    0     0                    42172.000000 5756.85123  86.3%     -  139s
H    0     0                    42106.000000 5756.85123  86.3%     -  141s
H    0     0                    41576.000000 5756.85123  86.2%     -  141s
H    0     0                    41569.000000 5756.85123  86.2%     -  143s
H    0     0                    41515.000000 5756.85123  86.1%     -  143s
H    0     0                    41510.000000 5756.85123  86.1%     -  145s
H    0     0                    41503.000000 5756.85123  86.1%     -  145s
H    0     0                    41444.000000 5756.85123  86.1%     -  145s
H    0     0                    41270.000000 5756.85123  86.1%     -  145s
H    0     0                    41151.000000 5756.85123  86.0%     -  145s
H    0     0                    41134.000000 5756.85123  86.0%     -  147s
H    0     0                    41119.000000 5756.85123  86.0%     -  147s
H    0     0                    41094.000000 5756.85123  86.0%     -  147s
H    0     0                    41079.000000 5756.85123  86.0%     -  148s
     0     0 5758.57403    0 1817 41079.0000 5758.57403  86.0%     -  149s
     0     0 5758.71204    0 1863 41079.0000 5758.71204  86.0%     -  150s
     0     0 5758.71363    0 1857 41079.0000 5758.71363  86.0%     -  150s
     0     0 5795.55291    0 1892 41079.0000 5795.55291  85.9%     -  154s
H    0     0                    41023.000000 5795.61123  85.9%     -  155s
H    0     0                    40691.000000 5795.61123  85.8%     -  155s
H    0     0                    40511.000000 5795.61123  85.7%     -  155s
H    0     0                    40493.000000 5795.61123  85.7%     -  155s
H    0     0                    38955.000000 5795.61123  85.1%     -  156s
H    0     0                    38824.000000 5795.61123  85.1%     -  156s
H    0     0                    38764.000000 5795.61123  85.0%     -  157s
     0     0 5796.06163    0 1872 38764.0000 5796.06163  85.0%     -  158s
     0     0 5796.11672    0 1904 38764.0000 5796.11672  85.0%     -  159s
     0     0 5835.19250    0 1866 38764.0000 5835.19250  84.9%     -  162s
     0     0 5835.78565    0 1908 38764.0000 5835.78565  84.9%     -  163s
     0     0 5835.80187    0 1900 38764.0000 5835.80187  84.9%     -  163s
     0     0 5865.70424    0 1806 38764.0000 5865.70424  84.9%     -  167s
H    0     0                    38534.000000 5865.71931  84.8%     -  167s
H    0     0                    37979.000000 5865.71931  84.6%     -  167s
H    0     0                    37969.000000 5865.71931  84.6%     -  167s
H    0     0                    37936.000000 5865.71931  84.5%     -  167s
H    0     0                    37862.000000 5865.71931  84.5%     -  167s
H    0     0                    36798.000000 5865.71931  84.1%     -  167s
H    0     0                    36772.000000 5865.71931  84.0%     -  167s
     0     0 5866.49274    0 1801 36772.0000 5866.49274  84.0%     -  169s
     0     0 5866.86409    0 1880 36772.0000 5866.86409  84.0%     -  170s
     0     0 5866.88824    0 1854 36772.0000 5866.88824  84.0%     -  170s
     0     0 5886.48983    0 1897 36772.0000 5886.48983  84.0%     -  173s
     0     0 5887.07625    0 1902 36772.0000 5887.07625  84.0%     -  174s
     0     0 5887.33113    0 1903 36772.0000 5887.33113  84.0%     -  174s
     0     0 5887.33113    0 1900 36772.0000 5887.33113  84.0%     -  174s
     0     0 5914.81429    0 1868 36772.0000 5914.81429  83.9%     -  179s
H    0     0                    36360.000000 5914.82061  83.7%     -  179s
H    0     0                    36359.000000 5914.82061  83.7%     -  179s
     0     0 5915.47885    0 1850 36359.0000 5915.47885  83.7%     -  180s
     0     0 5915.52363    0 1870 36359.0000 5915.52363  83.7%     -  180s
     0     0 5942.01249    0 1907 36359.0000 5942.01249  83.7%     -  185s
     0     0 5943.31235    0 1904 36359.0000 5943.31235  83.7%     -  186s
     0     0 5943.34510    0 1919 36359.0000 5943.34510  83.7%     -  186s
     0     0 5966.83466    0 1986 36359.0000 5966.83466  83.6%     -  190s
H    0     0                    36258.000000 5966.84083  83.5%     -  190s
H    0     0                    36204.000000 5966.84083  83.5%     -  190s
     0     0 5967.24003    0 1981 36204.0000 5967.24003  83.5%     -  192s
     0     0 5967.36857    0 1972 36204.0000 5967.36857  83.5%     -  192s
     0     0 5990.07691    0 1985 36204.0000 5990.07691  83.5%     -  195s
     0     0 5991.05340    0 2013 36204.0000 5991.05340  83.5%     -  196s
     0     0 5991.06062    0 2019 36204.0000 5991.06062  83.5%     -  196s
     0     0 5996.14488    0 1941 36204.0000 5996.14488  83.4%     -  199s
     0     0 5996.40775    0 1957 36204.0000 5996.40775  83.4%     -  200s
     0     0 5996.49069    0 1981 36204.0000 5996.49069  83.4%     -  201s
     0     0 6000.16870    0 1959 36204.0000 6000.16870  83.4%     -  203s
     0     0 6000.69727    0 1992 36204.0000 6000.69727  83.4%     -  203s
     0     0 6000.69727    0 2002 36204.0000 6000.69727  83.4%     -  203s
     0     0 6003.29756    0 2007 36204.0000 6003.29756  83.4%     -  205s
     0     0 6003.68418    0 1963 36204.0000 6003.68418  83.4%     -  206s
     0     0 6003.71726    0 2042 36204.0000 6003.71726  83.4%     -  206s
     0     0 6009.59669    0 2042 36204.0000 6009.59669  83.4%     -  209s
     0     0 6009.91510    0 1993 36204.0000 6009.91510  83.4%     -  210s
     0     0 6009.91927    0 2026 36204.0000 6009.91927  83.4%     -  210s
     0     0 6014.61900    0 2014 36204.0000 6014.61900  83.4%     -  213s
H    0     0                    36200.000000 6014.78460  83.4%     -  213s
H    0     0                    36180.000000 6014.78460  83.4%     -  213s
     0     0 6014.78460    0 2023 36180.0000 6014.78460  83.4%     -  214s
     0     0 6016.79800    0 2002 36180.0000 6016.79800  83.4%     -  216s
     0     0 6017.39602    0 2007 36180.0000 6017.39602  83.4%     -  217s
     0     0 6017.52674    0 2008 36180.0000 6017.52674  83.4%     -  217s
     0     0 6021.91400    0 1933 36180.0000 6021.91400  83.4%     -  220s
     0     0 6022.50765    0 1983 36180.0000 6022.50765  83.4%     -  222s
     0     0 6022.79911    0 2056 36180.0000 6022.79911  83.4%     -  223s
     0     0 6022.81139    0 1998 36180.0000 6022.81139  83.4%     -  223s
     0     0 6023.17826    0 2044 36180.0000 6023.17826  83.4%     -  224s
     0     0 6024.31636    0 2064 36180.0000 6024.31636  83.3%     -  225s
     0     0 6024.31636    0 2046 36180.0000 6024.31636  83.3%     -  226s
     0     0 6024.31636    0 2031 36180.0000 6024.31636  83.3%     -  226s
     0     2 6024.38420    0 2019 36180.0000 6024.38420  83.3%     -  235s
     1     4 6024.38420    1 2026 36180.0000 6024.38420  83.3%   298  245s
     3     8 6024.50966    2 2017 36180.0000 6024.38420  83.3%  3697  254s
     7    16 6024.78888    3 2020 36180.0000 6024.50966  83.3%  3335  268s
    15    32 6024.84334    4 2031 36180.0000 6024.84334  83.3%  3732  281s
    31    60 6024.84334    5 2046 36180.0000 6024.84334  83.3%  4002  312s
H   59    92                    35893.000000 6024.89708  83.2%  5333  341s
H   70    92                    35392.000000 6026.87740  83.0%  4845  341s
H   74    92                    35290.000000 6026.87740  82.9%  4652  341s
    91   238 6026.87740    7 2043 35290.0000 6026.87740  82.9%  3952  366s
H  237   314                    30369.000000 6026.89881  80.2%  2233  385s
H  241   314                    29850.000000 6026.89881  79.8%  2225  385s
H  252   314                    29784.000000 6026.89881  79.8%  2273  385s
H  267   314                    29546.000000 6026.89881  79.6%  2243  385s
H  294   314                    28791.000000 6026.89881  79.1%  2160  385s
H  313   385                    28698.000000 6026.89881  79.0%  2077  400s
   386   417 6038.63777   16 2019 28698.0000 6026.89881  79.0%  1942  418s
H  389   417                    28470.000000 6026.89881  78.8%  1941  418s
H  390   417                    27872.000000 6026.89881  78.4%  1938  418s
H  399   417                    27756.000000 6026.89881  78.3%  1946  418s
H  406   417                    27218.000000 6026.89881  77.9%  1931  418s
H  411   417                    27010.000000 6026.89881  77.7%  1916  418s
H  418   487                    26900.000000 6026.89881  77.6%  1900  436s
H  488   529                    25827.000000 6026.89881  76.7%  1808  453s
H  520   529                    25421.000000 6026.89881  76.3%  1787  453s
H  527   529                    25121.000000 6026.89881  76.0%  1774  453s
   530   619 6046.13890   22 2016 25121.0000 6026.89881  76.0%  1768  465s
   620   695 6224.86757   24 1945 25121.0000 6026.89881  76.0%  1667  479s
H  622   695                    24430.000000 6026.89881  75.3%  1668  479s
H  626   695                    24369.000000 6026.89881  75.3%  1663  479s
H  681   695                    23446.000000 6026.89881  74.3%  1624  479s
H  698   726                    23439.000000 6026.89881  74.3%  1600  498s
H  701   726                    23360.000000 6026.89881  74.2%  1601  498s
H  702   726                    23351.000000 6026.89881  74.2%  1600  498s
H  703   726                    23328.000000 6026.89881  74.2%  1598  498s
H  710   726                    23326.000000 6026.89881  74.2%  1595  498s
H  724   726                    23321.000000 6026.89881  74.2%  1601  498s
H  726   726                    23309.000000 6026.89881  74.1%  1598  498s
H  731   803                    23250.000000 6026.89881  74.1%  1590  515s
H  733   803                    23186.000000 6026.89881  74.0%  1588  515s
H  737   803                    23183.000000 6026.89881  74.0%  1588  515s
H  798   803                    23093.000000 6026.89881  73.9%  1565  515s
H  810   883                    23057.000000 6026.89881  73.9%  1554  534s
   890   962 6064.45358   29 2043 23057.0000 6026.89881  73.9%  1511  550s
H  937   962                    23035.000000 6026.89881  73.8%  1505  550s
   969  1036 6066.99565   31 2018 23035.0000 6026.89881  73.8%  1490  569s
H 1045  1074                    22464.000000 6026.89881  73.2%  1530  587s
H 1075  1074                    22380.000000 6026.89881  73.1%  1549  587s
  1083  1132 6083.74707   33 2071 22380.0000 6026.89881  73.1%  1553  606s
  1141  1179 6102.09326   34 1996 22380.0000 6026.89881  73.1%  1603  627s
H 1142  1179                    22207.000000 6026.89881  72.9%  1602  627s
H 1143  1179                    22131.000000 6026.89881  72.8%  1601  627s
H 1151  1179                    22066.000000 6026.89881  72.7%  1612  627s
H 1153  1179                    22025.000000 6026.89881  72.6%  1615  627s
H 1185  1179                    21796.000000 6026.89881  72.3%  1645  627s
H 1188  1248                    21772.000000 6026.89881  72.3%  1642  646s
  1257  1295 6132.91642   37 2100 21772.0000 6026.89881  72.3%  1676  667s
H 1258  1295                    21708.000000 6026.89881  72.2%  1675  667s
H 1259  1295                    20899.000000 6026.89881  71.2%  1675  667s
  1304  1365 6179.03747   37 2021 20899.0000 6026.89881  71.2%  1705  688s
  1374  1414 6160.53430   38 2109 20899.0000 6026.89881  71.2%  1747  707s
H 1375  1414                    20882.000000 6026.89881  71.1%  1746  707s
H 1377  1414                    20842.000000 6026.89881  71.1%  1752  707s
H 1378  1414                    20831.000000 6026.89881  71.1%  1751  707s
H 1381  1414                    20823.000000 6026.89881  71.1%  1753  707s
H 1382  1414                    20811.000000 6026.89881  71.0%  1753  707s
H 1402  1414                    20713.000000 6026.89881  70.9%  1756  707s
H 1419  1414                    19179.000000 6026.89881  68.6%  1744  707s
  1423  1512 6193.98422   38 1982 19179.0000 6026.89881  68.6%  1748  732s
H 1521  1604                    19133.000000 6026.89881  68.5%  1736  754s
H 1524  1604                    19031.000000 6026.89881  68.3%  1741  754s
H 1528  1604                    19025.000000 6026.89881  68.3%  1746  754s
H 1540  1604                    19018.000000 6026.89881  68.3%  1746  754s
H 1590  1604                    18893.000000 6026.89881  68.1%  1739  754s
  1613  1754 6278.78123   39 1943 18893.0000 6026.89881  68.1%  1730  778s
H 1763  1786                    18794.000000 6026.89881  67.9%  1673  804s
H 1767  1786                    18717.000000 6026.89881  67.8%  1677  804s
H 1770  1786                    18705.000000 6026.89881  67.8%  1679  804s
H 1788  1786                    18583.000000 6026.89881  67.6%  1678  804s
  1795  1953 6198.84255   41 2016 18583.0000 6026.89881  67.6%  1675  825s
  1962  2087 6219.54357   44 1980 18583.0000 6026.89881  67.6%  1613  853s
H 1964  2087                    18575.000000 6026.89881  67.6%  1614  853s
H 2021  2087                    18445.000000 6026.89881  67.3%  1619  853s
H 2096  2237                    18418.000000 6026.89881  67.3%  1598  877s
  2248  2410 6248.84939   48 1989 18418.0000 6026.89881  67.3%  1571  905s
  2421  2536 6250.21916   49 1993 18418.0000 6026.89881  67.3%  1536  930s
  2547  2568 6281.12955   50 1908 18418.0000 6026.89881  67.3%  1551  948s
H 2554  2568                    18401.000000 6026.89881  67.2%  1556  948s
H 2557  2568                    18316.000000 6026.89881  67.1%  1556  948s
H 2564  2568                    18167.000000 6026.89881  66.8%  1556  948s
H 2579  2713                    18138.000000 6026.89881  66.8%  1556  976s
H 2726  2745                    18134.000000 6026.89881  66.8%  1562  995s
H 2731  2745                    18121.000000 6026.89881  66.7%  1563  995s
H 2736  2745                    18028.000000 6026.89881  66.6%  1565  995s
H 2753  2745                    17658.000000 6026.89881  65.9%  1566  995s
  2758  2903 6320.82886   53 1868 17658.0000 6026.89881  65.9%  1565 1022s
  2916  2935 6357.91406   58 1790 17658.0000 6026.89881  65.9%  1579 1042s
H 2920  2935                    17596.000000 6026.89881  65.7%  1581 1042s
H 2922  2935                    17593.000000 6026.89881  65.7%  1582 1042s
H 2926  2935                    17548.000000 6026.89881  65.7%  1582 1042s
H 2948  3067                    17478.000000 6026.89881  65.5%  1582 1070s
H 3080  3099                    17362.000000 6026.89881  65.3%  1607 1091s
  3112  3263 6410.86149   61 1898 17362.0000 6026.89881  65.3%  1612 1120s
  3276  3295 6393.54624   62 1924 17362.0000 6026.89881  65.3%  1624 1145s
H 3277  3295                    17327.000000 6026.89881  65.2%  1624 1145s
H 3287  3295                    17323.000000 6026.89881  65.2%  1627 1145s
H 3288  3295                    17302.000000 6026.89881  65.2%  1628 1145s
H 3296  3295                    16728.000000 6026.89881  64.0%  1631 1145s
H 3308  3327                    16716.000000 6026.89881  63.9%  1632 1175s
H 3310  3327                    16587.000000 6026.89881  63.7%  1635 1175s
H 3328  3327                    16583.000000 6026.89881  63.7%  1645 1175s
H 3340  3359                    16554.000000 6026.89881  63.6%  1647 1199s
H 3341  3359                    16553.000000 6026.89881  63.6%  1647 1199s
H 3346  3359                    16523.000000 6026.89881  63.5%  1650 1199s
  3372  3558 6445.53637   64 1833 16523.0000 6026.89881  63.5%  1661 1230s
  3574  3830 6511.72396   67 1799 16523.0000 6026.89881  63.5%  1661 1264s
  3846  4091 6532.99498   69 1835 16523.0000 6026.89881  63.5%  1634 1300s
  4107  4362 6600.02457   72 1777 16523.0000 6026.89881  63.5%  1620 1334s
H 4378  4394                    15970.000000 6026.89881  62.3%  1604 1361s
  4410  4689 6595.11128   75 1808 15970.0000 6026.89881  62.3%  1613 1398s
  4705  4990 6598.04820   80 1756 15970.0000 6026.89881  62.3%  1598 1438s
H 5008  5021                    15950.000000 6026.89881  62.2%  1587 1469s
H 5011  5021                    15925.000000 6026.89881  62.2%  1588 1469s
H 5013  5021                    15915.000000 6026.89881  62.1%  1588 1469s
H 5036  5021                    15911.000000 6026.89881  62.1%  1589 1469s
  5041  5302 6709.67243   86 1630 15911.0000 6026.89881  62.1%  1590 1508s
H 5332  5338                    15863.000000 6026.89881  62.0%  1589 1540s
H 5333  5338                    15790.000000 6026.89881  61.8%  1591 1540s
H 5352  5338                    15775.000000 6026.89881  61.8%  1596 1540s
  5368  5741 6759.98442   89 1713 15775.0000 6026.89881  61.8%  1596 1585s
  5773  6227 6844.69064   92 1677 15775.0000 6026.89881  61.8%  1575 1629s
H 5777  6227                    15729.000000 6026.89881  61.7%  1577 1629s
H 5785  6227                    15725.000000 6026.89881  61.7%  1581 1629s
H 5924  6227                    15693.000000 6026.89881  61.6%  1585 1629s
  6285  6899 6927.93691   94 1705 15693.0000 6026.89881  61.6%  1536 1666s
H 6984  6931                    15353.000000 6026.89881  60.7%  1447 1705s
H 6988  6931                    15233.000000 6026.89881  60.4%  1449 1705s
H 6990  6923                    14793.000000 6026.89881  59.3%  1449 1705s
H 7016  6970                    14737.000000 6026.89881  59.1%  1450 1740s
H 7017  6970                    14706.000000 6026.89881  59.0%  1450 1740s
H 7022  6970                    14657.000000 6026.89881  58.9%  1452 1740s
H 7054  6969                    14640.000000 6026.89881  58.8%  1451 1740s
H 7079  6969                    14633.000000 6026.89881  58.8%  1451 1740s
H 7083  6967                    14527.000000 6026.89881  58.5%  1450 1740s
H 7085  7561                    14471.000000 6026.89881  58.4%  1450 1783s
  7766  8054 7073.61834   98 1654 14471.0000 6026.89881  58.4%  1390 1827s
H 8419  8040                    14352.000000 6026.89881  58.0%  1342 1867s
H 8425  7959                    13805.000000 6026.89881  56.3%  1344 1867s
H 8449  7959                    13751.000000 6026.89881  56.2%  1348 1867s
H 8455  7982                    13723.000000 6026.89881  56.1%  1349 1906s
H 8456  7981                    13704.999996 6026.89881  56.0%  1349 1906s
H 8479  7981                    13704.000000 6026.89881  56.0%  1353 1906s
H 8484  7980                    13649.000000 6026.89881  55.8%  1353 1906s
  8495  8324 7324.44342  103 1692 13649.0000 6026.89881  55.8%  1355 1956s
  8913  8354 7462.69046  107 1364 13649.0000 6026.89881  55.8%  1355 1996s
H 8914  8354                    13643.000000 6026.89881  55.8%  1355 1996s
H 8915  8348                    13608.000000 6026.89881  55.7%  1355 1996s
H 8922  8347                    13585.000000 6026.89881  55.6%  1357 1996s
H 8923  8337                    13566.000000 6026.89881  55.6%  1357 1996s
H 8928  8326                    13545.999998 6026.89881  55.5%  1357 1996s
H 8937  8324                    13544.000000 6026.89881  55.5%  1358 1996s
  8946  8673 7530.24952  108 1377 13544.0000 6026.89881  55.5%  1360 2045s
  9307  9068 7689.99528  111 1264 13544.0000 6026.89881  55.5%  1370 2095s
  9721  9560 7988.12643  115 1163 13544.0000 6026.89881  55.5%  1375 2150s
H10022  9549                    13496.000000 6026.89881  55.3%  1367 2150s
 10296 10181 7991.75593  122 1080 13496.0000 6026.89881  55.3%  1364 2204s
 10983 10768 8225.59528  133 1139 13496.0000 6026.89881  55.3%  1343 2260s
 11602 10800 8354.73933  154 1167 13496.0000 6026.89881  55.3%  1331 2309s
H11607 10794                    13481.000000 6026.89881  55.3%  1332 2309s
H11611 10757                    13447.000000 6026.89881  55.2%  1332 2309s
H11619 10749                    13437.000000 6026.89881  55.1%  1333 2309s
 11634 11414 8293.03555  155 1082 13437.0000 6026.89881  55.1%  1334 2369s
 12347 12107 8433.97869  169 1030 13437.0000 6026.89881  55.1%  1318 2429s
H13117 12099                    13403.000000 6026.89881  55.0%  1300 2484s
H13118 12090                    13386.000000 6026.89881  55.0%  1300 2484s
 13151 12935 8544.83101  192  954 13386.0000 6026.89881  55.0%  1304 2544s
 14079 13807 8621.52293  226  901 13386.0000 6026.89881  55.0%  1272 2609s
 15062 13808 11523.5652  743 13462 13386.0000 6026.89881  55.0%  1243 2699s
H15063 13118                    13349.000000 6026.89881  54.9%  1243 2709s
H15063 12462                    13348.000000 6026.89881  54.8%  1243 2710s
H15063 11839                    13317.000000 6026.89881  54.7%  1243 2710s
 15064 11839 10643.6700  127 1453 13317.0000 6026.89881  54.7%  1243 2746s
H15064 11247                    13313.000000 6026.89881  54.7%  1243 2750s
 15066 11249 6910.49965   55 1370 13313.0000 6026.89881  54.7%  1242 2757s
 15067 11249 11849.0201  253 1603 13313.0000 6026.89881  54.7%  1242 2768s
 15068 11250 9447.34853  281 1778 13313.0000 6028.33029  54.7%  1242 2779s
 15069 11251 11897.9154  846 1753 13313.0000 6101.95730  54.2%  1242 2788s
 15070 11251 8455.98815  203 1850 13313.0000 6135.13601  53.9%  1242 2793s
 15071 11252 9111.59485  206 1891 13313.0000 6143.91503  53.9%  1242 2795s
 15073 11253 12238.9199  324 1859 13313.0000 6164.24868  53.7%  1242 2800s
 15076 11255 11370.6368  336 1893 13313.0000 6164.44176  53.7%  1242 2830s
 15077 11256 7920.97527  105 1862 13313.0000 6266.80749  52.9%  1242 2841s
 15078 11257 6457.64929   27 1866 13313.0000 6295.83465  52.7%  1241 2846s
 15082 11259 6300.89061   40 1870 13313.0000 6300.89061  52.7%  1241 2850s
 15084 11261 6507.41431   24 1867 13313.0000 6300.89205  52.7%  1241 2880s
 15085 11261 7876.95105  104 1890 13313.0000 6398.72561  51.9%  1241 2890s
 15086 11262 6418.87880   43 1886 13313.0000 6418.87880  51.8%  1241 2895s
 15090 11265 9474.50492  225 1786 13313.0000 6421.82476  51.8%  1240 2931s
H15090 10701                    13285.000000 6488.80248  51.2%  1240 2942s
 15092 10702 6501.60078   17 1924 13285.0000 6501.60078  51.1%  1240 2947s
 15093 10703 13218.6510  782 1882 13285.0000 6505.01202  51.0%  1240 2950s
 15101 10708 8867.39239  184 1888 13285.0000 6506.04795  51.0%  1240 2987s
 15102 10709 6547.15217   22 1996 13285.0000 6547.15217  50.7%  1240 2997s
 15103 10709 9346.14522  221 2148 13285.0000 6558.32281  50.6%  1239 3001s
 15106 10711 8054.16669  197 1955 13285.0000 6561.02136  50.6%  1239 3005s
 15109 10713 8186.66130  115 2002 13285.0000 6561.05038  50.6%  1239 3036s
H15109 10177                    13281.000000 6605.95225  50.3%  1239 3062s
 15110 10178 10723.6216  254 2142 13281.0000 6605.95225  50.3%  1239 3077s
 15111 10179 10525.7253  309 2012 13281.0000 6618.83993  50.2%  1239 3085s
 15114 10181 7731.25152  169 1949 13281.0000 6622.31350  50.1%  1239 3090s
 15116 10182 7070.33394   58 1953 13281.0000 6622.32249  50.1%  1238 3122s
 15117 10183 7048.10064  126 2032 13281.0000 6667.54910  49.8%  1238 3132s
 15118 10183 6680.08419   93 2100 13281.0000 6680.08419  49.7%  1238 3138s
 15119 10184 10610.2916  198 2042 13281.0000 6686.95226  49.7%  1238 3142s
 15121 10185 13144.0287  431 2033 13281.0000 6689.03391  49.6%  1238 3145s
 15124 10187 6949.57164   43 2029 13281.0000 6696.00080  49.6%  1238 3177s
 15125 10188 7090.04632  143 2145 13281.0000 6727.93580  49.3%  1238 3187s
 15126 10189 6748.57925   35 1981 13281.0000 6748.57925  49.2%  1238 3193s
 15127 10189 6752.76862   15 2075 13281.0000 6752.76862  49.2%  1237 3197s
 15132 10193 9657.04858  269 2128 13281.0000 6753.69205  49.1%  1237 3232s
 15133 10193 7072.48256   92 2178 13281.0000 6785.82523  48.9%  1237 3243s
 15134 10194 8416.18666   67 2202 13281.0000 6796.97570  48.8%  1237 3248s
 15135 10195 13281.0000   78 2245 13281.0000 6800.07446  48.8%  1237 3251s
 15142 10199 9610.38636  158 2294 13281.0000 6800.72606  48.8%  1236 3286s
H15142  9687                    13270.000000 6826.66494  48.6%  1236 3297s
 15144  9689 10489.3511  466 2188 13270.0000 6836.63820  48.5%  1236 3304s
 15145  9689 13038.2067   74 2335 13270.0000 6841.93141  48.4%  1236 3307s
 15146  9690 7817.81757  184 2264 13270.0000 6843.89984  48.4%  1236 3310s
 15150  9693 9717.56544   89 2229 13270.0000 6844.34565  48.4%  1236 3344s
 15151  9693 10495.2249  113 2361 13270.0000 6870.84533  48.2%  1235 3354s
 15152  9694 7363.33390  102 2286 13270.0000 6876.90821  48.2%  1235 3361s
 15153  9695 10666.8108  528 2497 13270.0000 6880.76812  48.1%  1235 3366s
 15155  9696 11122.9492  295 2459 13270.0000 6881.64637  48.1%  1235 3370s
 15157  9697 10548.1927  138 2467 13270.0000 6881.65026  48.1%  1235 3402s
H15157  9211                    13229.000000 6895.08954  47.9%  1235 3439s
 15158  9212 7721.66206  155 2360 13229.0000 6895.08954  47.9%  1235 3442s
 15159  9213 11344.3213  693 2354 13229.0000 6899.56647  47.8%  1235 3452s
 15160  9213 8370.87608  145 2442 13229.0000 6901.98625  47.8%  1235 3456s
 15167  9218 11849.0201  253 2504 13229.0000 6903.06205  47.8%  1234 3492s
 15168  9219 9447.34853  281 2396 13229.0000 6921.81047  47.7%  1234 3503s
 15169  9219 11897.9154  846 2456 13229.0000 6928.13522  47.6%  1234 3511s
 15171  9221 9111.59485  206 2489 13229.0000 6932.22320  47.6%  1234 3517s
 15175  9223 8350.54866   96 2462 13229.0000 6933.16180  47.6%  1234 3548s
 15176  9224 11370.6368  336 2429 13229.0000 6941.96750  47.5%  1233 3556s
 15178  9225 6944.10101   27 2453 13229.0000 6944.10101  47.5%  1233 3560s
 15184  9229 6944.56770   24 2427 13229.0000 6944.56770  47.5%  1233 3591s
 15185  9230 7876.95105  104 2600 13229.0000 6950.23928  47.5%  1233 3597s
 15186  9231 6951.76982   43 2599 13229.0000 6951.76982  47.5%  1233 3601s
 15191  9234 6952.40267   29 2606 13229.0000 6952.40267  47.4%  1232 3633s
 15192  9235 6958.89369   17 2544 13229.0000 6958.89369  47.4%  1232 3640s
 15198  9239 6959.21966   12 2642 13229.0000 6959.21966  47.4%  1232 3673s
 15199  9239 7080.35756   90 2880 13229.0000 6969.72973  47.3%  1232 3681s
 15201  9241 8867.39239  184 2767 13229.0000 6969.72973  47.3%  1231 3685s
 15204  9243 6969.72973   45 2760 13229.0000 6969.72973  47.3%  1231 3716s
 15205  9243 11535.0296  140 2564 13229.0000 6970.65528  47.3%  1231 3722s
 15208  9245 9298.61118  182 2644 13229.0000 6971.28618  47.3%  1231 3725s
 15209  9246 8186.66130  115 2644 13229.0000 6971.28618  47.3%  1231 3754s
 15210  9247 10723.6216  254 2631 13229.0000 6976.09529  47.3%  1231 3759s
 15211  9247 10525.7253  309 2626 13229.0000 6976.09529  47.3%  1231 3761s
 15215  9250 7271.33168  124 2625 13229.0000 6976.09529  47.3%  1230 3789s
 15216  9251 7070.33394   58 2645 13229.0000 6976.09529  47.3%  1230 3793s
 15218  9252 6976.11207   93 2675 13229.0000 6976.11207  47.3%  1230 3795s
 15222  9255 9309.81802  200 2737 13229.0000 6976.14797  47.3%  1230 3825s
 15223  9255 6980.58120   70 2662 13229.0000 6980.58120  47.2%  1230 3832s
 15225  9257 7090.04632  143 2753 13229.0000 6981.11947  47.2%  1229 3835s
 15228  9259 10795.5939  567 2782 13229.0000 6981.16310  47.2%  1229 3868s
 15229  9259 13080.6513   63 2694 13229.0000 6983.55271  47.2%  1229 3873s
 15231  9261 12861.8990  210 2692 13229.0000 6983.95372  47.2%  1229 3875s
 15234  9263 8416.18666   67 2708 13229.0000 6983.96138  47.2%  1229 3907s
 15235  9263 13229.0000   78 2667 13229.0000 6987.45520  47.2%  1229 3913s
 15236  9264 10093.4864  361 2714 13229.0000 6987.99464  47.2%  1229 3916s
 15239  9266 10809.3970  115 2776 13229.0000 6988.15473  47.2%  1228 3948s
 15240  9267 6990.88585   21 2770 13229.0000 6990.88585  47.2%  1228 3954s
 15241  9267 6991.28769   21 2776 13229.0000 6991.28769  47.2%  1228 3957s
 15245  9270 13038.2067   74 2763 13229.0000 6991.34726  47.2%  1228 3988s
 15246  9271 7817.81757  184 2807 13229.0000 6993.37269  47.1%  1228 3993s
H15246  8804                    13207.000000 6993.61974  47.0%  1228 3995s
H15246  8361                    13192.000000 6993.61974  47.0%  1228 3995s
H15250  7942                    13181.000000 6993.66141  46.9%  1227 4027s
H15250  7541                    13157.000000 6993.66141  46.8%  1227 4027s
H15251  7162                    13155.000000 6995.97681  46.8%  1227 4043s
H15251  6801                    13151.000000 6995.97681  46.8%  1227 4049s
H15251  6458                    13096.000000 6995.97681  46.6%  1227 4058s
H15251  6132                    13011.000000 6995.97681  46.2%  1227 4064s
 15253  6133 10666.8108  528 2770 13011.0000 6996.19460  46.2%  1227 4068s
 15256  6135 6996.25365   14 2761 13011.0000 6996.25365  46.2%  1227 4070s
 15258  6137 7721.66206  155 2758 13011.0000 6996.25561  46.2%  1227 4101s
 15259  6137 11344.3213  693 2852 13011.0000 6999.44690  46.2%  1227 4107s
 15261  6139 7840.94589  129 2788 13011.0000 6999.98145  46.2%  1227 4110s
 15264  6141 10643.6700  127 2761 13011.0000 7000.06412  46.2%  1226 4140s
H15264  5830                    12995.000000 7005.73140  46.1%  1226 4147s
H15264  5535                    12968.000000 7005.73140  46.0%  1226 4147s
 15266  5536 7006.54858   55 2840 12968.0000 7006.54858  46.0%  1226 4150s
 15271  5539 9111.59485  206 2866 12968.0000 7006.79834  46.0%  1226 4183s
 15272  5540 9636.37573  209 2678 12968.0000 7008.37329  46.0%  1226 4188s
 15273  5541 12238.9199  324 2795 12968.0000 7008.61964  46.0%  1226 4190s
 15277  5543 7920.97527  105 2874 12968.0000 7008.78360  46.0%  1225 4221s
 15278  5544 7013.52486   27 2714 12968.0000 7013.52486  45.9%  1225 4228s
 15279  5545 7075.87944  105 2855 12968.0000 7014.27968  45.9%  1225 4230s
 15283  5547 7570.14154   91 2785 12968.0000 7014.52538  45.9%  1225 4263s
 15284  5548 7018.44989   24 2821 12968.0000 7018.44989  45.9%  1225 4270s
 15286  5549 7019.36468   43 2880 12968.0000 7019.36468  45.9%  1225 4275s
H15289  5270                    12901.000000 7019.40876  45.6%  1224 4305s
H15289  5003                    12899.000000 7019.40876  45.6%  1224 4305s
H15289  4749                    12893.000000 7019.40876  45.6%  1224 4305s
H15289  4507                    12861.000000 7019.40876  45.4%  1224 4305s
 15291  4509 7024.77460   29 2680 12861.0000 7024.77460  45.4%  1224 4314s
 15292  4509 7025.92204   17 2613 12861.0000 7025.92204  45.4%  1224 4317s
 15296  4512 8289.40305  133 2737 12861.0000 7026.19443  45.4%  1224 4348s
 15297  4513 7152.79918   64 2696 12861.0000 7031.34050  45.3%  1224 4356s
 15298  4513 7033.22150   12 2699 12861.0000 7033.22150  45.3%  1224 4361s
 15303  4517 9346.14522  221 2713 12861.0000 7033.40784  45.3%  1223 4392s
 15304  4517 7036.49576   45 2679 12861.0000 7036.49576  45.3%  1223 4398s
 15305  4518 11535.0296  140 2704 12861.0000 7037.11989  45.3%  1223 4400s
 15309  4521 8186.66130  115 2858 12861.0000 7037.34357  45.3%  1223 4432s
 15310  4521 10723.6216  254 2810 12861.0000 7039.57259  45.3%  1223 4438s
 15311  4522 10525.7253  309 2781 12861.0000 7040.08376  45.3%  1223 4442s
 15314  4524 7731.25152  169 2870 12861.0000 7040.17890  45.3%  1222 4476s
 15315  4525 7271.33168  124 2821 12861.0000 7043.07778  45.2%  1222 4481s
 15317  4526 7048.10064  126 2912 12861.0000 7043.85763  45.2%  1222 4485s
 15320  4528 12861.0000  173 2814 12861.0000 7043.88275  45.2%  1222 4516s
 15321  4529 12861.0000  431 2725 12861.0000 7048.01701  45.2%  1222 4523s
 15322  4529 9309.81802  200 2696 12861.0000 7048.78050  45.2%  1222 4527s
 15327  4533 7048.91541   15 2777 12861.0000 7048.91541  45.2%  1221 4559s
 15328  4533 10795.5939  567 2749 12861.0000 7050.26993  45.2%  1221 4565s
 15333  4537 7072.48256   92 2842 12861.0000 7050.30896  45.2%  1221 4600s
 15334  4537 8416.18666   67 2805 12861.0000 7051.98681  45.2%  1221 4605s
H15338  4309                    12757.000000 7053.01376  44.7%  1220 4636s
H15338  4089                    12693.000000 7053.01376  44.4%  1220 4636s
H15338  3880                    12691.000000 7053.01376  44.4%  1220 4636s
 15340  3881 7054.20990   21 2820 12691.0000 7054.20990  44.4%  1220 4671s
H15340  3682                    12688.000000 7054.43701  44.4%  1220 4679s
H15340  3493                    12657.000000 7054.43701  44.3%  1220 4679s
H15340  3314                    12641.000000 7054.43701  44.2%  1220 4679s
H15340  3143                    12602.000000 7054.43701  44.0%  1220 4679s
H15340  2982                    12519.000000 7054.43701  43.7%  1220 4679s
H15340  2828                    12518.000000 7054.43701  43.6%  1220 4679s
H15340  2682                    12503.000000 7054.43701  43.6%  1220 4679s
 15341  2683 7054.43701   21 2919 12503.0000 7054.43701  43.6%  1220 4680s
 15346  2686 7817.81757  184 2930 12503.0000 7054.53709  43.6%  1220 4712s
H15346  2547                    12494.000000 7056.57104  43.5%  1220 4717s
 15349  2549 9298.56033  184 2914 12494.0000 7056.68456  43.5%  1220 4720s
 15352  2551 7363.33390  102 2984 12494.0000 7056.68741  43.5%  1219 4751s
 15353  2552 10666.8108  528 3040 12494.0000 7059.77658  43.5%  1219 4757s
 15356  2554 7060.35738   14 2955 12494.0000 7060.35738  43.5%  1219 4760s
 15357  2555 10548.1927  138 2957 12494.0000 7060.35738  43.5%  1219 4788s
 15358  2555 7721.66206  155 3007 12494.0000 7062.80888  43.5%  1219 4794s
 15359  2556 11344.3213  693 3032 12494.0000 7063.29849  43.5%  1219 4797s
 15364  2559 10643.6700  127 3220 12494.0000 7063.40487  43.5%  1218 4830s
 15365  2560 12494.0000  188 3024 12494.0000 7065.09780  43.5%  1218 4835s
 15370  2563 8455.98815  203 3167 12494.0000 7065.66855  43.4%  1218 4869s
 15371  2564 9111.59485  206 2945 12494.0000 7068.23233  43.4%  1218 4876s
 15373  2565 12238.9199  324 3105 12494.0000 7068.23233  43.4%  1218 4880s
 15375  2567 8350.54866   96 3076 12494.0000 7068.23233  43.4%  1217 4911s
 15376  2567 11370.6368  336 2895 12494.0000 7070.95182  43.4%  1217 4917s
 15378  2569 7071.45862   27 2944 12494.0000 7071.45862  43.4%  1217 4920s
 15383  2572 7570.14154   91 3007 12494.0000 7071.55020  43.4%  1217 4952s
 15384  2573 7074.19010   24 2944 12494.0000 7074.19010  43.4%  1217 4958s
 15385  2573 7876.95105  104 2965 12494.0000 7074.35424  43.4%  1217 4961s
 15388  2575 11545.1262  182 3032 12494.0000 7074.42582  43.4%  1216 4992s
 15389  2576 7075.86140   69 2935 12494.0000 7075.86140  43.4%  1216 4997s
 15391  2577 7076.13558   29 3029 12494.0000 7076.13558  43.4%  1216 5000s
 15396  2581 8289.40305  133 2985 12494.0000 7076.15534  43.4%  1216 5031s
 15397  2581 7152.79918   64 3043 12494.0000 7077.47405  43.4%  1216 5035s
H15402  2450                    12472.000000 7078.33368  43.2%  1215 5067s
H15402  2322                    12444.000000 7078.33368  43.1%  1215 5067s
 15404  2323 7080.98859   45 3059 12444.0000 7080.98859  43.1%  1215 5073s
 15405  2324 11535.0296  140 3005 12444.0000 7081.66179  43.1%  1215 5075s
 15409  2326 8186.66130  115 3137 12444.0000 7081.76496  43.1%  1215 5107s
H15409  2204                    12435.000000 7083.68611  43.0%  1215 5113s
 15411  2206 10525.7253  309 3086 12435.0000 7084.23454  43.0%  1215 5116s
 15415  2208 7271.33168  124 3246 12435.0000 7084.52200  43.0%  1214 5150s
 15416  2209 7085.55955   58 3230 12435.0000 7085.55955  43.0%  1214 5158s
 15417  2210 7086.03769  126 3042 12435.0000 7086.03769  43.0%  1214 5160s
 15421  2212 12435.0000  431 3046 12435.0000 7086.12162  43.0%  1214 5191s
 15422  2213 9309.81802  200 3071 12435.0000 7087.97181  43.0%  1214 5197s
 15424  2214 7088.36665   43 3183 12435.0000 7088.36665  43.0%  1214 5200s
 15426  2216 7088.37664   35 3172 12435.0000 7088.37664  43.0%  1213 5230s
H15426  2099                    12421.000000 7089.52400  42.9%  1213 5363s
 15427  2099 7089.52400   15 2850 12421.0000 7089.52400  42.9%  1213 5421s
 15428  2100 10795.5939  567 2946 12421.0000 7089.84593  42.9%  1213 5471s
 15432  2103 9657.04858  269 3047 12421.0000 7089.93403  42.9%  1213 5504s
 15433  2103 7091.12026   92 2934 12421.0000 7091.12026  42.9%  1213 5509s
 15434  2104 8416.18666   67 3017 12421.0000 7091.24617  42.9%  1213 5512s
 15438  2107 7375.00050  103 3050 12421.0000 7091.30262  42.9%  1213 5543s
 15439  2107 10809.3970  115 3144 12421.0000 7093.07912  42.9%  1212 5548s
 15442  2109 9610.38636  158 3159 12421.0000 7093.33057  42.9%  1212 5550s
 15445  2111 12421.0000   74 3189 12421.0000 7093.33705  42.9%  1212 5581s
 15446  2112 7817.81757  184 3005 12421.0000 7094.44126  42.9%  1212 5586s
 15448  2113 7094.82711   37 3053 12421.0000 7094.82711  42.9%  1212 5590s
 15452  2116 7363.33390  102 3054 12421.0000 7094.83735  42.9%  1211 5620s
 15453  2117 10666.8108  528 3065 12421.0000 7096.20718  42.9%  1211 5625s
 15457  2119 10548.1927  138 3154 12421.0000 7096.89646  42.9%  1211 5630s
 15460  2121 8370.87608  145 3146 12421.0000 7096.90321  42.9%  1211 5659s
 15461  2122 7840.94589  129 3112 12421.0000 7098.44375  42.9%  1211 5664s
 15462  2123 11523.5652  743 3124 12421.0000 7098.64570  42.8%  1211 5665s
 15466  2125 7098.72880   55 3267 12421.0000 7098.72880  42.8%  1210 5697s
 15467  2126 11849.0201  253 3075 12421.0000 7100.15738  42.8%  1210 5704s
 15468  2127 9447.34853  281 3086 12421.0000 7100.32693  42.8%  1210 5705s
 15474  2131 11345.1511  695 3165 12421.0000 7100.45266  42.8%  1210 5737s
 15475  2131 8350.54866   96 3002 12421.0000 7101.72181  42.8%  1210 5744s
 15476  2132 11370.6368  336 2984 12421.0000 7101.90362  42.8%  1210 5746s
 15482  2136 7101.98069   40 3124 12421.0000 7101.98069  42.8%  1209 5780s
 15483  2137 7570.14154   91 3103 12421.0000 7103.94256  42.8%  1209 5785s
 15488  2140 11545.1262  182 3231 12421.0000 7103.95125  42.8%  1209 5818s
 15489  2141 7105.75183   69 2959 12421.0000 7105.75183  42.8%  1209 5824s
 15490  2141 9474.50492  225 3032 12421.0000 7106.09223  42.8%  1208 5827s
 15494  2144 8068.85688  105 3022 12421.0000 7106.15370  42.8%  1208 5858s
 15495  2145 7858.83862  154 3036 12421.0000 7106.98776  42.8%  1208 5861s
 15500  2148 8728.72883   94 3113 12421.0000 7107.19679  42.8%  1208 5894s
 15501  2149 8867.39239  184 3185 12421.0000 7107.91991  42.8%  1208 5898s
 15504  2151 7108.05255   45 3078 12421.0000 7108.05255  42.8%  1207 5900s
 15506  2152 8054.16669  197 3156 12421.0000 7108.05341  42.8%  1207 5931s
 15507  2153 9336.97860  297 3137 12421.0000 7108.86070  42.8%  1207 5935s
 15513  2157 7108.95738   34 3186 12421.0000 7108.95738  42.8%  1207 5967s
 15514  2157 7731.25152  169 3122 12421.0000 7109.43707  42.8%  1207 5971s
 15518  2160 7109.55304   93 3174 12421.0000 7109.55304  42.8%  1206 6004s
 15519  2161 10610.2916  198 3065 12421.0000 7110.16135  42.8%  1206 6007s
 15525  2165 7110.38858  143 3137 12421.0000 7110.38858  42.8%  1206 6039s
 15526  2165 7111.13500   35 3234 12421.0000 7111.13500  42.7%  1206 6044s
 15528  2167 10795.5939  567 3174 12421.0000 7111.22007  42.7%  1205 6045s
 15532  2169 9657.04858  269 3142 12421.0000 7111.22477  42.7%  1205 6074s
 15533  2170 7111.72139   92 3186 12421.0000 7111.72139  42.7%  1205 6077s
 15537  2173 7111.90414   39 3328 12421.0000 7111.90414  42.7%  1205 6080s
 15541  2175 7111.91348   21 3284 12421.0000 7111.91348  42.7%  1204 6112s
 15542  2176 9610.38636  158 3153 12421.0000 7113.07070  42.7%  1204 6117s
 15543  2177 9588.49277  102 3243 12421.0000 7113.27979  42.7%  1204 6120s
 15547  2179 12337.1056  291 3360 12421.0000 7113.30184  42.7%  1204 6151s
 15548  2180 7115.07343   37 3167 12421.0000 7115.07343  42.7%  1204 6155s
 15553  2183 10666.8108  528 3161 12421.0000 7115.07343  42.7%  1204 6188s
 15554  2184 7602.48344   45 2998 12421.0000 7116.30704  42.7%  1203 6197s
 15556  2185 7116.56257   14 3033 12421.0000 7116.56257  42.7%  1203 6200s
 15561  2189 7840.94589  129 3143 12421.0000 7116.62891  42.7%  1203 6233s
 15562  2189 11523.5652  743 3152 12421.0000 7117.51703  42.7%  1203 6237s
 15566  2192 7117.78420   55 3087 12421.0000 7117.78420  42.7%  1203 6270s
 15568  2193 9447.34853  281 3136 12421.0000 7118.73848  42.7%  1202 6276s
 15570  2195 8455.98815  203 3220 12421.0000 7118.75116  42.7%  1202 6308s
 15571  2195 9111.59485  206 3154 12421.0000 7119.26722  42.7%  1202 6312s
 15575  2198 8350.54866   96 3161 12421.0000 7119.29245  42.7%  1202 6344s
 15576  2199 11370.6368  336 3193 12421.0000 7120.87989  42.7%  1202 6349s
 15577  2199 7920.97527  105 3197 12421.0000 7121.11124  42.7%  1202 6352s
 15580  2201 10635.9592  313 3190 12421.0000 7121.17397  42.7%  1201 6383s
 15581  2202 7332.62596  100 3212 12421.0000 7122.01518  42.7%  1201 6388s
 15583  2203 7570.14154   91 3238 12421.0000 7122.25611  42.7%  1201 6390s
 15586  2205 7122.26415   43 3245 12421.0000 7122.26415  42.7%  1201 6421s
 15587  2206 12155.0175  270 3117 12421.0000 7123.58716  42.6%  1201 6426s
 15591  2209 7123.76388   29 3207 12421.0000 7123.76388  42.6%  1201 6459s
 15592  2209 7124.54440   17 3060 12421.0000 7124.54440  42.6%  1201 6463s
 15594  2211 8068.85688  105 3092 12421.0000 7124.66625  42.6%  1200 6465s
 15597  2213 7152.79918   64 3108 12421.0000 7124.69056  42.6%  1200 6495s
H15597  2093                    12411.000000 7125.45176  42.6%  1200 6499s
 15599  2094 7125.56917   90 3247 12411.0000 7125.56917  42.6%  1200 6502s
 15604  2097 7125.64334   45 3207 12411.0000 7125.64334  42.6%  1200 6538s
 15605  2098 11535.0296  140 3129 12411.0000 7126.17890  42.6%  1200 6541s
 15610  2101 10723.6216  254 3157 12411.0000 7126.32388  42.6%  1199 6576s
 15611  2102 10525.7253  309 3244 12411.0000 7126.96656  42.6%  1199 6580s
 15615  2105 7271.33168  124 3259 12411.0000 7127.36059  42.6%  1199 6615s
 15616  2105 7128.20838   58 3267 12411.0000 7128.20838  42.6%  1199 6620s
 15620  2108 12411.0000  173 3364 12411.0000 7128.52600  42.6%  1198 6652s
 15621  2109 12411.0000  431 3445 12411.0000 7128.83882  42.6%  1198 6655s
 15626  2112 7129.18594   35 3382 12411.0000 7129.18594  42.6%  1198 6695s
 15627  2113 7130.70438   15 3134 12411.0000 7130.70438  42.5%  1198 6700s
 15632  2116 9657.04858  269 3283 12411.0000 7131.04388  42.5%  1197 6735s
 15633  2117 7131.74898   92 3093 12411.0000 7131.74898  42.5%  1197 6740s
 15639  2121 10809.3970  115 3312 12411.0000 7132.00691  42.5%  1197 6774s
 15640  2121 7132.84383   21 3104 12411.0000 7132.84383  42.5%  1197 6779s
 15641  2122 7132.99609   21 3401 12411.0000 7132.99609  42.5%  1197 6781s
 15645  2125 12411.0000   74 3323 12411.0000 7133.05551  42.5%  1196 6813s
 15646  2125 7817.81757  184 3280 12411.0000 7134.40250  42.5%  1196 6816s
 15650  2128 9717.56544   89 3384 12411.0000 7134.40250  42.5%  1196 6848s
 15651  2129 10495.2249  113 3356 12411.0000 7134.40250  42.5%  1196 6852s
 15654  2131 7602.48344   45 3277 12411.0000 7134.43176  42.5%  1196 6855s
 15656  2132 7134.43448   14 3268 12411.0000 7134.43448  42.5%  1196 6886s
 15657  2133 10548.1927  138 3211 12411.0000 7135.20314  42.5%  1196 6890s
 15661  2135 7840.94589  129 3340 12411.0000 7135.32915  42.5%  1195 6924s
 15662  2136 11523.5652  743 3450 12411.0000 7136.16079  42.5%  1195 6928s
 15663  2137 9567.41640  226 3537 12411.0000 7136.53023  42.5%  1195 6930s
 15666  2139 7136.57612   55 3423 12411.0000 7136.57612  42.5%  1195 6961s
 15667  2139 11849.0201  253 3291 12411.0000 7137.64861  42.5%  1195 6966s
 15669  2141 11897.9154  846 3584 12411.0000 7138.10344  42.5%  1195 6970s
 15672  2143 9636.37573  209 3541 12411.0000 7138.23249  42.5%  1194 7007s
 15673  2143 12238.9199  324 3364 12411.0000 7138.79245  42.5%  1194 7010s
 15679  2147 7139.02290  105 3471 12411.0000 7139.02290  42.5%  1194 7052s
 15680  2148 10635.9592  313 3335 12411.0000 7140.06492  42.5%  1194 7056s
 15684  2151 7140.06492   24 3338 12411.0000 7140.06492  42.5%  1194 7100s
 15686  2152 7141.29900   43 3432 12411.0000 7141.29900  42.5%  1193 7106s
 15690  2155 9474.50492  225 3516 12411.0000 7141.39978  42.5%  1193 7141s
 15691  2155 7142.43493   29 3358 12411.0000 7142.43493  42.5%  1193 7145s
 15695  2158 7858.83862  154 3535 12411.0000 7142.64171  42.4%  1193 7179s
 15696  2159 8289.40305  133 3470 12411.0000 7143.91378  42.4%  1193 7183s
 15697  2159 7152.79918   64 3418 12411.0000 7144.04967  42.4%  1193 7185s
 15703  2163 9346.14522  221 3539 12411.0000 7144.23818  42.4%  1192 7219s
 15704  2164 7144.85369   45 3387 12411.0000 7144.85369  42.4%  1192 7223s
 15707  2166 9336.97860  297 3582 12411.0000 7145.00429  42.4%  1192 7225s
 15710  2168 10723.6216  254 3606 12411.0000 7145.01093  42.4%  1192 7256s
 15713  2171 7145.51889   34 13462 12411.0000 7145.51889  42.4%  1232 7260s
 15715  2172 7271.33168  124 1440 12411.0000 7145.51889  42.4%  1232 7307s
 15716  2173 7145.51889   58 1438 12411.0000 7145.51889  42.4%  1232 7311s
 15717  2174 7145.51889  126 1401 12411.0000 7145.51889  42.4%  1232 7319s
H15717  2065                    12340.000000 7145.51889  42.1%  1232 7333s
 15719  2066 10610.2916  198 1941 12340.0000 7145.52075  42.1%  1232 7351s
 15720  2067 12340.0000  173 2144 12340.0000 7146.21666  42.1%  1232 7369s
 15721  2067 12340.0000  431 2288 12340.0000 7146.21666  42.1%  1232 7386s
 15722  2068 9309.81802  200 2331 12340.0000 7146.21666  42.1%  1232 7401s
 15723  2069 7146.21666   70 2527 12340.0000 7146.21666  42.1%  1232 7414s
 15724  2069 7146.21666   43 2646 12340.0000 7146.21666  42.1%  1232 7426s
 15725  2070 7146.21666  143 2752 12340.0000 7146.21666  42.1%  1231 7438s
 15726  2071 7146.21666   35 2927 12340.0000 7146.21666  42.1%  1231 7446s
 15727  2071 7146.21666   15 3083 12340.0000 7146.21666  42.1%  1231 7456s
 15728  2072 10795.5939  567 3160 12340.0000 7146.21666  42.1%  1231 7461s
 15729  2073 12340.0000   63 3118 12340.0000 7146.21666  42.1%  1231 7465s
 15732  2075 9657.04858  269 3259 12340.0000 7146.21666  42.1%  1231 7470s
 15738  2079 7375.00050  103 3295 12340.0000 7146.21666  42.1%  1230 7504s
 15739  2079 10809.3970  115 3026 12340.0000 7156.83583  42.0%  1230 7514s
 15740  2080 7161.73975   21 2839 12340.0000 7161.73975  42.0%  1230 7520s
 15741  2081 7165.39435   21 2736 12340.0000 7165.39435  41.9%  1230 7525s
 15744  2083 10489.3511  466 2741 12340.0000 7167.13100  41.9%  1230 7530s
 15746  2084 7817.81757  184 2736 12340.0000 7167.13276  41.9%  1230 7558s
 15747  2085 12337.1056  291 2738 12340.0000 7174.57321  41.9%  1230 7565s
 15753  2089 10666.8108  528 2807 12340.0000 7175.78590  41.8%  1229 7598s
 15754  2089 7602.48344   45 2810 12340.0000 7180.54768  41.8%  1229 7606s
 15756  2091 7181.42058   14 2814 12340.0000 7181.42058  41.8%  1229 7610s
 15758  2092 7721.66206  155 2898 12340.0000 7181.42312  41.8%  1229 7640s
 15759  2093 11344.3213  693 2901 12340.0000 7187.56428  41.8%  1229 7648s
 15760  2093 8370.87608  145 2878 12340.0000 7187.56428  41.8%  1229 7650s
 15764  2096 10643.6700  127 2886 12340.0000 7187.56428  41.8%  1228 7681s
H15764  1990                    12284.000000 7188.65815  41.5%  1228 7706s
 15766  1991 7189.12060   55 2972 12284.0000 7189.12060  41.5%  1228 7711s
 15769  1993 11897.9154  846 3019 12284.0000 7189.28388  41.5%  1228 7743s
 15770  1994 8455.98815  203 2903 12284.0000 7193.68619  41.4%  1228 7751s
 15772  1995 9636.37573  209 2949 12284.0000 7193.89086  41.4%  1228 7755s
 15774  1997 11345.1511  695 2959 12284.0000 7193.91267  41.4%  1228 7783s
 15775  1997 8350.54866   96 2915 12284.0000 7196.91560  41.4%  1228 7810s
 15777  1999 7920.97527  105 2871 12284.0000 7196.91560  41.4%  1227 7815s
 15780  2001 10635.9592  313 2927 12284.0000 7196.91560  41.4%  1227 7847s
 15781  2001 7332.62596  100 2953 12284.0000 7199.75272  41.4%  1227 7855s
 15786  2005 7200.48660   43 2914 12284.0000 7200.48660  41.4%  1227 7888s
 15787  2005 12155.0175  270 2984 12284.0000 7203.51627  41.4%  1227 7895s
 15792  2009 7204.18690   17 2999 12284.0000 7204.18690  41.4%  1226 7932s
 15793  2009 12284.0000  782 3110 12284.0000 7206.41213  41.3%  1226 7939s
 15794  2010 8068.85688  105 3070 12284.0000 7206.61630  41.3%  1226 7941s
 15798  2013 7206.80281   12 3089 12284.0000 7206.80281  41.3%  1226 7976s
 15799  2013 7209.71540   90 3030 12284.0000 7209.71540  41.3%  1226 7981s
 15801  2015 8867.39239  184 2992 12284.0000 7210.89883  41.3%  1226 7985s
 15807  2019 9336.97860  297 2992 12284.0000 7210.99124  41.3%  1225 8018s
 15808  2019 9298.61118  182 2944 12284.0000 7214.83352  41.3%  1225 8025s
 15809  2020 8186.66130  115 3066 12284.0000 7215.67660  41.3%  1225 8030s
 15814  2023 7731.25152  169 3050 12284.0000 7215.98222  41.3%  1225 8069s
 15815  2024 7271.33168  124 3054 12284.0000 7219.00076  41.2%  1224 8075s
 15820  2027 12284.0000  173 3268 12284.0000 7219.97611  41.2%  1224 8107s
 15821  2028 12284.0000  431 3174 12284.0000 7221.35891  41.2%  1224 8112s
 15823  2029 7221.53300   70 3101 12284.0000 7221.53300  41.2%  1224 8115s
 15826  2031 7221.54949   35 2992 12284.0000 7221.54949  41.2%  1224 8144s
H15826  1928                    12273.000000 7223.46396  41.1%  1224 8150s
H15826  1829                    12262.000000 7223.46396  41.1%  1224 8150s
H15826  1736                    12243.000000 7223.46396  41.0%  1224 8151s
 15828  1738 10795.5939  567 3172 12243.0000 7223.77976  41.0%  1223 8155s
 15834  1742 8416.18666   67 2980 12243.0000 7223.91906  41.0%  1223 8190s
 15835  1742 12243.0000   78 3040 12243.0000 7225.17548  41.0%  1223 8197s
 15836  1743 10093.4864  361 3114 12243.0000 7225.76086  41.0%  1223 8201s
 15841  1746 7225.91627   21 3123 12243.0000 7225.91627  41.0%  1222 8234s
H15841  1656                    12229.000000 7227.80727  40.9%  1222 8242s
 15843  1658 9588.49277  102 3162 12229.0000 7228.15398  40.9%  1222 8246s
 15847  1660 12229.0000  291 3317 12229.0000 7228.22707  40.9%  1222 8280s
H15847  1575                    12217.000000 7229.82741  40.8%  1222 8285s
 15854  1580 7602.48344   45 3099 12217.0000 7230.18819  40.8%  1221 8316s
 15855  1581 11122.9492  295 3211 12217.0000 7231.62303  40.8%  1221 8326s
 15860  1584 8370.87608  145 3227 12217.0000 7232.01361  40.8%  1221 8366s
 15861  1585 7840.94589  129 3240 12217.0000 7232.80668  40.8%  1221 8370s
 15866  1588 7233.00351   55 3188 12217.0000 7233.00351  40.8%  1221 8409s
 15867  1589 11849.0201  253 3200 12217.0000 7233.94377  40.8%  1220 8419s
 15868  1589 9447.34853  281 3323 12217.0000 7233.94377  40.8%  1220 8422s
 15871  1591 9111.59485  206 3130 12217.0000 7233.94377  40.8%  1220 8450s
 15872  1592 9636.37573  209 3249 12217.0000 7235.24905  40.8%  1220 8455s
 15874  1593 11345.1511  695 3190 12217.0000 7235.65647  40.8%  1220 8460s
 15877  1595 7920.97527  105 3243 12217.0000 7235.66318  40.8%  1220 8492s
 15878  1596 7236.24814   27 3111 12217.0000 7236.24814  40.8%  1220 8672s
 15879  1597 7236.44637  105 3245 12217.0000 7236.44637  40.8%  1220 8704s
 15880  1597 10635.9592  313 3216 12217.0000 7236.47836  40.8%  1219 8705s
 15882  1599 7236.48559   40 3246 12217.0000 7236.48559  40.8%  1219 8741s
 15883  1599 7570.14154   91 3195 12217.0000 7237.03256  40.8%  1219 8746s
 15887  1602 12155.0175  270 3360 12217.0000 7237.11246  40.8%  1219 8777s
 15888  1603 11545.1262  182 3273 12217.0000 7237.51012  40.8%  1219 8780s
 15894  1607 8068.85688  105 3418 12217.0000 7237.69651  40.8%  1218 8818s
H15894  1524                    12211.000000 7238.28311  40.7%  1218 8821s
 15899  1527 7238.45088   90 3492 12211.0000 7238.45088  40.7%  1218 8857s
 15900  1528 8728.72883   94 3382 12211.0000 7239.51900  40.7%  1218 8861s
 15904  1530 7239.78340   45 3404 12211.0000 7239.78340  40.7%  1218 8893s
 15905  1531 11535.0296  140 3287 12211.0000 7240.24747  40.7%  1218 8896s
 15910  1534 10723.6216  254 3294 12211.0000 7240.48120  40.7%  1217 8931s
 15911  1535 10525.7253  309 3284 12211.0000 7240.94371  40.7%  1217 8935s
 15915  1538 7271.33168  124 3357 12211.0000 7241.04392  40.7%  1217 8967s
 15917  1539 7241.20253  126 3363 12211.0000 7241.20253  40.7%  1217 8971s
 15922  1542 9309.81802  200 3403 12211.0000 7241.22904  40.7%  1216 9002s
 15923  1543 7241.74582   70 3316 12211.0000 7241.74582  40.7%  1216 9006s
 15927  1546 7241.88308   15 3369 12211.0000 7241.88308  40.7%  1216 9034s
 15928  1546 10795.5939  567 3295 12211.0000 7242.63845  40.7%  1216 9039s
 15929  1547 12211.0000   63 3383 12211.0000 7242.85105  40.7%  1216 9041s
 15934  1550 8416.18666   67 3387 12211.0000 7242.89454  40.7%  1215 9071s
 15936  1552 10093.4864  361 3391 12211.0000 7243.39483  40.7%  1215 9075s
 15939  1554 10809.3970  115 3358 12211.0000 7243.42122  40.7%  1215 9104s
 15940  1554 7243.94064   21 3250 12211.0000 7243.94064  40.7%  1215 9108s
 15941  1555 7243.99202   21 3281 12211.0000 7243.99202  40.7%  1215 9110s
 15943  1556 9588.49277  102 3250 12211.0000 7243.99984  40.7%  1215 9140s
 15947  1559 12211.0000  291 3218 12211.0000 7244.45170  40.7%  1214 9145s
 15948  1560 7244.45195   37 3266 12211.0000 7244.45195  40.7%  1214 9174s
 15949  1560 9298.56033  184 3369 12211.0000 7244.69402  40.7%  1214 9177s
 15950  1561 9717.56544   89 3305 12211.0000 7244.86149  40.7%  1214 9180s
 15953  1563 10666.8108  528 3490 12211.0000 7244.86961  40.7%  1214 9213s
 15954  1564 7602.48344   45 3334 12211.0000 7245.43477  40.7%  1214 9216s
 15959  1567 11344.3213  693 3389 12211.0000 7245.43477  40.7%  1213 9246s
 15961  1568 7840.94589  129 3377 12211.0000 7245.75529  40.7%  1213 9250s
 15964  1570 10643.6700  127 3381 12211.0000 7245.77706  40.7%  1213 9279s
 15965  1571 12211.0000  188 3318 12211.0000 7245.93208  40.7%  1213 9281s
 15968  1573 9447.34853  281 3348 12211.0000 7245.96406  40.7%  1213 9314s
 15969  1574 11897.9154  846 3439 12211.0000 7247.60969  40.6%  1213 9319s
 15970  1574 8455.98815  203 3407 12211.0000 7247.60969  40.6%  1213 9320s
 15972  1576 9636.37573  209 3428 12211.0000 7247.60969  40.6%  1212 9349s
 15973  1576 12211.0000  324 3408 12211.0000 7247.60969  40.6%  1212 9353s
 15975  1578 8350.54866   96 3436 12211.0000 7247.60969  40.6%  1212 9355s
 15978  1580 7247.60969   27 3497 12211.0000 7247.60969  40.6%  1212 9386s
 15980  1581 10635.9592  313 3545 12211.0000 7247.60969  40.6%  1212 9391s
 15982  1582 7247.60969   40 3531 12211.0000 7247.60969  40.6%  1212 9419s
 15983  1583 7570.14154   91 3507 12211.0000 7248.06853  40.6%  1212 9423s
 15986  1585 7248.06853   43 3482 12211.0000 7248.06853  40.6%  1211 9452s
 15987  1586 12155.0175  270 3328 12211.0000 7248.06853  40.6%  1211 9456s
 15991  1588 7248.06853   29 3360 12211.0000 7248.06853  40.6%  1211 9491s
 15995  1591 7858.83862  154 3407 12211.0000 7248.06853  40.6%  1211 9525s
 15999  1594 7248.06853   90 3385 12211.0000 7248.06853  40.6%  1210 9560s
 16004  1597 7248.18377   45 3396 12211.0000 7248.18377  40.6%  1210 9593s
 16005  1598 11535.0296  140 3375 12211.0000 7248.92216  40.6%  1210 9596s
 16009  1600 8186.66130  115 3362 12211.0000 7248.92216  40.6%  1210 9624s
 16010  1601 10723.6216  254 3337 12211.0000 7248.92216  40.6%  1210 9627s
 16014  1604 7731.25152  169 3463 12211.0000 7248.92216  40.6%  1209 9658s
 16015  1604 7271.33168  124 3484 12211.0000 7249.41268  40.6%  1209 9663s
 16018  1606 7249.47207   93 3475 12211.0000 7249.47207  40.6%  1209 9665s
 16020  1608 12211.0000  173 3448 12211.0000 7249.47604  40.6%  1209 9694s
 16021  1608 12211.0000  431 3432 12211.0000 7249.72691  40.6%  1209 9696s
 16025  1611 7249.80378  143 3486 12211.0000 7249.80378  40.6%  1208 9728s
 16026  1612 7249.96260   35 3486 12211.0000 7249.96260  40.6%  1208 9730s
 16029  1614 12211.0000   63 3598 12211.0000 7250.00027  40.6%  1208 9763s
 16030  1614 12146.0023   69 3635 12211.0000 7250.17911  40.6%  1208 9765s
 16034  1617 8416.18666   67 3587 12211.0000 7250.22656  40.6%  1208 9799s
 16035  1618 12211.0000   78 3456 12211.0000 7250.33368  40.6%  1208 9801s
 16038  1620 7375.00050  103 3417 12211.0000 7250.33368  40.6%  1207 9805s
 16043  1623 9588.49277  102 3453 12211.0000 7250.54761  40.6%  1207 9810s
 16047  1626 12211.0000  291 3481 12211.0000 7250.60369  40.6%  1207 9816s
 16049  1627 9298.56033  184 3470 12211.0000 7250.97709  40.6%  1207 9820s
 16053  1630 10666.8108  528 3416 12211.0000 7251.06553  40.6%  1206 9825s
 16059  1634 11344.3213  693 3425 12211.0000 7251.09242  40.6%  1206 9830s
 16064  1637 10643.6700  127 3399 12211.0000 7251.24555  40.6%  1205 9836s
 16068  1640 9447.34853  281 3425 12211.0000 7251.27003  40.6%  1205 9840s
 16073  1643 12211.0000  324 3608 12211.0000 7252.36044  40.6%  1205 9846s
 16076  1645 11370.6368  336 3472 12211.0000 7252.36044  40.6%  1205 9850s
 16081  1648 7332.62596  100 3463 12211.0000 7252.36044  40.6%  1204 9855s
 16083  1650 7570.14154   91 3514 12211.0000 7252.36044  40.6%  1204 9860s
 16089  1654 7252.36044   69 3532 12211.0000 7252.36044  40.6%  1204 9865s
 16093  1656 12211.0000  782 3547 12211.0000 7252.36044  40.6%  1203 9871s
 16099  1661 7252.36044   90 1430 12211.0000 7252.36044  40.6%  1225 9920s
 16100  1662 8728.72883   94 1400 12211.0000 7252.36044  40.6%  1225 9925s
 16101  1663 8867.39239  184 1383 12211.0000 7252.36044  40.6%  1225 9933s
 16102  1663 7252.36044   22 1746 12211.0000 7252.36044  40.6%  1225 9950s
 16103  1664 9346.14522  221 1816 12211.0000 7252.36044  40.6%  1225 9968s
 16104  1665 7252.36044   45 2169 12211.0000 7252.36044  40.6%  1225 9988s

Cutting planes:
  Gomory: 22
  Cover: 544
  Implied bound: 3
  Clique: 236
  MIR: 95
  StrongCG: 157
  Flow cover: 1102
  GUB cover: 100
  Zero half: 265
  RLT: 742
  Relax-and-lift: 2
  BQP: 12
  PSD: 7

Explored 16104 nodes (19963497 simplex iterations) in 10000.10 seconds (11129.89 work units)
Thread count was 32 (of 64 available processors)

Solution count 10: 12211 12217 12229 ... 12421

Time limit reached
Best objective 1.221100000000e+04, best bound 7.253000000000e+03, gap 40.6027%
Solved rc101_Skewed1 -> /project2/ssuen_1733/output/v4_exact_weekly_fairness_w10_l100_mad/rc101_Skewed1.pkl / /project2/ssuen_1733/output/v4_exact_weekly_fairness_w10_l100_mad/rc101_Skewed1.json / /project2/ssuen_1733/output/v4_exact_weekly_fairness_w10_l100_mad/rc101_Skewed1_running_synopsis.json
[Mon Sep 28 12:04:38 PDT 2026] Finished run_single_instance for rc101_Skewed1
