Using Python:
Python 3.10.18
Checking core dependencies:
numpy: 2.2.6
gurobi: (12, 0, 3)
[Mon Sep 28 09:17:15 PDT 2026] Starting run_single_instance on a02-14.hpc.usc.edu for c201_Random2
Set parameter TokenServer to value "hpc-licenses.hpcc.usc.edu"
Added workload fairness penalty (mean_absolute_deviation) to objective with weight 10.0
Added weekly leadership day fairness penalty (mean_absolute_deviation) to objective with weight 100.0
Set parameter TimeLimit to value 10000
Set parameter Seed to value 42
Set parameter OutputFlag to value 1
Gurobi Optimizer version 12.0.3 build v12.0.3rc0 (linux64 - "Rocky Linux 8.10 (Green Obsidian)")

CPU model: AMD EPYC 7513 32-Core Processor, instruction set [SSE2|AVX|AVX2]
Thread count: 64 physical cores, 64 logical processors, using up to 32 threads

Non-default parameters:
TimeLimit  10000
Seed  42

Optimize a model with 987850 rows, 728450 columns and 6949150 nonzeros
Model fingerprint: 0xacc727fc
Variable types: 200 continuous, 728250 integer (727750 binary)
Coefficient statistics:
  Matrix range     [2e-02, 1e+03]
  Objective range  [2e+00, 1e+02]
  Bounds range     [1e+00, 5e+01]
  RHS range        [1e+00, 1e+03]
Presolve removed 959650 rows and 701253 columns
Presolve time: 1.14s
Presolved: 28200 rows, 27197 columns, 214050 nonzeros
Variable types: 100 continuous, 27097 integer (26950 binary)
Performing another presolve...
Presolve removed 3150 rows and 150 columns
Presolve time: 0.34s
Deterministic concurrent LP optimizer: primal and dual simplex
Showing primal log only...


Root simplex log...

Iteration    Objective       Primal Inf.    Dual Inf.      Time
   21688    1.0877064e+04   0.000000e+00   8.018611e+05      5s
   52774    6.9408066e+03   0.000000e+00   3.269541e+05     10s
Concurrent spin time: 0.00s

Solved with dual simplex

Root simplex log...

Iteration    Objective       Primal Inf.    Dual Inf.      Time
   23818    4.7910650e+03   0.000000e+00   0.000000e+00     12s

Root relaxation: objective 4.791065e+03, 23818 iterations, 9.09 seconds (12.03 work units)
Total elapsed time = 12.34s (DegenMoves)

    Nodes    |    Current Node    |     Objective Bounds      |     Work
 Expl Unexpl |  Obj  Depth IntInf | Incumbent    BestBd   Gap | It/Node Time

     0     0 4791.06504    0 1434          - 4791.06504      -     -   13s
     0     0 4910.62917    0 1514          - 4910.62917      -     -   56s
     0     0 4910.62917    0 1522          - 4910.62917      -     -   59s
     0     0 4913.69310    0 1477          - 4913.69310      -     -   60s
     0     0 4914.09373    0 1475          - 4914.09373      -     -   60s
     0     0 4914.09775    0 1471          - 4914.09775      -     -   61s
     0     0 4914.09775    0 1466          - 4914.09775      -     -   61s
     0     0 4979.87957    0 1596          - 4979.87957      -     -   64s
     0     0 4983.87090    0 1529          - 4983.87090      -     -   66s
     0     0 4984.29169    0 1550          - 4984.29169      -     -   66s
     0     0 4984.32529    0 1560          - 4984.32529      -     -   67s
     0     0 4984.32529    0 1560          - 4984.32529      -     -   67s
     0     0 5138.90376    0 1818          - 5138.90376      -     -   76s
     0     0 5155.06723    0 1842          - 5155.06723      -     -   78s
     0     0 5155.20649    0 1849          - 5155.20649      -     -   78s
     0     0 5155.22035    0 1844          - 5155.22035      -     -   78s
     0     0 5298.01980    0 1922          - 5298.01980      -     -   84s
     0     0 5301.88975    0 1952          - 5301.88975      -     -   87s
     0     0 5302.30442    0 1849          - 5302.30442      -     -   87s
     0     0 5302.30442    0 1847          - 5302.30442      -     -   87s
     0     0 5393.45169    0 1803          - 5393.45169      -     -   95s
     0     0 5396.31194    0 1849          - 5396.31194      -     -   96s
     0     0 5396.33193    0 1819          - 5396.33193      -     -   96s
     0     0 5461.35346    0 1864          - 5461.35346      -     -  102s
     0     0 5461.78922    0 1893          - 5461.78922      -     -  103s
     0     0 5461.82985    0 1888          - 5461.82985      -     -  103s
     0     0 5477.42343    0 1968          - 5477.42343      -     -  107s
     0     0 5478.85602    0 2026          - 5478.85602      -     -  108s
     0     0 5478.99601    0 2041          - 5478.99601      -     -  109s
     0     0 5489.73739    0 2125          - 5489.73739      -     -  111s
     0     0 5491.66544    0 2170          - 5491.66544      -     -  113s
     0     0 5491.83727    0 2091          - 5491.83727      -     -  113s
     0     0 5491.98285    0 2188          - 5491.98285      -     -  114s
     0     0 5501.80213    0 2119          - 5501.80213      -     -  117s
     0     0 5503.59201    0 2089          - 5503.59201      -     -  118s
     0     0 5503.64964    0 2120          - 5503.64964      -     -  119s
     0     0 5512.53778    0 2058          - 5512.53778      -     -  121s
     0     0 5512.73329    0 2090          - 5512.73329      -     -  121s
     0     0 5512.81819    0 2070          - 5512.81819      -     -  121s
     0     0 5520.16968    0 2083          - 5520.16968      -     -  124s
     0     0 5520.49817    0 2020          - 5520.49817      -     -  125s
     0     0 5520.50273    0 2052          - 5520.50273      -     -  125s
     0     0 5530.14067    0 2119          - 5530.14067      -     -  127s
     0     0 5530.89252    0 2172          - 5530.89252      -     -  128s
     0     0 5530.97207    0 2124          - 5530.97207      -     -  128s
     0     0 5538.79356    0 2005          - 5538.79356      -     -  131s
     0     0 5540.10305    0 2024          - 5540.10305      -     -  132s
     0     0 5540.15557    0 2066          - 5540.15557      -     -  132s
     0     0 5546.50610    0 2023          - 5546.50610      -     -  134s
     0     0 5548.17609    0 2037          - 5548.17609      -     -  135s
     0     0 5548.22619    0 2042          - 5548.22619      -     -  135s
     0     0 5551.85805    0 2094          - 5551.85805      -     -  137s
     0     0 5552.17999    0 2081          - 5552.17999      -     -  137s
     0     0 5552.17999    0 2107          - 5552.17999      -     -  138s
     0     0 5556.19769    0 2054          - 5556.19769      -     -  139s
     0     0 5556.57788    0 2064          - 5556.57788      -     -  140s
     0     0 5556.60796    0 2110          - 5556.60796      -     -  140s
     0     0 5560.32263    0 2046          - 5560.32263      -     -  142s
     0     0 5560.45249    0 2025          - 5560.45249      -     -  143s
     0     0 5564.36135    0 2067          - 5564.36135      -     -  144s
     0     0 5564.79969    0 2121          - 5564.79969      -     -  145s
     0     0 5564.79969    0 2106          - 5564.79969      -     -  145s
     0     0 5569.90390    0 2065          - 5569.90390      -     -  147s
     0     0 5570.19079    0 2164          - 5570.19079      -     -  148s
     0     0 5570.19219    0 2161          - 5570.19219      -     -  148s
     0     0 5578.27931    0 2109          - 5578.27931      -     -  151s
     0     0 5578.54842    0 2104          - 5578.54842      -     -  151s
     0     0 5578.57347    0 2140          - 5578.57347      -     -  151s
     0     0 5580.83201    0 2087          - 5580.83201      -     -  154s
     0     0 5580.98031    0 2118          - 5580.98031      -     -  155s
     0     0 5581.69447    0 2113          - 5581.69447      -     -  156s
     0     0 5581.76013    0 2144          - 5581.76013      -     -  156s
     0     0 5582.02065    0 2168          - 5582.02065      -     -  157s
     0     0 5582.04228    0 2168          - 5582.04228      -     -  157s
H    0     0                    6807982.0000 5582.24747   100%     -  166s
H    0     0                    117626.00000 5582.24747  95.3%     -  166s
H    0     0                    117506.00000 5582.24747  95.2%     -  166s
H    0     0                    117467.00000 5582.24747  95.2%     -  166s
H    0     0                    117354.00000 5582.24747  95.2%     -  166s
H    0     0                    111858.00000 5582.24747  95.0%     -  166s
H    0     0                    111812.00000 5582.24747  95.0%     -  166s
H    0     0                    60527.000000 5582.24747  90.8%     -  166s
H    0     0                    57208.000000 5582.24747  90.2%     -  167s
H    0     0                    56722.000000 5582.24747  90.2%     -  167s
H    0     0                    56562.000000 5582.24747  90.1%     -  167s
H    0     0                    55730.000000 5582.24747  90.0%     -  167s
H    0     0                    55376.000000 5582.24747  89.9%     -  167s
H    0     0                    54982.000000 5582.24747  89.8%     -  167s
H    0     0                    54208.000000 5582.24747  89.7%     -  167s
H    0     0                    52032.000000 5582.24747  89.3%     -  167s
H    0     0                    51892.000000 5582.24747  89.2%     -  167s
H    0     0                    51676.000000 5582.24747  89.2%     -  167s
H    0     0                    51471.000000 5582.24747  89.2%     -  167s
H    0     0                    51130.000000 5582.24747  89.1%     -  167s
H    0     0                    51010.000000 5582.24747  89.1%     -  167s
H    0     2                    49587.000000 5582.24747  88.7%     -  169s
     0     2 5582.24747    0 2158 49587.0000 5582.24747  88.7%     -  169s
     1     4 5583.72937    1 2158 49587.0000 5583.52191  88.7%  2371  179s
     3     8 5584.03797    2 2245 49587.0000 5583.73084  88.7%  4930  197s
     7    16 5584.70591    3 2152 49587.0000 5584.56214  88.7%  5846  220s
    15    32 5585.11941    4 2193 49587.0000 5585.11941  88.7%  6737  229s
    31    58 5764.66032    5 2072 49587.0000 5585.31900  88.7%  6331  260s
H   33    58                    49585.000000 5585.31900  88.7%  6310  260s
H   38    58                    49584.000000 5585.31900  88.7%  6827  260s
H   42    58                    47638.000000 5585.31900  88.3%  7133  260s
    59    89 5931.27419    6 2066 47638.0000 5585.31900  88.3%  7788  289s
H   90   218                    45765.000000 5585.31900  87.8%  5874  318s
H   93   218                    45198.000000 5585.31900  87.6%  5800  318s
H  111   218                    44920.000000 5585.31900  87.6%  5318  318s
H  125   218                    44723.000000 5585.31900  87.5%  5012  318s
H  186   218                    44464.000000 5585.31900  87.4%  4230  318s
H  209   218                    44012.000000 5585.31900  87.3%  3884  318s
H  214   218                    43903.000000 5585.31900  87.3%  3822  318s
   219   311 5933.65136    9 1968 43903.0000 5585.31900  87.3%  3754  342s
   312   394 6010.67584    9 1984 43903.0000 5585.31900  87.3%  3203  365s
H  313   394                    43624.000000 5585.31900  87.2%  3192  365s
H  326   394                    43470.000000 5585.31900  87.2%  3127  365s
H  329   394                    42718.000000 5585.31900  86.9%  3107  365s
H  346   394                    42487.000000 5585.31900  86.9%  3034  365s
H  380   394                    41232.000000 5585.31900  86.5%  2891  365s
   395   483 5935.06084   11 2004 41232.0000 5585.31900  86.5%  2829  386s
H  484   513                    41208.000000 5585.31900  86.4%  2544  401s
H  485   513                    41197.000000 5585.31900  86.4%  2545  401s
H  487   513                    40988.000000 5585.31900  86.4%  2541  401s
H  489   513                    40308.000000 5585.31900  86.1%  2535  401s
   514   584 5959.62295   11 1947 40308.0000 5585.31900  86.1%  2490  424s
H  585   614                    40286.000000 5585.31900  86.1%  2348  442s
H  588   614                    39708.000000 5585.31900  85.9%  2342  442s
H  590   614                    39337.000000 5585.31900  85.8%  2337  442s
   615   685 5973.51382   13 1954 39337.0000 5585.31900  85.8%  2301  467s
   686   715 6130.55826   15 1951 39337.0000 5585.31900  85.8%  2232  485s
H  687   715                    39334.000000 5585.31900  85.8%  2229  485s
H  688   715                    38418.000000 5585.31900  85.5%  2226  485s
H  689   715                    38045.000000 5585.31900  85.3%  2225  485s
H  694   715                    37960.000000 5585.31900  85.3%  2215  485s
H  702   715                    37472.000000 5585.31900  85.1%  2198  485s
H  712   715                    36929.000000 5585.31900  84.9%  2184  485s
   716   803 5939.86467   16 1929 36929.0000 5585.31900  84.9%  2190  506s
   804   860 5945.78207   16 1997 36929.0000 5585.31900  84.9%  2071  530s
H  805   860                    35939.000000 5585.31900  84.5%  2068  530s
H  808   860                    35871.000000 5585.31900  84.4%  2063  531s
H  811   860                    35392.000000 5585.31900  84.2%  2059  531s
H  831   860                    35123.000000 5585.31900  84.1%  2062  531s
H  832   860                    34821.000000 5585.31900  84.0%  2061  531s
H  847   860                    33939.000000 5585.31900  83.5%  2042  531s
H  861   888                    31510.000000 5585.31900  82.3%  2026  551s
H  889   967                    31399.000000 5585.31900  82.2%  2012  577s
H  891   967                    31122.000000 5585.31900  82.1%  2013  577s
H  898   967                    29894.000000 5585.31900  81.3%  2003  577s
H  908   967                    29493.000000 5585.31900  81.1%  2008  577s
H  923   967                    29412.000000 5585.31900  81.0%  2012  577s
H  925   967                    27518.000000 5585.31900  79.7%  2019  577s
   968  1066 5997.65642   18 1985 27518.0000 5585.31900  79.7%  2000  605s
H 1067  1155                    27345.000000 5585.31900  79.6%  1942  633s
H 1072  1155                    27176.000000 5585.31900  79.4%  1936  633s
H 1082  1155                    26828.000000 5585.31900  79.2%  1926  633s
H 1095  1155                    26093.000000 5585.31900  78.6%  1923  633s
  1156  1257 5945.12217   21 2029 26093.0000 5585.31900  78.6%  1903  660s
H 1258  1363                    26025.000000 5585.31900  78.5%  1863  693s
H 1260  1363                    25875.000000 5585.31900  78.4%  1866  693s
  1364  1499 5946.02009   22 2021 25875.0000 5585.31900  78.4%  1836  726s
H 1500  1530                    25859.000000 5585.31900  78.4%  1801  749s
H 1502  1530                    25739.000000 5585.31900  78.3%  1799  749s
H 1503  1530                    25694.000000 5585.31900  78.3%  1798  749s
H 1506  1530                    25192.000000 5585.31900  77.8%  1797  749s
  1531  1652 5949.56950   27 2070 25192.0000 5585.31900  77.8%  1802  783s
  1653  1770 5969.35464   27 2046 25192.0000 5585.31900  77.8%  1793  820s
  1771  1925 5952.01159   30 2027 25192.0000 5585.31900  77.8%  1780  858s
H 1928  1964                    25184.000000 5585.31900  77.8%  1744  883s
H 1929  1964                    25180.000000 5585.31900  77.8%  1743  883s
H 1934  1964                    25028.000000 5585.31900  77.7%  1743  883s
  1967  2101 5954.38095   35 1946 25028.0000 5585.31900  77.7%  1738  920s
H 2051  2101                    25022.000000 5585.31900  77.7%  1741  920s
H 2108  2133                    24933.000000 5585.31900  77.6%  1738  947s
H 2113  2133                    24812.000000 5585.31900  77.5%  1737  947s
H 2131  2133                    24370.000000 5585.31900  77.1%  1732  947s
  2140  2313 5956.56432   38 2027 24370.0000 5585.31900  77.1%  1731  986s
H 2207  2313                    24366.000000 5585.31900  77.1%  1725  986s
H 2263  2313                    24142.000000 5585.31900  76.9%  1714  986s
H 2322  2534                    24138.000000 5585.31900  76.9%  1708 1021s
H 2333  2534                    23826.000000 5585.31900  76.6%  1706 1021s
H 2367  2534                    23696.000000 5585.31900  76.4%  1699 1021s
  2545  2783 5963.07114   44 1993 23696.0000 5585.31900  76.4%  1667 1063s
  2796  3048 5965.53615   50 2146 23696.0000 5585.31900  76.4%  1618 1101s
  3061  3314 5974.20323   55 2024 23696.0000 5585.31900  76.4%  1576 1140s
H 3073  3314                    23658.000000 5585.31900  76.4%  1571 1140s
H 3262  3314                    23632.000000 5585.31900  76.4%  1551 1140s
H 3327  3346                    23572.000000 5585.31900  76.3%  1532 1167s
H 3328  3346                    23561.000000 5585.31900  76.3%  1532 1167s
H 3333  3346                    23386.000000 5585.31900  76.1%  1530 1167s
H 3359  3431                    23378.000000 5585.31900  76.1%  1525 1199s
H 3381  3431                    23100.000000 5585.31900  75.8%  1524 1199s
  3444  3767 5977.56352   72 2000 23100.0000 5585.31900  75.8%  1518 1239s
H 3780  4024                    23065.000000 5585.31900  75.8%  1480 1281s
H 3802  4024                    23057.000000 5585.31900  75.8%  1480 1281s
H 3825  4024                    23022.000000 5585.31900  75.7%  1476 1281s
H 3828  4024                    23019.000000 5585.31900  75.7%  1478 1281s
H 3845  4024                    22993.000000 5585.31900  75.7%  1476 1281s
H 3878  4024                    22915.000000 5585.31900  75.6%  1473 1281s
H 4004  4024                    22793.000000 5585.31900  75.5%  1458 1281s
  4037  4405 5987.64464   83 1907 22793.0000 5585.31900  75.5%  1452 1323s
H 4167  4405                    22765.000000 5585.31900  75.5%  1447 1323s
H 4281  4405                    22736.000000 5585.31900  75.4%  1431 1323s
H 4418  4727                    22673.000000 5585.31900  75.4%  1413 1374s
  4742  5051 5990.50688   93 1930 22673.0000 5585.31900  75.4%  1393 1421s
  5068  5346 5990.76127   94 1943 22673.0000 5585.31900  75.4%  1390 1469s
H 5171  5346                    22671.000000 5585.31900  75.4%  1395 1469s
H 5199  5346                    22629.000000 5585.31900  75.3%  1400 1469s
  5367  5668 5992.06123   97 1943 22629.0000 5585.31900  75.3%  1398 1514s
H 5445  5668                    22627.000000 5585.31900  75.3%  1412 1514s
H 5490  5668                    22619.000000 5585.31900  75.3%  1411 1514s
  5695  5941 6019.87972   96 1940 22619.0000 5585.31900  75.3%  1401 1563s
H 5971  5973                    22575.000000 5585.31900  75.3%  1420 1603s
H 5977  5973                    22538.000000 5585.31900  75.2%  1422 1603s
H 5983  5973                    22348.000000 5585.31900  75.0%  1422 1603s
H 5993  5973                    22115.000000 5585.31900  74.7%  1424 1603s
  6003  6229 6068.28005   98 1927 22115.0000 5585.31900  74.7%  1424 1656s
H 6228  6229                    22106.000000 5585.31900  74.7%  1447 1656s
H 6263  6628                    22067.000000 5585.31900  74.7%  1447 1712s
H 6546  6628                    22058.000000 5585.31900  74.7%  1454 1712s
H 6664  7150                    22054.000000 5585.31900  74.7%  1443 1769s
H 6748  7150                    21917.000000 5585.31900  74.5%  1455 1769s
  7190  7771 6236.72176  104 1931 21917.0000 5585.31900  74.5%  1413 1821s
H 7813  8313                    21803.000000 5585.31900  74.4%  1370 1876s
H 7838  8313                    21691.000000 5585.31900  74.3%  1377 1876s
H 7860  8313                    21455.000000 5585.31900  74.0%  1378 1876s
H 7901  8313                    21410.000000 5585.31900  73.9%  1382 1876s
H 7940  8313                    21289.000000 5585.31900  73.8%  1386 1876s
H 8015  8313                    21143.000000 5585.31900  73.6%  1381 1876s
H 8375  9014                    20700.000000 5585.31900  73.0%  1343 1932s
  9103  9795 6276.49519  104 1967 20700.0000 5585.31900  73.0%  1304 1988s
H 9113  9795                    20696.000000 5585.31900  73.0%  1306 1988s
H 9123  9795                    20686.000000 5585.31900  73.0%  1308 1988s
H 9154  9795                    20642.000000 5585.31900  72.9%  1310 1988s
H 9444  9795                    20632.000000 5585.31900  72.9%  1303 1988s
  9926 10543 6273.23587  105 1798 20632.0000 5585.31900  72.9%  1255 2046s
H 9928 10543                    20628.000000 5585.31900  72.9%  1256 2046s
H 9943 10543                    20508.000000 5585.31900  72.8%  1258 2046s
H 9953 10543                    20414.000000 5585.31900  72.6%  1260 2046s
H 9973 10543                    20360.000000 5585.31900  72.6%  1262 2046s
H10435 10543                    19995.000000 5585.31900  72.1%  1239 2046s
H10473 10543                    19953.000000 5585.31900  72.0%  1236 2046s
 10753 11346 6293.48262  106 1966 19953.0000 5585.31900  72.0%  1212 2103s
H10758 11346                    19949.000000 5585.31900  72.0%  1213 2103s
H10776 11346                    19844.000000 5585.31900  71.9%  1213 2103s
H10788 11346                    19832.000000 5585.31900  71.8%  1215 2103s
H11432 11346                    19501.000000 5585.31900  71.4%  1183 2103s
 11689 12048 6338.82727  106 1815 19501.0000 5585.31900  71.4%  1164 2167s
H11967 12048                    19496.000000 5585.31900  71.4%  1168 2167s
H12104 12048                    19482.000000 5585.31900  71.3%  1161 2167s
H12181 12048                    19460.000000 5585.31900  71.3%  1156 2167s
H12485 12011                    19084.000000 5585.31900  70.7%  1142 2220s
H12497 11981                    18536.000000 5585.31900  69.9%  1144 2220s
H12518 12596                    18534.000000 5585.31900  69.9%  1146 2288s
H12523 12595                    18454.000000 5585.31900  69.7%  1147 2288s
H12658 12595                    18450.000000 5585.31900  69.7%  1144 2288s
H12677 12594                    18418.000000 5585.31900  69.7%  1149 2288s
H12959 12594                    18356.000000 5585.31900  69.6%  1141 2288s
 13189 13284 6525.11729  112 1797 18356.0000 5585.31900  69.6%  1137 2359s
H13914 13974                    18346.000000 5585.31900  69.6%  1128 2426s
H13942 13974                    18344.000000 5585.31900  69.6%  1131 2426s
H13955 13971                    18258.000000 5585.31900  69.4%  1131 2426s
H14666 13971                    18242.000000 5585.31900  69.4%  1122 2427s
 14667 13972 6599.58424  192 13344 18242.0000 5585.31900  69.4%  1121 2481s
H14668 13274                    18229.000000 5585.31900  69.4%  1121 2494s
H14668 12610                    18217.000000 5585.31900  69.3%  1121 2494s
H14668 11980                    18207.000000 5585.31900  69.3%  1121 2529s
H14668 11381                    18206.000000 5585.31900  69.3%  1121 2529s
H14668 10812                    18200.000000 5585.31900  69.3%  1121 2529s
 14670 10813 10499.7046  939 1433 18200.0000 5585.31900  69.3%  1121 2532s
 14671 10814 11351.4016  430 1588 18200.0000 5585.31900  69.3%  1121 2538s
 14672 10814 9111.18114  402 1702 18200.0000 5585.31900  69.3%  1121 2548s
H14672 10273                    18180.000000 5585.31900  69.3%  1121 2556s
H14672  9759                    18176.000000 5585.31900  69.3%  1121 2556s
H14672  9271                    18156.000000 5585.31900  69.2%  1121 2556s
H14673  8808                    18154.000000 5631.24559  69.0%  1121 2564s
 14675  8809 6173.10093  208 1971 18154.0000 5649.92875  68.9%  1121 2569s
 14676  8810 11664.9587  176 2026 18154.0000 5655.44425  68.8%  1121 2571s
H14676  8369                    18141.000000 5657.97396  68.8%  1121 2573s
H14677  7952                    18125.000000 5659.81377  68.8%  1121 2574s
H14677  7554                    18103.000000 5659.81377  68.7%  1121 2574s
 14679  7555 7278.70498  242 2027 18103.0000 5660.32511  68.7%  1121 2575s
 14682  7557 9978.00118  309 2028 18103.0000 5660.36639  68.7%  1120 2604s
H14682  7179                    18055.000000 5794.53728  67.9%  1120 2614s
 14684  7180 5826.54061   17 1846 18055.0000 5826.54061  67.7%  1120 2619s
 14685  7181 6141.57564  124 1970 18055.0000 5839.00002  67.7%  1120 2622s
 14687  7182 10979.5561  356 1924 18055.0000 5841.57075  67.6%  1120 2625s
 14690  7184 9861.74003  636 1828 18055.0000 5841.82506  67.6%  1120 2655s
 14691  7185 5946.40445   11 1961 18055.0000 5946.40445  67.1%  1120 2662s
 14692  7186 6079.79949   30 1900 18055.0000 5964.33354  67.0%  1120 2665s
H14697  6829                    17994.000000 5969.72927  66.8%  1119 2692s
H14697  6487                    17856.000000 5969.72927  66.6%  1119 2692s
H14698  6163                    17758.000000 6011.91723  66.1%  1119 2697s
 14701  6165 8995.42246  524 2001 17758.0000 6015.95610  66.1%  1119 2700s
 14703  6166 6015.96282   30 1975 17758.0000 6015.96282  66.1%  1119 2726s
H14703  5857                    17746.000000 6059.22605  65.9%  1119 2732s
 14705  5858 6685.46124   66 1978 17746.0000 6064.11704  65.8%  1119 2736s
 14709  5861 14805.7714  571 2022 17746.0000 6065.20271  65.8%  1118 2766s
H14709  5567                    17624.000000 6122.01233  65.3%  1118 2788s
 14710  5568 6166.33604  197 2184 17624.0000 6122.01233  65.3%  1118 2798s
 14711  5568 6131.38962  128 2198 17624.0000 6131.38962  65.2%  1118 2801s
 14716  5572 11048.4016  402 2138 17624.0000 6132.97374  65.2%  1118 2833s
 14717  5572 6179.36568   98 2144 17624.0000 6179.36568  64.9%  1118 2841s
 14718  5573 6191.31634  103 2187 17624.0000 6191.31634  64.9%  1118 2845s
 14725  5578 17184.1858  560 2068 17624.0000 6195.90702  64.8%  1117 2878s
 14726  5578 8317.14717  251 2287 17624.0000 6244.65030  64.6%  1117 2885s
 14727  5579 13309.4827  474 2232 17624.0000 6263.07526  64.5%  1117 2890s
 14732  5582 6268.80398  203 2229 17624.0000 6268.80398  64.4%  1116 2895s
 14735  5584 7381.16918  289 2263 17624.0000 6268.81006  64.4%  1116 2923s
H14735  5304                    17623.000000 6328.00603  64.1%  1116 2932s
 14737  5306 6675.72250  227 2268 17623.0000 6345.76773  64.0%  1116 2938s
 14738  5306 8907.29583  255 2166 17623.0000 6352.14701  64.0%  1116 2941s
 14745  5311 8485.62746  407 2297 17623.0000 6353.84122  63.9%  1116 2972s
 14746  5312 10510.7542  959 2152 17623.0000 6415.92007  63.6%  1115 2980s
 14747  5312 8280.33552  290 2232 17623.0000 6428.28454  63.5%  1115 2985s
 14751  5315 15469.3590  843 2231 17623.0000 6436.48048  63.5%  1115 2990s
 14755  5318 9584.64595  630 2243 17623.0000 6436.49374  63.5%  1115 3018s
 14756  5318 8841.65776  372 2137 17623.0000 6479.32140  63.2%  1115 3027s
 14757  5319 10047.9149  127 2092 17623.0000 6492.18816  63.2%  1115 3032s
 14759  5320 8994.46483  523 2121 17623.0000 6495.41102  63.1%  1114 3035s
 14764  5324 8514.28176  434 2114 17623.0000 6495.55965  63.1%  1114 3064s
H14764  5056                    17617.000000 6530.60905  62.9%  1114 3072s
H14764  4802                    17613.000000 6530.60905  62.9%  1114 3072s
H14764  4560                    17597.000000 6530.60905  62.9%  1114 3072s
 14766  4561 9246.16728  322 2290 17597.0000 6543.67368  62.8%  1114 3078s
 14767  4562 6599.58424  192 2268 17597.0000 6547.86475  62.8%  1114 3081s
 14771  4564 11351.4016  430 2312 17597.0000 6548.90047  62.8%  1114 3110s
 14772  4565 9111.18114  402 2350 17597.0000 6586.03449  62.6%  1113 3119s
 14773  4566 6591.49451   30 2368 17597.0000 6591.49451  62.5%  1113 3122s
 14776  4568 11664.9587  176 2338 17597.0000 6592.73850  62.5%  1113 3125s
 14778  4569 10192.4678  432 2318 17597.0000 6592.76455  62.5%  1113 3154s
H14778  4339                    17594.000000 6615.13517  62.4%  1113 3190s
H14778  4120                    17557.000000 6615.13517  62.3%  1113 3190s
H14778  3912                    17556.000000 6615.13517  62.3%  1113 3190s
H14778  3715                    17443.000000 6615.13517  62.1%  1113 3197s
H14778  3527                    17423.000000 6615.13517  62.0%  1113 3202s
 14779  3528 7278.70498  242 2272 17423.0000 6615.13517  62.0%  1113 3213s
 14780  3528 6622.40962   93 2357 17423.0000 6622.40962  62.0%  1113 3220s
 14785  3532 6623.69641  124 2296 17423.0000 6623.69641  62.0%  1112 3252s
 14786  3532 6661.19921   39 2380 17423.0000 6661.19921  61.8%  1112 3262s
 14787  3533 10979.5561  356 2328 17423.0000 6673.83126  61.7%  1112 3268s
 14788  3534 8108.64480  217 2202 17423.0000 6678.27045  61.7%  1112 3271s
 14794  3538 10439.1560  328 2299 17423.0000 6679.71308  61.7%  1112 3275s
 14795  3538 6703.52895  114 2314 17423.0000 6679.71324  61.7%  1112 3304s
 14796  3539 9602.76678  292 2440 17423.0000 6708.27244  61.5%  1112 3313s
 14797  3540 6715.39345  156 2451 17423.0000 6715.39345  61.5%  1112 3317s
 14798  3540 9063.03952  521 2317 17423.0000 6716.98403  61.4%  1112 3320s
 14803  3544 6717.91049   30 2416 17423.0000 6717.91049  61.4%  1111 3352s
 14804  3544 7044.65835   51 2456 17423.0000 6742.44850  61.3%  1111 3361s
 14805  3545 6747.84368   66 2555 17423.0000 6747.84368  61.3%  1111 3365s
 14810  3548 6750.72335  197 2576 17423.0000 6750.72335  61.3%  1111 3370s
 14812  3550 7506.11215  287 2606 17423.0000 6750.73992  61.3%  1110 3397s
 14813  3550 8164.28361  247 2463 17423.0000 6769.16430  61.1%  1110 3405s
 14815  3552 11946.7984  431 2584 17423.0000 6774.30267  61.1%  1110 3410s
 14821  3556 6775.22278   57 2566 17423.0000 6775.22278  61.1%  1110 3417s
 14822  3556 8987.34093  350 2535 17423.0000 6791.58224  61.0%  1110 3425s
 14824  3558 8168.83082   88 2394 17423.0000 6796.91242  61.0%  1110 3430s
 14828  3560 10924.3026  407 2486 17423.0000 6797.53212  61.0%  1109 3458s
 14829  3561 13202.7152  502 2643 17423.0000 6815.05157  60.9%  1109 3465s
 14831  3562 6820.41238   48 2726 17423.0000 6820.41238  60.9%  1109 3471s
 14839  3568 16350.5158  585 2659 17423.0000 6820.83165  60.9%  1108 3500s
 14840  3568 6834.83981   32 2656 17423.0000 6834.83981  60.8%  1108 3508s
 14841  3569 6837.86629   64 2714 17423.0000 6837.86629  60.8%  1108 3512s
 14844  3571 6838.97097   91 2737 17423.0000 6838.97097  60.7%  1108 3515s
 14848  3574 6839.03890  293 2705 17423.0000 6839.03890  60.7%  1108 3541s
 14849  3574 13842.2136  493 2517 17423.0000 6852.63866  60.7%  1108 3547s
 14851  3576 15469.3590  843 2557 17423.0000 6854.06767  60.7%  1108 3550s
 14854  3578 8942.48034  317 2690 17423.0000 6854.08409  60.7%  1107 3576s
 14855  3578 9584.64595  630 2573 17423.0000 6866.95880  60.6%  1107 3583s
 14856  3579 8841.65776  372 2680 17423.0000 6870.06518  60.6%  1107 3587s
 14859  3581 8994.46483  523 2819 17423.0000 6871.04047  60.6%  1107 3590s
 14862  3583 12507.7797  595 2737 17423.0000 6871.04546  60.6%  1107 3616s
 14863  3584 6879.53713   29 2653 17423.0000 6879.53713  60.5%  1107 3621s
 14867  3586 6880.95172  192 2820 17423.0000 6880.95172  60.5%  1106 3625s
 14869  3588 6880.95342   81 2771 17423.0000 6880.95342  60.5%  1106 3650s
 14870  3588 10499.7046  939 2689 17423.0000 6890.22599  60.5%  1106 3657s
 14871  3589 11351.4016  430 2499 17423.0000 6890.74156  60.5%  1106 3660s
 14877  3593 10098.3060  770 2572 17423.0000 6891.76806  60.4%  1106 3687s
 14878  3594 10192.4678  432 2693 17423.0000 6898.67073  60.4%  1106 3694s
 14879  3594 7278.70498  242 2747 17423.0000 6899.71114  60.4%  1105 3696s
 14885  3598 6900.29461  124 2757 17423.0000 6900.29461  60.4%  1105 3724s
 14886  3599 6907.71771   39 2666 17423.0000 6907.71771  60.4%  1105 3730s
 14892  3603 6908.85676   30 2810 17423.0000 6908.85676  60.3%  1104 3759s
 14893  3604 7537.00274  335 2768 17423.0000 6913.46647  60.3%  1104 3764s
 14894  3604 10439.1560  328 2876 17423.0000 6913.79941  60.3%  1104 3766s
 14900  3608 6914.27844   57 2883 17423.0000 6914.27844  60.3%  1104 3795s
 14902  3610 15408.5181  818 2799 17423.0000 6918.30352  60.3%  1104 3802s
 14906  3612 7685.39248  210 2755 17423.0000 6918.51433  60.3%  1103 3829s
 14907  3613 11670.1021  443 2637 17423.0000 6923.30803  60.3%  1103 3834s
 14908  3614 6923.30803  104 2832 17423.0000 6923.30803  60.3%  1103 3836s
 14912  3616 7506.11215  287 2857 17423.0000 6923.34829  60.3%  1103 3864s
 14913  3617 8164.28361  247 2813 17423.0000 6929.58659  60.2%  1103 3870s
 14917  3620 6931.28099   98 2794 17423.0000 6931.28099  60.2%  1103 3875s
 14920  3622 10924.3026  407 2896 17423.0000 6931.28548  60.2%  1102 3904s
 14921  3622 6937.81894   57 2803 17423.0000 6937.81894  60.2%  1102 3910s
 14927  3626 13309.4827  474 2932 17423.0000 6939.38049  60.2%  1102 3942s
 14928  3627 10924.3026  407 2863 17423.0000 6943.96093  60.1%  1102 3948s
 14929  3628 13202.7152  502 2909 17423.0000 6945.38371  60.1%  1102 3951s
 14934  3631 6945.74191  101 2998 17423.0000 6945.74191  60.1%  1101 3982s
 14935  3632 7381.16918  289 2902 17423.0000 6952.24290  60.1%  1101 3987s
 14937  3633 6953.62198  227 2773 17423.0000 6953.62198  60.1%  1101 3990s
 14942  3636 8164.87761  254 2869 17423.0000 6953.75437  60.1%  1101 4021s
 14943  3637 6958.56199  154 2845 17423.0000 6958.56199  60.1%  1101 4026s
H14945  3451                    17307.000000 6959.56191  59.8%  1101 4030s
 14948  3453 6959.57047  293 2912 17307.0000 6959.57047  59.8%  1100 4058s
 14949  3454 13842.2136  493 2971 17307.0000 6964.22324  59.8%  1100 4063s
 14950  3455 6965.00013  106 2913 17307.0000 6965.00013  59.8%  1100 4065s
 14955  3458 9584.64595  630 2974 17307.0000 6965.55975  59.8%  1100 4097s
 14956  3459 8841.65776  372 2925 17307.0000 6969.98278  59.7%  1100 4102s
 14957  3459 10047.9149  127 3178 17307.0000 6971.48558  59.7%  1100 4105s
 14961  3462 6972.13592  223 3265 17307.0000 6972.13592  59.7%  1099 4137s
 14962  3463 12507.7797  595 2875 17307.0000 6976.77597  59.7%  1099 4142s
 14964  3464 8514.28176  434 3101 17307.0000 6977.57923  59.7%  1099 4145s
 14969  3467 6977.64527   81 3050 17307.0000 6977.64527  59.7%  1099 4174s
 14970  3468 10499.7046  939 3069 17307.0000 6981.54663  59.7%  1099 4179s
 14971  3469 11351.4016  430 3075 17307.0000 6982.31422  59.7%  1099 4181s
H14975  3293                    16865.000000 6982.55606  58.6%  1098 4210s
H14975  3123                    16840.000000 6982.55606  58.5%  1098 4210s
 14977  3125 10098.3060  770 3089 16840.0000 6986.63016  58.5%  1098 4216s
H14978  2963                    16820.000000 6988.22786  58.5%  1098 4220s
 14982  2966 9978.00118  309 3124 16820.0000 6988.24993  58.5%  1098 4245s
 14983  2967 6994.08556   88 3125 16820.0000 6994.08556  58.4%  1098 4251s
 14985  2968 6996.17094  124 3112 16820.0000 6996.17094  58.4%  1098 4256s
 14990  2971 9861.74003  636 3149 16820.0000 6996.28390  58.4%  1097 4281s
 14991  2972 6999.22035   11 3148 16820.0000 6999.22035  58.4%  1097 4285s
 14994  2974 10439.1560  328 3190 16820.0000 7000.59133  58.4%  1097 4290s
H14997  2822                    16740.000000 7000.62125  58.2%  1097 4319s
 14999  2823 7331.16881  250 2955 16740.0000 7004.38483  58.2%  1097 4325s
 15005  2827 7005.46201   66 3133 16740.0000 7005.46201  58.2%  1096 4358s
H15005  2680                    16675.000000 7007.73976  58.0%  1096 4362s
H15005  2540                    16671.000000 7007.73976  58.0%  1096 4363s
H15005  2408                    16633.000000 7007.73976  57.9%  1096 4363s
H15005  2282                    16603.000000 7007.73976  57.8%  1096 4364s
 15007  2284 11670.1021  443 3025 16603.0000 7008.40839  57.8%  1096 4367s
 15013  2288 8164.28361  247 3006 16603.0000 7008.55890  57.8%  1096 4396s
 15014  2288 11825.5331  473 3108 16603.0000 7012.63048  57.8%  1096 4401s
 15016  2290 11048.4016  402 3230 16603.0000 7014.12002  57.8%  1095 4405s
 15021  2293 7014.20540   57 3199 16603.0000 7014.20540  57.8%  1095 4435s
H15021  2172                    16595.000000 7016.76647  57.7%  1095 4441s
H15021  2057                    16555.000000 7016.76647  57.6%  1095 4467s
 15023  2058 7017.14626   90 3139 16555.0000 7017.14626  57.6%  1095 4474s
 15025  2060 16555.0000  560 3057 16555.0000 7017.31154  57.6%  1095 4475s
 15027  2061 13309.4827  474 3229 16555.0000 7017.31523  57.6%  1095 4504s
 15028  2062 10924.3026  407 3172 16555.0000 7022.96642  57.6%  1094 4511s
 15029  2062 13202.7152  502 3158 16555.0000 7025.34088  57.6%  1094 4516s
 15036  2067 7640.06280  295 3165 16555.0000 7025.90817  57.6%  1094 4547s
 15037  2068 7030.30182  227 3094 16555.0000 7030.30182  57.5%  1094 4554s
 15038  2068 8907.29583  255 3145 16555.0000 7031.29189  57.5%  1094 4557s
 15044  2072 7031.54303   91 3212 16555.0000 7031.54303  57.5%  1093 4588s
 15045  2073 8485.62746  407 3206 16555.0000 7036.79889  57.5%  1093 4594s
 15046  2074 10510.7542  959 3185 16555.0000 7038.35678  57.5%  1093 4597s
 15049  2076 13842.2136  493 3305 16555.0000 7038.88221  57.5%  1093 4600s
 15052  2078 7038.89426   24 3309 16555.0000 7038.89426  57.5%  1093 4629s
 15053  2078 9131.44050  318 3162 16555.0000 7045.12690  57.4%  1093 4635s
 15055  2080 9584.64595  630 3249 16555.0000 7047.64811  57.4%  1093 4640s
H15059  1972                    16508.000000 7047.73401  57.3%  1092 4671s
 15061  1974 7052.27495  223 3219 16508.0000 7052.27495  57.3%  1092 4678s
 15062  1974 12507.7797  595 3362 16508.0000 7053.38211  57.3%  1092 4681s
 15067  1978 7053.86423  192 3425 16508.0000 7053.86423  57.3%  1092 4685s
 15068  1978 14132.2029  688 3430 16508.0000 7053.86430  57.3%  1092 4714s
H15068  1872                    16496.000000 7058.55355  57.2%  1092 4720s
 15071  1874 11351.4016  430 3435 16496.0000 7060.38209  57.2%  1091 4725s
 15079  1880 7278.70498  242 3472 16496.0000 7060.61090  57.2%  1091 4756s
 15080  1880 7063.52753   93 3451 16496.0000 7063.52753  57.2%  1091 4761s
 15081  1881 7065.05228   25 3480 16496.0000 7065.05228  57.2%  1091 4765s
 15086  1884 7065.42633   39 3513 16496.0000 7065.42633  57.2%  1090 4796s
H15086  1783                    16485.000000 7068.22868  57.1%  1090 4801s
 15089  1785 7069.09077   42 3516 16485.0000 7069.09077  57.1%  1090 4805s
 15096  1790 9602.76678  292 3432 16485.0000 7069.19674  57.1%  1090 4835s
 15097  1791 7072.27308  156 3388 16485.0000 7072.27308  57.1%  1089 4840s
 15103  1795 7073.15489   30 3546 16485.0000 7073.15489  57.1%  1089 4872s
 15104  1795 7076.88877   51 3367 16485.0000 7076.88877  57.1%  1089 4878s
 15105  1796 7077.87750   66 3606 16485.0000 7077.87750  57.1%  1089 4881s
 15111  1800 7078.32033  128 3608 16485.0000 7078.32033  57.1%  1088 4885s
 15113  1801 8164.28361  247 3592 16485.0000 7078.32212  57.1%  1088 4914s
 15114  1802 11825.5331  473 3562 16485.0000 7080.52159  57.0%  1088 4918s
 15115  1803 11946.7984  431 3662 16485.0000 7081.49140  57.0%  1088 4921s
 15120  1806 10924.3026  407 3804 16485.0000 7081.81068  57.0%  1088 4925s
 15121  1807 7081.81123   57 3757 16485.0000 7081.81123  57.0%  1088 4953s
 15122  1807 8987.34093  350 3449 16485.0000 7083.19684  57.0%  1088 4956s
 15128  1811 10924.3026  407 3635 16485.0000 7083.69248  57.0%  1087 4988s
 15129  1812 13202.7152  502 3516 16485.0000 7086.42944  57.0%  1087 4993s
 15130  1813 7086.43340   44 3740 16485.0000 7086.43340  57.0%  1087 4995s
 15134  1815 7086.56888  101 3693 16485.0000 7086.56888  57.0%  1087 5025s
H15134  1716                    16414.000000 7089.19369  56.8%  1087 5030s
H15134  1623                    16412.000000 7089.19369  56.8%  1087 5030s
H15134  1534                    16385.000000 7089.19369  56.7%  1087 5030s
H15134  1449                    16332.000000 7089.23508  56.6%  1087 5030s
H15134  1369                    16330.000000 7089.23508  56.6%  1087 5030s
H15134  1293                    16264.000000 7089.23508  56.4%  1087 5030s
 15137  1295 7089.89810  227 3634 16264.0000 7089.89810  56.4%  1087 5035s
 15139  1297 16264.0000  585 3767 16264.0000 7089.92523  56.4%  1086 5064s
H15139  1224                    16213.000000 7091.11073  56.3%  1086 5068s
H15139  1155                    16206.000000 7091.11073  56.2%  1086 5068s
 15141  1156 7091.60382   64 3517 16206.0000 7091.60382  56.2%  1086 5070s
 15144  1158 7091.67279   91 3678 16206.0000 7091.67279  56.2%  1086 5098s
H15144  1092                    16136.000000 7093.66093  56.0%  1086 5102s
H15144  1029                    16132.000000 7093.66093  56.0%  1086 5103s
H15144   970                    16066.000000 7093.66093  55.8%  1086 5103s
 15146   971 10510.7542  959 3436 16066.0000 7094.00653  55.8%  1086 5106s
 15151   975 15469.3590  843 3625 16066.0000 7094.27029  55.8%  1086 5135s
 15152   975 7097.63709   24 3406 16066.0000 7097.63709  55.8%  1086 5141s
 15154   977 8942.48034  317 3738 16066.0000 7098.79467  55.8%  1085 5145s
 15158   979 7098.93384   61 3652 16066.0000 7098.93384  55.8%  1085 5175s
H15158   922                    16048.000000 7101.12613  55.8%  1085 5179s
H15158   868                    16043.000000 7101.12613  55.7%  1085 5213s
H15158   816                    16015.000000 7101.12613  55.7%  1085 5251s
H15158   767                    16010.000000 7101.12613  55.6%  1085 5251s
H15158   720                    15982.000000 7101.12613  55.6%  1085 5260s
 15159   721 8994.46483  523 3515 15982.0000 7101.12613  55.6%  1085 5306s
 15160   722 10392.2155  341 3530 15982.0000 7101.71174  55.6%  1085 5322s
 15165   725 9102.33556  283 3636 15982.0000 7102.00545  55.6%  1085 5354s
 15166   726 9246.16728  322 3407 15982.0000 7104.96600  55.5%  1085 5359s
 15167   726 7105.70298  192 3570 15982.0000 7105.70298  55.5%  1084 5361s
 15172   730 9111.18114  402 3788 15982.0000 7106.06623  55.5%  1084 5393s
 15173   730 7109.08055   30 3485 15982.0000 7109.08055  55.5%  1084 5397s
 15179   734 7278.70498  242 3533 15982.0000 7109.40117  55.5%  1084 5400s
 15181   736 7109.40222   25 3535 15982.0000 7109.40222  55.5%  1083 5428s
 15182   736 9978.00118  309 3324 15982.0000 7111.32608  55.5%  1083 5433s
 15183   737 7111.81198   88 3351 15982.0000 7111.81198  55.5%  1083 5435s
 15191   742 7112.12011   11 3464 15982.0000 7112.12011  55.5%  1083 5468s
 15192   743 7113.94482   30 3285 15982.0000 7113.94482  55.5%  1083 5471s
 15197   746 7114.53109  156 3391 15982.0000 7114.53109  55.5%  1082 5503s
 15198   747 9063.03952  521 3263 15982.0000 7117.21214  55.5%  1082 5508s
 15199   748 7331.16881  250 3393 15982.0000 7117.59947  55.5%  1082 5511s
 15202   750 15408.5181  818 3395 15982.0000 7117.71101  55.5%  1082 5540s
 15203   750 7120.33634   30 3052 15982.0000 7120.33634  55.4%  1082 5545s
 15209   754 14805.7714  571 3288 15982.0000 7121.77892  55.4%  1081 5577s
 15210   755 7124.16808  197 3259 15982.0000 7124.16808  55.4%  1081 5583s
 15211   756 7125.68467  128 3385 15982.0000 7125.68467  55.4%  1081 5586s
 15217   760 7125.96872   98 3388 15982.0000 7125.96872  55.4%  1081 5616s
 15218   760 7128.08155  103 3379 15982.0000 7128.08155  55.4%  1081 5620s
 15223   764 7129.15913   90 3559 15982.0000 7129.15913  55.4%  1080 5625s
 15225   765 15982.0000  560 3612 15982.0000 7129.16092  55.4%  1080 5652s
 15226   766 8317.14717  251 3312 15982.0000 7131.37797  55.4%  1080 5657s
 15227   766 13309.4827  474 3413 15982.0000 7131.93068  55.4%  1080 5660s
 15233   770 9121.32817  314 3561 15982.0000 7132.08839  55.4%  1080 5690s
 15234   771 7134.60953  101 3458 15982.0000 7134.60953  55.4%  1080 5695s
 15241   776 7135.01213   64 3554 15982.0000 7135.01213  55.4%  1079 5729s
 15242   776 8164.87761  254 3402 15982.0000 7137.30597  55.3%  1079 5733s
 15243   777 7138.06512  154 3528 15982.0000 7138.06512  55.3%  1079 5736s
 15249   781 13842.2136  493 3624 15982.0000 7138.30331  55.3%  1079 5767s
 15250   782 7139.47214  106 3664 15982.0000 7139.47214  55.3%  1079 5770s
 15258   787 7140.10159   61 3683 15982.0000 7140.10159  55.3%  1078 5802s
 15259   788 8994.46483  523 3460 15982.0000 7142.22323  55.3%  1078 5807s
 15260   788 10392.2155  341 3462 15982.0000 7142.84321  55.3%  1078 5810s
 15264   791 8514.28176  434 3585 15982.0000 7143.00754  55.3%  1078 5839s
 15265   792 9102.33556  283 3591 15982.0000 7143.70988  55.3%  1078 5841s
 15270   795 10499.7046  939 3698 15982.0000 7144.15739  55.3%  1077 5845s
 15271   796 11351.4016  430 3698 15982.0000 7144.15739  55.3%  1077 5874s
 15272   796 9111.18114  402 3511 15982.0000 7145.17811  55.3%  1077 5877s
 15275   798 7145.60241  208 3616 15982.0000 7145.60241  55.3%  1077 5880s
 15277   800 10098.3060  770 3599 15982.0000 7145.60370  55.3%  1077 5909s
 15278   800 10192.4678  432 3492 15982.0000 7146.45446  55.3%  1077 5912s
 15282   803 9978.00118  309 3604 15982.0000 7146.77114  55.3%  1076 5915s
 15284   804 7146.78632   17 3644 15982.0000 7146.78632  55.3%  1076 5942s
 15285   805 7148.90681  124 3552 15982.0000 7148.90681  55.3%  1076 5947s
 15286   806 7149.84200   39 3562 15982.0000 7149.84200  55.3%  1076 5950s
 15292   810 7150.10908   30 3626 15982.0000 7150.10908  55.3%  1076 5981s
 15293   810 7537.00274  335 3630 15982.0000 7151.83260  55.3%  1076 5985s
 15301   816 8995.42246  524 3708 15982.0000 7152.40508  55.2%  1075 6017s
 15302   816 15408.5181  818 3533 15982.0000 7153.84089  55.2%  1075 6020s
 15308   820 7154.46249  104 3699 15982.0000 7154.46249  55.2%  1074 6025s
 15309   821 14805.7714  571 3706 15982.0000 7154.46261  55.2%  1074 6053s
 15310   822 7157.38315  197 3525 15982.0000 7157.38315  55.2%  1074 6058s
 15311   822 7158.37695  128 3673 15982.0000 7158.37695  55.2%  1074 6061s
 15316   826 11048.4016  402 3811 15982.0000 7158.62121  55.2%  1074 6091s
 15318   827 7160.22703  103 3695 15982.0000 7160.22703  55.2%  1074 6096s
 15323   830 7160.29119   90 3725 15982.0000 7160.29119  55.2%  1073 6125s
 15324   831 8168.83082   88 3717 15982.0000 7162.35921  55.2%  1073 6130s
 15329   834 13202.7152  502 3873 15982.0000 7163.10087  55.2%  1073 6163s
 15330   835 7165.17123   44 3903 15982.0000 7165.17123  55.2%  1073 6168s
 15331   836 7166.15338   48 3735 15982.0000 7166.15338  55.2%  1073 6171s
 15335   838 7381.16918  289 3928 15982.0000 7166.62049  55.2%  1073 6175s
 15338   840 8907.29583  255 3959 15982.0000 7166.63027  55.2%  1072 6204s
 15339   841 15982.0000  585 3905 15982.0000 7168.45349  55.1%  1072 6208s
 15340   842 7168.93611   32 3763 15982.0000 7168.93611  55.1%  1072 6210s
 15346   846 10510.7542  959 3952 15982.0000 7169.15960  55.1%  1072 6241s
 15347   846 8280.33552  290 3927 15982.0000 7170.42876  55.1%  1072 6245s
 15349   848 13842.2136  493 3730 15982.0000 7171.40354  55.1%  1072 6250s
 15354   851 8942.48034  317 3907 15982.0000 7171.46419  55.1%  1071 6280s
 15355   852 9584.64595  630 3643 15982.0000 7173.11678  55.1%  1071 6285s
 15358   854 7174.16312   61 3689 15982.0000 7174.16312  55.1%  1071 6290s
 15361   856 7174.18698  223 3785 15982.0000 7174.18698  55.1%  1071 6320s
 15363   857 7176.20599   29 3907 15982.0000 7176.20599  55.1%  1071 6325s
 15368   860 14132.2029  688 4010 15982.0000 7176.32704  55.1%  1070 6356s
 15369   861 7178.06899   81 3714 15982.0000 7178.06899  55.1%  1070 6360s
 15374   864 10231.6538  841 3775 15982.0000 7178.49828  55.1%  1070 6391s
 15375   865 7180.20361  208 3652 15982.0000 7180.20361  55.1%  1070 6395s
 15380   868 7180.80394   93 3867 15982.0000 7180.80394  55.1%  1069 6400s
 15382   870 9978.00118  309 3910 15982.0000 7180.80631  55.1%  1069 6426s
 15383   870 7183.97006   88 3855 15982.0000 7183.97006  55.0%  1069 6432s
 15384   871 7184.43462   17 3913 15982.0000 7184.43462  55.0%  1069 6435s
 15387   873 10979.5561  356 3891 15982.0000 7184.52314  55.0%  1069 6469s
H15387   818                    15905.000000 7186.31009  54.8%  1069 6473s
H15387   765                    15877.000000 7186.33972  54.7%  1069 6473s
H15387   714                    15711.000000 7186.33972  54.3%  1069 6473s
 15389   715 7186.92400   42 3761 15711.0000 7186.92400  54.3%  1069 6475s
 15393   718 7537.00274  335 3795 15711.0000 7186.96181  54.3%  1069 6507s
 15394   719 10439.1560  328 3799 15711.0000 7188.32259  54.2%  1068 6510s
 15399   722 7331.16881  250 3801 15711.0000 7188.59998  54.2%  1068 6545s
 15401   723 8995.42246  524 3727 15711.0000 7190.91386  54.2%  1068 6552s
 15406   727 7685.39248  210 3884 15711.0000 7191.11467  54.2%  1068 6584s
 15407   727 11670.1021  443 3716 15711.0000 7192.31978  54.2%  1068 6587s
 15413   731 8164.28361  247 3729 15711.0000 7192.59674  54.2%  1067 6590s
H15413   682                    15647.000000 7192.59689  54.0%  1067 6618s
H15413   636                    15638.000000 7192.59689  54.0%  1067 6618s
H15413   592                    15632.000000 7192.59689  54.0%  1067 6618s
 15415   594 11946.7984  431 3823 15632.0000 7193.92143  54.0%  1067 6621s
 15418   596 7194.39976  103 3929 15632.0000 7194.39976  54.0%  1067 6625s
H15420   554                    15579.000000 7194.41593  53.8%  1067 6655s
H15420   514                    15553.000000 7194.41593  53.7%  1067 6655s
H15420   476                    15545.000000 7194.41593  53.7%  1067 6655s
H15420   439                    15539.000000 7194.41593  53.7%  1067 6655s
H15420   405                    15526.000000 7194.41593  53.7%  1067 6655s
H15425   389                    15417.000000 7195.61505  53.3%  1125 6673s
 15426   389 8317.14717  251 1446 15417.0000 7195.61505  53.3%  1125 6706s
 15427   390 13309.4827  474 1463 15417.0000 7195.61505  53.3%  1125 6710s
 15428   391 10924.3026  407 1438 15417.0000 7195.61505  53.3%  1125 6720s
 15429   391 13202.7152  502 1664 15417.0000 7195.61505  53.3%  1125 6731s
H15429   371                    15392.000000 7195.61505  53.3%  1125 6746s
H15430   354                    15385.000000 7195.65777  53.2%  1125 6761s
 15432   355 7195.94384  203 2421 15385.0000 7195.94384  53.2%  1125 6774s
H15432   337                    15383.000000 7195.94384  53.2%  1125 6787s
 15434   339 7195.94384  101 2547 15383.0000 7195.94384  53.2%  1124 6800s
 15435   339 7381.16918  289 2724 15383.0000 7195.94436  53.2%  1124 6813s
 15436   340 7640.06280  295 2792 15383.0000 7195.99846  53.2%  1124 6826s
 15437   341 7195.99846  227 2982 15383.0000 7195.99846  53.2%  1124 6837s
 15438   341 8907.29583  255 3293 15383.0000 7195.99846  53.2%  1124 6844s
 15439   342 15383.0000  585 3357 15383.0000 7195.99846  53.2%  1124 6851s
 15440   343 7195.99846   32 3407 15383.0000 7195.99846  53.2%  1124 6855s
 15445   346 8485.62746  407 3424 15383.0000 7196.64393  53.2%  1124 6860s
 15448   348 7196.68016  293 3543 15383.0000 7196.68016  53.2%  1123 6880s
H15448   330                    15378.000000 7204.88160  53.1%  1123 6889s
H15448   313                    15377.000000 7204.88160  53.1%  1123 6889s
H15448   297                    15362.000000 7204.88160  53.1%  1123 6889s
H15448   282                    15361.000000 7204.88160  53.1%  1123 6889s
H15448   267                    15323.000000 7204.88160  53.0%  1123 6889s
H15448   253                    15321.000000 7204.88160  53.0%  1123 6889s
 15450   254 7206.29232  106 3163 15321.0000 7206.29232  53.0%  1123 6893s
 15454   257 8942.48034  317 3231 15321.0000 7206.51860  53.0%  1123 6922s
 15455   258 9584.64595  630 3379 15321.0000 7210.72925  52.9%  1123 6930s
 15458   260 7211.94605   61 3320 15321.0000 7211.94605  52.9%  1123 6935s
 15461   262 7211.96804  223 3391 15321.0000 7211.96804  52.9%  1123 6963s
H15461   249                    15309.000000 7216.26007  52.9%  1123 6968s
 15463   250 7217.52606   29 3417 15309.0000 7217.52606  52.9%  1122 6970s
 15469   254 7217.81619   81 3431 15309.0000 7217.81619  52.9%  1122 7001s
 15470   255 10499.7046  939 3620 15309.0000 7220.08063  52.8%  1122 7007s
 15471   255 11351.4016  430 3602 15309.0000 7220.58424  52.8%  1122 7010s
 15476   259 11664.9587  176 3614 15309.0000 7220.73025  52.8%  1121 7039s
H15476   245                    15276.000000 7223.23028  52.7%  1121 7050s
 15477   245 10098.3060  770 3415 15276.0000 7223.23028  52.7%  1121 7064s
 15478   246 10192.4678  432 3543 15276.0000 7223.52930  52.7%  1121 7071s
 15482   249 9978.00118  309 3557 15276.0000 7223.58489  52.7%  1121 7102s
 15483   249 7226.16954   88 3364 15276.0000 7226.16954  52.7%  1121 7107s
 15484   250 7226.56655   17 3581 15276.0000 7226.56655  52.7%  1121 7110s
 15488   253 8108.64480  217 3549 15276.0000 7226.72829  52.7%  1121 7139s
H15488   239                    15272.000000 7229.91917  52.7%  1121 7143s
 15490   240 9861.74003  636 3500 15272.0000 7230.28339  52.7%  1120 7145s
 15494   243 10439.1560  328 3456 15272.0000 7230.34519  52.7%  1120 7173s
 15495   243 7232.42470  114 3533 15272.0000 7232.42470  52.6%  1120 7178s
 15497   245 7233.07605  156 3583 15272.0000 7233.07605  52.6%  1120 7181s
 15500   247 7233.08889   57 3597 15272.0000 7233.08889  52.6%  1120 7209s
 15501   247 8995.42246  524 3535 15272.0000 7235.50249  52.6%  1120 7213s
 15502   248 15272.0000  818 3644 15272.0000 7235.75792  52.6%  1120 7216s
 15507   251 11670.1021  443 3496 15272.0000 7235.88545  52.6%  1119 7245s
 15508   252 7238.23094  104 3751 15272.0000 7238.23094  52.6%  1119 7251s
 15511   254 7239.06273  128 3645 15272.0000 7239.06273  52.6%  1119 7255s
 15516   257 11048.4016  402 3630 15272.0000 7239.07521  52.6%  1119 7284s
H15516   243                    15260.000000 7242.67486  52.5%  1119 7300s
H15516   229                    15258.000000 7242.67486  52.5%  1119 7316s
H15516   216                    15244.000000 7242.67486  52.5%  1119 7322s
 15517   217 7242.67486   98 3590 15244.0000 7242.67486  52.5%  1118 7326s
 15520   219 10924.3026  407 3576 15244.0000 7243.37827  52.5%  1118 7330s
 15522   220 8987.34093  350 3522 15244.0000 7243.38339  52.5%  1118 7355s
 15523   221 7245.99530   90 3375 15244.0000 7245.99530  52.5%  1118 7360s
 15527   224 13309.4827  474 3427 15244.0000 7246.71827  52.5%  1118 7365s
 15529   225 13202.7152  502 3447 15244.0000 7246.71945  52.5%  1118 7393s
 15530   226 7248.97342   44 3412 15244.0000 7248.97342  52.4%  1118 7397s
 15532   227 7249.71146  203 3514 15244.0000 7249.71146  52.4%  1117 7400s
 15537   230 7249.75117  227 3560 15244.0000 7249.75117  52.4%  1117 7430s
 15538   231 8907.29583  255 3440 15244.0000 7252.01558  52.4%  1117 7435s
 15542   234 8164.87761  254 3612 15244.0000 7253.35683  52.4%  1117 7440s
 15544   235 7253.36006   91 3585 15244.0000 7253.36006  52.4%  1117 7469s
 15545   236 8485.62746  407 3430 15244.0000 7255.45559  52.4%  1116 7473s
 15546   236 10510.7542  959 3535 15244.0000 7256.13103  52.4%  1116 7476s
 15552   240 7256.36719   24 3504 15244.0000 7256.36719  52.4%  1116 7508s
 15553   241 9131.44050  318 3356 15244.0000 7259.29655  52.4%  1116 7513s
 15554   242 8942.48034  317 3626 15244.0000 7260.19640  52.4%  1116 7516s
 15560   246 10392.2155  341 3699 15244.0000 7260.68132  52.4%  1115 7546s
 15562   247 12507.7797  595 3530 15244.0000 7262.58929  52.4%  1115 7551s
 15566   250 9246.16728  322 3541 15244.0000 7262.71537  52.4%  1115 7579s
 15567   250 7264.20390  192 3466 15244.0000 7264.20390  52.3%  1115 7582s
 15569   252 7264.60990   81 3549 15244.0000 7264.60990  52.3%  1115 7585s
 15572   254 9111.18114  402 3586 15244.0000 7264.62183  52.3%  1115 7612s
 15573   254 7265.79945   30 3599 15244.0000 7265.79945  52.3%  1114 7616s
 15579   258 7278.70498  242 3619 15244.0000 7266.15003  52.3%  1114 7646s
 15580   259 7267.91033   93 3696 15244.0000 7267.91033  52.3%  1114 7650s
 15585   262 7268.51322  124 3638 15244.0000 7268.51322  52.3%  1114 7681s
 15587   264 10979.5561  356 3649 15244.0000 7270.40765  52.3%  1113 7686s
 15591   266 7270.54627   11 3683 15244.0000 7270.54627  52.3%  1113 7714s
 15592   267 7271.81111   30 3574 15244.0000 7271.81111  52.3%  1113 7719s
 15593   268 7537.00274  335 3603 15244.0000 7272.03427  52.3%  1113 7720s
 15598   271 9063.03952  521 3657 15244.0000 7272.13670  52.3%  1113 7747s
 15600   272 7272.93970   57 3691 15244.0000 7272.93970  52.3%  1113 7750s
 15605   276 7272.97130   66 3722 15244.0000 7272.97130  52.3%  1112 7777s
 15606   276 7685.39248  210 3654 15244.0000 7274.05664  52.3%  1112 7780s
 15611   280 7274.36423  128 3693 15244.0000 7274.36423  52.3%  1112 7810s
H15611   263                    15153.000000 7275.90083  52.0%  1112 7814s
H15611   247                    15083.000000 7275.90083  51.8%  1112 7814s
 15612   247 7506.11215  287 3408 15083.0000 7275.90083  51.8%  1112 7815s
 15618   251 7276.23615  103 3587 15083.0000 7276.23615  51.8%  1111 7845s
 15620   253 10924.3026  407 3607 15083.0000 7278.25803  51.7%  1111 7851s
 15623   255 7278.36451   90 3633 15083.0000 7278.36451  51.7%  1111 7880s
H15623   238                    15067.000000 7280.51001  51.7%  1111 7889s
H15623   223                    15051.000000 7280.51001  51.6%  1111 7923s
 15624   223 8168.83082   88 3614 15051.0000 7280.51001  51.6%  1111 7925s
 15630   227 7281.10291   44 3513 15051.0000 7281.10291  51.6%  1110 7953s
 15631   228 7283.33609   48 3517 15051.0000 7283.33609  51.6%  1110 7956s
 15634   230 7284.36889  101 3771 15051.0000 7284.36889  51.6%  1110 7960s
 15636   231 7640.06280  295 3788 15051.0000 7284.38132  51.6%  1110 7986s
 15637   232 7286.80531  227 3505 15051.0000 7286.80531  51.6%  1110 7991s
 15641   235 7287.52978   64 3534 15051.0000 7287.52978  51.6%  1110 7995s
 15643   236 7287.53160  154 3544 15051.0000 7287.53160  51.6%  1109 8021s
 15644   237 7289.03030   91 3612 15051.0000 7289.03030  51.6%  1109 8025s
 15651   241 15051.0000  843 3735 15051.0000 7289.40263  51.6%  1109 8057s
 15653   243 9131.44050  318 3729 15051.0000 7290.43186  51.6%  1109 8061s
 15658   246 7290.47367   61 3733 15051.0000 7290.47367  51.6%  1108 8090s
 15660   247 10392.2155  341 3641 15051.0000 7292.04060  51.6%  1108 8096s
 15666   251 9246.16728  322 3752 15051.0000 7292.22256  51.5%  1108 8130s
 15669   253 7293.13589   81 3735 15051.0000 7293.13589  51.5%  1108 8135s
 15671   255 11351.4016  430 3784 15051.0000 7293.13836  51.5%  1107 8166s
 15672   255 9111.18114  402 3553 15051.0000 7294.83890  51.5%  1107 8170s
 15678   259 10192.4678  432 3730 15051.0000 7295.22670  51.5%  1107 8204s
 15679   260 7296.69519  242 3718 15051.0000 7296.69519  51.5%  1107 8209s
 15680   261 7297.04501   93 3757 15051.0000 7297.04501  51.5%  1107 8210s
 15683   263 7297.12365   88 3736 15051.0000 7297.12365  51.5%  1107 8243s
 15684   263 7297.73032   17 3729 15051.0000 7297.73032  51.5%  1107 8247s
 15689   267 7297.92732   42 3656 15051.0000 7297.92732  51.5%  1106 8250s
 15691   268 7297.92938   11 3671 15051.0000 7297.92938  51.5%  1106 8283s
 15692   269 7299.08224   30 3817 15051.0000 7299.08224  51.5%  1106 8287s
 15693   269 7537.00274  335 3807 15051.0000 7299.88393  51.5%  1106 8290s
 15698   273 9063.03952  521 3791 15051.0000 7300.08945  51.5%  1106 8324s
 15699   273 7331.16881  250 3680 15051.0000 7301.53198  51.5%  1106 8329s
 15700   274 7301.93834   57 3908 15051.0000 7301.93834  51.5%  1105 8331s
 15705   277 7302.13397   66 3770 15051.0000 7302.13397  51.5%  1105 8368s
 15706   278 7685.39248  210 3792 15051.0000 7302.67823  51.5%  1105 8370s
 15711   281 7302.85464  128 3973 15051.0000 7302.85464  51.5%  1105 8403s
 15712   282 7506.11215  287 3930 15051.0000 7303.65016  51.5%  1105 8406s
 15718   286 7303.82461  103 3972 15051.0000 7303.82461  51.5%  1104 8436s
 15720   287 10924.3026  407 3935 15051.0000 7305.75906  51.5%  1104 8441s
 15726   291 8317.14717  251 3859 15051.0000 7305.91801  51.5%  1104 8470s
 15727   292 13309.4827  474 3679 15051.0000 7307.80267  51.4%  1104 8475s
 15735   297 7381.16918  289 3771 15051.0000 7308.18233  51.4%  1103 8507s
 15736   298 7640.06280  295 3548 15051.0000 7309.90861  51.4%  1103 8511s
 15739   300 15051.0000  585 3874 15051.0000 7310.33212  51.4%  1103 8515s
 15743   303 7310.37093  154 3831 15051.0000 7310.37093  51.4%  1102 8544s
 15744   303 7311.71929   91 3638 15051.0000 7311.71929  51.4%  1102 8548s
 15745   304 8485.62746  407 3827 15051.0000 7312.98786  51.4%  1102 8552s
 15749   307 13842.2136  493 3787 15051.0000 7313.17782  51.4%  1102 8580s
 15751   308 15051.0000  843 3704 15051.0000 7314.75363  51.4%  1102 8585s
 15756   311 8841.65776  372 3786 15051.0000 7314.87660  51.4%  1102 8615s
 15758   313 7316.55916   61 3798 15051.0000 7316.55916  51.4%  1101 8621s
 15763   316 7316.67264   29 3738 15051.0000 7316.67264  51.4%  1101 8652s
 15764   317 8514.28176  434 3612 15051.0000 7317.73306  51.4%  1101 8655s
 15772   322 9111.18114  402 3726 15051.0000 7318.17123  51.4%  1100 8687s
 15773   323 7319.37820   30 3780 15051.0000 7319.37820  51.4%  1100 8691s
 15778   326 10192.4678  432 3786 15051.0000 7319.82330  51.4%  1100 8722s
 15779   327 7321.58397  242 3730 15051.0000 7321.58397  51.4%  1100 8726s
 15781   328 7322.32561   25 3887 15051.0000 7322.32561  51.3%  1100 8731s
 15787   332 10979.5561  356 3912 15051.0000 7322.36331  51.3%  1099 8761s
 15789   333 7323.14798   42 3782 15051.0000 7323.14798  51.3%  1099 8766s
 15794   337 10439.1560  328 3811 15051.0000 7323.19566  51.3%  1099 8795s
H15794   314                    15050.000000 7324.38884  51.3%  1099 8801s
 15799   317 7331.16881  250 3872 15050.0000 7324.95517  51.3%  1099 8805s
 15801   318 8995.42246  524 3866 15050.0000 7324.95676  51.3%  1098 8832s
 15802   319 15050.0000  818 3658 15050.0000 7326.02708  51.3%  1098 8835s
 15809   324 14805.7714  571 3739 15050.0000 7326.34443  51.3%  1098 8867s
H15809   302                    15035.000000 7327.21975  51.3%  1098 8889s
H15809   280                    14935.000000 7327.21975  50.9%  1098 8995s
H15809   260                    14834.000000 7327.21975  50.6%  1098 9018s
 15810   260 7327.21975  197 3626 14834.0000 7327.21975  50.6%  1098 9025s
 15811   261 7327.37784  128 3798 14834.0000 7327.37784  50.6%  1098 9058s
 15815   264 11946.7984  431 3714 14834.0000 7327.42761  50.6%  1097 9060s
 15816   264 11048.4016  402 3715 14834.0000 7327.42761  50.6%  1097 9093s
 15817   265 7329.32595   98 3619 14834.0000 7329.32595  50.6%  1097 9097s
 15819   266 14696.8640  541 3765 14834.0000 7329.56346  50.6%  1097 9100s
 15826   271 8317.14717  251 3722 14834.0000 7329.69804  50.6%  1097 9130s
 15828   272 10924.3026  407 3741 14834.0000 7331.30184  50.6%  1096 9135s
 15831   274 7331.33446   48 3738 14834.0000 7331.33446  50.6%  1096 9164s
 15832   275 7332.37338  203 3832 14834.0000 7332.37338  50.6%  1096 9167s
 15833   276 9121.32817  314 3985 14834.0000 7332.59026  50.6%  1096 9170s
 15839   280 14834.0000  585 4016 14834.0000 7332.71403  50.6%  1096 9194s
 15840   280 7333.56931   32 3849 14834.0000 7333.56931  50.6%  1096 9197s
 15842   282 8164.87761  254 3802 14834.0000 7333.98945  50.6%  1096 9200s
 15847   285 8280.33552  290 3861 14834.0000 7334.00612  50.6%  1095 9229s
 15848   286 7334.71030  293 3930 14834.0000 7334.71030  50.6%  1095 9232s
 15852   288 7334.98993   24 3970 14834.0000 7334.98993  50.6%  1095 9235s
 15853   289 9131.44050  318 3973 14834.0000 7334.99014  50.6%  1095 9263s
 15854   290 8942.48034  317 3920 14834.0000 7336.04543  50.5%  1095 9266s
 15861   294 7336.34013  223 4038 14834.0000 7336.34013  50.5%  1094 9296s
 15863   296 7337.24728   29 3912 14834.0000 7337.24728  50.5%  1094 9301s
 15869   300 7337.30083   81 3926 14834.0000 7337.30083  50.5%  1094 9330s
 15871   301 11351.4016  430 3897 14834.0000 7338.56052  50.5%  1094 9335s
 15878   306 10192.4678  432 3924 14834.0000 7339.85092  50.5%  1093 9342s
 15880   307 7340.32680   93 3875 14834.0000 7340.32680  50.5%  1093 9346s
 15886   311 7340.39003   39 4013 14834.0000 7340.39003  50.5%  1092 9350s
 15887   312 10979.5561  356 3907 14834.0000 7341.29432  50.5%  1092 9355s
 15889   313 7342.11387   42 3898 14834.0000 7342.11387  50.5%  1092 9360s
 15894   316 10439.1560  328 3950 14834.0000 7342.68071  50.5%  1092 9368s
 15895   317 7342.91225  114 3956 14834.0000 7342.91225  50.5%  1092 9370s
 15901   321 8995.42246  524 4042 14834.0000 7343.88005  50.5%  1091 9377s
 15904   323 7344.21146   51 4108 14834.0000 7344.21146  50.5%  1091 9380s
 15906   324 7685.39248  210 3775 14834.0000 7345.40886  50.5%  1091 9385s
 15911   328 7345.74526  128 3955 14834.0000 7345.74526  50.5%  1091 9390s
 15913   329 8164.28361  247 3829 14834.0000 7347.23699  50.5%  1091 9396s
 15918   332 7348.25342  103 3918 14834.0000 7348.25342  50.5%  1090 9403s
 15919   333 14696.8640  541 3947 14834.0000 7348.56431  50.5%  1090 9405s
 15925   337 14834.0000  560 3920 14834.0000 7349.01516  50.5%  1090 9410s
 15931   341 7349.16629   48 3955 14834.0000 7349.16629  50.5%  1089 9415s
 15936   344 7640.06280  295 4003 14834.0000 7349.54248  50.5%  1089 9421s
 15938   346 8907.29583  255 3778 14834.0000 7350.00265  50.5%  1089 9425s
 15943   349 7350.60458  154 3822 14834.0000 7350.60458  50.4%  1089 9430s
 15949   353 13842.2136  493 3949 14834.0000 7350.87710  50.4%  1088 9435s
 15952   355 7351.91276   24 3783 14834.0000 7351.91276  50.4%  1088 9440s
 15955   357 9584.64595  630 3765 14834.0000 7352.70622  50.4%  1088 9445s
 15961   361 7352.92092  223 3908 14834.0000 7352.92092  50.4%  1087 9450s
 15962   362 12507.7797  595 3590 14834.0000 7354.52165  50.4%  1087 9455s
 15965   364 9102.33556  283 3810 14834.0000 7355.33587  50.4%  1087 9460s
 15970   367 10499.7046  939 3805 14834.0000 7357.15153  50.4%  1087 9467s
 15972   368 9111.18114  402 3992 14834.0000 7357.69946  50.4%  1087 9470s
 15978   372 10192.4678  432 3954 14834.0000 7358.86440  50.4%  1086 9477s
 15980   374 7359.43366   93 4076 14834.0000 7359.43366  50.4%  1086 9480s
 15985   377 7359.95683  124 3966 14834.0000 7359.95683  50.4%  1086 9486s
 15990   380 9861.74003  636 4135 14834.0000 7360.33345  50.4%  1085 9491s
 15995   384 7360.67399  114 4112 14834.0000 7360.67399  50.4%  1085 9496s
 15997   385 7361.34210  156 4000 14834.0000 7361.34210  50.4%  1085 9500s
 16002   388 14834.0000  818 4102 14834.0000 7362.20002  50.4%  1085 9506s
 16006   391 7685.39248  210 4105 14834.0000 7362.33216  50.4%  1084 9510s
 16011   394 7363.01530  128 4011 14834.0000 7363.01530  50.4%  1084 9515s
 16015   397 11946.7984  431 4021 14834.0000 7363.63714  50.4%  1084 9520s
 16020   400 10924.3026  407 4036 14834.0000 7364.09358  50.4%  1083 9526s
 16025   404 14834.0000  560 4100 14834.0000 7364.26485  50.4%  1083 9531s
 16027   405 13309.4827  474 4011 14834.0000 7365.12970  50.3%  1083 9535s
 16033   409 9121.32817  314 3878 14834.0000 7366.41296  50.3%  1082 9543s
 16034   410 7366.85919  101 4002 14834.0000 7366.85919  50.3%  1082 9546s
 16040   414 7367.06177   32 4178 14834.0000 7367.06177  50.3%  1082 9551s
 16043   416 7367.88306  154 4202 14834.0000 7367.88306  50.3%  1082 9555s
 16050   420 7368.57135  106 4133 14834.0000 7368.57135  50.3%  1081 9561s
 16055   424 9584.64595  630 4196 14834.0000 7368.87116  50.3%  1081 9566s
 16057   425 10047.9149  127 4127 14834.0000 7369.59318  50.3%  1081 9570s
 16062   428 12507.7797  595 4228 14834.0000 7369.81310  50.3%  1081 9575s
 16064   430 8514.28176  434 4070 14834.0000 7371.68596  50.3%  1080 9582s
 16069   433 7371.79359   81 4275 14834.0000 7371.79359  50.3%  1080 9586s
 16070   434 10499.7046  939 4175 14834.0000 7372.21226  50.3%  1080 9590s
 16077   438 10098.3060  770 4085 14834.0000 7372.33956  50.3%  1080 9595s
 16079   440 7372.78021  242 4101 14834.0000 7372.78021  50.3%  1079 9600s
 16084   443 7373.35599   17 3979 14834.0000 7373.35599  50.3%  1079 9607s
 16086   444 7373.58524   39 3984 14834.0000 7373.58524  50.3%  1079 9610s
 16090   447 9861.74003  636 4071 14834.0000 7374.11872  50.3%  1079 9617s
 16094   450 10439.1560  328 3996 14834.0000 7374.22694  50.3%  1078 9620s
 16098   452 9063.03952  521 3878 14834.0000 7374.55014  50.3%  1078 9625s
 16102   455 14834.0000  818 3958 14834.0000 7374.67379  50.3%  1078 9630s
 16108   459 7375.15517  104 3950 14834.0000 7375.15517  50.3%  1077 9637s
 16110   460 7375.28263  197 3959 14834.0000 7375.28263  50.3%  1077 9640s
 16114   463 11825.5331  473 3953 14834.0000 7375.88601  50.3%  1077 9646s
 16116   464 11048.4016  402 4125 14834.0000 7376.21864  50.3%  1077 9650s
 16121   468 7376.88815   57 4079 14834.0000 7376.88815  50.3%  1077 9657s
 16125   471 14834.0000  560 1446 14834.0000 7376.88815  50.3%  1114 9704s
 16126   472 8317.14717  251 1447 14834.0000 7376.88815  50.3%  1114 9710s
 16127   473 13309.4827  474 1488 14834.0000 7376.88815  50.3%  1114 9722s
 16128   473 10924.3026  407 1576 14834.0000 7376.88815  50.3%  1114 9736s
 16129   474 13202.7152  502 1827 14834.0000 7376.88815  50.3%  1114 9753s
 16130   475 7376.96011   44 2082 14834.0000 7376.96011  50.3%  1114 9767s
H16130   451                    14811.000000 7376.96011  50.2%  1114 9783s
H16130   428                    14809.000000 7376.96011  50.2%  1114 9783s
 16132   429 7376.96011  203 2439 14809.0000 7376.96011  50.2%  1114 9801s
 16133   430 9121.32817  314 2490 14809.0000 7376.96011  50.2%  1114 9817s
 16134   430 7376.96011  101 2860 14809.0000 7376.96011  50.2%  1114 9833s
 16135   431 7381.16918  289 3074 14809.0000 7376.96011  50.2%  1114 9845s
 16136   432 7640.06280  295 3268 14809.0000 7376.96011  50.2%  1113 9858s
 16137   432 7376.96011  227 3341 14809.0000 7376.96011  50.2%  1113 9871s
H16137   410                    14657.000000 7376.96011  49.7%  1113 9879s
 16139   412 14657.0000  585 3603 14657.0000 7376.96011  49.7%  1113 9884s
 16140   412 7376.96011   32 3735 14657.0000 7376.96011  49.7%  1113 9890s
 16142   414 8164.87761  254 3921 14657.0000 7376.96011  49.7%  1113 9895s
 16149   418 13842.2136  493 3955 14657.0000 7376.97497  49.7%  1113 9915s
 16150   419 7378.99599  106 3831 14657.0000 7378.99599  49.7%  1113 9920s
 16154   422 8942.48034  317 3809 14657.0000 7379.16765  49.7%  1112 9940s
 16156   423 8841.65776  372 3773 14657.0000 7379.99057  49.6%  1112 9946s
 16158   424 7380.01957   61 3724 14657.0000 7380.01957  49.6%  1112 9978s
 16159   425 8994.46483  523 3755 14657.0000 7380.95542  49.6%  1112 9981s

Cutting planes:
  Gomory: 39
  Cover: 1065
  Implied bound: 6
  Projected implied bound: 1
  Clique: 226
  MIR: 147
  StrongCG: 202
  Flow cover: 2100
  GUB cover: 199
  Inf proof: 1
  Zero half: 359
  Mod-K: 1
  RLT: 891
  Relax-and-lift: 18
  BQP: 20
  PSD: 3

Explored 16163 nodes (18319967 simplex iterations) in 10000.10 seconds (13177.99 work units)
Thread count was 32 (of 64 available processors)

Solution count 10: 14657 14809 14811 ... 15083

Time limit reached
Best objective 1.465700000000e+04, best bound 7.382000000000e+03, gap 49.6350%
Solved c201_Random2 -> /project2/ssuen_1733/output/v4_exact_weekly_fairness_w10_l100_mad/c201_Random2.pkl / /project2/ssuen_1733/output/v4_exact_weekly_fairness_w10_l100_mad/c201_Random2.json / /project2/ssuen_1733/output/v4_exact_weekly_fairness_w10_l100_mad/c201_Random2_running_synopsis.json
[Mon Sep 28 12:04:25 PDT 2026] Finished run_single_instance for c201_Random2
