Using Python:
Python 3.10.18
Checking core dependencies:
numpy: 2.2.6
gurobi: (12, 0, 3)
[Mon Sep 28 09:17:15 PDT 2026] Starting run_single_instance on b05-04.hpc.usc.edu for r101_Random2
Set parameter TokenServer to value "hpc-licenses.hpcc.usc.edu"
Added workload fairness penalty (mean_absolute_deviation) to objective with weight 10.0
Added weekly leadership day fairness penalty (mean_absolute_deviation) to objective with weight 100.0
Set parameter TimeLimit to value 10000
Set parameter Seed to value 42
Set parameter OutputFlag to value 1
Gurobi Optimizer version 12.0.3 build v12.0.3rc0 (linux64 - "Rocky Linux 8.10 (Green Obsidian)")

CPU model: AMD EPYC 7513 32-Core Processor, instruction set [SSE2|AVX|AVX2]
Thread count: 64 physical cores, 64 logical processors, using up to 32 threads

Non-default parameters:
TimeLimit  10000
Seed  42

Optimize a model with 992850 rows, 728450 columns and 6954150 nonzeros
Model fingerprint: 0x4230b0a6
Variable types: 200 continuous, 728250 integer (727750 binary)
Coefficient statistics:
  Matrix range     [2e-02, 1e+03]
  Objective range  [1e+00, 1e+02]
  Bounds range     [1e+00, 5e+01]
  RHS range        [1e+00, 1e+03]
Presolve removed 965250 rows and 701854 columns
Presolve time: 1.17s
Presolved: 27600 rows, 26596 columns, 208050 nonzeros
Variable types: 100 continuous, 26496 integer (26350 binary)
Performing another presolve...
Presolve removed 2700 rows and 200 columns
Presolve time: 1.02s
Deterministic concurrent LP optimizer: primal and dual simplex
Showing primal log only...


Root simplex log...

Iteration    Objective       Primal Inf.    Dual Inf.      Time
   18594    8.4127799e+03   0.000000e+00   4.503937e+05      5s
Concurrent spin time: 0.00s

Solved with dual simplex

Root simplex log...

Iteration    Objective       Primal Inf.    Dual Inf.      Time
   18536    3.6873036e+03   0.000000e+00   0.000000e+00      9s

Root relaxation: objective 3.687304e+03, 18536 iterations, 5.48 seconds (7.90 work units)
Total elapsed time = 9.46s (DegenMoves)

    Nodes    |    Current Node    |     Objective Bounds      |     Work
 Expl Unexpl |  Obj  Depth IntInf | Incumbent    BestBd   Gap | It/Node Time

     0     0 3687.30360    0 1392          - 3687.30360      -     -    9s
     0     0 3755.07363    0 1454          - 3755.07363      -     -   50s
     0     0 3755.07363    0 1455          - 3755.07363      -     -   53s
     0     0 3756.62633    0 1458          - 3756.62633      -     -   54s
     0     0 3757.05198    0 1409          - 3757.05198      -     -   54s
     0     0 3757.05198    0 1415          - 3757.05198      -     -   54s
     0     0 3784.89858    0 1570          - 3784.89858      -     -   58s
     0     0 3786.22550    0 1568          - 3786.22550      -     -   59s
     0     0 3786.22550    0 1575          - 3786.22550      -     -   59s
     0     0 3869.04991    0 1638          - 3869.04991      -     -   64s
     0     0 3887.04031    0 1616          - 3887.04031      -     -   66s
     0     0 3887.10672    0 1594          - 3887.10672      -     -   66s
     0     0 3887.11526    0 1582          - 3887.11526      -     -   66s
     0     0 3942.77039    0 1684          - 3942.77039      -     -   71s
     0     0 3946.32985    0 1740          - 3946.32985      -     -   72s
     0     0 3946.43776    0 1814          - 3946.43776      -     -   72s
     0     0 3946.44483    0 1805          - 3946.44483      -     -   72s
     0     0 3995.05264    0 1773          - 3995.05264      -     -   79s
     0     0 4001.36160    0 1734          - 4001.36160      -     -   80s
     0     0 4001.44161    0 1746          - 4001.44161      -     -   81s
     0     0 4001.44278    0 1731          - 4001.44278      -     -   81s
     0     0 4059.19636    0 1827          - 4059.19636      -     -   86s
     0     0 4063.16075    0 1855          - 4063.16075      -     -   87s
     0     0 4063.33083    0 1852          - 4063.33083      -     -   87s
     0     0 4063.35048    0 1875          - 4063.35048      -     -   87s
     0     0 4156.93958    0 1763          - 4156.93958      -     -   92s
     0     0 4160.04400    0 1760          - 4160.04400      -     -   93s
     0     0 4160.37758    0 1839          - 4160.37758      -     -   93s
     0     0 4160.38126    0 1847          - 4160.38126      -     -   93s
     0     0 4218.07671    0 1788          - 4218.07671      -     -   97s
     0     0 4220.08912    0 1827          - 4220.08912      -     -   98s
     0     0 4220.28944    0 1877          - 4220.28944      -     -   99s
     0     0 4220.32663    0 1855          - 4220.32663      -     -   99s
     0     0 4263.76889    0 1888          - 4263.76889      -     -  103s
     0     0 4265.97400    0 1987          - 4265.97400      -     -  104s
     0     0 4265.99958    0 1982          - 4265.99958      -     -  104s
     0     0 4302.43216    0 1966          - 4302.43216      -     -  108s
     0     0 4303.06833    0 2057          - 4303.06833      -     -  109s
     0     0 4303.20971    0 2053          - 4303.20971      -     -  109s
     0     0 4330.08522    0 2003          - 4330.08522      -     -  113s
     0     0 4330.90367    0 2008          - 4330.90367      -     -  114s
     0     0 4331.25008    0 2007          - 4331.25008      -     -  114s
     0     0 4331.25922    0 2008          - 4331.25922      -     -  114s
     0     0 4356.10013    0 1979          - 4356.10013      -     -  118s
     0     0 4356.71587    0 2033          - 4356.71587      -     -  118s
     0     0 4356.77955    0 2029          - 4356.77955      -     -  118s
     0     0 4372.97477    0 2017          - 4372.97477      -     -  122s
     0     0 4373.35807    0 2057          - 4373.35807      -     -  122s
     0     0 4373.41804    0 2030          - 4373.41804      -     -  123s
     0     0 4386.01649    0 1981          - 4386.01649      -     -  125s
     0     0 4386.46143    0 2011          - 4386.46143      -     -  126s
     0     0 4386.49772    0 2042          - 4386.49772      -     -  126s
     0     0 4392.48050    0 2041          - 4392.48050      -     -  128s
     0     0 4392.56398    0 2074          - 4392.56398      -     -  128s
     0     0 4401.60902    0 2025          - 4401.60902      -     -  130s
     0     0 4402.81792    0 2013          - 4402.81792      -     -  131s
     0     0 4402.87468    0 2026          - 4402.87468      -     -  131s
     0     0 4411.50269    0 1970          - 4411.50269      -     -  133s
     0     0 4412.10862    0 2002          - 4412.10862      -     -  134s
     0     0 4412.11694    0 2016          - 4412.11694      -     -  134s
     0     0 4428.79611    0 2051          - 4428.79611      -     -  137s
     0     0 4430.31290    0 2128          - 4430.31290      -     -  138s
     0     0 4430.43090    0 2153          - 4430.43090      -     -  138s
     0     0 4443.82721    0 2086          - 4443.82721      -     -  141s
     0     0 4446.40980    0 2086          - 4446.40980      -     -  142s
     0     0 4446.40980    0 2069          - 4446.40980      -     -  142s
     0     0 4458.29872    0 2166          - 4458.29872      -     -  145s
     0     0 4460.00179    0 2127          - 4460.00179      -     -  146s
     0     0 4460.00179    0 2164          - 4460.00179      -     -  146s
     0     0 4477.63573    0 2116          - 4477.63573      -     -  149s
     0     0 4478.61661    0 2169          - 4478.61661      -     -  150s
     0     0 4478.74223    0 2189          - 4478.74223      -     -  150s
     0     0 4491.02456    0 2174          - 4491.02456      -     -  153s
     0     0 4491.19629    0 2213          - 4491.19629      -     -  153s
     0     0 4501.73021    0 2201          - 4501.73021      -     -  156s
     0     0 4501.80708    0 2172          - 4501.80708      -     -  156s
     0     0 4505.90849    0 2276          - 4505.90849      -     -  158s
     0     0 4506.02670    0 2284          - 4506.02670      -     -  158s
     0     0 4507.33673    0 2205          - 4507.33673      -     -  159s
     0     0 4507.57377    0 2227          - 4507.57377      -     -  160s
     0     0 4507.89009    0 2229          - 4507.89009      -     -  160s
     0     0 4507.95380    0 2225          - 4507.95380      -     -  161s
H    0     0                    6539776.0000 4507.95986   100%     -  167s
H    0     0                    113192.00000 4507.95986  96.0%     -  167s
H    0     0                    113167.00000 4507.95986  96.0%     -  168s
H    0     0                    113119.00000 4507.95986  96.0%     -  168s
H    0     0                    112999.00000 4507.95986  96.0%     -  168s
H    0     0                    112267.00000 4507.95986  96.0%     -  168s
H    0     0                    112043.00000 4507.95986  96.0%     -  168s
H    0     0                    111808.00000 4507.95986  96.0%     -  168s
H    0     0                    65335.000000 4507.95986  93.1%     -  168s
H    0     0                    62684.000000 4507.95986  92.8%     -  168s
H    0     0                    62385.000000 4507.95986  92.8%     -  168s
H    0     0                    62040.000000 4507.95986  92.7%     -  168s
H    0     0                    61950.000000 4507.95986  92.7%     -  168s
H    0     0                    56578.000000 4507.95986  92.0%     -  168s
H    0     0                    53806.000000 4507.95986  91.6%     -  168s
H    0     0                    53190.000000 4507.95986  91.5%     -  168s
H    0     0                    52214.000000 4507.95986  91.4%     -  168s
H    0     0                    52194.000000 4507.95986  91.4%     -  169s
H    0     0                    52191.000000 4507.95986  91.4%     -  169s
H    0     0                    52152.000000 4507.95986  91.4%     -  169s
H    0     0                    52107.000000 4507.95986  91.3%     -  170s
H    0     0                    52072.000000 4507.95986  91.3%     -  170s
H    0     0                    51974.000000 4507.95986  91.3%     -  171s
H    0     0                    51404.000000 4507.95986  91.2%     -  171s
H    0     0                    49112.000000 4507.95986  90.8%     -  171s
H    0     0                    49111.000000 4507.95986  90.8%     -  172s
H    0     0                    48463.000000 4507.95986  90.7%     -  172s
H    0     0                    45909.000000 4507.95986  90.2%     -  172s
H    0     0                    44554.000000 4507.95986  89.9%     -  172s
H    0     0                    44023.000000 4507.95986  89.8%     -  172s
H    0     0                    43073.000000 4507.95986  89.5%     -  172s
H    0     0                    42902.000000 4507.95986  89.5%     -  173s
H    0     0                    42725.000000 4507.95986  89.4%     -  173s
H    0     0                    42564.000000 4507.95986  89.4%     -  173s
H    0     0                    42163.000000 4507.95986  89.3%     -  173s
H    0     0                    42155.000000 4507.95986  89.3%     -  173s
H    0     0                    42132.000000 4507.95986  89.3%     -  173s
H    0     0                    41946.000000 4507.95986  89.3%     -  173s
H    0     0                    41178.000000 4507.95986  89.1%     -  173s
H    0     0                    41166.000000 4507.95986  89.0%     -  174s
H    0     2                    41035.000000 4507.95986  89.0%     -  176s
     0     2 4507.95986    0 2216 41035.0000 4507.95986  89.0%     -  176s
     1     4 4508.05574    1 2193 41035.0000 4507.95986  89.0%   764  190s
     3     8 4508.15726    2 2212 41035.0000 4508.06078  89.0%  5323  199s
     7    16 4509.54924    3 2227 41035.0000 4509.27871  89.0%  5309  210s
    15    32 4509.56853    4 2243 41035.0000 4509.54945  89.0%  5137  219s
    31    62 4509.81790    5 2216 41035.0000 4509.56892  89.0%  4994  247s
H   33    62                    40339.000000 4509.56892  88.8%  4980  247s
H   61    94                    40313.000000 4509.84568  88.8%  5767  258s
H   62    94                    39623.000000 4509.85655  88.6%  5693  258s
H   64    94                    38871.000000 4509.85655  88.4%  5540  258s
H   73    94                    37112.000000 4510.50845  87.8%  5010  258s
H   92    94                    36811.000000 4510.50845  87.7%  4291  258s
H   93   159                    36785.000000 4510.50845  87.7%  4265  356s
H  158   191                    35288.000000 4510.60645  87.2%  3034  383s
H  172   191                    32731.000000 4510.60645  86.2%  3149  383s
H  190   300                    32705.000000 4510.60645  86.2%  2989  412s
H  301   417                    32411.000000 4510.60645  86.1%  2719  439s
H  330   417                    32298.000000 4510.60645  86.0%  2661  439s
H  418   505                    31493.000000 4510.60645  85.7%  2384  461s
   506   591 4519.80634   20 2318 31493.0000 4510.60645  85.7%  2214  484s
H  531   591                    31459.000000 4510.60645  85.7%  2235  484s
H  592   669                    31218.000000 4510.60645  85.6%  2155  508s
H  594   669                    31092.000000 4510.60645  85.5%  2162  508s
H  601   669                    31049.000000 4510.60645  85.5%  2152  508s
H  643   669                    30998.000000 4510.60645  85.4%  2142  508s
H  670   739                    27810.000000 4510.60645  83.8%  2115  527s
H  672   739                    26771.000000 4510.60645  83.2%  2112  527s
H  729   739                    26025.000000 4510.60645  82.7%  2109  527s
H  733   739                    25952.000000 4510.60645  82.6%  2101  527s
H  737   739                    25780.000000 4510.60645  82.5%  2094  527s
   740   812 4574.80547   23 2104 25780.0000 4510.60645  82.5%  2097  549s
H  741   812                    25591.000000 4510.60645  82.4%  2095  549s
H  744   812                    25575.000000 4510.60645  82.4%  2089  549s
H  757   812                    25346.000000 4510.60645  82.2%  2096  549s
H  813   844                    20199.000000 4510.60645  77.7%  2051  566s
H  815   844                    18446.000000 4510.60645  75.5%  2050  566s
   845   918 4667.44913   24 2206 18446.0000 4510.60645  75.5%  2039  587s
H  846   918                    18360.000000 4510.60645  75.4%  2037  587s
H  848   918                    18121.000000 4510.60645  75.1%  2041  587s
H  850   918                    17990.000000 4510.60645  74.9%  2045  587s
H  864   918                    17899.000000 4510.60645  74.8%  2083  587s
H  919   984                    17151.000000 4510.60645  73.7%  2040  608s
H  985  1063                    17099.000000 4510.60645  73.6%  2031  631s
H  986  1063                    17093.000000 4510.60645  73.6%  2032  631s
H  993  1063                    17021.000000 4510.60645  73.5%  2030  631s
H 1003  1063                    16978.000000 4510.60645  73.4%  2034  631s
H 1035  1063                    16944.000000 4510.60645  73.4%  2022  631s
H 1066  1142                    16788.000000 4510.60645  73.1%  1999  652s
H 1119  1142                    16361.000000 4510.60645  72.4%  1997  652s
H 1147  1231                    16350.000000 4510.60645  72.4%  2004  671s
H 1153  1231                    16318.000000 4510.60645  72.4%  2013  671s
H 1157  1231                    16270.000000 4510.60645  72.3%  2022  671s
H 1163  1231                    16222.000000 4510.60645  72.2%  2021  671s
H 1171  1231                    16204.000000 4510.60645  72.2%  2013  671s
H 1173  1231                    16170.000000 4510.60645  72.1%  2017  671s
H 1198  1231                    16146.000000 4510.60645  72.1%  2012  671s
  1238  1321 4538.13322   31 2248 16146.0000 4510.60645  72.1%  1990  695s
H 1262  1321                    16136.000000 4510.60645  72.0%  2009  695s
H 1296  1321                    15560.000000 4510.60645  71.0%  2012  695s
H 1328  1355                    15418.000000 4510.60645  70.7%  1995  715s
H 1335  1355                    15365.000000 4510.60645  70.6%  2001  715s
H 1347  1355                    15346.000000 4510.60645  70.6%  2020  715s
H 1362  1396                    15003.000000 4510.60645  69.9%  2026  733s
H 1372  1396                    14706.000000 4510.60645  69.3%  2046  733s
H 1387  1396                    14161.000000 4510.60645  68.1%  2064  733s
H 1403  1431                    13841.000000 4510.60645  67.4%  2058  755s
H 1407  1431                    13760.000000 4510.60645  67.2%  2065  755s
H 1410  1431                    13741.000000 4510.60645  67.2%  2070  755s
H 1427  1431                    13493.000000 4510.60645  66.6%  2086  755s
  1438  1463 4583.94901   36 2252 13493.0000 4510.60645  66.6%  2097  777s
H 1441  1463                    13128.000000 4510.60645  65.6%  2112  777s
H 1445  1463                    12599.000000 4510.60645  64.2%  2122  777s
  1470  1529 4620.40357   37 2235 12599.0000 4510.60645  64.2%  2165  809s
  1536  1579 4652.98204   38 2239 12599.0000 4510.60645  64.2%  2237  833s
H 1539  1579                    12564.000000 4510.60645  64.1%  2240  833s
H 1546  1579                    12447.000000 4510.60645  63.8%  2257  833s
H 1555  1579                    12298.000000 4510.60645  63.3%  2288  833s
H 1559  1579                    12283.000000 4510.60645  63.3%  2290  833s
H 1570  1579                    11901.000000 4510.60645  62.1%  2301  833s
  1586  1673 4684.52818   39 2301 11901.0000 4510.60645  62.1%  2293  865s
H 1680  1726                    11885.000000 4510.60645  62.0%  2313  894s
H 1681  1726                    11865.000000 4510.60645  62.0%  2314  894s
H 1682  1726                    11782.000000 4510.60645  61.7%  2315  894s
H 1694  1726                    11776.000000 4510.60645  61.7%  2327  894s
H 1711  1726                    11534.000000 4510.60645  60.9%  2327  894s
  1733  1832 4737.40909   41 2190 11534.0000 4510.60645  60.9%  2324  927s
H 1839  1872                    11502.000000 4510.60645  60.8%  2336  954s
H 1840  1872                    11479.000000 4510.60645  60.7%  2336  954s
H 1844  1872                    11474.000000 4510.60645  60.7%  2344  954s
H 1849  1872                    11450.000000 4510.60645  60.6%  2354  954s
H 1855  1872                    11441.000000 4510.60645  60.6%  2362  954s
  1879  1989 4825.15047   44 2261 11441.0000 4510.60645  60.6%  2361  986s
H 1996  2038                    11271.000000 4510.60645  60.0%  2359 1013s
H 2033  2038                    11270.000000 4510.60645  60.0%  2360 1013s
  2045  2163 4915.65243   48 2106 11270.0000 4510.60645  60.0%  2353 1048s
  2170  2295 4943.28177   49 2124 11270.0000 4510.60645  60.0%  2350 1083s
H 2199  2295                    11256.000000 4510.60645  59.9%  2394 1083s
  2304  2444 4964.63081   50 2116 11256.0000 4510.60645  59.9%  2358 1117s
H 2455  2508                    11211.000000 4510.60645  59.8%  2354 1153s
H 2456  2508                    11097.000000 4510.60645  59.4%  2354 1153s
H 2461  2508                    11057.000000 4510.60645  59.2%  2359 1153s
  2519  2677 5098.50711   54 2116 11057.0000 4510.60645  59.2%  2351 1187s
H 2688  2709                    11045.000000 4510.60645  59.2%  2340 1214s
H 2694  2709                    10549.000000 4510.60645  57.2%  2343 1214s
H 2720  2937                    10525.000000 4510.60645  57.1%  2348 1252s
H 2948  2969                    10524.000000 4510.60645  57.1%  2302 1282s
H 2950  2969                    10505.000000 4510.60645  57.1%  2302 1282s
H 2955  2969                    10493.000000 4510.60645  57.0%  2307 1282s
  2980  3218 5250.26554   59 1991 10493.0000 4510.60645  57.0%  2312 1322s
H 3233  3250                    10456.000000 4510.60645  56.9%  2265 1351s
H 3240  3250                    10421.000000 4510.60645  56.7%  2270 1351s
H 3243  3250                    10417.000000 4510.60645  56.7%  2273 1351s
H 3256  3250                    10405.000000 4510.60645  56.6%  2276 1352s
  3265  3570 5309.23978   62 1840 10405.0000 4510.60645  56.6%  2272 1394s
  3587  3602 5415.55976   65 1735 10405.0000 4510.60645  56.6%  2200 1426s
H 3592  3602                    10396.000000 4510.60645  56.6%  2202 1426s
H 3593  3602                    10389.000000 4510.60645  56.6%  2202 1426s
H 3602  3602                    10341.000000 4510.60645  56.4%  2206 1426s
H 3619  3748                    10305.000000 4510.60645  56.2%  2200 1468s
H 3621  3748                    10259.000000 4510.60645  56.0%  2201 1468s
H 3630  3748                    10258.000000 4510.60645  56.0%  2203 1468s
H 3645  3748                    10240.000000 4510.60645  56.0%  2209 1468s
H 3668  3747                    10182.000000 4510.60645  55.7%  2216 1469s
  3775  4145 5475.43009   67 1672 10182.0000 4510.60645  55.7%  2185 1510s
H 4188  4173                    10176.000000 4510.60645  55.7%  2089 1543s
H 4191  4173                    10168.000000 4510.60645  55.6%  2089 1543s
H 4199  4173                    10160.000000 4510.60645  55.6%  2092 1543s
H 4217  4173                    10151.000000 4510.60645  55.6%  2092 1543s
  4223  4546 5611.56845   71 1607 10151.0000 4510.60645  55.6%  2090 1586s
  4649  4901 5830.55334   76 1502 10151.0000 4511.82183  55.6%  2012 1625s
  5095  5181 6137.17023   82 1324 10151.0000 4511.82183  55.6%  1932 1671s
  5430  5219 6421.94191   85 1317 10151.0000 4513.74157  55.5%  1917 1711s
H 5431  5217                    10141.000000 4513.74157  55.5%  1917 1711s
H 5445  5215                    10134.000000 4513.74157  55.5%  1921 1711s
H 5446  5215                    10132.000000 4513.74157  55.5%  1920 1711s
H 5449  5199                    10056.000000 4513.74157  55.1%  1920 1711s
H 5451  5186                    9967.0000000 4513.74157  54.7%  1920 1711s
H 5468  5576                    9939.0000000 4513.74157  54.6%  1921 1758s
  5897  5611 6494.10435   99 1149 9939.00000 4513.74157  54.6%  1873 1797s
H 5908  5607                    9913.0000000 4513.74157  54.5%  1873 1797s
H 5920  5594                    9797.0000000 4513.74157  53.9%  1875 1797s
H 5933  5625                    9777.0000000 4513.74157  53.8%  1874 1843s
H 5935  5609                    9688.0000000 4513.74157  53.4%  1874 1844s
  5968  6148 6499.15184  101 1126 9688.00000 4514.41208  53.4%  1871 1891s
  6510  6815 6543.02642  113 1187 9688.00000 4514.41208  53.4%  1804 1940s
  7200  7257 6604.48613  133 1202 9688.00000 4514.41208  53.4%  1720 1989s
H 7226  7254                    9676.0000000 4514.41208  53.3%  1717 1989s
H 7301  7252                    9667.0000000 4514.41208  53.3%  1708 1989s
H 7312  7249                    9644.0000000 4514.41208  53.2%  1711 1989s
  7653  8135 6616.41354  146 1143 9644.00000 4514.41208  53.2%  1661 2031s
H 8555  8168                    9641.0000000 4514.41208  53.2%  1555 2074s
H 8579  8168                    9637.0000000 4514.41208  53.2%  1555 2074s
H 8582  8167                    9636.0000000 4514.41208  53.2%  1556 2074s
H 8585  8161                    9603.0000000 4514.41208  53.0%  1556 2074s
  8600  8955 6679.82486  164 1076 9603.00000 4514.41208  53.0%  1555 2127s
  9453  9670 6770.07812  187  957 9603.00000 4514.41208  53.0%  1488 2178s
 10211 10227 6832.63561  197  992 9603.00000 4514.41208  53.0%  1449 2230s
H10502 10225                    9599.0000000 4514.41208  53.0%  1438 2230s
H10573 10225                    9591.0000000 4514.41208  52.9%  1434 2230s
 10813 10748 7551.91203  240 1062 9591.00000 4514.41208  52.9%  1416 2279s
 11429 11699 7770.19491  253  969 9591.00000 4514.41208  52.9%  1388 2335s
 12441 11895 7981.29919  295  944 9591.00000 4514.41208  52.9%  1335 2391s
H12452 11895                    9590.0000000 4514.41208  52.9%  1334 2392s
H12494 11893                    9587.0000000 4514.41208  52.9%  1336 2392s
H12532 11893                    9586.0000000 4514.41208  52.9%  1337 2392s
H12574 11893                    9585.0000000 4514.41208  52.9%  1335 2392s
H12590 11883                    9579.0000000 4514.41208  52.9%  1335 2392s
H12644 12522                    9556.0000000 4514.41208  52.8%  1333 2452s
H12693 12518                    9544.0000000 4514.41208  52.7%  1333 2452s
H12738 12476                    9525.0000000 4514.41208  52.6%  1331 2452s
 13323 13726 4729.06116   18 1963 9525.00000 4514.41208  52.6%  1303 2511s
 14624 13727 4861.46806   26 12861 9525.00000 4514.41208  52.6%  1246 2563s
H14625 13041                    9518.0000000 4514.41208  52.6%  1246 2601s
 14627 13042 7357.48978  630 1437 9518.00000 4514.41208  52.6%  1246 2605s
 14628 13043 8270.80501  190 1479 9518.00000 4514.41208  52.6%  1246 2611s
 14629 13043 5011.63598   68 1642 9518.00000 4514.41208  52.6%  1246 2621s
H14629 12391                    9508.0000000 4514.41208  52.5%  1246 2630s
H14629 11771                    9502.0000000 4514.41208  52.5%  1246 2630s
 14631 11773 8914.90695  806 2001 9502.00000 4553.20253  52.1%  1245 2638s
 14632 11773 8100.53039   84 2210 9502.00000 4588.58792  51.7%  1245 2643s
 14633 11774 6839.77718  131 2091 9502.00000 4594.33664  51.6%  1245 2645s
 14637 11777 8609.77663   83 2104 9502.00000 4594.97652  51.6%  1245 2667s
 14638 11777 8792.40092  476 2074 9502.00000 4648.05640  51.1%  1245 2673s
 14639 11778 6016.97786   58 2091 9502.00000 4661.57126  50.9%  1245 2677s
 14641 11779 4928.46305   34 2110 9502.00000 4666.01951  50.9%  1245 2680s
 14646 11783 5839.55195   24 2061 9502.00000 4666.21365  50.9%  1244 2705s
 14647 11783 7049.88677  534 2133 9502.00000 4703.42395  50.5%  1244 2712s
 14649 11785 7009.14969  491 2213 9502.00000 4708.13809  50.5%  1244 2715s
 14652 11787 4727.65972   21 2196 9502.00000 4709.54149  50.4%  1244 2744s
 14653 11787 8051.36942  285 2350 9502.00000 4744.28219  50.1%  1244 2752s
 14654 11788 4752.13586   12 2320 9502.00000 4752.13586  50.0%  1243 2756s
 14659 11791 5800.53504   76 2251 9502.00000 4753.35204  50.0%  1243 2786s
H14659 11201                    9501.0000000 4778.37085  49.7%  1243 2792s
 14661 11203 7920.49025   92 2284 9501.00000 4786.37335  49.6%  1243 2797s
 14667 11207 6158.33372  208 2270 9501.00000 4787.96825  49.6%  1242 2828s
 14668 11207 6295.72208   70 2253 9501.00000 4814.19963  49.3%  1242 2854s
 14669 11208 5910.43401  129 2317 9501.00000 4817.02504  49.3%  1242 2860s
 14675 11212 8916.44944  809 2356 9501.00000 4818.87804  49.3%  1242 2892s
 14676 11213 7408.30984  151 2528 9501.00000 4848.68762  49.0%  1242 2900s
 14678 11214 6783.59026  377 2392 9501.00000 4860.39281  48.8%  1241 2906s
 14684 11218 9249.25826  137 2440 9501.00000 4860.97053  48.8%  1241 2935s
 14685 11219 7746.54288  681 2485 9501.00000 4886.91519  48.6%  1241 2942s
 14686 11219 6110.27981  208 2413 9501.00000 4890.63802  48.5%  1241 2945s
 14691 11223 6691.23143  137 2402 9501.00000 4891.82553  48.5%  1240 2976s
 14692 11223 7458.84077  135 2489 9501.00000 4918.95161  48.2%  1240 2984s
 14693 11224 8847.76983  489 2559 9501.00000 4924.66773  48.2%  1240 2987s
 14695 11225 7098.98029  129 2482 9501.00000 4926.46522  48.1%  1240 2990s
 14701 11229 4926.63484   12 2535 9501.00000 4926.63484  48.1%  1239 3020s
 14702 11230 7266.42381   69 2441 9501.00000 4953.19989  47.9%  1239 3028s
 14703 11231 7745.35394  246 2353 9501.00000 4955.41456  47.8%  1239 3031s
 14708 11234 5548.58675   39 2263 9501.00000 4957.42425  47.8%  1239 3035s
 14711 11236 4957.42647   10 2331 9501.00000 4957.42647  47.8%  1239 3062s
 14712 11237 4973.48296    9 2458 9501.00000 4973.48296  47.7%  1239 3069s
 14713 11237 8269.49345  325 2426 9501.00000 4977.04479  47.6%  1238 3073s
 14715 11239 6910.75649  120 2433 9501.00000 4978.13332  47.6%  1238 3075s
 14720 11242 7002.76549  148 2415 9501.00000 4978.22467  47.6%  1238 3103s
H14720 10678                    9495.0000000 4988.62557  47.5%  1238 3123s
 14722 10679 4990.44035   23 2554 9495.00000 4990.44035  47.4%  1238 3129s
 14723 10680 6858.37690  117 2574 9495.00000 4991.27684  47.4%  1238 3130s
 14728 10683 8270.80501  190 2523 9495.00000 4991.46075  47.4%  1237 3159s
 14729 10684 5011.63598   68 2486 9495.00000 5002.41209  47.3%  1237 3166s
 14730 10685 5008.00477   26 2630 9495.00000 5008.00477  47.3%  1237 3170s
 14737 10689 8609.77663   83 2455 9495.00000 5010.37832  47.2%  1236 3202s
 14738 10690 8792.40092  476 2603 9495.00000 5022.21632  47.1%  1236 3208s
 14739 10691 6016.97786   58 2636 9495.00000 5024.35756  47.1%  1236 3211s
 14745 10695 6569.33493   94 2684 9495.00000 5025.96826  47.1%  1236 3241s
 14746 10695 5839.55195   24 2764 9495.00000 5036.51221  47.0%  1236 3247s
 14747 10696 7049.88677  534 2677 9495.00000 5041.62023  46.9%  1236 3251s
 14752 10699 5042.75175   21 2734 9495.00000 5042.75175  46.9%  1235 3283s
 14753 10700 8051.36942  285 2799 9495.00000 5053.45194  46.8%  1235 3314s
 14754 10701 5055.12415   12 2850 9495.00000 5055.12415  46.8%  1235 3320s
 14758 10703 7594.78040   76 2826 9495.00000 5055.54365  46.8%  1235 3348s
 14759 10704 5800.53504   76 2918 9495.00000 5061.64145  46.7%  1235 3353s
 14760 10705 7761.29233   90 2926 9495.00000 5062.47559  46.7%  1234 3355s
 14764 10707 5568.05624   58 2990 9495.00000 5063.04097  46.7%  1234 3382s
 14765 10708 5163.47470   47 3025 9495.00000 5069.01877  46.6%  1234 3386s
 14769 10711 5910.43401  129 2992 9495.00000 5071.15899  46.6%  1234 3390s
 14771 10712 6539.96533  135 2943 9495.00000 5071.16469  46.6%  1234 3415s
 14772 10713 5074.81945   32 2937 9495.00000 5074.81945  46.6%  1233 3420s
 14779 10717 5075.02478   34 2838 9495.00000 5075.02478  46.6%  1233 3446s
 14780 10718 7498.77876  622 2799 9495.00000 5078.62463  46.5%  1233 3451s
 14785 10721 7746.54288  681 2936 9495.00000 5079.53195  46.5%  1232 3479s
 14786 10722 6110.27981  208 2869 9495.00000 5081.85408  46.5%  1232 3482s
 14790 10725 7684.81980  246 2912 9495.00000 5082.08552  46.5%  1232 3511s
 14791 10725 6691.23143  137 2865 9495.00000 5086.16847  46.4%  1232 3516s
 14798 10730 6387.43941   68 3081 9495.00000 5086.85507  46.4%  1231 3546s
 14799 10731 5178.34029   38 3061 9495.00000 5091.08496  46.4%  1231 3550s
 14805 10735 5743.47719   94 3069 9495.00000 5091.97364  46.4%  1231 3581s
 14807 10736 8055.85211  776 2890 9495.00000 5094.89998  46.3%  1231 3586s
 14811 10739 5094.97076   10 3138 9495.00000 5094.97076  46.3%  1230 3614s
 14812 10739 5097.45781    9 3092 9495.00000 5097.45781  46.3%  1230 3618s
 14813 10740 8269.49345  325 3147 9495.00000 5097.95610  46.3%  1230 3620s
 14817 10743 6942.63385  464 3154 9495.00000 5098.03919  46.3%  1230 3647s
 14818 10743 8296.53708  931 3008 9495.00000 5101.43732  46.3%  1230 3651s
 14823 10747 6858.37690  117 3063 9495.00000 5102.12060  46.3%  1229 3682s
 14824 10747 5104.78914   26 3037 9495.00000 5104.78914  46.2%  1229 3687s
 14827 10749 7357.48978  630 3195 9495.00000 5105.45307  46.2%  1229 3690s
 14829 10751 5105.46160   68 3150 9495.00000 5105.46160  46.2%  1229 3716s
H14829 10210                    9469.0000000 5107.66661  46.1%  1229 3721s
 14834 10213 8226.89142  152 3151 9469.00000 5108.27374  46.1%  1228 3725s
 14836 10214 7958.67697  284 3157 9469.00000 5108.27517  46.1%  1228 3752s
 14837 10215 8609.77663   83 3125 9469.00000 5110.27353  46.0%  1228 3755s
 14843 10219 6082.64526   42 3081 9469.00000 5110.92018  46.0%  1228 3785s
 14845 10220 6569.33493   94 3233 9469.00000 5113.62168  46.0%  1227 3791s
 14849 10223 7009.14969  491 3142 9469.00000 5114.12639  46.0%  1227 3820s
 14851 10224 5116.29662   26 3049 9469.00000 5116.29662  46.0%  1227 3826s
 14855 10227 5116.36764   27 3052 9469.00000 5116.36764  46.0%  1227 3853s
 14856 10228 5118.65807   20 3017 9469.00000 5118.65807  45.9%  1227 3858s
 14857 10228 8361.57697  157 2943 9469.00000 5119.04854  45.9%  1226 3860s
 14861 10231 7920.49025   92 3005 9469.00000 5119.09646  45.9%  1226 3885s
 14863 10232 5121.11357    7 3121 9469.00000 5121.11357  45.9%  1226 3890s
 14869 10236 5910.43401  129 3087 9469.00000 5121.20248  45.9%  1225 3919s
H14869  9720                    9457.0000000 5122.27219  45.8%  1225 3969s
 14870  9721 7589.62357  161 3188 9457.00000 5122.27219  45.8%  1225 4058s
 14871  9722 6539.96533  135 3194 9457.00000 5122.98965  45.8%  1225 4074s
 14873  9723 7306.82103  154 3136 9457.00000 5123.11566  45.8%  1225 4075s
 14876  9725 7408.30984  151 3229 9457.00000 5123.12041  45.8%  1225 4101s
 14877  9726 5125.74779   43 3069 9457.00000 5125.74779  45.8%  1225 4106s
 14880  9728 7498.77876  622 3042 9457.00000 5127.27655  45.8%  1225 4110s
 14883  9730 7293.14111   62 3035 9457.00000 5127.29404  45.8%  1224 4138s
 14884  9730 9249.25826  137 3173 9457.00000 5129.28192  45.8%  1224 4142s
 14888  9733 5841.48890   36 3300 9457.00000 5129.84249  45.8%  1224 4145s
 14889  9734 7081.99127  562 3328 9457.00000 5129.84289  45.8%  1224 4172s
 14890  9734 7684.81980  246 3203 9457.00000 5131.54965  45.7%  1224 4176s
 14895  9738 7098.98029  129 3236 9457.00000 5131.91747  45.7%  1223 4206s
 14897  9739 5134.17152   25 3104 9457.00000 5134.17152  45.7%  1223 4211s
 14902  9742 7266.42381   69 3172 9457.00000 5134.44802  45.7%  1223 4241s
 14903  9743 7745.35394  246 3030 9457.00000 5137.66937  45.7%  1223 4246s
 14905  9744 5743.47719   94 3189 9457.00000 5138.68176  45.7%  1222 4250s
 14908  9746 5548.58675   39 3175 9457.00000 5138.70812  45.7%  1222 4277s
 14909  9747 6519.93865   73 3143 9457.00000 5140.48114  45.6%  1222 4280s
 14914  9750 6244.17204   70 3260 9457.00000 5140.73079  45.6%  1222 4309s
 14915  9751 6910.75649  120 3283 9457.00000 5142.64194  45.6%  1222 4312s
 14919  9754 6243.79891   40 3340 9457.00000 5142.90928  45.6%  1221 4341s
 14922  9756 5144.18315   23 3333 9457.00000 5144.18315  45.6%  1221 4345s
 14925  9758 7980.70880  753 3359 9457.00000 5144.20092  45.6%  1221 4373s
 14926  9758 6861.96738   94 3306 9457.00000 5146.37378  45.6%  1221 4377s
 14928  9760 8270.80501  190 3416 9457.00000 5146.63684  45.6%  1221 4380s
 14932  9762 8100.53039   84 3442 9457.00000 5146.65625  45.6%  1220 4407s
 14933  9763 6839.77718  131 3452 9457.00000 5148.17576  45.6%  1220 4410s
 14939  9767 6016.97786   58 3577 9457.00000 5148.67791  45.6%  1220 4439s
 14940  9768 5210.04195   55 3397 9457.00000 5149.72438  45.5%  1220 4442s
 14944  9770 5150.00820    6 3579 9457.00000 5150.00820  45.5%  1219 4445s
 14946  9772 5839.55195   24 3475 9457.00000 5150.01124  45.5%  1219 4472s
 14951  9775 5150.50123   26 3499 9457.00000 5150.50123  45.5%  1219 4501s
 14954  9777 5151.42005   12 3472 9457.00000 5151.42005  45.5%  1218 4505s
 14956  9778 5151.42598   20 3482 9457.00000 5151.42598  45.5%  1218 4532s
 14958  9780 7594.78040   76 3469 9457.00000 5152.65130  45.5%  1218 4536s
 14963  9783 5152.69652    7 3421 9457.00000 5152.69652  45.5%  1218 4564s
 14964  9784 5568.05624   58 3369 9457.00000 5154.46530  45.5%  1218 4568s
 14969  9787 5910.43401  129 3463 9457.00000 5154.63950  45.5%  1217 4570s
 14970  9788 7589.62357  161 3502 9457.00000 5154.63964  45.5%  1217 4595s
 14973  9790 7306.82103  154 3344 9457.00000 5155.95608  45.5%  1217 4600s
 14978  9793 6783.59026  377 3361 9457.00000 5155.99402  45.5%  1217 4626s
 14979  9794 5157.70157   34 3198 9457.00000 5157.70157  45.5%  1216 4631s
 14984  9797 9249.25826  137 3340 9457.00000 5158.51442  45.5%  1216 4660s
 14989  9800 7081.99127  562 3307 9457.00000 5159.96395  45.4%  1216 4691s
 14992  9802 7458.84077  135 3333 9457.00000 5161.01607  45.4%  1215 4695s
 14995  9804 7098.98029  129 3350 9457.00000 5161.02768  45.4%  1215 4722s
 14997  9806 5162.28145   25 3337 9457.00000 5162.28145  45.4%  1215 4725s
 15001  9808 5162.35005   12 3420 9457.00000 5162.35005  45.4%  1215 4754s
 15002  9809 7266.42381   69 3458 9457.00000 5163.41749  45.4%  1215 4756s
 15006  9812 9100.72538  441 3524 9457.00000 5163.80773  45.4%  1214 4760s
 15008  9813 5548.58675   39 3589 9457.00000 5163.80950  45.4%  1214 4787s
 15010  9814 6673.33164  129 3436 9457.00000 5164.68516  45.4%  1214 4790s
 15016  9818 8083.53968  133 3433 9457.00000 5164.72298  45.4%  1213 4818s
 15017  9819 6942.63385  464 3506 9457.00000 5165.45864  45.4%  1213 4820s
 15023  9823 6858.37690  117 3597 9457.00000 5165.88527  45.4%  1213 4848s
 15024  9824 5167.16882   26 3420 9457.00000 5167.16882  45.4%  1213 4851s
 15028  9826 8270.80501  190 3398 9457.00000 5167.37238  45.4%  1212 4879s
 15029  9827 5167.68353   68 3425 9457.00000 5167.68353  45.4%  1212 4882s
 15032  9829 8100.53039   84 3466 9457.00000 5167.72321  45.4%  1212 4910s
 15037  9832 8609.77663   83 3593 9457.00000 5168.49288  45.3%  1212 4941s
 15038  9833 8792.40092  476 3412 9457.00000 5168.77950  45.3%  1212 4945s
 15041  9835 5168.83286   34 3453 9457.00000 5168.83286  45.3%  1211 4974s
 15042  9836 7359.30868  197 3493 9457.00000 5170.45258  45.3%  1211 4977s
 15046  9838 5839.55195   24 3497 9457.00000 5170.65821  45.3%  1211 5006s
 15048  9840 6187.73501  214 3474 9457.00000 5171.58782  45.3%  1211 5010s
 15051  9842 5171.62877   26 3504 9457.00000 5171.62877  45.3%  1211 5038s
 15052  9842 5172.72237   21 3438 9457.00000 5172.72237  45.3%  1211 5040s
 15057  9846 8361.57697  157 3501 9457.00000 5172.94173  45.3%  1210 5069s
 15058  9846 7594.78040   76 3637 9457.00000 5173.57091  45.3%  1210 5071s
 15063  9850 5173.69804    7 3669 9457.00000 5173.69804  45.3%  1210 5099s
 15064  9850 5568.05624   58 3577 9457.00000 5174.10391  45.3%  1210 5101s
 15068  9853 6295.72208   70 3616 9457.00000 5174.20185  45.3%  1209 5130s
 15075  9858 8916.44944  809 3703 9457.00000 5175.26547  45.3%  1209 5135s
 15076  9858 7408.30984  151 3716 9457.00000 5175.26553  45.3%  1209 5163s
 15077  9859 5176.00697   43 3592 9457.00000 5176.00697  45.3%  1209 5166s
 15081  9862 8366.92652  158 3619 9457.00000 5176.25727  45.3%  1208 5196s
 15084  9864 9249.25826  137 3622 9457.00000 5177.49866  45.3%  1208 5200s
 15088  9866 5841.48890   36 3488 9457.00000 5177.52551  45.3%  1208 5229s
 15089  9867 7081.99127  562 3478 9457.00000 5178.26628  45.2%  1208 5231s
 15094  9870 7298.82539  603 3534 9457.00000 5178.42183  45.2%  1207 5261s
 15095  9871 7098.98029  129 3555 9457.00000 5179.50920  45.2%  1207 5266s
 15099  9874 5179.83254   38 3526 9457.00000 5179.83254  45.2%  1207 5270s
 15100  9874 6702.82152   99 3609 9457.00000 5179.83296  45.2%  1207 5297s
 15102  9876 7266.42381   69 3596 9457.00000 5180.93310  45.2%  1207 5300s
 15107  9879 8055.85211  776 3579 9457.00000 5180.99840  45.2%  1206 5330s
 15115  9884 6910.75649  120 3605 9457.00000 5182.03795  45.2%  1206 5363s
 15116  9885 8083.53968  133 3328 9457.00000 5183.01897  45.2%  1205 5365s
 15121  9888 6920.44362  105 3366 9457.00000 5183.36589  45.2%  1205 5394s
 15122  9889 5184.13552   23 3482 9457.00000 5184.13552  45.2%  1205 5399s
 15123  9890 6858.37690  117 3533 9457.00000 5184.21463  45.2%  1205 5401s
 15126  9892 6861.96738   94 3616 9457.00000 5184.25612  45.2%  1205 5429s
 15127  9892 7357.48978  630 3484 9457.00000 5185.19688  45.2%  1205 5431s
 15132  9896 8100.53039   84 3518 9457.00000 5185.47518  45.2%  1204 5461s
 15136  9898 7958.67697  284 3519 9457.00000 5186.25039  45.2%  1204 5465s
 15138  9900 8792.40092  476 3553 9457.00000 5186.25546  45.2%  1204 5493s
 15139  9900 6016.97786   58 3573 9457.00000 5186.65619  45.2%  1204 5495s
 15143  9903 6082.64526   42 3488 9457.00000 5186.94889  45.2%  1203 5525s
 15148  9906 6187.73501  214 3566 9457.00000 5187.98679  45.1%  1203 5530s
 15150  9908 5307.54778   96 3552 9457.00000 5187.98968  45.1%  1203 5558s
 15152  9909 5188.45286   21 3485 9457.00000 5188.45286  45.1%  1203 5560s
 15155  9911 5188.47289   27 3585 9457.00000 5188.47289  45.1%  1202 5587s
 15156  9912 5189.07805   20 3599 9457.00000 5189.07805  45.1%  1202 5593s
 15157  9912 8361.57697  157 3616 9457.00000 5189.13126  45.1%  1202 5595s
 15163  9916 5189.17122    7 3695 9457.00000 5189.17122  45.1%  1202 5622s
 15164  9917 5568.05624   58 3658 9457.00000 5189.96047  45.1%  1202 5625s
 15169  9920 5910.43401  129 3749 9457.00000 5190.15366  45.1%  1201 5653s
 15170  9921 7589.62357  161 3696 9457.00000 5190.72931  45.1%  1201 5660s
 15174  9924 5190.79476   19 3646 9457.00000 5190.79476  45.1%  1201 5687s
 15179  9927 5191.23055   34 3623 9457.00000 5191.23055  45.1%  1200 5690s
 15180  9928 7498.77876  622 3623 9457.00000 5191.23055  45.1%  1200 5717s
 15181  9928 8366.92652  158 3771 9457.00000 5191.82955  45.1%  1200 5720s
 15186  9932 6110.27981  208 3782 9457.00000 5191.86996  45.1%  1200 5748s
 15187  9932 6222.62251  250 3602 9457.00000 5192.38964  45.1%  1200 5750s
 15192  9936 7458.84077  135 3643 9457.00000 5192.49214  45.1%  1199 5775s
 15198  9940 6387.43941   68 3732 9457.00000 5192.74541  45.1%  1199 5805s
 15204  9944 5282.18389   86 3839 9457.00000 5192.90913  45.1%  1198 5835s
 15207  9946 8055.85211  776 3684 9457.00000 5193.65214  45.1%  1198 5840s
 15210  9948 6673.33164  129 3689 9457.00000 5193.65858  45.1%  1198 5868s
 15211  9948 5194.20243   10 3678 9457.00000 5194.20243  45.1%  1198 5870s
 15215  9951 6910.75649  120 3944 9457.00000 5194.26549  45.1%  1198 5900s
 15218  9953 8296.53708  931 3844 9457.00000 5195.03026  45.1%  1197 5905s
 15221  9955 6920.44362  105 3854 9457.00000 5195.03938  45.1%  1197 5933s
 15222  9956 5195.64160   23 3675 9457.00000 5195.64160  45.1%  1197 5935s
 15227  9959 7357.48978  630 3675 9457.00000 5195.84043  45.1%  1197 5965s
 15234  9964 8226.89142  152 3781 9457.00000 5196.44891  45.1%  1196 5996s
 15236  9965 7958.67697  284 3516 9457.00000 5197.57226  45.0%  1196 6000s
 15240  9968 5210.04195   55 3626 9457.00000 5197.60969  45.0%  1196 6027s
 15241  9968 5198.17349   34 3518 9457.00000 5198.17349  45.0%  1196 6030s
 15247  9972 7049.88677  534 3606 9457.00000 5198.35956  45.0%  1195 6061s
 15253  9976 8051.36942  285 3693 9457.00000 5198.72605  45.0%  1195 6091s
 15254  9977 5199.24453   12 3562 9457.00000 5199.24453  45.0%  1195 6096s
 15260  9981 7761.29233   90 3779 9457.00000 5199.37678  45.0%  1194 6125s
 15267  9986 6158.33372  208 3690 9457.00000 5200.25135  45.0%  1193 6157s
 15268  9986 6295.72208   70 3728 9457.00000 5201.00111  45.0%  1193 6160s
 15273  9990 7306.82103  154 3772 9457.00000 5201.48718  45.0%  1193 6190s
 15278  9994 6783.59026  377 1435 9457.00000 5201.82379  45.0%  1225 6232s
 15279  9995 5201.82379   34 1454 9457.00000 5201.82379  45.0%  1225 6236s
 15280  9996 7498.77876  622 1449 9457.00000 5201.82379  45.0%  1225 6243s
 15281  9996 8366.92652  158 1664 9457.00000 5201.82379  45.0%  1225 6253s
 15282  9997 7638.58824  164 1952 9457.00000 5201.82379  45.0%  1225 6263s
 15283  9998 7293.14111   62 2146 9457.00000 5201.86569  45.0%  1225 6275s
 15284  9998 9249.25826  137 2103 9457.00000 5201.86569  45.0%  1225 6288s
 15285  9999 7746.54288  681 2452 9457.00000 5202.08176  45.0%  1225 6299s
 15286 10000 6110.27981  208 2793 9457.00000 5202.08176  45.0%  1225 6311s
 15287 10000 6222.62251  250 2779 9457.00000 5202.08176  45.0%  1225 6320s
 15288 10001 5841.48890   36 3130 9457.00000 5202.08176  45.0%  1225 6329s
 15289 10002 7081.99127  562 3253 9457.00000 5202.08176  45.0%  1225 6335s
 15291 10003 6691.23143  137 3317 9457.00000 5202.08176  45.0%  1224 6342s
 15293 10004 8847.76983  489 3555 9457.00000 5202.08176  45.0%  1224 6345s
 15297 10007 5202.19151   25 3623 9457.00000 5202.19151  45.0%  1224 6372s
 15298 10008 6387.43941   68 3573 9457.00000 5203.81483  45.0%  1224 6376s
 15304 10012 5282.18389   86 3546 9457.00000 5203.99393  45.0%  1223 6407s
 15305 10012 5743.47719   94 3498 9457.00000 5205.35998  45.0%  1223 6410s
 15312 10017 5205.65365    9 3434 9457.00000 5205.65365  45.0%  1223 6442s
 15313 10018 8269.49345  325 3472 9457.00000 5207.50074  44.9%  1223 6445s
 15318 10021 8296.53708  931 3511 9457.00000 5207.73888  44.9%  1222 6476s
 15320 10022 7002.76549  148 3443 9457.00000 5209.39238  44.9%  1222 6481s
 15324 10025 5209.41094   26 3408 9457.00000 5209.41094  44.9%  1222 6511s
 15325 10026 7980.70880  753 3379 9457.00000 5210.17573  44.9%  1222 6543s
 15326 10026 6861.96738   94 3464 9457.00000 5210.32198  44.9%  1222 6548s
 15330 10029 5210.34183   26 3341 9457.00000 5210.34183  44.9%  1221 6577s
 15331 10030 8914.90695  806 3275 9457.00000 5211.77202  44.9%  1221 6581s
 15335 10032 5212.00453    9 3337 9457.00000 5212.00453  44.9%  1221 6611s
 15340 10036 5212.82410   55 3352 9457.00000 5212.82410  44.9%  1220 6615s
H15340  9533                    9452.0000000 5212.82442  44.8%  1220 6643s
 15342  9534 7359.30868  197 3333 9452.00000 5213.55964  44.8%  1220 6645s
 15348  9538 6187.73501  214 3423 9452.00000 5214.11234  44.8%  1220 6676s
 15350  9539 5307.54778   96 3490 9452.00000 5215.41834  44.8%  1220 6680s
 15355  9543 5215.49440   27 3515 9452.00000 5215.49440  44.8%  1219 6710s
 15357  9544 8361.57697  157 3386 9452.00000 5216.89825  44.8%  1219 6715s
 15363  9548 5216.93422    7 3327 9452.00000 5216.93422  44.8%  1219 6744s
 15364  9549 5568.05624   58 3426 9452.00000 5218.34670  44.8%  1219 6746s
 15369  9552 5910.43401  129 3387 9452.00000 5218.65256  44.8%  1218 6777s
 15370  9553 7589.62357  161 3227 9452.00000 5220.49504  44.8%  1218 6781s
 15375  9556 8916.44944  809 3303 9452.00000 5220.89809  44.8%  1218 6812s
 15376  9557 7408.30984  151 3273 9452.00000 5222.30736  44.7%  1218 6815s
 15379  9559 5222.63370   34 3193 9452.00000 5222.63370  44.7%  1217 6845s
 15383  9561 7293.14111   62 3272 9452.00000 5223.36761  44.7%  1217 6850s
 15385  9563 7746.54288  681 3271 9452.00000 5223.36839  44.7%  1217 6878s
 15386  9563 6110.27981  208 3389 9452.00000 5224.33996  44.7%  1217 6884s
 15387  9564 6222.62251  250 3384 9452.00000 5224.45949  44.7%  1217 6886s
 15391  9567 6691.23143  137 3342 9452.00000 5224.50675  44.7%  1216 6914s
 15392  9567 7458.84077  135 3378 9452.00000 5225.03168  44.7%  1216 6916s
 15397  9571 5225.20683   25 3379 9452.00000 5225.20683  44.7%  1216 6944s
 15398  9571 6387.43941   68 3351 9452.00000 5225.81475  44.7%  1216 6998s
 15402  9574 7266.42381   69 3426 9452.00000 5225.93025  44.7%  1216 7000s
 15404  9575 5282.18389   86 3412 9452.00000 5225.93495  44.7%  1215 7027s
 15406  9577 9100.72538  441 3405 9452.00000 5226.35440  44.7%  1215 7030s
 15410  9579 6673.33164  129 3557 9452.00000 5226.35440  44.7%  1215 7058s
 15411  9580 5226.80212   10 3425 9452.00000 5226.80212  44.7%  1215 7061s
 15417  9584 6942.63385  464 3431 9452.00000 5226.98417  44.7%  1214 7091s
 15419  9585 6243.79891   40 3388 9452.00000 5227.81471  44.7%  1214 7095s
 15423  9588 6858.37690  117 3329 9452.00000 5227.86060  44.7%  1214 7122s
 15425  9589 7980.70880  753 3399 9452.00000 5228.31914  44.7%  1214 7125s
 15429  9592 5228.33261   68 3410 9452.00000 5228.33261  44.7%  1213 7153s
 15430  9593 5229.15418   26 3431 9452.00000 5229.15418  44.7%  1213 7156s
 15435  9596 5229.32292    9 3478 9452.00000 5229.32292  44.7%  1213 7186s
 15439  9599 6016.97786   58 3515 9452.00000 5229.56766  44.7%  1213 7217s
 15443  9601 6082.64526   42 3536 9452.00000 5229.64557  44.7%  1212 7247s
 15446  9603 5839.55195   24 3527 9452.00000 5229.77607  44.7%  1212 7276s
 15448  9605 6187.73501  214 3590 9452.00000 5230.17030  44.7%  1212 7280s
 15452  9607 5230.19529   21 3573 9452.00000 5230.19529  44.7%  1212 7309s
 15453  9608 8051.36942  285 3433 9452.00000 5230.44354  44.7%  1212 7311s
 15457  9611 8361.57697  157 3533 9452.00000 5230.50163  44.7%  1211 7339s
 15458  9611 7594.78040   76 3540 9452.00000 5230.77620  44.7%  1211 7341s
 15463  9615 5230.92904    7 3443 9452.00000 5230.92904  44.7%  1211 7370s
 15471  9620 6539.96533  135 3512 9452.00000 5231.48637  44.7%  1210 7402s
 15473  9621 7306.82103  154 3372 9452.00000 5231.71299  44.6%  1210 7405s
 15475  9623 8916.44944  809 3384 9452.00000 5231.72546  44.6%  1210 7432s
 15480  9626 7498.77876  622 3602 9452.00000 5231.95558  44.6%  1209 7461s
 15482  9627 7638.58824  164 3347 9452.00000 5232.67992  44.6%  1209 7465s
 15486  9630 6110.27981  208 3324 9452.00000 5232.69236  44.6%  1209 7493s
 15487  9631 6222.62251  250 3306 9452.00000 5233.24338  44.6%  1209 7495s
 15491  9633 6691.23143  137 3359 9452.00000 5233.32239  44.6%  1209 7524s
 15492  9634 7458.84077  135 3375 9452.00000 5233.62076  44.6%  1208 7526s
 15496  9637 5930.31060  132 3404 9452.00000 5233.63714  44.6%  1208 7555s
 15503  9641 7745.35394  246 3415 9452.00000 5234.04697  44.6%  1208 7585s
 15505  9643 5743.47719   94 3445 9452.00000 5234.93071  44.6%  1207 7590s
 15510  9646 6673.33164  129 3450 9452.00000 5234.98269  44.6%  1207 7618s
 15512  9647 5235.16496    9 3484 9452.00000 5235.16496  44.6%  1207 7620s
 15514  9649 6244.17204   70 3495 9452.00000 5235.17112  44.6%  1207 7647s
 15518  9651 8296.53708  931 3525 9452.00000 5235.41271  44.6%  1206 7650s
 15520  9653 7002.76549  148 3540 9452.00000 5235.41354  44.6%  1206 7677s
 15522  9654 5235.86336   23 3263 9452.00000 5235.86336  44.6%  1206 7680s
 15526  9657 6861.96738   94 3370 9452.00000 5235.88952  44.6%  1206 7708s
 15527  9657 7357.48978  630 3437 9452.00000 5236.55865  44.6%  1206 7711s
 15533  9661 6839.77718  131 3700 9452.00000 5236.77664  44.6%  1205 7741s
 15538  9665 8792.40092  476 3526 9452.00000 5237.03367  44.6%  1205 7772s
 15541  9667 5237.34441   34 3478 9452.00000 5237.34441  44.6%  1205 7775s
 15544  9669 5237.34868    6 3593 9452.00000 5237.34868  44.6%  1204 7804s
 15545  9669 6569.33493   94 3444 9452.00000 5237.51665  44.6%  1204 7805s
 15550  9673 5307.54778   96 3527 9452.00000 5237.54960  44.6%  1204 7834s
 15551  9673 5237.90160   26 3465 9452.00000 5237.90160  44.6%  1204 7836s
 15555  9676 5238.09544   27 3470 9452.00000 5238.09544  44.6%  1204 7865s
 15559  9679 5800.53504   76 3731 9452.00000 5238.41681  44.6%  1203 7895s
 15564  9682 5568.05624   58 3580 9452.00000 5238.87633  44.6%  1203 7927s
 15565  9683 5239.25416   47 3601 9452.00000 5239.25416  44.6%  1203 7935s
 15570  9686 7589.62357  161 3629 9452.00000 5239.42964  44.6%  1202 7965s
 15573  9688 7306.82103  154 3794 9452.00000 5239.73556  44.6%  1202 7994s
 15574  9689 5240.39037   19 3592 9452.00000 5240.39037  44.6%  1202 8009s
 15575  9689 8916.44944  809 3507 9452.00000 5240.49938  44.6%  1202 8010s
 15578  9691 6783.59026  377 3524 9452.00000 5240.52787  44.6%  1202 8038s
 15579  9692 5241.11788   34 3561 9452.00000 5241.11788  44.6%  1202 8041s
 15583  9695 7293.14111   62 3546 9452.00000 5241.30885  44.5%  1201 8070s
 15589  9699 7081.99127  562 3544 9452.00000 5241.70579  44.5%  1201 8099s
 15590  9699 7684.81980  246 3561 9452.00000 5241.79318  44.5%  1201 8100s
 15592  9701 7458.84077  135 3566 9452.00000 5241.80481  44.5%  1201 8127s
 15593  9701 8847.76983  489 3522 9452.00000 5241.89007  44.5%  1201 8305s
 15594  9702 7298.82539  603 3695 9452.00000 5241.91306  44.5%  1201 8323s
 15597  9704 5241.91771   25 3694 9452.00000 5241.91771  44.5%  1200 8351s
 15601  9707 5242.12570   12 3607 9452.00000 5242.12570  44.5%  1200 8381s
 15605  9709 5743.47719   94 3680 9452.00000 5242.30752  44.5%  1200 8411s
 15610  9713 6673.33164  129 3780 9452.00000 5242.36555  44.5%  1199 8441s
 15615  9716 6910.75649  120 3651 9452.00000 5242.49793  44.5%  1199 8471s
 15617  9717 6942.63385  464 3505 9452.00000 5242.86631  44.5%  1199 8475s
 15619  9719 6243.79891   40 3502 9452.00000 5242.86824  44.5%  1199 8503s
 15620  9719 7002.76549  148 3715 9452.00000 5243.41433  44.5%  1199 8505s
 15626  9723 6861.96738   94 3681 9452.00000 5243.75018  44.5%  1198 8533s
 15627  9724 7357.48978  630 3624 9452.00000 5243.91963  44.5%  1198 8535s
 15631  9727 8914.90695  806 3736 9452.00000 5244.01475  44.5%  1198 8564s
 15632  9727 8100.53039   84 3447 9452.00000 5244.81036  44.5%  1198 8566s
 15636  9730 7958.67697  284 3652 9452.00000 5244.99037  44.5%  1197 8595s
 15638  9731 8792.40092  476 3604 9452.00000 5245.65241  44.5%  1197 8600s
 15643  9735 6082.64526   42 3652 9452.00000 5245.69851  44.5%  1197 8628s
 15644  9735 5246.15938    6 3657 9452.00000 5246.15938  44.5%  1197 8630s
 15649  9739 7009.14969  491 3716 9452.00000 5246.44073  44.5%  1196 8661s
 15655  9743 5246.80512   27 3763 9452.00000 5246.80512  44.5%  1196 8692s
 15657  9744 8361.57697  157 3831 9452.00000 5247.63877  44.5%  1196 8695s
 15662  9747 5247.73712   40 3793 9452.00000 5247.73712  44.5%  1195 8724s
 15663  9748 5247.97966    7 3628 9452.00000 5247.97966  44.5%  1195 8726s
 15668  9751 6295.72208   70 3683 9452.00000 5248.05571  44.5%  1195 8754s
 15669  9752 5910.43401  129 3812 9452.00000 5248.41052  44.5%  1195 8755s
 15671  9753 6539.96533  135 3713 9452.00000 5248.43418  44.5%  1195 8781s
 15676  9757 7408.30984  151 3683 9452.00000 5248.61492  44.5%  1194 8810s
 15682  9761 7638.58824  164 3569 9452.00000 5248.82010  44.5%  1194 8839s
 15683  9761 7293.14111   62 3689 9452.00000 5249.06372  44.5%  1194 8843s
 15684  9762 9249.25826  137 3765 9452.00000 5249.08113  44.5%  1194 8845s
 15686  9763 6110.27981  208 3789 9452.00000 5249.08736  44.5%  1194 8871s
 15692  9767 7458.84077  135 3683 9452.00000 5249.52442  44.5%  1193 8900s
 15697  9771 5249.70757   25 3731 9452.00000 5249.70757  44.5%  1193 8930s
 15702  9774 7266.42381   69 3674 9452.00000 5250.36626  44.5%  1192 8961s
 15704  9775 5282.18389   86 3682 9452.00000 5250.76610  44.4%  1192 8965s
 15708  9778 5548.58675   39 3758 9452.00000 5250.78391  44.4%  1192 8993s
 15709  9779 6519.93865   73 3747 9452.00000 5251.20396  44.4%  1192 8995s
 15714  9782 6244.17204   70 3673 9452.00000 5251.51584  44.4%  1191 9001s
 15718  9785 8296.53708  931 3782 9452.00000 5251.59237  44.4%  1191 9005s
 15722  9787 5251.70407   23 3899 9452.00000 5251.70407  44.4%  1191 9010s
 15726  9790 6861.96738   94 3901 9452.00000 5251.88233  44.4%  1190 9015s
 15732  9794 8100.53039   84 3882 9452.00000 5252.00576  44.4%  1190 9021s
 15737  9797 8609.77663   83 3855 9452.00000 5252.19073  44.4%  1190 9026s
 15740  9799 5252.64266   55 3730 9452.00000 5252.64266  44.4%  1189 9030s
 15746  9803 5839.55195   24 3740 9452.00000 5253.14330  44.4%  1189 9036s
 15751  9807 5253.28373   26 3742 9452.00000 5253.28373  44.4%  1189 9042s
 15753  9808 8051.36942  285 3827 9452.00000 5253.98317  44.4%  1188 9045s
 15758  9811 7594.78040   76 3548 9452.00000 5254.43488  44.4%  1188 9052s
 15762  9814 5254.53302   40 3627 9452.00000 5254.53302  44.4%  1188 9055s
 15768  9818 6295.72208   70 3712 9452.00000 5254.95993  44.4%  1187 9061s
 15773  9821 7306.82103  154 3693 9452.00000 5255.15471  44.4%  1187 9067s
 15775  9823 8916.44944  809 3784 9452.00000 5255.97893  44.4%  1187 9070s
 15783  9828 7293.14111   62 3789 9452.00000 5256.03699  44.4%  1186 9075s
 15788  9831 5841.48890   36 3747 9452.00000 5256.30411  44.4%  1186 9080s
 15793  9835 8847.76983  489 3599 9452.00000 5256.91266  44.4%  1185 9086s
 15795  9836 7098.98029  129 3676 9452.00000 5257.22895  44.4%  1185 9090s
 15801  9840 5257.63497   12 3618 9452.00000 5257.63497  44.4%  1185 9095s
 15805  9843 5743.47719   94 3716 9452.00000 5257.73333  44.4%  1185 9100s
 15807  9844 8055.85211  776 3730 9452.00000 5258.50732  44.4%  1184 9105s
 15811  9847 5258.95228   10 3728 9452.00000 5258.95228  44.4%  1184 9110s
 15815  9849 6910.75649  120 3815 9452.00000 5259.27922  44.4%  1184 9115s
 15821  9853 6920.44362  105 3951 9452.00000 5259.71004  44.4%  1183 9121s
 15826  9857 6861.96738   94 3929 9452.00000 5260.07033  44.3%  1183 9126s
 15830  9859 5260.27125   26 3796 9452.00000 5260.27125  44.3%  1183 9131s
 15833  9861 6839.77718  131 3788 9452.00000 5261.05851  44.3%  1182 9135s
 15837  9864 8609.77663   83 3708 9452.00000 5261.35204  44.3%  1182 9140s
 15843  9868 6082.64526   42 3805 9452.00000 5261.68986  44.3%  1182 9145s
 15848  9872 6187.73501  214 1435 9452.00000 5261.84505  44.3%  1203 9187s
 15849  9873 7009.14969  491 1438 9452.00000 5261.84505  44.3%  1203 9191s
 15850  9874 5307.54778   96 1512 9452.00000 5261.84505  44.3%  1203 9200s
 15851  9874 5261.84505   26 1600 9452.00000 5261.84505  44.3%  1203 9210s
 15852  9875 5261.84505   21 1892 9452.00000 5261.84505  44.3%  1203 9221s
 15853  9876 8051.36942  285 2244 9452.00000 5261.85015  44.3%  1203 9235s
 15854  9876 5261.85015   12 2504 9452.00000 5261.85015  44.3%  1203 9247s
 15855  9877 5261.85015   27 2642 9452.00000 5261.85015  44.3%  1203 9259s
 15856  9878 5261.85015   20 2525 9452.00000 5261.85015  44.3%  1202 9270s
 15857  9878 8361.57697  157 2848 9452.00000 5262.23590  44.3%  1202 9281s
 15858  9879 7594.78040   76 3124 9452.00000 5262.23590  44.3%  1202 9290s
 15859  9880 5800.53504   76 3194 9452.00000 5262.23590  44.3%  1202 9297s
 15860  9880 7761.29233   90 3437 9452.00000 5262.23590  44.3%  1202 9303s
 15861  9881 7920.49025   92 3418 9452.00000 5262.41626  44.3%  1202 9309s
 15862  9882 5262.41626   40 3582 9452.00000 5262.41626  44.3%  1202 9312s
 15864  9883 5568.05624   58 3701 9452.00000 5262.41626  44.3%  1202 9316s
 15869  9886 5910.43401  129 3774 9452.00000 5262.44501  44.3%  1202 9348s
 15870  9887 7589.62357  161 3716 9452.00000 5262.76697  44.3%  1201 9351s
 15874  9890 5262.97207   19 3658 9452.00000 5262.97207  44.3%  1201 9381s
 15878  9892 6783.59026  377 3616 9452.00000 5263.48741  44.3%  1201 9413s
 15879  9893 5264.17895   34 3487 9452.00000 5264.17895  44.3%  1201 9416s
 15883  9896 7293.14111   62 3455 9452.00000 5264.27505  44.3%  1200 9446s
 15887  9898 6222.62251  250 3367 9452.00000 5264.41591  44.3%  1200 9476s
 15888  9899 5841.48890   36 3413 9452.00000 5264.72408  44.3%  1200 9504s
 15889  9900 7081.99127  562 3462 9452.00000 5264.76294  44.3%  1200 9506s
 15891  9901 6691.23143  137 3446 9452.00000 5264.76595  44.3%  1200 9535s
 15896  9904 5930.31060  132 3470 9452.00000 5265.35363  44.3%  1199 9567s
 15900  9907 6702.82152   99 3447 9452.00000 5265.65788  44.3%  1199 9598s
 15904  9910 5282.18389   86 3527 9452.00000 5265.85539  44.3%  1199 9600s
 15905  9910 5743.47719   94 3537 9452.00000 5265.85539  44.3%  1199 9628s
 15906  9911 9100.72538  441 3362 9452.00000 5265.90253  44.3%  1199 9631s
 15911  9914 5265.90253   10 3392 9452.00000 5265.90253  44.3%  1198 9659s
 15912  9915 5266.29439    9 3504 9452.00000 5266.29439  44.3%  1198 9662s
 15915  9917 6910.75649  120 3514 9452.00000 5266.44567  44.3%  1198 9665s
 15916  9918 8083.53968  133 3505 9452.00000 5266.44586  44.3%  1198 9693s
 15917  9918 6942.63385  464 3397 9452.00000 5266.79544  44.3%  1198 9697s
 15920  9920 7002.76549  148 3464 9452.00000 5266.83363  44.3%  1198 9727s
 15923  9922 6858.37690  117 3374 9452.00000 5267.14746  44.3%  1197 9730s
 15925  9924 7980.70880  753 3379 9452.00000 5267.15210  44.3%  1197 9759s
 15926  9924 6861.96738   94 3350 9452.00000 5267.37119  44.3%  1197 9929s
 15927  9925 7357.48978  630 3370 9452.00000 5267.45993  44.3%  1197 9956s
 15929  9926 5267.46220   68 3350 9452.00000 5267.46220  44.3%  1197 9985s
 15931  9928 8914.90695  806 3303 9452.00000 5268.48896  44.3%  1197 9990s

Cutting planes:
  Learned: 2
  Gomory: 25
  Cover: 1007
  Implied bound: 7
  Clique: 232
  MIR: 103
  StrongCG: 256
  Flow cover: 1531
  GUB cover: 137
  Inf proof: 1
  Zero half: 245
  RLT: 1294
  Relax-and-lift: 12
  BQP: 14

Explored 15935 nodes (19392511 simplex iterations) in 10003.76 seconds (12932.45 work units)
Thread count was 32 (of 64 available processors)

Solution count 10: 9452 9457 9469 ... 9544

Time limit reached
Best objective 9.452000000000e+03, best bound 5.269000000000e+03, gap 44.2552%
Solved r101_Random2 -> /project2/ssuen_1733/output/v4_exact_weekly_fairness_w10_l100_mad/r101_Random2.pkl / /project2/ssuen_1733/output/v4_exact_weekly_fairness_w10_l100_mad/r101_Random2.json / /project2/ssuen_1733/output/v4_exact_weekly_fairness_w10_l100_mad/r101_Random2_running_synopsis.json
[Mon Sep 28 12:04:29 PDT 2026] Finished run_single_instance for r101_Random2
