Using Python:
Python 3.10.18
Checking core dependencies:
numpy: 2.2.6
gurobi: (12, 0, 3)
[Mon Sep 28 09:17:15 PDT 2026] Starting run_single_instance on a02-08.hpc.usc.edu for c201_Even
Set parameter TokenServer to value "hpc-licenses.hpcc.usc.edu"
Added workload fairness penalty (mean_absolute_deviation) to objective with weight 10.0
Added weekly leadership day fairness penalty (mean_absolute_deviation) to objective with weight 100.0
Set parameter TimeLimit to value 10000
Set parameter Seed to value 42
Set parameter OutputFlag to value 1
Gurobi Optimizer version 12.0.3 build v12.0.3rc0 (linux64 - "Rocky Linux 8.10 (Green Obsidian)")

CPU model: AMD EPYC 7513 32-Core Processor, instruction set [SSE2|AVX|AVX2]
Thread count: 64 physical cores, 64 logical processors, using up to 32 threads

Non-default parameters:
TimeLimit  10000
Seed  42

Optimize a model with 987850 rows, 728450 columns and 6949150 nonzeros
Model fingerprint: 0x01064dbe
Variable types: 200 continuous, 728250 integer (727750 binary)
Coefficient statistics:
  Matrix range     [2e-02, 1e+03]
  Objective range  [2e+00, 1e+02]
  Bounds range     [1e+00, 5e+01]
  RHS range        [1e+00, 1e+03]
Presolve removed 960350 rows and 701955 columns
Presolve time: 1.16s
Presolved: 27500 rows, 26495 columns, 207050 nonzeros
Variable types: 100 continuous, 26395 integer (26250 binary)
Performing another presolve...
Presolve removed 2950 rows and 250 columns
Presolve time: 0.97s
Deterministic concurrent LP optimizer: primal and dual simplex
Showing primal log only...


Root simplex log...

Iteration    Objective       Primal Inf.    Dual Inf.      Time
   14708    1.5563553e+04   0.000000e+00   4.199472e+06      5s
   45864    6.9599007e+03   0.000000e+00   7.533255e+05     10s
Concurrent spin time: 0.00s

Solved with dual simplex

Root simplex log...

Iteration    Objective       Primal Inf.    Dual Inf.      Time
   25425    4.7373229e+03   0.000000e+00   0.000000e+00     12s

Root relaxation: objective 4.737323e+03, 25425 iterations, 8.08 seconds (11.35 work units)
Total elapsed time = 12.20s (DegenMoves)

    Nodes    |    Current Node    |     Objective Bounds      |     Work
 Expl Unexpl |  Obj  Depth IntInf | Incumbent    BestBd   Gap | It/Node Time

     0     0 4737.32292    0 1425          - 4737.32292      -     -   12s
H    0     0                    6693850.0000 4810.04493   100%     -   52s
     0     0 4810.04493    0 1510 6693850.00 4810.04493   100%     -   55s
H    0     0                    108746.00000 4810.04493  95.6%     -   55s
H    0     0                    108641.00000 4810.04493  95.6%     -   55s
H    0     0                    108309.00000 4810.04493  95.6%     -   55s
H    0     0                    108112.00000 4810.04493  95.6%     -   55s
H    0     0                    67214.000000 4810.04493  92.8%     -   55s
H    0     0                    66183.000000 4810.04493  92.7%     -   55s
H    0     0                    65201.000000 4810.04493  92.6%     -   55s
H    0     0                    65153.000000 4810.04493  92.6%     -   55s
H    0     0                    63859.000000 4810.04493  92.5%     -   55s
H    0     0                    62549.000000 4810.04493  92.3%     -   55s
H    0     0                    61367.000000 4810.04493  92.2%     -   55s
H    0     0                    61041.000000 4810.04493  92.1%     -   55s
H    0     0                    56688.000000 4810.04493  91.5%     -   55s
H    0     0                    56654.000000 4810.04493  91.5%     -   55s
H    0     0                    54356.000000 4810.04493  91.2%     -   56s
H    0     0                    54164.000000 4810.04493  91.1%     -   56s
H    0     0                    54112.000000 4810.04493  91.1%     -   56s
     0     0 4810.04493    0 1566 54112.0000 4810.04493  91.1%     -   58s
     0     0 4810.04493    0 1565 54112.0000 4810.04493  91.1%     -   58s
     0     0 4810.04493    0 1593 54112.0000 4810.04493  91.1%     -   59s
     0     0 4810.04493    0 1597 54112.0000 4810.04493  91.1%     -   59s
     0     0 4810.04493    0 1600 54112.0000 4810.04493  91.1%     -   60s
     0     0 4810.04493    0 1596 54112.0000 4810.04493  91.1%     -   60s
     0     0 4810.04493    0 1584 54112.0000 4810.04493  91.1%     -   63s
H    0     0                    54079.000000 4810.04493  91.1%     -   63s
H    0     0                    54046.000000 4810.04493  91.1%     -   63s
H    0     0                    54045.000000 4810.04493  91.1%     -   63s
H    0     0                    54039.000000 4810.04493  91.1%     -   63s
H    0     0                    54038.000000 4810.04493  91.1%     -   63s
H    0     0                    51826.000000 4810.04493  90.7%     -   64s
H    0     0                    51791.000000 4810.04493  90.7%     -   64s
H    0     0                    51788.000000 4810.04493  90.7%     -   64s
H    0     0                    50747.000000 4810.04493  90.5%     -   64s
H    0     0                    49920.000000 4810.04493  90.4%     -   65s
H    0     0                    48988.000000 4810.04493  90.2%     -   66s
H    0     0                    47776.000000 4810.04493  89.9%     -   66s
H    0     0                    47448.000000 4810.04493  89.9%     -   66s
H    0     0                    47221.000000 4810.04493  89.8%     -   67s
H    0     0                    46782.000000 4810.04493  89.7%     -   67s
H    0     0                    45958.000000 4810.04493  89.5%     -   67s
H    0     0                    45923.000000 4810.04493  89.5%     -   67s
H    0     0                    45288.000000 4810.04493  89.4%     -   67s
H    0     0                    45281.000000 4810.04493  89.4%     -   67s
     0     0 4810.04493    0 1569 45281.0000 4810.04493  89.4%     -   69s
     0     0 4810.04493    0 1561 45281.0000 4810.04493  89.4%     -   69s
     0     0 4810.04493    0 1515 45281.0000 4810.04493  89.4%     -   69s
     0     0 4888.42133    0 1720 45281.0000 4888.42133  89.2%     -   75s
H    0     0                    45270.000000 4888.88298  89.2%     -   76s
H    0     0                    45213.000000 4888.88298  89.2%     -   76s
H    0     0                    44867.000000 4888.88298  89.1%     -   76s
H    0     0                    44748.000000 4888.88298  89.1%     -   76s
H    0     0                    44713.000000 4888.88298  89.1%     -   76s
H    0     0                    44691.000000 4888.88298  89.1%     -   76s
H    0     0                    43749.000000 4888.88298  88.8%     -   77s
H    0     0                    41583.000000 4888.88298  88.2%     -   78s
H    0     0                    41457.000000 4888.88298  88.2%     -   78s
H    0     0                    41456.000000 4888.88298  88.2%     -   78s
H    0     0                    41259.000000 4888.88298  88.2%     -   78s
H    0     0                    41249.000000 4888.88298  88.1%     -   78s
H    0     0                    41238.000000 4888.88298  88.1%     -   79s
     0     0 4894.45057    0 1702 41238.0000 4894.45057  88.1%     -   81s
     0     0 4894.60869    0 1681 41238.0000 4894.60869  88.1%     -   81s
     0     0 4894.60869    0 1682 41238.0000 4894.60869  88.1%     -   81s
     0     0 4979.63493    0 1732 41238.0000 4979.63493  87.9%     -   86s
     0     0 4983.71945    0 1814 41238.0000 4983.71945  87.9%     -   88s
     0     0 4983.72478    0 1804 41238.0000 4983.72478  87.9%     -   88s
     0     0 5083.26523    0 1915 41238.0000 5083.26523  87.7%     -   96s
H    0     0                    41207.000000 5083.31929  87.7%     -   96s
H    0     0                    40969.000000 5083.31929  87.6%     -   96s
H    0     0                    40002.000000 5083.31929  87.3%     -   96s
     0     0 5085.15805    0 1887 40002.0000 5085.15805  87.3%     -   98s
     0     0 5085.28028    0 1900 40002.0000 5085.28028  87.3%     -   98s
     0     0 5085.28137    0 1904 40002.0000 5085.28137  87.3%     -   99s
     0     0 5205.13331    0 1882 40002.0000 5205.13331  87.0%     -  105s
H    0     0                    39456.000033 5205.14411  86.8%     -  105s
H    0     0                    39373.000033 5205.14411  86.8%     -  105s
H    0     0                    39369.000033 5205.14411  86.8%     -  105s
H    0     0                    39295.000033 5205.14411  86.8%     -  105s
H    0     0                    39238.000033 5205.14411  86.7%     -  105s
H    0     0                    39226.000033 5205.14411  86.7%     -  105s
H    0     0                    39226.000000 5205.14411  86.7%     -  105s
     0     0 5212.41782    0 1866 39226.0000 5212.41782  86.7%     -  108s
     0     0 5212.81518    0 1911 39226.0000 5212.81518  86.7%     -  108s
     0     0 5212.82292    0 1911 39226.0000 5212.82292  86.7%     -  109s
     0     0 5277.09935    0 2134 39226.0000 5277.09935  86.5%     -  115s
H    0     0                    39208.000000 5277.95907  86.5%     -  115s
H    0     0                    39184.000000 5277.95907  86.5%     -  115s
H    0     0                    39134.000000 5277.95907  86.5%     -  115s
     0     0 5280.18227    0 1996 39134.0000 5280.18227  86.5%     -  117s
     0     0 5280.24798    0 2015 39134.0000 5280.24798  86.5%     -  118s
     0     0 5293.92417    0 2000 39134.0000 5293.92417  86.5%     -  121s
H    0     0                    38924.000000 5294.09732  86.4%     -  121s
H    0     0                    38861.000000 5294.09732  86.4%     -  121s
H    0     0                    38595.000000 5294.09732  86.3%     -  121s
H    0     0                    38573.000000 5294.09732  86.3%     -  121s
H    0     0                    38553.000000 5294.09732  86.3%     -  121s
H    0     0                    38533.000000 5294.09732  86.3%     -  121s
H    0     0                    38444.000000 5294.09732  86.2%     -  121s
H    0     0                    38374.000000 5294.09732  86.2%     -  121s
H    0     0                    38332.000000 5294.09732  86.2%     -  121s
H    0     0                    38288.000000 5294.09732  86.2%     -  121s
H    0     0                    38254.000000 5294.09732  86.2%     -  121s
H    0     0                    38252.000000 5294.09732  86.2%     -  121s
H    0     0                    38138.000000 5294.09732  86.1%     -  121s
H    0     0                    38105.000000 5294.09732  86.1%     -  121s
H    0     0                    37941.000000 5294.09732  86.0%     -  121s
H    0     0                    37876.000000 5294.09732  86.0%     -  121s
     0     0 5294.29247    0 2007 37876.0000 5294.29247  86.0%     -  122s
     0     0 5294.30187    0 1973 37876.0000 5294.30187  86.0%     -  122s
     0     0 5316.14032    0 2061 37876.0000 5316.14032  86.0%     -  125s
H    0     0                    37673.000000 5316.14192  85.9%     -  126s
H    0     0                    36613.000000 5316.14192  85.5%     -  126s
H    0     0                    35859.000000 5316.14192  85.2%     -  127s
H    0     0                    35039.000000 5316.14192  84.8%     -  127s
H    0     0                    34601.000000 5316.14192  84.6%     -  127s
H    0     0                    34567.000000 5316.14192  84.6%     -  127s
H    0     0                    32946.000000 5316.14192  83.9%     -  128s
H    0     0                    32811.000000 5316.14192  83.8%     -  128s
     0     0 5317.19394    0 2037 32811.0000 5317.19394  83.8%     -  129s
     0     0 5317.26939    0 2047 32811.0000 5317.26939  83.8%     -  129s
     0     0 5335.08865    0 2114 32811.0000 5335.08865  83.7%     -  132s
H    0     0                    32791.000000 5335.11963  83.7%     -  133s
H    0     0                    31708.000000 5335.11963  83.2%     -  133s
H    0     0                    31623.000000 5335.11963  83.1%     -  136s
H    0     0                    31497.000000 5335.11963  83.1%     -  136s
H    0     0                    31001.000000 5335.11963  82.8%     -  136s
H    0     0                    30916.000000 5335.11963  82.7%     -  137s
H    0     0                    30517.000000 5335.11963  82.5%     -  137s
H    0     0                    30432.000000 5335.11963  82.5%     -  139s
H    0     0                    30399.000000 5335.11963  82.4%     -  140s
H    0     0                    30359.000000 5335.11963  82.4%     -  140s
H    0     0                    30335.000000 5335.11963  82.4%     -  140s
H    0     0                    29922.000000 5335.11963  82.2%     -  140s
H    0     0                    29505.000000 5335.11963  81.9%     -  140s
H    0     0                    29445.000000 5335.11963  81.9%     -  140s
H    0     0                    29401.000000 5335.11963  81.9%     -  141s
H    0     0                    29365.000000 5335.11963  81.8%     -  141s
     0     0 5335.97782    0 2065 29365.0000 5335.97782  81.8%     -  143s
     0     0 5335.97938    0 2096 29365.0000 5335.97938  81.8%     -  143s
     0     0 5347.14124    0 2038 29365.0000 5347.14124  81.8%     -  145s
H    0     0                    29359.000000 5347.14901  81.8%     -  146s
H    0     0                    29334.000000 5347.14901  81.8%     -  146s
     0     0 5347.80388    0 1999 29334.0000 5347.80388  81.8%     -  146s
     0     0 5347.83476    0 2041 29334.0000 5347.83476  81.8%     -  147s
     0     0 5363.50960    0 2109 29334.0000 5363.50960  81.7%     -  150s
     0     0 5363.86393    0 2072 29334.0000 5363.86393  81.7%     -  150s
     0     0 5363.94504    0 2088 29334.0000 5363.94504  81.7%     -  151s
     0     0 5378.13945    0 2022 29334.0000 5378.13945  81.7%     -  153s
     0     0 5379.58641    0 2070 29334.0000 5379.58641  81.7%     -  154s
     0     0 5379.66363    0 2076 29334.0000 5379.66363  81.7%     -  155s
     0     0 5388.02264    0 2087 29334.0000 5388.02264  81.6%     -  157s
     0     0 5388.48867    0 2146 29334.0000 5388.48867  81.6%     -  158s
     0     0 5388.49572    0 2133 29334.0000 5388.49572  81.6%     -  158s
     0     0 5395.26029    0 2183 29334.0000 5395.26029  81.6%     -  160s
H    0     0                    29254.000000 5395.26115  81.6%     -  160s
H    0     0                    29182.000000 5395.26115  81.5%     -  160s
     0     0 5395.87324    0 2097 29182.0000 5395.87324  81.5%     -  161s
     0     0 5395.91685    0 2115 29182.0000 5395.91685  81.5%     -  162s
     0     0 5401.30706    0 2097 29182.0000 5401.30706  81.5%     -  164s
     0     0 5402.02740    0 2159 29182.0000 5402.02740  81.5%     -  165s
     0     0 5402.80024    0 2119 29182.0000 5402.80024  81.5%     -  166s
H    0     0                    29164.000000 5402.80131  81.5%     -  166s
     0     0 5403.03161    0 2116 29164.0000 5403.03161  81.5%     -  167s
     0     0 5403.06560    0 2100 29164.0000 5403.06560  81.5%     -  167s
     0     0 5403.98015    0 2126 29164.0000 5403.98015  81.5%     -  169s
     0     0 5403.98015    0 2126 29164.0000 5403.98015  81.5%     -  169s
     0     2 5404.00042    0 2118 29164.0000 5404.00042  81.5%     -  179s
     1     4 5405.88419    1 1987 29164.0000 5404.51699  81.5%  1326  189s
     3     8 5406.46182    2 2052 29164.0000 5405.88419  81.5%  4793  200s
     7    16 5406.50871    3 2070 29164.0000 5406.46519  81.5%  4690  227s
    15    32 5406.50890    4 2090 29164.0000 5406.50871  81.5%  5984  238s
    31    62 5408.07937    5 2125 29164.0000 5406.85353  81.5%  6138  277s
H   32    62                    28107.000000 5406.85353  80.8%  5946  277s
H   61    93                    26801.000000 5408.08056  79.8%  8642  296s
H   65    93                    25564.000000 5408.09025  78.8%  8143  296s
H   72    93                    25065.000000 5408.25455  78.4%  7597  296s
H   77    93                    24929.000000 5408.25455  78.3%  7168  296s
H   81    93                    23900.000000 5408.25455  77.4%  6866  296s
H   92   179                    23864.000000 5408.25455  77.3%  6188  372s
H  178   211                    23734.000000 5408.25455  77.2%  3902  393s
H  179   211                    23731.000000 5408.25455  77.2%  3885  393s
H  180   211                    23712.000000 5408.25455  77.2%  3864  393s
H  181   211                    23674.000000 5408.25455  77.2%  3846  393s
H  185   211                    23542.000000 5408.25455  77.0%  3776  393s
H  186   211                    23486.000000 5408.25455  77.0%  3759  393s
H  190   211                    23072.000000 5408.25455  76.6%  3786  393s
   210   307 5554.13900    9 2115 23072.0000 5408.25455  76.6%  3653  427s
   308   399 5553.94636   10 2011 23072.0000 5408.25455  76.6%  3178  453s
H  368   399                    23041.000000 5408.25455  76.5%  3061  453s
H  400   493                    22998.000000 5408.25455  76.5%  2952  482s
H  494   555                    21965.000000 5408.25455  75.4%  2725  507s
H  498   555                    21912.000000 5408.25455  75.3%  2708  507s
H  500   555                    21910.000000 5408.25455  75.3%  2701  507s
H  507   555                    21640.000000 5408.25455  75.0%  2678  507s
H  509   555                    20953.000000 5408.25455  74.2%  2672  507s
H  516   555                    20400.000000 5408.25455  73.5%  2679  507s
   556   655 5416.58809   17 2221 20400.0000 5408.25455  73.5%  2610  530s
H  656   687                    19954.000000 5408.25455  72.9%  2407  546s
H  659   687                    18381.000000 5408.25455  70.6%  2402  546s
H  688   787                    18323.000000 5408.25455  70.5%  2365  570s
H  788   841                    18204.000000 5408.25455  70.3%  2221  591s
H  790   841                    18149.000000 5408.25455  70.2%  2218  591s
H  823   841                    18093.000000 5408.25455  70.1%  2177  591s
H  831   841                    17597.000000 5408.25455  69.3%  2163  591s
   842   929 5421.65304   26 2071 17597.0000 5408.25455  69.3%  2162  616s
H  930   958                    17460.000000 5408.25455  69.0%  2094  639s
H  945   958                    17397.000000 5408.25455  68.9%  2091  639s
   959  1051 5527.00228   30 2050 17397.0000 5408.25455  68.9%  2081  667s
H 1052  1131                    17311.000000 5408.25455  68.8%  2040  699s
H 1056  1131                    17301.000000 5408.25455  68.7%  2036  699s
H 1067  1131                    17269.000000 5408.25455  68.7%  2048  699s
H 1110  1131                    17248.000000 5408.25455  68.6%  2026  699s
  1132  1219 5430.56733   32 2107 17248.0000 5408.25455  68.6%  2004  733s
H 1220  1318                    17175.000000 5408.25455  68.5%  2005  764s
H 1228  1318                    17152.000000 5408.25455  68.5%  1996  764s
H 1272  1318                    17119.000000 5408.25455  68.4%  1998  764s
H 1323  1357                    16640.000000 5408.25455  67.5%  1967  793s
H 1324  1357                    16420.000000 5408.25455  67.1%  1967  793s
H 1327  1357                    16341.000000 5408.25455  66.9%  1964  793s
H 1346  1357                    16094.000000 5408.25455  66.4%  1953  793s
  1362  1466 5527.17656   34 2052 16094.0000 5408.25455  66.4%  1952  828s
H 1364  1466                    15510.000000 5408.25455  65.1%  1954  828s
H 1412  1466                    15486.000000 5408.25455  65.1%  1942  828s
H 1441  1466                    15312.000000 5408.25455  64.7%  1928  828s
  1473  1629 5437.54642   35 2104 15312.0000 5408.25455  64.7%  1912  868s
H 1636  1784                    15184.000000 5408.25455  64.4%  1829  905s
H 1656  1784                    15179.000000 5408.25455  64.4%  1824  905s
H 1729  1784                    15142.000000 5408.25455  64.3%  1787  905s
  1793  1970 5451.57842   42 2151 15142.0000 5408.25455  64.3%  1773  944s
H 1979  2067                    15036.000000 5408.25455  64.0%  1708  980s
H 1989  2067                    14752.000000 5408.25455  63.3%  1707  980s
H 2013  2067                    14635.000000 5408.25455  63.0%  1699  980s
H 2042  2067                    14445.000000 5408.25455  62.6%  1691  980s
H 2058  2067                    14419.000000 5408.25455  62.5%  1690  980s
  2076  2258 5453.88840   48 2114 14419.0000 5408.25455  62.5%  1679 1019s
H 2267  2472                    14337.000000 5408.25455  62.3%  1643 1061s
H 2292  2472                    14238.000000 5408.25455  62.0%  1641 1061s
H 2371  2472                    14232.000000 5408.25455  62.0%  1632 1061s
  2481  2676 5468.95016   65 2149 14232.0000 5408.25455  62.0%  1607 1107s
H 2685  2927                    14159.000000 5408.25455  61.8%  1581 1154s
H 2777  2927                    14152.000000 5408.25455  61.8%  1583 1154s
H 2936  2959                    13982.000000 5408.25455  61.3%  1546 1186s
H 2939  2959                    13878.000000 5408.25455  61.0%  1547 1186s
H 2940  2959                    13865.000000 5408.25455  61.0%  1546 1186s
H 2946  2959                    13745.000000 5408.25455  60.7%  1548 1186s
H 2966  2959                    13521.000000 5408.25455  60.0%  1551 1186s
  2968  3215 5593.86814   69 2124 13521.0000 5408.25455  60.0%  1556 1232s
H 2969  3215                    13477.000000 5408.25455  59.9%  1555 1232s
H 3034  3215                    13456.000000 5408.25455  59.8%  1551 1232s
  3228  3506 5474.23153   70 2074 13456.0000 5408.25455  59.8%  1522 1283s
  3521  3828 5504.12450   78 2155 13456.0000 5408.25455  59.8%  1484 1330s
H 3827  3828                    13454.000000 5408.25455  59.8%  1448 1330s
  3843  4117 5512.83117   89 2046 13454.0000 5408.25455  59.8%  1450 1379s
H 3944  4117                    13402.000000 5408.25455  59.6%  1440 1379s
  4134  4469 5516.64696   95 2070 13402.0000 5408.25455  59.6%  1421 1432s
  4486  4501 5525.51722  107 2180 13402.0000 5408.25455  59.6%  1387 1465s
H 4495  4501                    13400.000000 5408.25455  59.6%  1386 1465s
H 4516  4501                    13397.999992 5408.25455  59.6%  1388 1465s
  4518  4859 5527.25470  108 2208 13398.0000 5408.25455  59.6%  1388 1522s
  4876  4892 5533.63335  118 2172 13398.0000 5408.25455  59.6%  1361 1563s
H 4881  4892                    13383.000000 5408.25455  59.6%  1361 1563s
H 4886  4892                    13378.000000 5408.25455  59.6%  1363 1563s
  4909  4994 5569.67485  118 2032 13378.0000 5408.25455  59.6%  1363 1614s
H 4910  4994                    13287.000000 5408.25455  59.3%  1363 1614s
H 4917  4994                    13263.000000 5408.25455  59.2%  1367 1614s
H 4941  4994                    13139.000000 5408.25455  58.8%  1383 1614s
H 5011  5026                    13119.000000 5408.25455  58.8%  1382 1654s
H 5027  5026                    13104.000000 5408.25455  58.7%  1390 1654s
H 5035  5026                    13085.000000 5408.25455  58.7%  1391 1654s
  5043  5280 5619.21282  121 2133 13085.0000 5408.25455  58.7%  1392 1708s
H 5299  5311                    13059.000000 5408.25455  58.6%  1409 1752s
H 5309  5311                    13055.000000 5408.25455  58.6%  1410 1752s
  5330  5513 5648.45747  126 2275 13055.0000 5408.25455  58.6%  1412 1816s
H 5532  5545                    13053.000000 5408.25455  58.6%  1448 1859s
H 5536  5545                    13042.000000 5408.25455  58.5%  1449 1859s
H 5549  5545                    13031.000000 5408.25455  58.5%  1456 1859s
H 5564  5650                    12951.000000 5408.25455  58.2%  1457 1918s
H 5568  5650                    12938.000000 5408.25455  58.2%  1458 1918s
H 5591  5650                    12485.000000 5408.25455  56.7%  1470 1918s
H 5603  5650                    12390.000000 5408.25455  56.3%  1473 1918s
  5669  5911 5789.59032  131 2183 12390.0000 5408.25455  56.3%  1473 1985s
  5930  6334 5854.36169  133 2215 12390.0000 5408.25455  56.3%  1496 2045s
  6353  6787 5954.72865  137 2189 12390.0000 5408.25455  56.3%  1480 2112s
H 6806  6819                    12382.000000 5408.25455  56.3%  1466 2157s
H 6809  6819                    12356.000000 5408.25455  56.2%  1466 2157s
  6838  7395 6148.33248  145 2070 12356.0000 5408.25455  56.2%  1468 2224s
H 7423  7743                    12347.000000 5408.25455  56.2%  1431 2290s
H 7426  7743                    12346.000000 5408.25455  56.2%  1432 2290s
H 7432  7743                    12327.000000 5408.25455  56.1%  1433 2290s
H 7464  7743                    12320.000000 5408.25455  56.1%  1438 2291s
H 7474  7743                    12238.000000 5408.25455  55.8%  1438 2291s
  7773  8422 6270.04147  151 1878 12238.0000 5408.25455  55.8%  1412 2363s
H 8476  8450                    12139.000000 5408.25455  55.4%  1370 2417s
H 8477  8447                    12133.000000 5408.25455  55.4%  1371 2417s
H 8485  8447                    12127.000000 5408.25455  55.4%  1372 2417s
H 8508  9140                    12121.000000 5408.25455  55.4%  1373 2493s
  9277  9755 6531.31495  161 1532 12121.0000 5408.25455  55.4%  1333 2572s
H 9938  9785                    12110.000000 5408.25455  55.3%  1315 2628s
H 9952  9781                    12084.000000 5408.25455  55.2%  1316 2628s
H 9959  9777                    12028.000000 5408.25455  55.0%  1317 2628s
  9971 10340 6900.95574  169 1417 12028.0000 5408.25455  55.0%  1318 2708s
H10584 10725                    11952.000000 5408.25455  54.8%  1301 2793s
H10587 10725                    11950.000000 5408.25455  54.7%  1302 2793s
H10604 10725                    11946.000000 5408.25455  54.7%  1302 2793s
H10621 10718                    11914.000000 5408.25455  54.6%  1303 2793s
H10677 10718                    11912.000000 5408.25455  54.6%  1305 2793s
H10710 10717                    11910.000000 5408.25455  54.6%  1308 2793s
H10883 10697                    11849.000000 5408.25455  54.4%  1293 2793s
 11036 11305 7096.93837  179 1426 11849.0000 5408.25455  54.4%  1286 2882s
 11673 11992 7295.34663  198 1287 11849.0000 5408.25455  54.4%  1282 2970s
H12447 12164                    11838.000000 5408.25455  54.3%  1270 3047s
H12462 12129                    11800.000000 5408.25455  54.2%  1270 3047s
H12598 12122                    11792.000000 5408.25455  54.1%  1268 3047s
H12624 12108                    11780.000000 5408.25455  54.1%  1268 3047s
H12699 12120                    11768.000000 5408.25455  54.0%  1266 3111s
H12700 12118                    11764.000000 5408.25455  54.0%  1266 3111s
H12703 12078                    11715.000000 5408.25455  53.8%  1267 3111s
 12731 12650 7627.20570  235 1191 11715.0000 5408.25455  53.8%  1268 3195s
 13397 13185 5569.32934   49 2037 11715.0000 5408.25455  53.8%  1270 3287s
H13952 13293                    11697.000000 5408.25455  53.8%  1282 3374s
H13959 13278                    11681.000000 5408.25455  53.7%  1283 3374s
H13981 13190                    11576.000000 5408.25455  53.3%  1284 3374s
 14061 13939 5712.50237   52 1965 11576.0000 5408.25455  53.3%  1282 3462s
 14850 13940 5505.65896   18 12889 11576.0000 5408.25455  53.3%  1279 3520s
 14852 13941 6349.41977  208 1413 11576.0000 5408.25455  53.3%  1279 3557s
 14853 13942 7262.04207  206 1453 11576.0000 5408.25455  53.3%  1278 3561s
 14854 13943 6906.11446  148 1589 11576.0000 5408.25455  53.3%  1278 3568s
 14855 13943 6120.33284   44 1745 11576.0000 5408.25455  53.3%  1278 3577s
 14856 13944 6902.99984  180 1918 11576.0000 5408.25455  53.3%  1278 3585s
 14857 13945 10250.6316  360 1956 11576.0000 5426.56935  53.1%  1278 3591s
 14858 13945 11160.6882  150 2041 11576.0000 5449.42660  52.9%  1278 3595s
 14860 13947 6400.37191  170 2033 11576.0000 5466.47478  52.8%  1278 3600s
 14863 13949 7563.15361  269 1927 11576.0000 5475.16243  52.7%  1278 3605s
 14868 13952 6829.71707  218 1950 11576.0000 5476.19688  52.7%  1277 3627s
H14868 13254                    11573.000000 5632.15304  51.3%  1277 3635s
 14871 13256 6587.77951  114 2014 11573.0000 5668.89883  51.0%  1277 3642s
 14876 13259 5904.81177   51 2042 11573.0000 5669.92654  51.0%  1276 3670s
 14877 13260 5801.12320   92 2053 11573.0000 5801.12320  49.9%  1276 3679s
 14878 13261 7650.44112  265 2030 11573.0000 5815.14652  49.8%  1276 3682s
 14880 13262 9923.26028  348 2105 11573.0000 5819.21306  49.7%  1276 3685s
 14883 13264 6331.76917  124 2081 11573.0000 5819.31480  49.7%  1276 3713s
 14884 13265 8081.26117  267 2097 11573.0000 5904.81097  49.0%  1276 3720s
 14886 13266 8063.43436  254 2112 11573.0000 5925.37132  48.8%  1276 3726s
 14890 13269 8631.12576  408 2168 11573.0000 5926.30852  48.8%  1275 3753s
 14891 13269 7369.92982  208 2078 11573.0000 6013.02143  48.0%  1275 3761s
 14892 13270 9312.31390  400 2162 11573.0000 6023.47858  48.0%  1275 3765s
 14900 13275 7333.73080  244 2068 11573.0000 6027.48315  47.9%  1274 3795s
 14901 13276 6774.07593  195 2077 11573.0000 6120.45108  47.1%  1274 3803s
 14902 13277 6234.70044  112 2162 11573.0000 6142.69916  46.9%  1274 3808s
 14903 13277 6789.91979  169 2071 11573.0000 6147.67574  46.9%  1274 3810s
 14910 13282 9700.08532  788 1983 11573.0000 6148.32916  46.9%  1274 3837s
 14911 13283 10813.0189 1002 2210 11573.0000 6247.38080  46.0%  1273 3845s
 14912 13283 8200.72659  293 2230 11573.0000 6267.96727  45.8%  1273 3850s
 14918 13287 8791.34968  738 2180 11573.0000 6277.07519  45.8%  1273 3881s
 14919 13288 6348.96325   12 2059 11573.0000 6348.96325  45.1%  1273 3890s
 14920 13289 6371.26577  142 2092 11573.0000 6371.26577  44.9%  1273 3895s
 14926 13293 6377.77084   69 2079 11573.0000 6377.77084  44.9%  1272 3924s
H14926 12627                    11549.000000 6435.09904  44.3%  1272 3932s
 14928 12628 7638.67136  296 2096 11549.0000 6448.71946  44.2%  1272 3936s
 14930 12629 6453.59096  160 2134 11549.0000 6453.59096  44.1%  1272 3940s
 14934 12632 6453.73267   91 2152 11549.0000 6453.73267  44.1%  1272 3967s
 14935 12633 7341.48219  214 2270 11549.0000 6510.83532  43.6%  1271 4005s
 14936 12633 9514.08190  293 2283 11549.0000 6533.73947  43.4%  1271 4014s
 14937 12634 7322.74399   95 2322 11549.0000 6536.18321  43.4%  1271 4015s
 14943 12638 6537.19934   32 2275 11549.0000 6537.19934  43.4%  1271 4044s
 14944 12639 6593.05432   39 2329 11549.0000 6593.05432  42.9%  1271 4052s
 14945 12639 6611.07393  117 2077 11549.0000 6611.07393  42.8%  1271 4057s
 14946 12640 9883.36469  291 2148 11549.0000 6614.40661  42.7%  1271 4060s
 14953 12645 7262.04207  206 2120 11549.0000 6615.40359  42.7%  1270 4088s
 14954 12645 6906.11446  148 2285 11549.0000 6653.25744  42.4%  1270 4096s
 14956 12647 6902.99984  180 2258 11549.0000 6667.12513  42.3%  1270 4101s
 14963 12651 7563.15361  269 2285 11549.0000 6668.14342  42.3%  1269 4130s
 14964 12652 6711.21233   91 2199 11549.0000 6711.21233  41.9%  1269 4140s
 14966 12653 7546.29440  157 2245 11549.0000 6721.26330  41.8%  1269 4145s
 14972 12657 6723.07427  236 2290 11549.0000 6723.07427  41.8%  1268 4175s
 14973 12658 7650.44112  265 2361 11549.0000 6762.59171  41.4%  1268 4185s
 14975 12659 6775.30447   96 2438 11549.0000 6775.30447  41.3%  1268 4191s
 14981 12663 6776.26056   54 2387 11549.0000 6776.26056  41.3%  1268 4219s
 14982 12664 6817.30783   73 2373 11549.0000 6817.30783  41.0%  1267 4228s
 14983 12665 6831.47441  124 2521 11549.0000 6831.47441  40.8%  1267 4234s
 14984 12665 8081.26117  267 2384 11549.0000 6836.03005  40.8%  1267 4236s
 14990 12669 8631.12576  408 2437 11549.0000 6837.22608  40.8%  1267 4268s
 14991 12670 7369.92982  208 2432 11549.0000 6874.65688  40.5%  1267 4278s
 14992 12671 9312.31390  400 2460 11549.0000 6884.81408  40.4%  1267 4283s
 14993 12671 6886.81324   19 2399 11549.0000 6886.81324  40.4%  1267 4285s
 14998 12675 6887.51545   62 2434 11549.0000 6887.51545  40.4%  1266 4315s
 14999 12675 8632.83888  348 2447 11549.0000 6922.74221  40.1%  1266 4324s
 15000 12676 7333.73080  244 2455 11549.0000 6928.45796  40.0%  1266 4328s
 15001 12677 6931.14858  195 2462 11549.0000 6931.14858  40.0%  1266 4330s
 15007 12681 9466.12938  292 2461 11549.0000 6931.98154  40.0%  1265 4336s
 15008 12681 7877.37044  231 2688 11549.0000 6953.28603  39.8%  1265 4386s
 15009 12682 6957.17579   32 2708 11549.0000 6957.17579  39.8%  1265 4390s
 15016 12687 6958.46222   43 2642 11549.0000 6958.46222  39.7%  1265 4416s
 15017 12687 7915.61299  274 2628 11549.0000 6982.08511  39.5%  1265 4425s
 15019 12689 6989.97705   12 2684 11549.0000 6989.97705  39.5%  1264 4431s
 15023 12691 6992.26920   41 2829 11549.0000 6992.26920  39.5%  1264 4435s
 15028 12695 7638.67136  296 2898 11549.0000 6992.28420  39.5%  1264 4460s
 15029 12695 9597.48875  756 2806 11549.0000 7014.19424  39.3%  1263 4469s
 15030 12696 7018.56195  160 2797 11549.0000 7018.56195  39.2%  1263 4473s
 15031 12697 7737.95614  348 2846 11549.0000 7019.73641  39.2%  1263 4475s
 15037 12701 7322.74399   95 2789 11549.0000 7020.26185  39.2%  1263 4501s
 15038 12701 7040.31058   66 2762 11549.0000 7040.31058  39.0%  1263 4509s
 15039 12702 9602.48407  903 2764 11549.0000 7046.32111  39.0%  1263 4514s
 15040 12703 7047.65191  130 2860 11549.0000 7047.65191  39.0%  1263 4516s
 15044 12705 7047.94369   39 2812 11549.0000 7047.94369  39.0%  1262 4540s
 15045 12706 7057.45980  117 2778 11549.0000 7057.45980  38.9%  1262 4546s
 15047 12707 7060.40874   70 2862 11549.0000 7060.40874  38.9%  1262 4550s
 15053 12711 7262.04207  206 2869 11549.0000 7060.65260  38.9%  1261 4576s
H15053 12072                    11548.000000 7067.08116  38.8%  1261 4582s
 15056 12074 7068.73871  180 2913 11548.0000 7068.73871  38.8%  1261 4585s
 15060 12077 7068.83079  170 2891 11548.0000 7068.83079  38.8%  1261 4611s
 15061 12078 8378.06930  648 2862 11548.0000 7084.26718  38.7%  1261 4621s
 15062 12078 7088.67530   60 2969 11548.0000 7088.67530  38.6%  1261 4625s
 15068 12082 7089.86239  218 3028 11548.0000 7089.86239  38.6%  1260 4655s
 15069 12083 9472.80612  721 2873 11548.0000 7102.98937  38.5%  1260 4663s
 15070 12084 7599.33726  194 2965 11548.0000 7105.78721  38.5%  1260 4666s
 15075 12087 7106.80003   96 3000 11548.0000 7106.80003  38.5%  1260 4696s
 15076 12088 7117.05178   51 2953 11548.0000 7117.05178  38.4%  1260 4703s
 15077 12088 7118.41115   92 2936 11548.0000 7118.41115  38.4%  1259 4706s
 15082 12092 7118.84552   73 2976 11548.0000 7118.84552  38.4%  1259 4734s
 15083 12092 7132.14256  124 2833 11548.0000 7132.14256  38.2%  1259 4744s
 15084 12093 8081.26117  267 2958 11548.0000 7134.65364  38.2%  1259 4748s
 15086 12094 8063.43436  254 2905 11548.0000 7135.18111  38.2%  1259 4750s
 15089 12096 7135.18980  112 2902 11548.0000 7135.18980  38.2%  1258 4776s
 15090 12097 8631.12576  408 2933 11548.0000 7145.24868  38.1%  1258 4785s
 15092 12098 9312.31390  400 3103 11548.0000 7147.90573  38.1%  1258 4790s
 15096 12101 8341.80514  374 3104 11548.0000 7147.97621  38.1%  1258 4817s
 15097 12102 7458.92965  102 2991 11548.0000 7155.24529  38.0%  1258 4824s
 15098 12102 7156.36601   62 3112 11548.0000 7156.36601  38.0%  1258 4826s
 15103 12106 7156.69865  169 3256 11548.0000 7156.69865  38.0%  1257 4832s
 15104 12106 7162.41476  174 3013 11548.0000 7162.41476  38.0%  1257 4837s
 15106 12108 10856.1820  145 3146 11548.0000 7164.23605  38.0%  1257 4840s
 15111 12111 10813.0189 1002 3122 11548.0000 7164.29901  38.0%  1257 4867s
 15112 12112 8200.72659  293 3108 11548.0000 7170.15479  37.9%  1257 4873s
 15113 12112 7170.94945   11 3219 11548.0000 7170.94945  37.9%  1256 4876s
 15117 12115 7915.61299  274 3151 11548.0000 7171.19042  37.9%  1256 4903s
 15118 12116 8791.34968  738 2961 11548.0000 7176.53170  37.9%  1256 4910s
 15122 12118 7177.79219  134 3392 11548.0000 7177.79219  37.8%  1256 4915s
 15125 12120 7177.80226   23 3370 11548.0000 7177.80226  37.8%  1255 4942s
 15126 12121 7182.78496   69 3086 11548.0000 7182.78496  37.8%  1255 4948s
 15127 12122 7184.00895   67 3176 11548.0000 7184.00895  37.8%  1255 4950s
 15133 12126 8654.40850  679 3249 11548.0000 7184.29529  37.8%  1255 4980s
 15134 12126 7189.61090   91 3084 11548.0000 7189.61090  37.7%  1255 4985s
 15138 12129 7190.70111   66 3211 11548.0000 7190.70111  37.7%  1254 5015s
 15139 12130 9602.48407  903 2918 11548.0000 7196.89991  37.7%  1254 5021s
 15142 12132 9537.82152  410 3057 11548.0000 7197.77476  37.7%  1254 5025s
 15146 12134 9883.36469  291 3094 11548.0000 7197.78890  37.7%  1254 5052s
 15147 12135 7201.77172   70 3163 11548.0000 7201.77172  37.6%  1254 5056s
 15148 12136 8746.17337  360 3023 11548.0000 7203.43524  37.6%  1254 5060s
 15152 12138 7204.10761  208 3173 11548.0000 7204.10761  37.6%  1253 5089s
 15153 12139 7262.04207  206 3133 11548.0000 7210.69595  37.6%  1253 5096s
 15155 12140 7211.92766   44 3203 11548.0000 7211.92766  37.5%  1253 5100s
 15162 12145 7212.06693   60 3168 11548.0000 7212.06693  37.5%  1252 5128s
 15163 12146 7563.15361  269 3148 11548.0000 7217.86088  37.5%  1252 5140s
 15169 12150 9472.80612  721 3359 11548.0000 7219.33447  37.5%  1252 5145s
 15172 12152 7219.35009  236 3383 11548.0000 7219.35009  37.5%  1252 5170s
 15173 12152 7650.44112  265 3425 11548.0000 7223.74575  37.4%  1252 5176s
 15177 12155 7224.68577   92 3273 11548.0000 7224.68577  37.4%  1251 5183s
 15178 12156 7650.44112  265 3337 11548.0000 7230.32077  37.4%  1251 5193s
 15179 12156 7231.14519   63 3035 11548.0000 7231.14519  37.4%  1251 5196s
 15186 12161 8063.43436  254 3366 11548.0000 7231.41321  37.4%  1250 5222s
 15187 12162 7437.63775  177 3345 11548.0000 7235.18935  37.3%  1250 5228s
 15188 12162 7235.88089  131 3270 11548.0000 7235.88089  37.3%  1250 5231s
 15195 12167 8020.42372  210 3358 11548.0000 7236.11117  37.3%  1250 5236s
 15196 12168 8341.80514  374 3310 11548.0000 7244.17284  37.3%  1250 5296s
 15197 12168 7458.92965  102 3279 11548.0000 7245.29261  37.3%  1250 5301s
 15202 12172 7245.63778  112 3419 11548.0000 7245.63778  37.3%  1249 5329s
 15203 12172 7253.78569  169 3183 11548.0000 7253.78569  37.2%  1249 5337s
 15204 12173 7256.06890  174 3152 11548.0000 7256.06890  37.2%  1249 5341s
 15210 12177 9700.08532  788 3246 11548.0000 7256.68572  37.2%  1248 5369s
 15211 12178 10813.0189 1002 3201 11548.0000 7261.57826  37.1%  1248 5374s
 15212 12178 8200.72659  293 3246 11548.0000 7263.01580  37.1%  1248 5377s
 15217 12182 7915.61299  274 3349 11548.0000 7263.42323  37.1%  1248 5380s
 15218 12182 8791.34968  738 3354 11548.0000 7263.42324  37.1%  1248 5405s
 15219 12183 7269.10703   12 3282 11548.0000 7269.10703  37.1%  1248 5412s
 15220 12184 7271.10143  142 3269 11548.0000 7271.10143  37.0%  1248 5416s
 15225 12187 7271.82918   23 3506 11548.0000 7271.82918  37.0%  1247 5420s
 15226 12188 7271.82981   69 3502 11548.0000 7271.82981  37.0%  1247 5445s
 15227 12188 7277.71792   67 3390 11548.0000 7277.71792  37.0%  1247 5451s
 15229 12190 9597.48875  756 3301 11548.0000 7278.88531  37.0%  1247 5455s
 15233 12192 8654.40850  679 3369 11548.0000 7278.98384  37.0%  1247 5483s
 15234 12193 7282.63739   91 3168 11548.0000 7282.63739  36.9%  1246 5489s
 15235 12194 7341.48219  214 3543 11548.0000 7284.22858  36.9%  1246 5492s
 15241 12198 7949.89952  351 3573 11548.0000 7284.54249  36.9%  1246 5521s
 15242 12198 9537.82152  410 3482 11548.0000 7288.68482  36.9%  1246 5526s
 15247 12202 7289.39939   70 3611 11548.0000 7289.39939  36.9%  1245 5530s
 15248 12202 8746.17337  360 3617 11548.0000 7289.39953  36.9%  1245 5557s
 15249 12203 11277.9542  646 3521 11548.0000 7293.19443  36.8%  1245 5561s
 15251 12204 8790.13610  383 3566 11548.0000 7294.19313  36.8%  1245 5565s
 15256 12208 7294.24327  180 3695 11548.0000 7294.24327  36.8%  1245 5592s
 15257 12208 10250.6316  360 3259 11548.0000 7299.11774  36.8%  1245 5598s
 15258 12209 11160.6882  150 3448 11548.0000 7300.30275  36.8%  1245 5601s
 15265 12214 11548.0000 1055 3473 11548.0000 7300.79193  36.8%  1244 5630s
 15266 12214 7546.29440  157 3248 11548.0000 7305.05140  36.7%  1244 5636s
 15269 12216 9472.80612  721 3208 11548.0000 7305.65977  36.7%  1244 5640s
 15271 12218 7305.66697  114 3161 11548.0000 7305.66697  36.7%  1243 5667s
 15272 12218 7311.32640  236 3454 11548.0000 7311.32640  36.7%  1243 5673s
 15273 12219 7650.44112  265 3222 11548.0000 7312.96781  36.7%  1243 5676s
 15279 12223 7313.48397   63 3404 11548.0000 7313.48397  36.7%  1243 5705s
 15280 12224 9923.26028  348 3254 11548.0000 7317.32120  36.6%  1243 5710s
 15284 12226 8081.26117  267 3407 11548.0000 7318.31900  36.6%  1242 5715s
 15286 12228 8063.43436  254 3346 11548.0000 7318.33080  36.6%  1242 5742s
 15287 12228 7437.63775  177 3120 11548.0000 7323.20209  36.6%  1242 5746s
 15289 12230 7324.61569  112 3117 11548.0000 7324.61569  36.6%  1242 5750s
 15294 12233 7718.42151  107 3265 11548.0000 7324.71790  36.6%  1242 5778s
 15295 12234 8020.42372  210 3317 11548.0000 7328.04136  36.5%  1242 5784s
 15296 12234 8341.80514  374 3286 11548.0000 7329.00861  36.5%  1241 5787s
 15301 12238 7329.18174  195 3378 11548.0000 7329.18174  36.5%  1241 5816s
 15302 12238 7333.74967  112 3442 11548.0000 7333.74967  36.5%  1241 5823s
 15303 12239 7334.35394  169 3382 11548.0000 7334.35394  36.5%  1241 5825s
 15307 12242 9466.12938  292 3400 11548.0000 7334.66693  36.5%  1241 5855s
 15309 12243 7337.44715   32 3429 11548.0000 7337.44715  36.5%  1240 5862s
 15315 12247 7738.59573  354 3474 11548.0000 7337.68275  36.5%  1240 5890s
 15317 12248 7915.61299  274 3575 11548.0000 7340.75129  36.4%  1240 5896s
 15324 12253 7340.87424   21 3577 11548.0000 7340.87424  36.4%  1239 5925s
 15326 12254 7343.88300   69 3520 11548.0000 7343.88300  36.4%  1239 5930s
 15333 12259 8654.40850  679 3473 11548.0000 7344.02684  36.4%  1238 5959s
 15334 12260 7347.09315   91 3352 11548.0000 7347.09315  36.4%  1238 5963s
 15335 12260 7348.15910  214 3412 11548.0000 7348.15910  36.4%  1238 5965s
 15339 12263 9602.48407  903 3360 11548.0000 7348.44055  36.4%  1238 5994s
 15340 12264 7352.23744  130 3255 11548.0000 7352.23744  36.3%  1238 6000s
 15344 12266 7353.61786   39 3278 11548.0000 7353.61786  36.3%  1238 6005s
 15347 12268 7353.62943   70 3278 11548.0000 7353.62943  36.3%  1237 6030s
 15349 12270 11277.9542  646 3334 11548.0000 7356.86508  36.3%  1237 6036s
 15354 12273 7357.20454  148 3386 11548.0000 7357.20454  36.3%  1237 6064s
 15355 12274 7360.96368   44 3308 11548.0000 7360.96368  36.3%  1237 6070s
 15357 12275 10250.6316  360 3388 11548.0000 7362.63293  36.2%  1237 6075s
 15365 12280 11548.0000 1055 3423 11548.0000 7362.74103  36.2%  1236 6102s
 15366 12281 7546.29440  157 3484 11548.0000 7367.15048  36.2%  1236 6107s
 15367 12282 7368.33145   19 3507 11548.0000 7368.33145  36.2%  1236 6110s
 15372 12285 7368.80061  236 3678 11548.0000 7368.80061  36.2%  1235 6139s
 15373 12286 7650.44112  265 3434 11548.0000 7370.83169  36.2%  1235 6143s
 15374 12286 7371.73651  118 3450 11548.0000 7371.73651  36.2%  1235 6146s
 15380 12290 9923.26028  348 3587 11548.0000 7372.12894  36.2%  1235 6175s
 15382 12292 7374.35639   73 3778 11548.0000 7374.35639  36.1%  1235 6180s
 15388 12296 7374.50226  131 3739 11548.0000 7374.50226  36.1%  1234 6209s
 15389 12296 7377.36134  112 3549 11548.0000 7377.36134  36.1%  1234 6214s
 15390 12297 8631.12576  408 3683 11548.0000 7378.01961  36.1%  1234 6216s
 15394 12300 7718.42151  107 3693 11548.0000 7378.28791  36.1%  1234 6245s
 15396 12301 8341.80514  374 3664 11548.0000 7382.24857  36.1%  1233 6252s
 15401 12304 7382.48353  195 3630 11548.0000 7382.48353  36.1%  1233 6255s
 15403 12306 7382.48561  169 3653 11548.0000 7382.48561  36.1%  1233 6282s
 15404 12306 7386.20982  174 3348 11548.0000 7386.20982  36.0%  1233 6288s
 15405 12307 9311.19568  297 3539 11548.0000 7387.05208  36.0%  1233 6290s
 15410 12310 9700.08532  788 3455 11548.0000 7387.29481  36.0%  1232 6318s
 15411 12311 10813.0189 1002 3419 11548.0000 7391.81915  36.0%  1232 6324s
 15412 12312 8200.72659  293 3379 11548.0000 7392.74367  36.0%  1232 6327s
 15418 12316 8791.34968  738 3365 11548.0000 7393.00996  36.0%  1232 6356s
 15419 12316 7395.72601   12 3394 11548.0000 7395.72601  36.0%  1232 6362s
 15421 12318 8197.36764  389 3532 11548.0000 7396.74532  35.9%  1231 6365s
 15425 12320 7396.85293   23 3529 11548.0000 7396.85293  35.9%  1231 6392s
 15426 12321 7399.70258   69 3506 11548.0000 7399.70258  35.9%  1231 6397s
 15428 12322 7638.67136  296 3615 11548.0000 7400.54055  35.9%  1231 6400s
 15434 12326 7400.61832   91 3725 11548.0000 7400.61832  35.9%  1230 6428s
 15435 12327 7402.28767  214 3767 11548.0000 7402.28767  35.9%  1230 6432s
 15436 12328 9514.08190  293 3774 11548.0000 7403.12796  35.9%  1230 6435s
 15442 12332 9537.82152  410 3806 11548.0000 7403.24941  35.9%  1230 6463s
H15442 11705                    11547.000000 7405.07383  35.9%  1230 6479s
 15443 11705 7405.07383   32 3822 11547.0000 7405.07383  35.9%  1230 6484s
 15444 11706 7405.44127   39 3830 11547.0000 7405.44127  35.9%  1230 6487s
 15448 11709 8746.17337  360 3698 11547.0000 7405.51199  35.9%  1229 6512s
 15449 11709 11277.9542  646 3474 11547.0000 7407.59968  35.8%  1229 6516s
 15456 11714 7408.18458  180 3575 11547.0000 7408.18458  35.8%  1229 6546s
 15457 11715 10250.6316  360 3365 11547.0000 7411.14180  35.8%  1229 6551s
 15460 11717 7412.43650  170 3586 11547.0000 7412.43650  35.8%  1228 6555s
 15464 11719 7412.47079   91 3647 11547.0000 7412.47079  35.8%  1228 6582s
 15465 11720 11547.0000 1055 3559 11547.0000 7416.28978  35.8%  1228 6588s
 15466 11721 7546.29440  157 3637 11547.0000 7417.08517  35.8%  1228 6591s
 15473 11725 7650.44112  265 3745 11547.0000 7417.41932  35.8%  1227 6619s
 15474 11726 7420.29200  118 3417 11547.0000 7420.29200  35.7%  1227 6624s
 15475 11727 7420.99696   96 3447 11547.0000 7420.99696  35.7%  1227 6626s
 15480 11730 9923.26028  348 3601 11547.0000 7421.20304  35.7%  1227 6654s
 15481 11731 7423.47500   54 3401 11547.0000 7423.47500  35.7%  1227 6659s
 15482 11731 7423.87970   73 3406 11547.0000 7423.87970  35.7%  1227 6660s
 15488 11735 7423.99391  131 3609 11547.0000 7423.99391  35.7%  1226 6689s
H15488 11138                    11545.000000 7425.52906  35.7%  1226 6695s
H15488 10570                    11533.000000 7425.52906  35.6%  1226 6698s
 15490 10572 8631.12576  408 3445 11533.0000 7426.05919  35.6%  1226 6701s
 15495 10575 8020.42372  210 3368 11533.0000 7426.18279  35.6%  1226 6728s
 15496 10576 8341.80514  374 3309 11533.0000 7427.98216  35.6%  1225 6734s
 15497 10576 7458.92965  102 3350 11533.0000 7428.22381  35.6%  1225 6736s
 15502 10580 7428.32157  112 3403 11533.0000 7428.32157  35.6%  1225 6764s
 15503 10580 7429.40446  169 3318 11533.0000 7429.40446  35.6%  1225 6776s
 15508 10584 7877.37044  231 3487 11533.0000 7429.77713  35.6%  1224 6804s
 15509 10584 7431.68661   32 3192 11533.0000 7431.68661  35.6%  1224 6809s
 15510 10585 9700.08532  788 3318 11533.0000 7432.28576  35.6%  1224 6811s
 15514 10588 7432.41386  199 3394 11533.0000 7432.41386  35.6%  1224 6839s
 15515 10588 7738.59573  354 3313 11533.0000 7434.13228  35.5%  1224 6842s
 15519 10591 7434.67108   12 3417 11533.0000 7434.67108  35.5%  1224 6845s
 15522 10593 7434.67959  134 3454 11533.0000 7434.67959  35.5%  1223 6871s
 15523 10594 7435.82956   41 3293 11533.0000 7435.82956  35.5%  1223 6875s
 15529 10598 9597.48875  756 3391 11533.0000 7436.44212  35.5%  1223 6906s
 15530 10598 7438.26742  160 3411 11533.0000 7438.26742  35.5%  1223 6922s
 15531 10599 7737.95614  348 3488 11533.0000 7438.78469  35.5%  1223 6925s
 15540 10605 7439.15078  130 3713 11533.0000 7439.15078  35.5%  1222 6954s
 15541 10606 7949.89952  351 3652 11533.0000 7441.01113  35.5%  1222 6958s
 15543 10607 7441.40668   32 3536 11533.0000 7441.40668  35.5%  1222 6960s
 15550 10612 7441.56879   18 3597 11533.0000 7441.56879  35.5%  1221 6988s
 15551 10612 8790.13610  383 3574 11533.0000 7444.27840  35.5%  1221 6992s
 15553 10614 7445.18548  206 3583 11533.0000 7445.18548  35.4%  1221 6995s
 15557 10616 10250.6316  360 3633 11533.0000 7445.22349  35.4%  1221 7019s
 15558 10617 11160.6882  150 3454 11533.0000 7447.05509  35.4%  1221 7022s
 15560 10618 7447.53824  170 3696 11533.0000 7447.53824  35.4%  1220 7025s
 15564 10621 7447.73161   91 3740 11533.0000 7447.73161  35.4%  1220 7051s
 15565 10622 11533.0000 1055 3408 11533.0000 7449.99796  35.4%  1220 7070s
 15569 10624 9472.80612  721 3636 11533.0000 7451.07716  35.4%  1220 7075s
 15574 10628 7451.12123  118 3727 11533.0000 7451.12123  35.4%  1219 7098s
 15575 10628 7453.93842   96 3427 11533.0000 7453.93842  35.4%  1219 7102s
 15577 10630 7454.90446   92 3598 11533.0000 7454.90446  35.4%  1219 7106s
 15581 10632 7454.96436   54 3657 11533.0000 7454.96436  35.4%  1219 7132s
 15582 10633 7457.22372   73 3565 11533.0000 7457.22372  35.3%  1219 7137s
 15584 10634 8081.26117  267 3696 11533.0000 7458.06095  35.3%  1219 7140s
 15588 10637 7458.10935  131 3660 11533.0000 7458.10935  35.3%  1218 7167s
 15589 10638 7459.49040  112 3785 11533.0000 7459.49040  35.3%  1218 7172s
 15591 10639 7460.05491  208 3648 11533.0000 7460.05491  35.3%  1218 7175s
 15596 10642 8341.80514  374 3747 11533.0000 7460.07360  35.3%  1218 7203s
 15597 10643 7462.41949  102 3839 11533.0000 7462.41949  35.3%  1217 7208s
 15598 10644 7462.81682   62 3853 11533.0000 7462.81682  35.3%  1217 7210s
 15604 10648 7463.04759  174 3916 11533.0000 7463.04759  35.3%  1217 7238s
 15605 10648 9311.19568  297 3628 11533.0000 7464.88445  35.3%  1217 7242s
 15608 10650 7877.37044  231 3785 11533.0000 7465.48245  35.3%  1217 7245s
 15610 10652 9700.08532  788 3775 11533.0000 7465.48549  35.3%  1216 7272s
 15611 10652 10813.0189 1002 3962 11533.0000 7467.12209  35.3%  1216 7353s
 15612 10653 8200.72659  293 3785 11533.0000 7467.43970  35.3%  1216 7361s
 15615 10655 7738.59573  354 3978 11533.0000 7467.63454  35.2%  1216 7390s
 15618 10657 8791.34968  738 3997 11533.0000 7469.12159  35.2%  1216 7395s
 15624 10661 7469.16400   21 3984 11533.0000 7469.16400  35.2%  1215 7423s
 15625 10662 7469.96292   23 3704 11533.0000 7469.96292  35.2%  1215 7426s
 15630 10665 7470.18926  160 3908 11533.0000 7470.18926  35.2%  1215 7455s
 15635 10668 7470.98981  214 3939 11533.0000 7470.98981  35.2%  1215 7486s
 15640 10673 7471.89304  130 1454 11533.0000 7471.89304  35.2%  1270 7527s
 15641 10674 7949.89952  351 1554 11533.0000 7471.89304  35.2%  1270 7532s
 15642 10675 9537.82152  410 1490 11533.0000 7471.89304  35.2%  1270 7542s
 15643 10675 7471.89304   32 1726 11533.0000 7471.89304  35.2%  1270 7553s
 15644 10676 7471.89304   39 1825 11533.0000 7471.89304  35.2%  1270 7566s
 15645 10677 7472.30653  117 2178 11533.0000 7472.30653  35.2%  1270 7580s
 15646 10677 9883.36469  291 2302 11533.0000 7472.30653  35.2%  1270 7592s
 15647 10678 7472.30653   70 2466 11533.0000 7472.30653  35.2%  1270 7604s
 15648 10679 8746.17337  360 2650 11533.0000 7472.30653  35.2%  1270 7616s
 15649 10679 11277.9542  646 2892 11533.0000 7472.30653  35.2%  1269 7629s
 15650 10680 7472.42516   18 3007 11533.0000 7472.42516  35.2%  1269 7641s
 15651 10681 8790.13610  383 3308 11533.0000 7472.42516  35.2%  1269 7652s
 15652 10681 7472.42516  208 3530 11533.0000 7472.42516  35.2%  1269 7660s
 15653 10682 7472.42516  206 3538 11533.0000 7472.42516  35.2%  1269 7666s
 15654 10683 7472.43177  148 3595 11533.0000 7472.43177  35.2%  1269 7671s
 15656 10684 7472.43177  180 3601 11533.0000 7472.43177  35.2%  1269 7676s
 15661 10687 8378.06930  648 3735 11533.0000 7472.43521  35.2%  1268 7693s
 15662 10688 7475.44204   60 3569 11533.0000 7475.44204  35.2%  1268 7698s
 15663 10689 7563.15361  269 3493 11533.0000 7475.93695  35.2%  1268 7700s
 15667 10691 7476.03014   19 3548 11533.0000 7476.03014  35.2%  1268 7728s
 15668 10692 7477.58981  218 3577 11533.0000 7477.58981  35.2%  1268 7731s
 15673 10695 7650.44112  265 3459 11533.0000 7477.92579  35.2%  1268 7760s
 15674 10696 7480.69554  118 3809 11533.0000 7480.69554  35.1%  1267 7765s
 15679 10699 7481.20402   63 3544 11533.0000 7481.20402  35.1%  1267 7795s
 15681 10701 7483.05172   54 3542 11533.0000 7483.05172  35.1%  1267 7801s
 15685 10703 7483.11242  101 3357 11533.0000 7483.11242  35.1%  1267 7828s
 15686 10704 8063.43436  254 3483 11533.0000 7484.63718  35.1%  1266 7875s
 15691 10707 7484.90319  208 3455 11533.0000 7484.90319  35.1%  1266 7904s
 15692 10708 9312.31390  400 3365 11533.0000 7486.39635  35.1%  1266 7908s
 15693 10709 7487.07980   19 3343 11533.0000 7487.07980  35.1%  1266 7910s
 15698 10712 7487.22386   62 3516 11533.0000 7487.22386  35.1%  1265 7939s
 15699 10713 8632.83888  348 3621 11533.0000 7489.21163  35.1%  1265 7943s
 15700 10713 7489.71368  244 3542 11533.0000 7489.71368  35.1%  1265 7945s
 15704 10716 7489.83406  174 3649 11533.0000 7489.83406  35.1%  1265 7973s
 15705 10717 9311.19568  297 3551 11533.0000 7490.90122  35.0%  1265 7976s
 15712 10721 8200.72659  293 3583 11533.0000 7491.33971  35.0%  1264 8007s
 15713 10722 7492.75538   11 3569 11533.0000 7492.75538  35.0%  1264 8011s
 15717 10725 7915.61299  274 3731 11533.0000 7493.36299  35.0%  1264 8041s
 15719 10726 7494.49072   12 3546 11533.0000 7494.49072  35.0%  1264 8045s
 15724 10729 7494.53478   21 3741 11533.0000 7494.53478  35.0%  1263 8073s
 15725 10730 7495.05444   23 3519 11533.0000 7495.05444  35.0%  1263 8075s
H15728 10193                    11531.000000 7495.20440  35.0%  1263 8104s
H15728  9682                    11529.000000 7495.20440  35.0%  1263 8104s
 15730  9683 7496.80228  160 3610 11529.0000 7496.80228  35.0%  1263 8108s
 15731  9684 7737.95614  348 3607 11529.0000 7497.14447  35.0%  1263 8110s
 15736  9687 9514.08190  293 3631 11529.0000 7497.23523  35.0%  1262 8138s
 15737  9688 7498.31201   95 3503 11529.0000 7498.31201  35.0%  1262 8141s
 15742  9691 9537.82152  410 3614 11529.0000 7498.87799  35.0%  1262 8170s
 15744  9693 7500.15806   39 3563 11529.0000 7500.15806  34.9%  1262 8175s
 15748  9695 8746.17337  360 3653 11529.0000 7500.25033  34.9%  1261 8207s
 15749  9696 11277.9542  646 3510 11529.0000 7500.98798  34.9%  1261 8210s
 15757  9701 10250.6316  360 3742 11529.0000 7501.63519  34.9%  1261 8242s
 15758  9702 11160.6882  150 3447 11529.0000 7503.86801  34.9%  1261 8246s
 15760  9703 7504.81982  170 3544 11529.0000 7504.81982  34.9%  1261 8250s
 15763  9705 7563.15361  269 3515 11529.0000 7504.83799  34.9%  1260 8277s
 15764  9706 7507.61860   91 3537 11529.0000 7507.61860  34.9%  1260 8281s
 15770  9710 7599.33726  194 3572 11529.0000 7508.30679  34.9%  1260 8311s
 15772  9711 7510.12894  236 3458 11529.0000 7510.12894  34.9%  1260 8316s
 15777  9715 7510.21304   92 3380 11529.0000 7510.21304  34.9%  1259 8343s
 15778  9715 7650.44112  265 3426 11529.0000 7511.71950  34.8%  1259 8347s
 15784  9719 8081.26117  267 3405 11529.0000 7512.04888  34.8%  1259 8375s
 15785  9720 7513.96191  101 3339 11529.0000 7513.96191  34.8%  1259 8380s
 15788  9722 7514.62569  131 3309 11529.0000 7514.62569  34.8%  1258 8408s
 15789  9723 7515.68417  112 3540 11529.0000 7515.68417  34.8%  1258 8413s
 15791  9724 7515.92990  208 3552 11529.0000 7515.92990  34.8%  1258 8415s
 15793  9725 7515.93297   19 3566 11529.0000 7515.93297  34.8%  1258 8441s
 15794  9726 7718.42151  107 3419 11529.0000 7517.45377  34.8%  1258 8445s
 15800  9730 7517.72689  244 3452 11529.0000 7517.72689  34.8%  1257 8473s
 15801  9731 7519.39647  195 3522 11529.0000 7519.39647  34.8%  1257 8478s
 15802  9731 7519.92701  112 3535 11529.0000 7519.92701  34.8%  1257 8481s
 15805  9733 9311.19568  297 3650 11529.0000 7520.07931  34.8%  1257 8505s
 15806  9734 10856.1820  145 3542 11529.0000 7522.28403  34.8%  1257 8510s
 15809  9736 7523.46146   32 3700 11529.0000 7523.46146  34.7%  1257 8515s
 15814  9739 7523.49090  199 3676 11529.0000 7523.49090  34.7%  1256 8540s
 15815  9740 7738.59573  354 3718 11529.0000 7524.56713  34.7%  1256 8582s
 15817  9741 7915.61299  274 3913 11529.0000 7524.95645  34.7%  1256 8585s
 15821  9744 8197.36764  389 3844 11529.0000 7525.00027  34.7%  1256 8609s
 15822  9745 7525.96955  134 3637 11529.0000 7525.96955  34.7%  1256 8612s
 15825  9747 7526.27409   23 3653 11529.0000 7526.27409  34.7%  1255 8615s
 15826  9747 7526.27482   69 3652 11529.0000 7526.27482  34.7%  1255 8640s
 15830  9750 7527.36792  160 3604 11529.0000 7527.36792  34.7%  1255 8645s
 15831  9751 7737.95614  348 3571 11529.0000 7527.36851  34.7%  1255 8670s
 15833  9752 8654.40850  679 3614 11529.0000 7529.13991  34.7%  1255 8675s
 15838  9755 7529.38753   66 3544 11529.0000 7529.38753  34.7%  1254 8702s
 15839  9756 9602.48407  903 3674 11529.0000 7530.53251  34.7%  1254 8705s
 15845  9760 7531.01994  117 3750 11529.0000 7531.01994  34.7%  1254 8734s
 15846  9761 9883.36469  291 3630 11529.0000 7532.05898  34.7%  1254 8738s
 15847  9761 7532.26164   70 3667 11529.0000 7532.26164  34.7%  1254 8740s
 15851  9764 8790.13610  383 3690 11529.0000 7532.36638  34.7%  1253 8767s
 15852  9765 7533.78026  208 3493 11529.0000 7533.78026  34.7%  1253 8770s
 15857  9768 10250.6316  360 3574 11529.0000 7534.14457  34.7%  1253 8799s
 15858  9769 11160.6882  150 3471 11529.0000 7535.19477  34.6%  1253 8802s
 15860  9770 7535.81844  170 3690 11529.0000 7535.81844  34.6%  1253 8805s
 15865  9773 11529.0000 1055 3656 11529.0000 7535.85950  34.6%  1252 8832s
 15866  9774 7546.29440  157 3519 11529.0000 7536.90815  34.6%  1252 8835s
 15871  9777 7537.17109  114 3665 11529.0000 7537.17109  34.6%  1252 8864s
 15872  9778 7538.36440  236 3497 11529.0000 7538.36440  34.6%  1252 8867s
 15875  9780 7538.68142   96 3592 11529.0000 7538.68142  34.6%  1251 8870s
 15877  9781 7538.68300   92 3584 11529.0000 7538.68300  34.6%  1251 8896s
 15880  9783 9923.26028  348 3606 11529.0000 7539.70582  34.6%  1251 8900s
 15884  9786 8081.26117  267 3622 11529.0000 7539.74287  34.6%  1251 8928s
 15885  9787 7540.10078  101 3589 11529.0000 7540.10078  34.6%  1251 8930s
 15892  9791 9312.31390  400 3738 11529.0000 7540.30103  34.6%  1250 8960s
 15898  9795 7540.75411   62 3765 11529.0000 7540.75411  34.6%  1250 8990s
 15903  9799 7541.47586  169 3903 11529.0000 7541.47586  34.6%  1249 8995s
 15905  9800 9311.19568  297 3917 11529.0000 7541.47857  34.6%  1249 9022s
 15908  9802 7877.37044  231 3789 11529.0000 7542.03651  34.6%  1249 9025s
 15911  9804 10813.0189 1002 3813 11529.0000 7542.03651  34.6%  1249 9052s
 15914  9806 7542.36834  199 3803 11529.0000 7542.36834  34.6%  1248 9055s
 15919  9809 7542.38080   12 3803 11529.0000 7542.38080  34.6%  1248 9081s
 15924  9813 7542.90615   21 3845 11529.0000 7542.90615  34.6%  1248 9111s
 15926  9814 7544.35920   69 3862 11529.0000 7544.35920  34.6%  1247 9116s
 15930  9817 7544.45465  160 3781 11529.0000 7544.45465  34.6%  1247 9144s
 15931  9817 7737.95614  348 3790 11529.0000 7544.99172  34.6%  1247 9146s
 15936  9821 9514.08190  293 3838 11529.0000 7545.14131  34.6%  1247 9174s
 15937  9821 7545.71760   95 3734 11529.0000 7545.71760  34.6%  1247 9176s
 15942  9825 9537.82152  410 3841 11529.0000 7545.95987  34.5%  1246 9204s
 15943  9825 7546.20143   32 3813 11529.0000 7546.20143  34.5%  1246 9206s
 15948  9829 8746.17337  360 4010 11529.0000 7546.30658  34.5%  1246 9231s
 15950  9830 7547.48562   18 3814 11529.0000 7547.48562  34.5%  1245 9235s
 15955  9833 7547.52853   44 3896 11529.0000 7547.52853  34.5%  1245 9261s
 15956  9834 7548.24452  180 3854 11529.0000 7548.24452  34.5%  1245 9265s
 15960  9837 7548.39584  170 3864 11529.0000 7548.39584  34.5%  1245 9294s
 15961  9837 8378.06930  648 3878 11529.0000 7549.98117  34.5%  1245 9299s
 15962  9838 7550.10470   60 3829 11529.0000 7550.10470  34.5%  1245 9300s
 15968  9842 7550.17009  218 3968 11529.0000 7550.17009  34.5%  1244 9328s
 15969  9843 9472.80612  721 3909 11529.0000 7551.20720  34.5%  1244 9339s
 15970  9843 7599.33726  194 4039 11529.0000 7551.39046  34.5%  1244 9341s
 15975  9847 7551.46019   96 4036 11529.0000 7551.46019  34.5%  1244 9368s
 15976  9847 7552.66029   51 3916 11529.0000 7552.66029  34.5%  1243 9372s
 15980  9850 9923.26028  348 4022 11529.0000 7553.10654  34.5%  1243 9375s
 15983  9852 7553.11233  124 4017 11529.0000 7553.11233  34.5%  1243 9402s
 15984  9853 8081.26117  267 3847 11529.0000 7554.33092  34.5%  1243 9460s
 15986  9854 8063.43436  254 3821 11529.0000 7554.45591  34.5%  1243 9465s
 15988  9855 7554.46907  131 3845 11529.0000 7554.46907  34.5%  1243 9491s
 15991  9857 7555.51227  208 3862 11529.0000 7555.51227  34.5%  1242 9495s
 15994  9859 7718.42151  107 3883 11529.0000 7555.52893  34.5%  1242 9522s
 15996  9861 8341.80514  374 3875 11529.0000 7556.32228  34.5%  1242 9525s
 16000  9863 7556.39710  244 3932 11529.0000 7556.39710  34.5%  1242 9552s
 16002  9865 7557.12133  112 3833 11529.0000 7557.12133  34.5%  1241 9556s
 16005  9867 9311.19568  297 3805 11529.0000 7557.13866  34.5%  1241 9583s
 16006  9867 10856.1820  145 3877 11529.0000 7557.71331  34.4%  1241 9585s
 16010  9870 9700.08532  788 3903 11529.0000 7557.89652  34.4%  1241 9612s
 16011  9871 10813.0189 1002 3837 11529.0000 7558.41578  34.4%  1241 9615s
 16016  9874 7558.52789   43 3870 11529.0000 7558.52789  34.4%  1240 9644s
 16017  9875 7915.61299  274 3878 11529.0000 7558.90385  34.4%  1240 9646s
 16022  9878 7559.12417  134 3926 11529.0000 7559.12417  34.4%  1240 9675s
 16027  9881 7559.56704   67 3930 11529.0000 7559.56704  34.4%  1240 9704s
 16028  9882 7638.67136  296 3936 11529.0000 7560.37464  34.4%  1239 9707s
 16032  9885 7560.73853  138 4068 11529.0000 7560.73853  34.4%  1239 9710s
 16034  9886 7560.74161   91 4095 11529.0000 7560.74161  34.4%  1239 9736s
 16035  9887 7561.61432  214 3857 11529.0000 7561.61432  34.4%  1239 9740s
 16039  9889 9602.48407  903 3964 11529.0000 7561.82737  34.4%  1239 9769s
 16040  9890 7562.39554  130 3859 11529.0000 7562.39554  34.4%  1239 9771s
 16047  9895 7562.75549   70 3919 11529.0000 7562.75549  34.4%  1238 9801s
 16050  9897 7563.48528   18 3798 11529.0000 7563.48528  34.4%  1238 9805s
 16053  9899 7563.49191  206 3953 11529.0000 7563.49191  34.4%  1238 9831s
 16055  9900 7564.56616   44 3930 11529.0000 7564.56616  34.4%  1237 9835s
 16060  9903 7564.82869  170 3700 11529.0000 7564.82869  34.4%  1237 9865s
 16062  9905 7565.62963   60 3622 11529.0000 7565.62963  34.4%  1237 9870s
 16065  9907 11529.0000 1055 3766 11529.0000 7565.72199  34.4%  1237 9898s
 16066  9907 7566.88588  157 3762 11529.0000 7566.88588  34.4%  1236 9901s
 16071  9911 7567.31296  114 3817 11529.0000 7567.31296  34.4%  1236 9930s
 16073  9912 7650.44112  265 3965 11529.0000 7568.86392  34.3%  1236 9936s
 16080  9917 9923.26028  348 4048 11529.0000 7568.98279  34.3%  1235 9963s
 16081  9917 7570.04438   54 3957 11529.0000 7570.04438  34.3%  1235 9967s
 16083  9919 7570.64711  124 3966 11529.0000 7570.64711  34.3%  1235 9970s
 16088  9922 7570.69228  131 4020 11529.0000 7570.69228  34.3%  1235 9998s

Cutting planes:
  Gomory: 23
  Cover: 1106
  Implied bound: 1
  Clique: 179
  MIR: 145
  StrongCG: 194
  Flow cover: 2501
  GUB cover: 240
  Zero half: 397
  RLT: 770
  Relax-and-lift: 9
  BQP: 20
  PSD: 5

Explored 16088 nodes (20393969 simplex iterations) in 10000.08 seconds (11979.83 work units)
Thread count was 32 (of 64 available processors)

Solution count 10: 11529 11531 11533 ... 11681

Time limit reached
Best objective 1.152900000000e+04, best bound 7.571000000000e+03, gap 34.3308%
Solved c201_Even -> /project2/ssuen_1733/output/v4_exact_weekly_fairness_w10_l100_mad/c201_Even.pkl / /project2/ssuen_1733/output/v4_exact_weekly_fairness_w10_l100_mad/c201_Even.json / /project2/ssuen_1733/output/v4_exact_weekly_fairness_w10_l100_mad/c201_Even_running_synopsis.json
[Mon Sep 28 12:04:26 PDT 2026] Finished run_single_instance for c201_Even
