Using Python:
Python 3.10.18
Checking core dependencies:
numpy: 2.2.6
gurobi: (12, 0, 3)
[Mon Sep 28 09:17:15 PDT 2026] Starting run_single_instance on a02-14.hpc.usc.edu for r101_Even
Set parameter TokenServer to value "hpc-licenses.hpcc.usc.edu"
Added workload fairness penalty (mean_absolute_deviation) to objective with weight 10.0
Added weekly leadership day fairness penalty (mean_absolute_deviation) to objective with weight 100.0
Set parameter TimeLimit to value 10000
Set parameter Seed to value 42
Set parameter OutputFlag to value 1
Gurobi Optimizer version 12.0.3 build v12.0.3rc0 (linux64 - "Rocky Linux 8.10 (Green Obsidian)")

CPU model: AMD EPYC 7513 32-Core Processor, instruction set [SSE2|AVX|AVX2]
Thread count: 64 physical cores, 64 logical processors, using up to 32 threads

Non-default parameters:
TimeLimit  10000
Seed  42

Optimize a model with 992850 rows, 728450 columns and 6954150 nonzeros
Model fingerprint: 0xa274aa87
Variable types: 200 continuous, 728250 integer (727750 binary)
Coefficient statistics:
  Matrix range     [2e-02, 1e+03]
  Objective range  [1e+00, 1e+02]
  Bounds range     [1e+00, 5e+01]
  RHS range        [1e+00, 1e+03]
Presolve removed 965750 rows and 702355 columns
Presolve time: 1.16s
Presolved: 27100 rows, 26095 columns, 203050 nonzeros
Variable types: 100 continuous, 25995 integer (25850 binary)
Performing another presolve...
Presolve removed 2900 rows and 250 columns
Presolve time: 0.55s
Deterministic concurrent LP optimizer: primal and dual simplex
Showing primal log only...


Root simplex log...

Iteration    Objective       Primal Inf.    Dual Inf.      Time
   17382    9.4924587e+03   0.000000e+00   6.352109e+05      5s
Concurrent spin time: 0.00s

Solved with dual simplex

Root simplex log...

Iteration    Objective       Primal Inf.    Dual Inf.      Time
   21025    4.0361123e+03   0.000000e+00   0.000000e+00     10s

Root relaxation: objective 4.036112e+03, 21025 iterations, 6.19 seconds (8.73 work units)
Total elapsed time = 9.83s (DegenMoves)
Total elapsed time = 10.04s (DegenMoves)

    Nodes    |    Current Node    |     Objective Bounds      |     Work
 Expl Unexpl |  Obj  Depth IntInf | Incumbent    BestBd   Gap | It/Node Time

     0     0 4036.11226    0 1329          - 4036.11226      -     -   10s
H    0     0                    6570174.0000 4115.32872   100%     -   49s
     0     0 4115.32872    0 1346 6570174.00 4115.32872   100%     -   51s
H    0     0                    119086.00000 4115.32872  96.5%     -   51s
H    0     0                    118846.00000 4115.32872  96.5%     -   52s
H    0     0                    117656.00000 4115.32872  96.5%     -   52s
H    0     0                    117503.00000 4115.32872  96.5%     -   52s
H    0     0                    117494.00000 4115.32872  96.5%     -   52s
H    0     0                    115624.00000 4115.32872  96.4%     -   52s
H    0     0                    115499.00000 4115.32872  96.4%     -   52s
H    0     0                    115481.00000 4115.32872  96.4%     -   52s
H    0     0                    58872.000000 4115.32872  93.0%     -   52s
H    0     0                    58848.000000 4115.32872  93.0%     -   52s
H    0     0                    58814.000000 4115.32872  93.0%     -   52s
H    0     0                    58204.000000 4115.32872  92.9%     -   52s
H    0     0                    58185.000000 4115.32872  92.9%     -   52s
H    0     0                    57894.000000 4115.32872  92.9%     -   52s
H    0     0                    57706.000000 4115.32872  92.9%     -   52s
H    0     0                    51040.000000 4115.32872  91.9%     -   52s
H    0     0                    48984.000000 4115.32872  91.6%     -   53s
H    0     0                    47008.000000 4115.32872  91.2%     -   53s
H    0     0                    46904.000000 4115.32872  91.2%     -   53s
H    0     0                    46708.000000 4115.32872  91.2%     -   53s
H    0     0                    46598.000000 4115.32872  91.2%     -   53s
H    0     0                    46447.000000 4115.32872  91.1%     -   53s
     0     0 4115.32872    0 1398 46447.0000 4115.32872  91.1%     -   57s
     0     0 4117.39695    0 1425 46447.0000 4117.39695  91.1%     -   60s
     0     0 4117.66493    0 1543 46447.0000 4117.66493  91.1%     -   61s
     0     0 4117.66493    0 1529 46447.0000 4117.66493  91.1%     -   61s
     0     0 4169.94196    0 1463 46447.0000 4169.94196  91.0%     -   67s
H    0     0                    46422.000000 4169.95128  91.0%     -   67s
H    0     0                    46246.000000 4169.95128  91.0%     -   67s
H    0     0                    46236.000000 4169.95128  91.0%     -   67s
H    0     0                    46232.000000 4169.95128  91.0%     -   67s
H    0     0                    39843.000000 4169.95128  89.5%     -   68s
H    0     0                    39842.000000 4169.95128  89.5%     -   68s
H    0     0                    39816.000000 4169.95128  89.5%     -   68s
H    0     0                    39815.000000 4169.95128  89.5%     -   69s
H    0     0                    39696.000000 4169.95128  89.5%     -   69s
     0     0 4171.63257    0 1473 39696.0000 4171.63257  89.5%     -   71s
     0     0 4171.65961    0 1460 39696.0000 4171.65961  89.5%     -   71s
     0     0 4171.66058    0 1457 39696.0000 4171.66058  89.5%     -   71s
     0     0 4261.60595    0 1639 39696.0000 4261.60595  89.3%     -   78s
H    0     0                    39667.000000 4261.62425  89.3%     -   79s
     0     0 4270.06136    0 1631 39667.0000 4270.06136  89.2%     -   81s
     0     0 4270.25406    0 1614 39667.0000 4270.25406  89.2%     -   81s
     0     0 4270.27167    0 1611 39667.0000 4270.27167  89.2%     -   81s
     0     0 4314.72918    0 1798 39667.0000 4314.72918  89.1%     -   87s
H    0     0                    39193.000000 4314.73217  89.0%     -   87s
H    0     0                    39192.000000 4314.73217  89.0%     -   87s
H    0     0                    39178.000000 4314.73217  89.0%     -   87s
H    0     0                    38953.000000 4314.73217  88.9%     -   87s
H    0     0                    38660.000000 4314.73217  88.8%     -   87s
H    0     0                    38659.000000 4314.73217  88.8%     -   87s
     0     0 4315.94293    0 1817 38659.0000 4315.94293  88.8%     -   89s
     0     0 4315.94520    0 1830 38659.0000 4315.94520  88.8%     -   90s
     0     0 4351.31763    0 1765 38659.0000 4351.31763  88.7%     -   96s
H    0     0                    38651.000000 4351.33754  88.7%     -   96s
H    0     0                    38611.000000 4351.33754  88.7%     -   96s
H    0     0                    38103.000000 4351.33754  88.6%     -   97s
H    0     0                    37843.000000 4351.33754  88.5%     -   97s
H    0     0                    37785.000000 4351.33754  88.5%     -   97s
H    0     0                    37781.000000 4351.33754  88.5%     -   97s
H    0     0                    37779.000000 4351.33754  88.5%     -   97s
     0     0 4352.14751    0 1785 37779.0000 4352.14751  88.5%     -   98s
     0     0 4352.15031    0 1697 37779.0000 4352.15031  88.5%     -   98s
     0     0 4388.38222    0 1824 37779.0000 4388.38222  88.4%     -  102s
H    0     0                    37681.000000 4388.43321  88.4%     -  103s
H    0     0                    37655.000000 4388.43321  88.3%     -  103s
H    0     0                    37538.000000 4388.43321  88.3%     -  103s
H    0     0                    37382.000000 4388.43321  88.3%     -  103s
     0     0 4389.85081    0 1779 37382.0000 4389.85081  88.3%     -  104s
     0     0 4390.14030    0 1790 37382.0000 4390.14030  88.3%     -  104s
     0     0 4390.14625    0 1827 37382.0000 4390.14625  88.3%     -  104s
     0     0 4421.50468    0 1820 37382.0000 4421.50468  88.2%     -  107s
H    0     0                    37352.000000 4421.50522  88.2%     -  108s
H    0     0                    37093.000000 4421.50522  88.1%     -  108s
H    0     0                    36855.000000 4421.50522  88.0%     -  108s
     0     0 4423.81310    0 1930 36855.0000 4423.81310  88.0%     -  110s
     0     0 4424.07443    0 1876 36855.0000 4424.07443  88.0%     -  111s
     0     0 4424.07443    0 1883 36855.0000 4424.07443  88.0%     -  111s
     0     0 4471.08627    0 1887 36855.0000 4471.08627  87.9%     -  115s
H    0     0                    36854.000000 4471.61272  87.9%     -  117s
H    0     0                    36834.000000 4471.61272  87.9%     -  117s
H    0     0                    36113.000000 4471.61272  87.6%     -  117s
H    0     0                    35999.000000 4471.61272  87.6%     -  117s
H    0     0                    35967.000000 4471.61272  87.6%     -  117s
H    0     0                    35918.000000 4471.61272  87.6%     -  118s
H    0     0                    35208.000000 4471.61272  87.3%     -  118s
H    0     0                    35197.000000 4471.61272  87.3%     -  118s
H    0     0                    34767.000000 4471.61272  87.1%     -  118s
H    0     0                    34718.000000 4471.61272  87.1%     -  118s
H    0     0                    34692.000000 4471.61272  87.1%     -  118s
H    0     0                    34642.000000 4471.61272  87.1%     -  119s
H    0     0                    34598.000000 4471.61272  87.1%     -  119s
H    0     0                    34574.000000 4471.61272  87.1%     -  119s
     0     0 4472.87793    0 1900 34574.0000 4472.87793  87.1%     -  121s
     0     0 4473.48808    0 1867 34574.0000 4473.48808  87.1%     -  121s
     0     0 4473.75262    0 1835 34574.0000 4473.75262  87.1%     -  122s
     0     0 4473.76851    0 1838 34574.0000 4473.76851  87.1%     -  122s
     0     0 4503.55885    0 1768 34574.0000 4503.55885  87.0%     -  125s
H    0     0                    34442.000000 4503.57050  86.9%     -  126s
H    0     0                    34306.000000 4503.57050  86.9%     -  126s
H    0     0                    33694.000000 4503.57050  86.6%     -  126s
H    0     0                    33616.000000 4503.57050  86.6%     -  127s
H    0     0                    33592.000000 4503.57050  86.6%     -  127s
     0     0 4504.99542    0 1851 33592.0000 4504.99542  86.6%     -  128s
     0     0 4505.02107    0 1811 33592.0000 4505.02107  86.6%     -  128s
     0     0 4533.94909    0 1802 33592.0000 4533.94909  86.5%     -  132s
H    0     0                    33475.000000 4534.01896  86.5%     -  132s
H    0     0                    33473.000000 4534.01896  86.5%     -  132s
H    0     0                    33300.000000 4534.01896  86.4%     -  132s
H    0     0                    33293.000000 4534.01896  86.4%     -  132s
H    0     0                    33286.000000 4534.01896  86.4%     -  132s
H    0     0                    33282.000000 4534.01896  86.4%     -  132s
     0     0 4535.16029    0 1781 33282.0000 4535.16029  86.4%     -  133s
     0     0 4535.18882    0 1776 33282.0000 4535.18882  86.4%     -  134s
     0     0 4559.97825    0 1948 33282.0000 4559.97825  86.3%     -  137s
H    0     0                    33258.000000 4560.08313  86.3%     -  137s
H    0     0                    33230.000000 4560.08313  86.3%     -  137s
H    0     0                    33218.000000 4560.08313  86.3%     -  137s
H    0     0                    33203.000000 4560.08313  86.3%     -  138s
H    0     0                    30229.000000 4560.08313  84.9%     -  138s
     0     0 4560.79664    0 1898 30229.0000 4560.79664  84.9%     -  139s
     0     0 4560.80074    0 1918 30229.0000 4560.80074  84.9%     -  139s
     0     0 4580.51360    0 1874 30229.0000 4580.51360  84.8%     -  142s
H    0     0                    30153.000000 4580.53611  84.8%     -  142s
H    0     0                    30079.000000 4580.53611  84.8%     -  142s
H    0     0                    30055.000000 4580.53611  84.8%     -  142s
     0     0 4580.91921    0 1896 30055.0000 4580.91921  84.8%     -  144s
     0     0 4580.98483    0 1928 30055.0000 4580.98483  84.8%     -  144s
     0     0 4595.08923    0 1948 30055.0000 4595.08923  84.7%     -  147s
H    0     0                    30024.000000 4595.20010  84.7%     -  147s
H    0     0                    29526.000000 4595.20010  84.4%     -  147s
H    0     0                    29506.000000 4595.20010  84.4%     -  148s
     0     0 4595.58808    0 1964 29506.0000 4595.58808  84.4%     -  149s
     0     0 4595.58808    0 1970 29506.0000 4595.58808  84.4%     -  149s
     0     0 4605.79914    0 1917 29506.0000 4605.79914  84.4%     -  151s
H    0     0                    29442.000000 4605.80946  84.4%     -  151s
H    0     0                    29419.000000 4605.80946  84.3%     -  162s
H    0     0                    29396.000000 4605.80946  84.3%     -  162s
H    0     0                    29394.000000 4605.80946  84.3%     -  163s
H    0     0                    29390.000000 4605.80946  84.3%     -  163s
H    0     0                    29272.000000 4605.80946  84.3%     -  163s
H    0     0                    29036.000000 4605.80946  84.1%     -  163s
H    0     0                    28612.000000 4605.80946  83.9%     -  164s
H    0     0                    28345.000000 4605.80946  83.8%     -  164s
H    0     0                    28340.000000 4605.80946  83.7%     -  168s
H    0     0                    28337.000000 4605.80946  83.7%     -  168s
H    0     0                    28231.000000 4605.80946  83.7%     -  168s
H    0     0                    28224.000000 4605.80946  83.7%     -  168s
H    0     0                    28222.000000 4605.80946  83.7%     -  170s
H    0     0                    28184.000000 4605.80946  83.7%     -  171s
     0     0 4607.66508    0 1954 28184.0000 4607.66508  83.7%     -  173s
     0     0 4607.75793    0 1966 28184.0000 4607.75793  83.7%     -  173s
     0     0 4617.94558    0 1960 28184.0000 4617.94558  83.6%     -  174s
H    0     0                    26412.000000 4617.98775  82.5%     -  175s
     0     0 4618.11339    0 1982 26412.0000 4618.11339  82.5%     -  176s
     0     0 4618.14598    0 1969 26412.0000 4618.14598  82.5%     -  176s
     0     0 4622.52769    0 1911 26412.0000 4622.52769  82.5%     -  178s
     0     0 4622.98881    0 1978 26412.0000 4622.98881  82.5%     -  178s
     0     0 4623.22194    0 2014 26412.0000 4623.22194  82.5%     -  179s
     0     0 4623.23435    0 1962 26412.0000 4623.23435  82.5%     -  179s
     0     0 4626.28616    0 2038 26412.0000 4626.28616  82.5%     -  180s
H    0     0                    26335.000000 4626.29188  82.4%     -  181s
     0     0 4626.31481    0 2021 26335.0000 4626.31481  82.4%     -  181s
     0     0 4628.04529    0 2059 26335.0000 4628.04529  82.4%     -  183s
     0     0 4628.15355    0 2092 26335.0000 4628.15355  82.4%     -  183s
     0     0 4629.24780    0 2024 26335.0000 4629.24780  82.4%     -  184s
H    0     0                    25013.000000 4629.26638  81.5%     -  185s
H    0     0                    25011.000000 4629.26638  81.5%     -  185s
H    0     0                    24992.000000 4629.26638  81.5%     -  187s
     0     0 4629.29552    0 2071 24992.0000 4629.29552  81.5%     -  187s
     0     0 4631.08718    0 2080 24992.0000 4631.08718  81.5%     -  188s
     0     0 4631.12551    0 2085 24992.0000 4631.12551  81.5%     -  189s
     0     0 4632.42658    0 2062 24992.0000 4632.42658  81.5%     -  189s
     0     0 4632.52239    0 2085 24992.0000 4632.52239  81.5%     -  190s
     0     0 4632.94614    0 2096 24992.0000 4632.94614  81.5%     -  191s
     0     0 4632.98405    0 2076 24992.0000 4632.98405  81.5%     -  192s
H    0     0                    24935.000000 4633.31491  81.4%     -  200s
     0     2 4633.31491    0 2070 24935.0000 4633.31491  81.4%     -  202s
     1     4 4633.31491    1 2008 24935.0000 4633.31491  81.4%   827  207s
     3     8 4633.34486    2 2043 24935.0000 4633.34486  81.4%  2047  216s
     7    16 4633.53240    3 2085 24935.0000 4633.53240  81.4%  2795  226s
    15    32 4633.59915    4 2080 24935.0000 4633.54967  81.4%  2571  234s
    31    64 4633.77525    5 2017 24935.0000 4633.72389  81.4%  2529  252s
H   37    64                    24326.000000 4633.72389  81.0%  2259  252s
H   42    64                    24272.000000 4633.72389  80.9%  2130  252s
    63    96 4633.92206    6 2019 24272.0000 4633.87358  80.9%  2407  262s
H   79    96                    24214.000000 4633.87358  80.9%  2170  262s
    95   189 4634.07972    7 2023 24214.0000 4633.87358  80.9%  2058  278s
H  188   228                    23956.000000 4633.87358  80.7%  1657  290s
H  189   228                    23716.000000 4633.87358  80.5%  1654  290s
H  220   228                    23599.000000 4633.87358  80.4%  1623  290s
   227   260 4668.73838   10 2075 23599.0000 4633.87358  80.4%  1631  302s
H  228   260                    22954.000000 4633.87358  79.8%  1624  302s
H  231   260                    22575.000000 4633.87358  79.5%  1617  302s
H  239   260                    22416.000000 4633.87358  79.3%  1596  302s
H  245   260                    22355.000000 4633.87358  79.3%  1616  302s
H  252   260                    22254.000000 4633.87358  79.2%  1598  302s
   259   292 4636.77512   11 2063 22254.0000 4633.87358  79.2%  1592  312s
H  264   292                    21056.000000 4633.87358  78.0%  1582  312s
H  291   324                    20766.000000 4633.87358  77.7%  1538  325s
H  292   324                    20724.000000 4633.87358  77.6%  1534  325s
H  293   324                    20626.000000 4633.87358  77.5%  1529  325s
   323   399 4660.78600   13 1921 20626.0000 4633.87358  77.5%  1597  342s
H  398   430                    20532.000000 4633.87358  77.4%  1546  353s
H  408   430                    20469.000000 4633.87358  77.4%  1537  353s
H  415   430                    20022.000000 4633.87358  76.9%  1536  353s
   431   501 4638.24192   14 2058 20022.0000 4633.87358  76.9%  1542  370s
   504   533 4638.59963   15 1975 20022.0000 4633.87358  76.9%  1537  378s
H  506   533                    19911.000000 4633.87358  76.7%  1534  378s
H  526   533                    19855.000000 4633.87358  76.7%  1511  378s
   536   606 4687.70105   15 1975 19855.0000 4633.87358  76.7%  1515  395s
H  609   638                    19247.000000 4633.87358  75.9%  1526  407s
   641   685 4680.40786   17 2045 19247.0000 4633.87358  75.9%  1560  426s
   688   717 4751.60398   17 1971 19247.0000 4633.87358  75.9%  1669  441s
H  689   717                    19147.000000 4633.87358  75.8%  1667  441s
   720   749 4717.42995   18 2076 19147.0000 4633.87358  75.8%  1788  460s
H  728   749                    19009.000000 4633.87358  75.6%  1809  460s
H  733   749                    18975.000000 4633.87358  75.6%  1812  460s
H  735   749                    18972.000000 4633.87358  75.6%  1816  460s
H  740   749                    18773.000000 4633.87358  75.3%  1828  460s
H  741   749                    18752.000000 4633.87358  75.3%  1826  460s
   752   781 4793.80931   19 1985 18752.0000 4633.87358  75.3%  1863  507s
H  753   781                    18693.000000 4633.87358  75.2%  1860  507s
   784   816 4752.78505   19 2144 18693.0000 4633.87358  75.2%  1948  524s
H  786   816                    18688.000000 4633.87358  75.2%  1950  524s
H  793   816                    18430.000000 4633.87358  74.9%  1978  524s
   819   848 4785.98404   20 2023 18430.0000 4633.87358  74.9%  2031  538s
H  821   848                    17807.000000 4633.87358  74.0%  2034  538s
   851   884 4820.26935   21 2125 17807.0000 4633.87358  74.0%  2084  555s
H  859   884                    17731.000000 4633.87358  73.9%  2111  555s
H  866   884                    17727.000000 4633.87358  73.9%  2127  555s
H  875   884                    17696.000000 4633.87358  73.8%  2142  555s
   887   916 4849.22344   22 2175 17696.0000 4633.87358  73.8%  2154  572s
   919   951 4877.30668   23 2089 17696.0000 4633.87358  73.8%  2204  587s
H  927   951                    17562.000000 4633.87358  73.6%  2217  587s
   954   983 4905.84577   24 2129 17562.0000 4633.87358  73.6%  2247  601s
H  959   983                    17559.000000 4633.87358  73.6%  2253  601s
H  965   983                    17520.000000 4633.87358  73.6%  2269  601s
H  986  1023                    17508.000000 4633.87358  73.5%  2276  620s
H  992  1023                    17497.000000 4633.87358  73.5%  2293  620s
H  993  1023                    17484.000000 4633.87358  73.5%  2294  620s
H 1000  1023                    17459.000000 4633.87358  73.5%  2316  620s
H 1015  1023                    17444.000000 4633.87358  73.4%  2317  620s
  1026  1055 4956.24998   26 2005 17444.0000 4633.87358  73.4%  2321  637s
H 1028  1055                    16817.000000 4633.87358  72.4%  2320  637s
H 1045  1055                    16770.000000 4633.87358  72.4%  2352  637s
H 1058  1103                    16762.000000 4633.87358  72.4%  2353  658s
H 1061  1103                    16758.000000 4633.87358  72.3%  2354  658s
H 1065  1103                    16711.000000 4633.87358  72.3%  2366  658s
H 1078  1103                    16655.000000 4633.87358  72.2%  2404  658s
H 1092  1103                    16624.000000 4633.87358  72.1%  2390  658s
H 1106  1135                    16604.000000 4633.87358  72.1%  2383  671s
H 1138  1195                    16592.000000 4633.87358  72.1%  2386  694s
H 1140  1195                    16583.000000 4633.87358  72.1%  2385  694s
H 1141  1195                    16577.000000 4633.87358  72.0%  2386  694s
H 1142  1195                    16554.000000 4633.87358  72.0%  2386  694s
H 1153  1195                    16552.000000 4633.87358  72.0%  2405  694s
H 1165  1195                    16467.000000 4633.87358  71.9%  2406  694s
  1198  1227 5057.89929   31 2122 16467.0000 4633.87358  71.9%  2386  710s
H 1221  1227                    15219.000000 4633.87358  69.6%  2411  710s
H 1230  1285                    15174.000000 4633.87358  69.5%  2404  728s
H 1232  1285                    15128.000000 4633.87358  69.4%  2402  728s
H 1250  1285                    15110.000000 4633.87358  69.3%  2422  728s
H 1256  1285                    15096.000000 4633.87358  69.3%  2416  728s
H 1288  1317                    15060.000000 4633.87358  69.2%  2395  745s
H 1293  1317                    15027.000000 4633.87358  69.2%  2393  745s
H 1320  1394                    14976.000000 4633.87358  69.1%  2402  765s
H 1340  1394                    14954.000000 4633.87358  69.0%  2418  765s
H 1355  1394                    14951.000000 4633.87358  69.0%  2400  765s
H 1397  1425                    14366.000000 4633.87358  67.7%  2365  787s
  1428  1544 5148.91202   37 2006 14366.0000 4633.87358  67.7%  2379  811s
  1547  1576 5150.42956   38 1925 14366.0000 4633.87358  67.7%  2345  828s
H 1555  1576                    14361.000000 4633.87358  67.7%  2341  828s
H 1578  1576                    14358.000000 4633.87358  67.7%  2344  828s
H 1579  1656                    14340.000000 4633.87358  67.7%  2343  852s
H 1582  1656                    14312.000000 4633.87358  67.6%  2345  852s
H 1584  1656                    14274.000000 4633.87358  67.5%  2345  852s
  1659  1765 5189.96247   40 1807 14274.0000 4633.87358  67.5%  2328  880s
  1768  1797 5245.17065   42 1969 14274.0000 4633.87358  67.5%  2319  902s
H 1784  1797                    14196.000000 4633.87358  67.4%  2341  902s
  1800  1883 5281.26326   43 1898 14196.0000 4633.87358  67.4%  2335  926s
H 1804  1883                    14170.000000 4633.87358  67.3%  2334  926s
H 1830  1883                    14160.000000 4633.87358  67.3%  2353  926s
H 1837  1883                    14159.000000 4633.87358  67.3%  2352  926s
H 1871  1883                    14137.000000 4633.87358  67.2%  2327  926s
H 1881  1883                    14112.000000 4633.87358  67.2%  2318  926s
  1886  2030 5302.72665   44 1907 14112.0000 4633.87358  67.2%  2319  956s
  2033  2174 5364.92208   46 1813 14112.0000 4633.87358  67.2%  2299  988s
  2179  2206 5411.63725   47 1796 14112.0000 4633.87358  67.2%  2284 1014s
H 2185  2206                    13686.000000 4633.87358  66.1%  2285 1014s
H 2198  2206                    13621.000000 4633.87358  66.0%  2312 1014s
  2211  2379 5423.87191   48 1781 13621.0000 4633.87358  66.0%  2313 1045s
H 2384  2474                    13544.000000 4633.87358  65.8%  2279 1077s
H 2442  2474                    13501.000000 4633.87358  65.7%  2296 1077s
  2480  2685 5572.64720   52 1593 13501.0000 4633.87358  65.7%  2275 1109s
  2691  2717 5726.74660   56 1514 13501.0000 4633.87358  65.7%  2231 1134s
H 2692  2717                    13499.000000 4633.87358  65.7%  2230 1134s
H 2694  2717                    13494.000000 4633.87358  65.7%  2230 1134s
H 2699  2717                    12751.000000 4633.87358  63.7%  2230 1134s
H 2710  2717                    12166.000000 4633.87358  61.9%  2237 1134s
  2723  2971 5726.39266   56 1419 12166.0000 4633.87358  61.9%  2232 1166s
  2979  3250 5935.07392   61 1477 12166.0000 4633.87358  61.9%  2169 1210s
  3262  3525 6104.31010   64 1309 12166.0000 4633.87358  61.9%  2107 1242s
H 3295  3525                    12165.000000 4633.87358  61.9%  2115 1242s
H 3562  3556                    12083.000000 4633.87358  61.6%  2049 1274s
H 3565  3556                    12033.000000 4633.87358  61.5%  2050 1274s
H 3571  3556                    12002.000000 4633.87358  61.4%  2052 1274s
H 3573  3556                    11919.000000 4633.87358  61.1%  2053 1274s
H 3595  3597                    11865.000000 4633.87358  60.9%  2057 1305s
H 3596  3597                    11841.000000 4633.87358  60.9%  2057 1305s
H 3598  3597                    11833.000000 4633.87358  60.8%  2058 1305s
H 3637  3597                    11704.000000 4633.87358  60.4%  2062 1305s
  3638  3916 6448.81593   67 1315 11704.0000 4633.87358  60.4%  2064 1339s
  3978  4183 6596.07612   71 1327 11704.0000 4633.87358  60.4%  1999 1375s
  4320  4528 6630.15356   81 1377 11704.0000 4634.15159  60.4%  1946 1414s
H 4707  4606                    11175.000000 4634.15159  58.5%  1883 1448s
H 4799  4937                    11153.000000 4634.15159  58.4%  1878 1494s
H 5204  5005                    11139.000000 4634.15159  58.4%  1834 1534s
H 5226  5002                    11108.000000 4636.63024  58.3%  1830 1535s
H 5249  5002                    11100.000000 4636.63024  58.2%  1838 1535s
  5287  5336 6842.96430  104 1347 11100.0000 4636.63024  58.2%  1839 1575s
  5641  5704 6857.54905  114 1318 11100.0000 4636.63024  58.2%  1817 1622s
  6036  5988 infeasible  127      11100.0000 4637.12341  58.2%  1787 1665s
H 6037  5987                    11090.000000 4637.12341  58.2%  1787 1665s
H 6045  5985                    11070.000000 4637.12341  58.1%  1786 1665s
H 6081  5984                    11062.000000 4637.12341  58.1%  1783 1665s
H 6122  5977                    11033.000000 4637.12341  58.0%  1775 1665s
H 6172  5977                    11026.000000 4637.12341  57.9%  1773 1665s
H 6177  5977                    10995.000000 4637.12341  57.8%  1775 1665s
H 6222  5977                    10986.000000 4637.12341  57.8%  1776 1665s
  6348  6235 7090.50814  135 1248 10986.0000 4637.12341  57.8%  1766 1710s
H 6597  6231                    10980.000000 4637.12341  57.8%  1758 1710s
  6634  6643 7125.74575  146 1196 10980.0000 4637.12341  57.8%  1757 1756s
  7105  7110 7344.37371  158 1101 10980.0000 4637.12341  57.8%  1731 1806s
  7635  7308 infeasible  193      10980.0000 4657.62687  57.6%  1692 1860s
H 7637  7302                    10961.000000 4657.62687  57.5%  1692 1860s
H 7660  7301                    10867.000000 4657.62687  57.1%  1691 1860s
H 7684  7301                    10863.000000 4657.62687  57.1%  1696 1860s
H 7702  7301                    10862.000000 4657.62687  57.1%  1698 1860s
  7849  7472 4811.08490   15 1935 10862.0000 4657.62687  57.1%  1683 1907s
  8024  8064 4813.97008   18 1933 10862.0000 4657.62687  57.1%  1681 1959s
  8643  8657 5246.42314   24 1736 10862.0000 4657.62687  57.1%  1636 2012s
  9315  9110 5566.96190   32 1522 10862.0000 4657.62687  57.1%  1592 2068s
H 9348  9110                    10847.000000 4657.62687  57.1%  1587 2068s
H 9362  9110                    10837.000000 4657.62687  57.0%  1588 2068s
H 9376  9110                    10834.000000 4657.62687  57.0%  1589 2068s
H 9430  9110                    10832.000000 4657.62687  57.0%  1589 2068s
H 9476  9110                    10831.000000 4657.62687  57.0%  1591 2068s
  9804  9489 5907.81741   65 1350 10831.0000 4657.62687  57.0%  1563 2125s
H 9906  9489                    10823.000000 4657.62687  57.0%  1560 2125s
 10226  9858 5997.15037   87 1368 10823.0000 4659.93331  56.9%  1568 2182s
 10614 10481 6075.64060  101 1242 10823.0000 4659.93331  56.9%  1566 2240s
H11032 10481                    10800.000000 4659.93331  56.9%  1547 2240s
 11274 11047 6476.98137  151 1068 10800.0000 4660.16979  56.9%  1536 2303s
H11288 11047                    10794.000000 4660.16979  56.8%  1534 2303s
H11309 11047                    10777.000000 4660.16979  56.8%  1533 2303s
H11321 11047                    10772.000000 4660.16979  56.7%  1532 2303s
H11562 11047                    10757.000000 4660.16979  56.7%  1517 2303s
H11650 11047                    10752.000000 4660.16979  56.7%  1516 2303s
 11898 11606 4672.51127   12 1915 10752.0000 4660.16979  56.7%  1502 2363s
H12012 11606                    10712.000000 4660.16979  56.5%  1500 2363s
 12510 11607 4764.14033    9 12701 10712.0000 4660.16979  56.5%  1484 2408s
 12512 11608 6891.33740  127 1351 10712.0000 4660.16979  56.5%  1483 2447s
 12513 11609 7668.97753  711 1454 10712.0000 4660.16979  56.5%  1483 2452s
 12514 11610 5843.03579  142 1493 10712.0000 4660.16979  56.5%  1483 2458s
 12515 11610 4845.16884   25 1446 10712.0000 4660.16979  56.5%  1483 2466s
 12516 11611 6487.93178  357 1817 10712.0000 4660.16979  56.5%  1483 2473s
 12517 11612 4941.13319   26 1902 10712.0000 4660.16979  56.5%  1483 2480s
 12519 11613 7094.26343  146 1800 10712.0000 4661.03346  56.5%  1483 2485s
 12526 11618 7315.30225  182 1960 10712.0000 4665.55956  56.4%  1482 2515s
 12527 11618 6819.91544  112 1779 10712.0000 4750.09506  55.7%  1482 2523s
 12528 11619 6714.57213  308 1910 10712.0000 4777.99327  55.4%  1482 2527s
 12529 11620 5626.83246   79 1951 10712.0000 4787.18402  55.3%  1481 2530s
 12535 11624 6574.05861   72 1953 10712.0000 4789.03322  55.3%  1481 2559s
 12536 11624 5264.65592   38 2084 10712.0000 4837.59661  54.8%  1481 2566s
 12537 11625 5671.93875   43 2052 10712.0000 4850.45105  54.7%  1481 2570s
 12542 11628 5532.37315   67 2003 10712.0000 4853.72118  54.7%  1480 2597s
 12543 11629 5056.40369   30 2004 10712.0000 4906.47640  54.2%  1480 2603s
 12544 11630 9399.20057  266 2175 10712.0000 4918.75501  54.1%  1480 2606s
 12550 11634 5301.37080   38 2187 10712.0000 4922.10343  54.1%  1479 2613s
 12551 11634 9575.94085  194 2185 10712.0000 4945.82821  53.8%  1479 2618s
 12552 11635 5322.84487   32 2124 10712.0000 4949.17818  53.8%  1479 2621s
 12556 11638 6197.90917   78 2198 10712.0000 4949.95471  53.8%  1478 2647s
 12557 11638 6431.74161  100 2141 10712.0000 4985.79372  53.5%  1478 2667s
 12558 11639 4991.54357   10 2153 10712.0000 4991.54357  53.4%  1478 2674s
 12559 11640 5039.15654   20 2186 10712.0000 4992.01751  53.4%  1478 2675s
 12562 11642 6884.94298  138 2220 10712.0000 4992.14777  53.4%  1478 2701s
 12563 11642 7143.69529  183 2174 10712.0000 5039.46941  53.0%  1477 2709s
 12564 11643 5047.13578   20 2123 10712.0000 5047.13578  52.9%  1477 2713s
 12565 11644 6513.53242  260 2298 10712.0000 5048.22667  52.9%  1477 2715s
 12569 11646 5048.36522   17 2193 10712.0000 5048.36522  52.9%  1477 2740s
 12570 11647 9485.77749  169 2218 10712.0000 5087.76023  52.5%  1477 2748s
 12571 11648 6013.19641   64 2354 10712.0000 5099.83547  52.4%  1477 2753s
 12573 11649 7042.92179  175 2261 10712.0000 5102.55209  52.4%  1476 2755s
 12577 11652 5599.22748   46 2336 10712.0000 5102.71898  52.4%  1476 2782s
 12578 11652 6695.75734   88 2420 10712.0000 5126.13948  52.1%  1476 2789s
 12579 11653 6675.60846  425 2518 10712.0000 5131.11906  52.1%  1476 2792s
 12581 11654 8952.45330  915 2522 10712.0000 5135.27263  52.1%  1475 2796s
 12585 11657 5135.45226   40 2528 10712.0000 5135.45226  52.1%  1475 2823s
 12586 11658 5315.82941   43 2605 10712.0000 5156.28404  51.9%  1475 2829s
 12587 11658 7804.31211   78 2520 10712.0000 5161.09502  51.8%  1475 2833s
 12589 11660 5163.33993   46 2642 10712.0000 5163.33993  51.8%  1474 2835s
 12593 11662 5163.57212   13 2561 10712.0000 5163.57212  51.8%  1474 2862s
 12594 11663 8743.65073  163 2515 10712.0000 5180.34830  51.6%  1474 2868s
 12595 11664 6791.67537   93 2521 10712.0000 5189.35607  51.6%  1474 2873s
 12596 11664 5190.78074   26 2647 10712.0000 5190.78074  51.5%  1474 2875s
 12599 11666 5258.07600   38 2574 10712.0000 5191.07133  51.5%  1473 2901s
 12600 11667 5362.52025   39 2770 10712.0000 5203.95565  51.4%  1473 2908s
 12601 11668 5911.92010  112 2756 10712.0000 5208.56668  51.4%  1473 2912s
 12603 11669 6655.20922  109 2563 10712.0000 5209.95594  51.4%  1473 2915s
 12607 11672 5993.65050   78 2706 10712.0000 5210.07562  51.4%  1472 2940s
 12608 11672 6275.89713  101 2728 10712.0000 5226.89948  51.2%  1472 2948s
 12609 11673 7758.57853  164 2492 10712.0000 5230.48018  51.2%  1472 2951s
 12614 11676 5843.03579  142 2686 10712.0000 5231.47506  51.2%  1471 2979s
 12615 11677 5245.48011   25 2756 10712.0000 5245.48011  51.0%  1471 3034s
 12616 11678 6487.93178  357 2991 10712.0000 5248.27412  51.0%  1471 3046s
 12619 11680 7094.26343  146 2727 10712.0000 5250.00075  51.0%  1471 3050s
 12621 11681 6505.04962   76 2779 10712.0000 5250.02951  51.0%  1471 3077s
 12622 11682 5429.06435   28 2898 10712.0000 5264.47432  50.9%  1471 3084s
 12623 11682 5449.29778   50 2737 10712.0000 5268.22129  50.8%  1470 3088s
 12625 11684 5639.26253   37 2764 10712.0000 5269.79968  50.8%  1470 3091s
 12631 11688 9937.25015  175 2812 10712.0000 5270.04070  50.8%  1470 3123s
 12632 11688 6689.67408   89 2716 10712.0000 5276.82935  50.7%  1469 3129s
 12633 11689 6089.51635   90 2726 10712.0000 5277.32282  50.7%  1469 3130s
 12637 11692 5671.93875   43 2826 10712.0000 5277.57029  50.7%  1469 3159s
 12638 11692 7961.04461  193 2741 10712.0000 5283.59089  50.7%  1469 3164s
 12639 11693 5740.04502   44 2739 10712.0000 5283.99466  50.7%  1469 3166s
 12643 11696 5284.20450   30 2763 10712.0000 5284.20450  50.7%  1468 3194s
 12644 11696 9399.20057  266 2845 10712.0000 5288.00248  50.6%  1468 3198s
 12647 11698 6373.44783  209 2897 10712.0000 5288.00248  50.6%  1468 3200s
 12649 11700 7831.04445  160 2876 10712.0000 5288.00248  50.6%  1467 3227s
 12650 11700 5301.37080   38 2745 10712.0000 5293.59629  50.6%  1467 3233s
 12652 11702 5322.84487   32 2802 10712.0000 5294.21983  50.6%  1467 3235s
 12654 11703 5294.23457   34 2811 10712.0000 5294.23457  50.6%  1467 3261s
 12655 11704 6473.03515  100 2681 10712.0000 5297.60855  50.5%  1467 3265s
 12659 11706 5297.88701   20 2714 10712.0000 5297.88701  50.5%  1466 3293s
 12660 11707 6957.32077  510 2915 10712.0000 5302.13014  50.5%  1466 3298s
 12661 11708 5636.03468   55 2922 10712.0000 5304.16435  50.5%  1466 3301s
 12666 11711 6729.83712  317 3080 10712.0000 5304.82130  50.5%  1465 3328s
 12667 11712 5671.16601   55 2901 10712.0000 5309.60256  50.4%  1465 3333s
 12669 11713 5310.57498   17 3097 10712.0000 5310.57498  50.4%  1465 3335s
 12672 11715 7549.28482  211 3056 10712.0000 5310.61659  50.4%  1465 3361s
 12673 11716 7042.92179  175 2918 10712.0000 5313.45271  50.4%  1465 3365s
 12678 11719 6695.75734   88 2978 10712.0000 5314.93224  50.4%  1464 3393s
 12679 11720 6675.60846  425 2992 10712.0000 5317.51805  50.4%  1464 3397s
 12682 11722 7480.72249  633 3075 10712.0000 5318.67363  50.3%  1464 3400s
 12684 11723 7306.62076  202 3028 10712.0000 5318.67811  50.3%  1463 3423s
 12685 11724 5321.64226   40 3132 10712.0000 5321.64226  50.3%  1463 3427s
 12690 11727 7900.16401  189 3043 10712.0000 5321.97885  50.3%  1463 3454s
 12691 11728 5325.55497   41 2970 10712.0000 5325.55497  50.3%  1463 3457s
 12695 11730 6791.67537   93 3032 10712.0000 5325.86814  50.3%  1462 3485s
 12697 11732 5329.71249   33 2993 10712.0000 5329.71249  50.2%  1462 3490s
 12701 11734 5911.92010  112 3033 10712.0000 5329.86351  50.2%  1461 3517s
 12702 11735 5332.74515   38 3070 10712.0000 5332.74515  50.2%  1461 3520s
 12708 11739 6275.89713  101 3088 10712.0000 5333.00148  50.2%  1461 3547s
 12709 11740 7758.57853  164 2877 10712.0000 5335.44489  50.2%  1460 3553s
 12710 11740 5336.28099    9 2960 10712.0000 5336.28099  50.2%  1460 3555s
 12713 11742 7668.97753  711 3094 10712.0000 5336.36081  50.2%  1460 3582s
 12714 11743 5843.03579  142 2992 10712.0000 5337.97389  50.2%  1460 3585s
 12718 11746 6322.68605  200 3101 10712.0000 5338.37838  50.2%  1459 3613s
 12719 11746 7094.26343  146 3029 10712.0000 5340.96510  50.1%  1459 3617s
 12721 11748 6505.04962   76 2983 10712.0000 5342.19684  50.1%  1459 3620s
 12724 11750 7087.90466  165 3106 10712.0000 5342.23372  50.1%  1459 3646s
 12725 11750 5639.26253   37 2944 10712.0000 5346.00908  50.1%  1459 3650s
 12730 11754 7992.09264  149 3028 10712.0000 5346.24449  50.1%  1458 3678s
 12731 11754 9937.25015  175 2938 10712.0000 5349.08186  50.1%  1458 3682s
 12734 11756 7449.60367  102 3219 10712.0000 5349.56317  50.1%  1458 3685s
 12737 11758 5671.93875   43 3213 10712.0000 5349.57272  50.1%  1457 3711s
 12740 11760 6427.11339  231 3178 10712.0000 5351.19582  50.0%  1457 3715s
 12741 11761 5351.19660   15 3187 10712.0000 5351.19660  50.0%  1457 3741s
 12745 11764 9166.29371  172 3226 10712.0000 5351.94895  50.0%  1456 3745s
 12746 11764 6964.98665   88 3204 10712.0000 5351.95110  50.0%  1456 3770s
 12751 11768 9575.94085  194 3190 10712.0000 5353.23728  50.0%  1456 3800s
 12753 11769 5354.94800   29 3287 10712.0000 5354.94800  50.0%  1455 3805s
 12755 11770 6473.03515  100 3370 10712.0000 5355.01586  50.0%  1455 3831s
 12757 11772 6431.74161  100 3364 10712.0000 5357.83261  50.0%  1455 3835s
 12761 11774 5636.03468   55 3378 10712.0000 5357.97649  50.0%  1455 3863s
 12762 11775 6884.94298  138 3221 10712.0000 5359.84014  50.0%  1454 3866s
 12766 11778 6729.83712  317 3368 10712.0000 5360.29039  50.0%  1454 3894s
 12767 11778 5671.16601   55 3354 10712.0000 5361.96968  49.9%  1454 3897s
 12770 11780 9485.77749  169 3429 10712.0000 5362.38556  49.9%  1454 3925s
 12772 11782 7549.28482  211 3320 10712.0000 5364.10483  49.9%  1453 3930s
 12775 11784 5364.24244   40 3545 10712.0000 5364.24244  49.9%  1453 3957s
 12776 11784 6804.75206  110 3258 10712.0000 5366.06103  49.9%  1453 3960s
 12783 11789 5875.64257   94 3389 10712.0000 5366.49124  49.9%  1452 3988s
 12784 11790 7306.62076  202 3395 10712.0000 5369.71555  49.9%  1452 3992s
 12786 11791 5370.59803   43 3366 10712.0000 5370.59803  49.9%  1452 3995s
 12789 11793 5370.60754   46 3384 10712.0000 5370.60754  49.9%  1451 4022s
 12790 11794 7900.16401  189 3238 10712.0000 5372.52752  49.8%  1451 4025s
 12794 11796 8743.65073  163 3300 10712.0000 5374.01834  49.8%  1451 4053s
 12796 11798 5374.65738   26 3228 10712.0000 5374.65738  49.8%  1451 4055s
 12800 11800 5374.68750   39 3283 10712.0000 5374.68750  49.8%  1450 4084s
 12801 11801 5911.92010  112 3215 10712.0000 5375.71093  49.8%  1450 4087s
 12803 11802 6655.20922  109 3225 10712.0000 5375.98906  49.8%  1450 4090s
 12805 11804 5978.13509   63 3270 10712.0000 5376.01013  49.8%  1450 4116s
 12807 11805 5993.65050   78 3351 10712.0000 5377.74319  49.8%  1449 4121s
 12813 11809 7668.97753  711 3332 10712.0000 5377.86277  49.8%  1449 4149s
 12814 11810 5843.03579  142 3161 10712.0000 5380.13305  49.8%  1449 4153s
 12815 11810 5380.28337   25 3128 10712.0000 5380.28337  49.8%  1448 4155s
 12819 11813 7094.26343  146 3194 10712.0000 5380.38964  49.8%  1448 4183s
 12820 11814 5382.52656   37 3232 10712.0000 5382.52656  49.8%  1448 4186s
 12824 11816 7087.90466  165 3538 10712.0000 5382.90092  49.7%  1447 4216s
 12825 11817 5639.26253   37 3304 10712.0000 5383.95304  49.7%  1447 4250s
 12826 11818 7315.30225  182 3411 10712.0000 5384.04763  49.7%  1447 4256s
 12829 11820 5626.83246   79 3392 10712.0000 5384.07292  49.7%  1447 4284s
 12830 11820 7992.09264  149 3226 10712.0000 5385.64073  49.7%  1447 4288s
 12833 11822 6089.51635   90 3281 10712.0000 5385.86046  49.7%  1446 4290s
 12835 11824 6574.05861   72 3293 10712.0000 5385.86461  49.7%  1446 4316s
 12838 11826 7961.04461  193 3203 10712.0000 5388.11868  49.7%  1446 4320s
 12840 11827 6427.11339  231 3271 10712.0000 5388.12924  49.7%  1446 4346s
 12842 11828 5532.37315   67 3332 10712.0000 5390.52528  49.7%  1445 4350s
 12845 11830 9166.29371  172 3363 10712.0000 5390.58985  49.7%  1445 4376s
 12848 11832 5900.67973   71 3306 10712.0000 5391.83301  49.7%  1445 4380s
 12850 11834 5391.83683   38 3282 10712.0000 5391.83683  49.7%  1444 4405s
 12852 11835 5393.17954   32 3329 10712.0000 5393.17954  49.7%  1444 4410s
 12856 11838 6197.90917   78 3326 10712.0000 5393.22680  49.7%  1444 4436s
 12858 11839 5394.99383   10 3309 10712.0000 5394.99383  49.6%  1444 4440s
 12862 11842 6884.94298  138 3315 10712.0000 5395.07482  49.6%  1443 4466s
 12864 11843 5396.08083   20 3298 10712.0000 5396.08083  49.6%  1443 4470s
 12868 11846 6014.42054   61 3373 10712.0000 5396.17778  49.6%  1442 4498s
 12869 11846 5397.33049   17 3310 10712.0000 5397.33049  49.6%  1442 4500s
 12873 11849 7042.92179  175 3296 10712.0000 5397.55453  49.6%  1442 4528s
 12874 11850 7951.34573  127 3175 10712.0000 5398.37433  49.6%  1442 4530s
 12878 11852 6695.75734   88 3239 10712.0000 5398.61328  49.6%  1441 4558s
 12879 11853 6675.60846  425 3270 10712.0000 5399.67784  49.6%  1441 4560s
H12882 11256                    10693.000000 5399.85812  49.5%  1441 4586s
H12883 10687                    10662.000000 5400.62240  49.3%  1441 4588s
 12886 10689 5400.72870   43 3475 10662.0000 5400.72870  49.3%  1440 4590s
 12888 10690 5720.69522   52 3476 10662.0000 5400.73486  49.3%  1440 4614s
 12889 10691 5401.38885   46 3498 10662.0000 5401.38885  49.3%  1440 4616s
H12892 10152                    10637.000000 5401.53844  49.2%  1440 4643s
 12894 10153 8743.65073  163 3317 10637.0000 5402.32884  49.2%  1440 4646s
 12898 10156 7006.78600  109 3421 10637.0000 5402.83437  49.2%  1439 4674s
 12899 10156 5403.69973   38 3201 10637.0000 5403.69973  49.2%  1439 4676s
 12903 10159 6655.20922  109 3245 10637.0000 5404.06455  49.2%  1439 4703s
 12904 10160 7131.77823  551 3219 10637.0000 5404.67636  49.2%  1438 4705s
 12908 10162 6275.89713  101 3231 10637.0000 5404.79558  49.2%  1438 4734s
 12909 10163 7758.57853  164 3258 10637.0000 5406.15520  49.2%  1438 4741s
 12913 10166 7668.97753  711 3321 10637.0000 5406.53307  49.2%  1437 4771s
 12915 10167 5408.77875   25 3377 10637.0000 5408.77875  49.2%  1437 4776s
 12917 10168 5408.81034   26 3380 10637.0000 5408.81034  49.2%  1437 4803s
 12918 10169 6322.68605  200 3271 10637.0000 5410.22527  49.1%  1437 4813s
 12919 10170 7094.26343  146 3218 10637.0000 5410.56225  49.1%  1437 4815s
 12922 10172 5429.06435   28 3382 10637.0000 5410.60142  49.1%  1436 4836s
 12923 10172 5449.29778   50 3239 10637.0000 5412.20239  49.1%  1436 4840s
 12930 10177 7992.09264  149 3421 10637.0000 5412.61705  49.1%  1436 4869s
 12931 10178 9937.25015  175 3303 10637.0000 5413.40326  49.1%  1435 4923s
 12932 10178 6689.67408   89 3368 10637.0000 5413.67431  49.1%  1435 4925s
 12935 10180 6574.05861   72 3460 10637.0000 5413.76345  49.1%  1435 4951s
 12937 10182 5671.93875   43 3470 10637.0000 5414.97782  49.1%  1435 4956s
 12940 10184 6427.11339  231 3489 10637.0000 5415.02401  49.1%  1434 4982s
 12942 10185 5532.37315   67 3201 10637.0000 5416.60783  49.1%  1434 4985s
 12946 10188 6964.98665   88 3332 10637.0000 5416.71053  49.1%  1434 5009s
 12947 10188 6373.44783  209 3421 10637.0000 5417.90904  49.1%  1434 5012s
 12950 10190 5418.22883   38 3434 10637.0000 5418.22883  49.1%  1433 5015s
 12951 10191 9575.94085  194 3424 10637.0000 5418.22921  49.1%  1433 5041s
 12956 10194 6197.90917   78 3719 10637.0000 5419.30514  49.1%  1433 5070s
 12961 10198 5636.03468   55 3451 10637.0000 5420.37429  49.0%  1432 5075s
 12963 10199 7143.69529  183 3539 10637.0000 5420.37980  49.0%  1432 5099s
 12964 10200 5421.21121   20 3572 10637.0000 5421.21121  49.0%  1432 5101s
 12968 10202 6014.42054   61 3683 10637.0000 5421.61112  49.0%  1431 5130s
 12973 10206 7042.92179  175 3669 10637.0000 5422.34429  49.0%  1431 5135s
 12975 10207 5422.35014   40 3672 10637.0000 5422.35014  49.0%  1431 5161s
 12979 10210 6675.60846  425 3615 10637.0000 5423.42708  49.0%  1430 5190s
 12983 10212 5875.64257   94 3645 10637.0000 5423.76397  49.0%  1430 5219s
 12984 10213 7306.62076  202 3643 10637.0000 5424.28445  49.0%  1430 5221s
 12988 10216 5720.69522   52 3781 10637.0000 5424.40739  49.0%  1429 5249s
 12989 10216 5425.20740   46 3670 10637.0000 5425.20740  49.0%  1429 5251s
 12992 10218 5462.38175   55 3700 10637.0000 5425.45405  49.0%  1429 5279s
 12993 10219 5426.16360   13 3527 10637.0000 5426.16360  49.0%  1429 5280s
 12999 10223 5426.54288   38 3707 10637.0000 5426.54288  49.0%  1428 5308s
 13000 10224 5427.20654   39 3607 10637.0000 5427.20654  49.0%  1428 5311s
 13003 10226 6655.20922  109 3682 10637.0000 5427.48251  49.0%  1427 5339s
 13004 10226 7131.77823  551 3576 10637.0000 5428.00541  49.0%  1427 5341s
 13009 10230 7758.57853  164 3655 10637.0000 5428.23425  49.0%  1427 5369s
 13010 10230 5429.21461    9 3550 10637.0000 5429.21461  49.0%  1427 5371s
 13015 10234 5429.39401   25 3576 10637.0000 5429.39401  49.0%  1426 5399s
 13016 10234 6487.93178  357 3455 10637.0000 5430.27172  48.9%  1426 5401s
 13020 10237 5430.50198   37 3658 10637.0000 5430.50198  48.9%  1426 5428s
 13021 10238 6505.04962   76 3531 10637.0000 5431.53984  48.9%  1425 5431s
 13024 10240 7087.90466  165 3594 10637.0000 5432.02095  48.9%  1425 5435s
 13026 10241 7315.30225  182 3622 10637.0000 5432.02828  48.9%  1425 5460s
 13028 10242 6714.57213  308 3599 10637.0000 5434.42548  48.9%  1425 5465s
 13032 10245 6689.67408   89 3744 10637.0000 5434.63306  48.9%  1424 5493s
 13033 10246 6089.51635   90 3597 10637.0000 5436.06347  48.9%  1424 5496s
 13038 10249 7961.04461  193 3649 10637.0000 5436.29252  48.9%  1424 5524s
 13039 10250 5740.04502   44 3660 10637.0000 5437.61175  48.9%  1424 5527s
 13042 10252 5532.37315   67 3741 10637.0000 5437.93550  48.9%  1423 5530s
 13043 10252 5437.93755   30 3716 10637.0000 5437.93755  48.9%  1423 5556s
 13045 10254 9166.29371  172 3805 10637.0000 5439.03554  48.9%  1423 5560s
 13048 10256 5900.67973   71 3825 10637.0000 5439.11828  48.9%  1423 5587s
 13050 10257 5440.44066   38 3818 10637.0000 5440.44066  48.9%  1422 5590s
 13056 10261 6197.90917   78 3916 10637.0000 5440.52333  48.9%  1422 5618s
 13057 10262 6431.74161  100 3601 10637.0000 5441.64640  48.8%  1422 5621s
 13061 10264 5636.03468   55 3714 10637.0000 5441.97474  48.8%  1421 5650s
 13066 10268 6729.83712  317 3949 10637.0000 5443.12697  48.8%  1421 5682s
 13068 10269 6014.42054   61 3836 10637.0000 5443.76975  48.8%  1420 5685s
 13071 10271 6013.19641   64 3869 10637.0000 5443.81042  48.8%  1420 5711s
 13074 10273 7951.34573  127 3710 10637.0000 5444.44201  48.8%  1420 5715s
 13076 10274 6804.75206  110 3717 10637.0000 5444.45439  48.8%  1419 5735s
 13080 10277 6744.72405  328 3597 10637.0000 5445.06639  48.8%  1419 5760s
 13083 10279 5875.64257   94 3664 10637.0000 5446.61582  48.8%  1419 5765s
 13085 10280 5446.63367   40 3597 10637.0000 5446.63367  48.8%  1419 5788s
 13086 10281 5448.38220   43 3617 10637.0000 5448.38220  48.8%  1418 5792s
 13087 10282 7804.31211   78 3702 10637.0000 5448.79509  48.8%  1418 5795s
 13090 10284 7900.16401  189 3703 10637.0000 5448.85713  48.8%  1418 5820s
 13095 10288 6791.67537   93 1325 10637.0000 5450.24375  48.8%  1456 5870s
 13096 10289 5450.24375   26 1421 10637.0000 5450.24375  48.8%  1456 5875s
 13097 10290 5450.24375   33 1503 10637.0000 5450.24375  48.8%  1456 5882s
 13098 10290 7006.78600  109 1586 10637.0000 5450.24375  48.8%  1456 5891s
 13099 10291 5450.28185   38 1807 10637.0000 5450.28185  48.8%  1456 5900s
 13100 10292 5450.45365   39 2107 10637.0000 5450.45365  48.8%  1456 5914s
 13101 10292 5911.92010  112 2297 10637.0000 5450.45365  48.8%  1455 5925s
 13102 10293 5450.45365   38 2573 10637.0000 5450.45365  48.8%  1455 5935s
 13103 10294 6655.20922  109 2687 10637.0000 5450.45365  48.8%  1455 5945s
 13104 10294 7131.77823  551 2864 10637.0000 5450.45365  48.8%  1455 5952s
 13105 10295 5978.13509   63 3395 10637.0000 5450.45365  48.8%  1455 5959s
 13106 10296 5585.08761   60 3335 10637.0000 5450.45365  48.8%  1455 5964s
 13107 10296 5993.65050   78 3379 10637.0000 5450.45365  48.8%  1455 5971s
 13108 10297 6275.89713  101 3625 10637.0000 5450.45365  48.8%  1455 5975s
 13114 10301 5843.03579  142 3648 10637.0000 5450.57591  48.8%  1454 5994s
 13115 10302 5455.44150   25 3709 10637.0000 5455.44150  48.7%  1454 6002s
 13116 10302 6487.93178  357 3520 10637.0000 5457.17749  48.7%  1454 6007s
 13119 10304 7094.26343  146 3489 10637.0000 5457.26192  48.7%  1453 6035s
 13120 10305 5460.42724   37 3408 10637.0000 5460.42724  48.7%  1453 6041s
 13125 10308 5639.26253   37 3609 10637.0000 5460.69233  48.7%  1453 6070s
 13126 10309 7315.30225  182 3697 10637.0000 5463.82963  48.6%  1453 6075s
 13129 10311 5626.83246   79 3571 10637.0000 5464.55626  48.6%  1452 6105s
 13130 10312 7992.09264  149 3626 10637.0000 5466.89663  48.6%  1452 6111s
 13132 10313 6689.67408   89 3680 10637.0000 5468.16676  48.6%  1452 6115s
 13136 10316 5468.21230   38 3666 10637.0000 5468.21230  48.6%  1452 6143s
 13137 10316 5671.93875   43 3721 10637.0000 5474.01026  48.5%  1451 6168s
 13138 10317 7961.04461  193 3712 10637.0000 5474.93703  48.5%  1451 6175s
 13142 10320 5532.37315   67 3864 10637.0000 5475.08988  48.5%  1451 6204s
 13143 10320 5476.73028   30 3867 10637.0000 5476.73028  48.5%  1451 6208s
 13145 10322 9166.29371  172 3866 10637.0000 5477.07436  48.5%  1451 6210s
 13147 10323 6373.44783  209 3925 10637.0000 5477.08497  48.5%  1450 6237s
 13148 10324 5900.67973   71 3678 10637.0000 5478.05260  48.5%  1450 6241s
 13153 10327 5478.36426   29 3793 10637.0000 5478.36426  48.5%  1450 6271s
 13154 10328 5480.23358   34 3703 10637.0000 5480.23358  48.5%  1450 6275s
 13157 10330 6431.74161  100 3817 10637.0000 5480.80336  48.5%  1449 6280s
 13159 10331 5480.81249   20 3830 10637.0000 5480.81249  48.5%  1449 6307s
 13160 10332 6957.32077  510 3685 10637.0000 5482.55148  48.5%  1449 6312s
 13162 10333 6884.94298  138 3793 10637.0000 5483.25190  48.5%  1449 6315s
 13164 10334 5483.28763   20 3814 10637.0000 5483.28763  48.5%  1448 6343s
 13165 10335 6513.53242  260 3813 10637.0000 5484.42562  48.4%  1448 6347s
 13168 10337 6014.42054   61 3875 10637.0000 5484.54118  48.4%  1448 6350s
 13169 10338 5484.54240   17 3820 10637.0000 5484.54240  48.4%  1448 6377s
 13170 10338 9485.77749  169 3795 10637.0000 5486.04338  48.4%  1448 6381s
 13172 10340 7549.28482  211 3842 10637.0000 5486.63064  48.4%  1448 6385s
 13174 10341 7951.34573  127 3915 10637.0000 5486.67105  48.4%  1447 6414s
 13175 10342 5488.25829   40 3946 10637.0000 5488.25829  48.4%  1447 6419s
 13176 10342 6804.75206  110 3948 10637.0000 5488.39749  48.4%  1447 6421s
 13179 10344 6675.60846  425 3936 10637.0000 5488.45995  48.4%  1447 6451s
 13180 10345 6744.72405  328 3862 10637.0000 5489.33525  48.4%  1447 6535s
 13181 10346 8952.45330  915 3971 10637.0000 5489.52806  48.4%  1447 6541s
 13184 10348 7306.62076  202 3988 10637.0000 5489.59526  48.4%  1446 6570s
 13186 10349 5491.40479   43 3830 10637.0000 5491.40479  48.4%  1446 6576s
 13190 10352 7900.16401  189 3801 10637.0000 5491.51385  48.4%  1446 6607s
 13191 10352 5492.81528   41 3768 10637.0000 5492.81528  48.4%  1446 6611s
 13196 10356 5493.39912   26 3826 10637.0000 5493.39912  48.4%  1445 6643s
 13197 10356 5495.03464   33 3756 10637.0000 5495.03464  48.3%  1445 6647s
 13198 10357 7006.78600  109 3869 10637.0000 5495.29802  48.3%  1445 6650s
 13202 10360 5495.38409   38 3882 10637.0000 5495.38409  48.3%  1444 6677s
 13203 10360 6655.20922  109 3915 10637.0000 5497.27296  48.3%  1444 6682s
 13205 10362 5978.13509   63 4024 10637.0000 5497.63846  48.3%  1444 6685s
 13210 10365 5497.70207    9 4066 10637.0000 5497.70207  48.3%  1443 6712s
 13211 10366 6251.39235  125 3897 10637.0000 5499.33314  48.3%  1443 6718s
 13212 10366 6891.33740  127 3978 10637.0000 5499.76410  48.3%  1443 6720s
 13215 10368 5499.88275   25 4063 10637.0000 5499.88275  48.3%  1443 6748s
 13216 10369 6487.93178  357 3982 10637.0000 5500.44910  48.3%  1443 6751s
 13220 10372 5500.56591   37 3979 10637.0000 5500.56591  48.3%  1442 6779s
 13221 10372 6505.04962   76 4033 10637.0000 5501.22419  48.3%  1442 6781s
 13224 10374 7087.90466  165 3947 10637.0000 5501.34033  48.3%  1442 6810s
 13227 10376 6819.91544  112 4118 10637.0000 5502.40167  48.3%  1442 6815s
 13230 10378 7992.09264  149 4094 10637.0000 5502.42121  48.3%  1441 6841s
 13232 10380 6689.67408   89 4153 10637.0000 5503.61029  48.3%  1441 6846s
 13236 10382 5503.66032   38 4257 10637.0000 5503.66032  48.3%  1441 6874s
 13237 10383 5671.93875   43 3964 10637.0000 5504.61138  48.3%  1440 6878s
 13239 10384 5740.04502   44 3958 10637.0000 5504.91051  48.2%  1440 6880s
 13241 10386 5504.92649   15 4073 10637.0000 5504.92649  48.2%  1440 6906s
 13243 10387 5505.28110   30 4036 10637.0000 5505.28110  48.2%  1440 6910s
 13247 10390 6373.44783  209 3959 10637.0000 5505.32528  48.2%  1439 6938s
 13248 10390 5900.67973   71 3930 10637.0000 5505.77357  48.2%  1439 6940s
 13252 10393 5505.90007   32 4080 10637.0000 5505.90007  48.2%  1439 6969s
 13253 10394 5506.77342   29 3996 10637.0000 5506.77342  48.2%  1439 6971s
 13255 10395 6473.03515  100 4071 10637.0000 5507.18752  48.2%  1439 6975s
 13257 10396 6431.74161  100 4121 10637.0000 5507.20849  48.2%  1438 7001s
 13259 10398 5508.30909   20 4131 10637.0000 5508.30909  48.2%  1438 7006s
 13261 10399 5636.03468   55 4038 10637.0000 5508.34057  48.2%  1438 7034s
 13262 10400 6884.94298  138 3950 10637.0000 5508.82039  48.2%  1438 7038s
 13263 10400 7143.69529  183 4038 10637.0000 5509.03247  48.2%  1438 7040s
 13267 10403 5671.16601   55 4190 10637.0000 5509.12872  48.2%  1437 7069s
 13268 10404 6014.42054   61 3985 10637.0000 5510.41968  48.2%  1437 7073s
 13269 10404 5510.82738   17 3979 10637.0000 5510.82738  48.2%  1437 7075s
 13272 10406 7549.28482  211 4154 10637.0000 5510.97526  48.2%  1437 7105s
 13274 10408 7951.34573  127 4081 10637.0000 5511.88590  48.2%  1436 7111s
 13277 10410 5599.22748   46 4130 10637.0000 5511.92479  48.2%  1436 7140s
 13281 10412 8952.45330  915 4317 10637.0000 5512.40084  48.2%  1436 7169s
 13282 10413 7480.72249  633 4208 10637.0000 5512.70929  48.2%  1436 7171s
 13286 10416 5512.79606   43 4301 10637.0000 5512.79606  48.2%  1435 7199s
 13287 10416 7804.31211   78 4337 10637.0000 5513.02850  48.2%  1435 7201s
 13292 10420 5513.15025   55 4273 10637.0000 5513.15025  48.2%  1435 7230s
 13294 10421 8743.65073  163 4318 10637.0000 5513.86689  48.2%  1434 7235s
 13296 10422 5513.89306   26 4258 10637.0000 5513.89306  48.2%  1434 7262s
 13297 10423 5514.97278   33 4200 10637.0000 5514.97278  48.2%  1434 7265s
 13300 10425 5515.41782   39 4249 10637.0000 5515.41782  48.1%  1434 7295s
 13302 10426 5516.15823   38 4026 10637.0000 5516.15823  48.1%  1433 7300s
 13304 10428 7131.77823  551 4063 10637.0000 5516.17401  48.1%  1433 7328s
 13305 10428 5978.13509   63 4080 10637.0000 5516.69135  48.1%  1433 7331s
 13310 10432 5516.89725    9 4151 10637.0000 5516.89725  48.1%  1433 7358s
 13311 10432 6251.39235  125 4118 10637.0000 5517.35066  48.1%  1432 7361s
H13313  9908                    10607.000000 5517.55110  48.0%  1432 7364s
 13316  9910 6487.93178  357 4266 10607.0000 5517.55895  48.0%  1432 7391s
 13320  9912 5517.86251   37 4227 10607.0000 5517.86251  48.0%  1432 7395s
 13321  9913 6505.04962   76 4189 10607.0000 5517.86462  48.0%  1431 7421s
 13323  9914 5518.21925   50 4261 10607.0000 5518.21925  48.0%  1431 7425s
 13326  9916 7315.30225  182 4233 10607.0000 5518.24986  48.0%  1431 7453s
 13329  9918 5626.83246   79 4224 10607.0000 5518.46657  48.0%  1431 7455s
 13330  9919 7992.09264  149 4207 10607.0000 5518.46657  48.0%  1430 7482s
 13333  9921 6089.51635   90 4168 10607.0000 5518.50032  48.0%  1430 7485s
 13334  9922 7449.60367  102 4188 10607.0000 5518.50056  48.0%  1430 7511s
 13337  9924 5671.93875   43 4222 10607.0000 5518.58242  48.0%  1430 7539s
 13338  9924 7961.04461  193 4064 10607.0000 5518.68793  48.0%  1430 7540s
 13343  9928 5518.81990   30 4159 10607.0000 5518.81990  48.0%  1429 7569s
 13344  9928 9399.20057  266 4065 10607.0000 5518.95122  48.0%  1429 7570s
 13347  9930 6373.44783  209 4146 10607.0000 5519.04324  48.0%  1429 7597s
 13349  9932 7831.04445  160 4109 10607.0000 5519.20361  48.0%  1428 7600s
 13351  9933 9575.94085  194 4151 10607.0000 5519.21760  48.0%  1428 7627s
 13354  9935 5519.30939   34 4207 10607.0000 5519.30939  48.0%  1428 7656s
 13356  9936 6197.90917   78 4179 10607.0000 5519.36695  48.0%  1428 7685s
 13361  9940 5636.03468   55 4258 10607.0000 5519.66740  48.0%  1427 7716s
 13365  9942 6513.53242  260 4105 10607.0000 5519.92465  48.0%  1427 7744s
 13366  9943 6729.83712  317 4179 10607.0000 5520.41207  48.0%  1427 7746s
 13371  9946 6013.19641   64 4151 10607.0000 5520.57817  48.0%  1426 7774s
 13372  9947 7549.28482  211 4156 10607.0000 5520.85072  48.0%  1426 7776s
 13377  9950 5599.22748   46 4185 10607.0000 5521.01218  47.9%  1425 7804s
 13378  9951 6695.75734   88 4116 10607.0000 5521.37820  47.9%  1425 7806s
 13382  9954 7480.72249  633 4309 10607.0000 5521.48648  47.9%  1425 7834s
 13383  9954 5875.64257   94 4181 10607.0000 5521.93586  47.9%  1425 7836s
 13387  9957 7804.31211   78 4189 10607.0000 5521.98947  47.9%  1424 7864s
 13388  9958 5720.69522   52 4132 10607.0000 5522.17409  47.9%  1424 7865s
 13391  9960 5522.25947   41 4115 10607.0000 5522.25947  47.9%  1424 7894s
 13392  9960 5522.59739   55 4097 10607.0000 5522.59739  47.9%  1424 7896s
 13396  9963 5522.73415   26 4301 10607.0000 5522.73415  47.9%  1423 7926s
 13401  9966 5911.92010  112 4187 10607.0000 5523.16982  47.9%  1423 7955s
 13405  9969 5978.13509   63 4280 10607.0000 5523.57955  47.9%  1422 7984s
 13406  9970 5585.08761   60 4053 10607.0000 5523.85033  47.9%  1422 7986s
 13411  9973 6251.39235  125 4121 10607.0000 5523.94498  47.9%  1422 8014s
 13412  9974 6891.33740  127 4211 10607.0000 5524.18994  47.9%  1422 8016s
 13416  9976 6487.93178  357 4102 10607.0000 5524.23572  47.9%  1421 8041s
 13420  9979 5524.43719   37 4187 10607.0000 5524.43719  47.9%  1421 8069s
 13421  9980 6505.04962   76 4132 10607.0000 5524.51868  47.9%  1421 8070s
 13422  9980 5524.52061   28 4190 10607.0000 5524.52061  47.9%  1421 8097s
 13424  9982 7087.90466  165 4266 10607.0000 5524.85151  47.9%  1420 8100s
 13429  9985 5626.83246   79 4215 10607.0000 5524.93424  47.9%  1420 8130s
 13431  9986 9937.25015  175 4342 10607.0000 5525.67694  47.9%  1420 8136s
 13436  9990 5525.77444   38 4489 10607.0000 5525.77444  47.9%  1419 8165s
 13442  9994 5532.37315   67 4311 10607.0000 5526.23079  47.9%  1419 8194s
 13443  9994 5526.44254   30 4279 10607.0000 5526.44254  47.9%  1418 8196s
 13447  9997 6373.44783  209 4378 10607.0000 5526.48698  47.9%  1418 8224s
 13448  9998 5900.67973   71 4204 10607.0000 5527.24980  47.9%  1418 8227s
 13452 10000 5527.41667   32 4296 10607.0000 5527.41667  47.9%  1417 8232s
 13453 10001 5527.76890   29 4140 10607.0000 5527.76890  47.9%  1417 8235s
 13456 10003 6197.90917   78 4216 10607.0000 5527.86791  47.9%  1417 8240s
 13460 10006 6957.32077  510 4245 10607.0000 5528.28662  47.9%  1417 8246s
 13462 10007 6884.94298  138 4251 10607.0000 5528.61280  47.9%  1416 8250s
 13466 10010 6729.83712  317 4248 10607.0000 5528.81798  47.9%  1416 8256s
 13470 10012 9485.77749  169 4281 10607.0000 5528.91729  47.9%  1416 8261s
 13473 10014 7042.92179  175 4409 10607.0000 5529.28405  47.9%  1415 8265s
 13476 10016 6804.75206  110 4218 10607.0000 5529.57563  47.9%  1415 8270s
 13479 10018 6675.60846  425 4288 10607.0000 5529.61999  47.9%  1415 8275s
 13483 10021 5875.64257   94 4190 10607.0000 5529.70437  47.9%  1414 8280s
 13486 10023 5529.76886   43 4315 10607.0000 5529.76886  47.9%  1414 8285s
 13491 10026 5530.13805   41 4344 10607.0000 5530.13805  47.9%  1413 8292s
 13495 10029 6791.67537   93 4220 10607.0000 5530.29257  47.9%  1413 8297s
 13496 10030 5530.44109   26 4273 10607.0000 5530.44109  47.9%  1413 8300s
 13499 10032 5530.70213   38 4181 10607.0000 5530.70213  47.9%  1413 8305s
 13503 10034 6655.20922  109 4221 10607.0000 5530.79572  47.9%  1412 8310s
 13507 10037 5993.65050   78 4255 10607.0000 5531.14540  47.9%  1412 8315s
 13510 10039 5531.32473    9 4354 10607.0000 5531.32473  47.9%  1411 8320s
 13514 10042 5843.03579  142 4296 10607.0000 5531.37804  47.9%  1411 8325s
 13517 10044 5531.42324   26 4383 10607.0000 5531.42324  47.9%  1411 8330s
 13521 10046 6505.04962   76 4396 10607.0000 5531.49509  47.9%  1410 8335s
 13523 10048 5531.62398   50 4239 10607.0000 5531.62398  47.8%  1410 8340s
 13527 10050 6819.91544  112 4178 10607.0000 5531.68997  47.8%  1410 8345s
 13530 10052 7992.09264  149 4257 10607.0000 5531.82130  47.8%  1409 8350s
 13535 10056 6574.05861   72 4243 10607.0000 5532.02581  47.8%  1409 8356s
 13538 10058 7961.04461  193 4285 10607.0000 5532.05739  47.8%  1408 8361s
 13540 10059 6427.11339  231 4359 10607.0000 5532.61002  47.8%  1408 8366s
 13543 10061 5532.68758   30 4401 10607.0000 5532.68758  47.8%  1408 8370s
 13545 10062 9166.29371  172 4345 10607.0000 5532.72657  47.8%  1408 8375s
 13546 10063 6964.98665   88 4340 10607.0000 5532.75218  47.8%  1408 8382s
 13548 10064 5900.67973   71 4304 10607.0000 5532.77586  47.8%  1407 8385s
 13551 10066 9575.94085  194 4294 10607.0000 5532.86811  47.8%  1407 8390s
 13555 10069 6473.03515  100 4319 10607.0000 5532.97092  47.8%  1407 8395s
 13559 10072 5533.06763   20 4349 10607.0000 5533.06763  47.8%  1406 8400s
 13563 10074 7143.69529  183 4373 10607.0000 5533.09647  47.8%  1406 8405s
 13567 10077 5671.16601   55 4228 10607.0000 5533.17721  47.8%  1405 8412s
 13569 10078 5533.44467   17 4407 10607.0000 5533.44467  47.8%  1405 8415s
 13572 10080 7549.28482  211 4282 10607.0000 5533.57035  47.8%  1405 8421s
 13573 10081 7042.92179  175 4282 10607.0000 5533.57036  47.8%  1405 8527s
 13574 10085 5533.58146   27 4188 10607.0000 5533.57066  47.8%  1434 8909s
 13576 10088 5577.97308   28 3894 10607.0000 5533.63711  47.8%  1436 8938s
 13580 10095 5578.06147   29 3938 10607.0000 5577.97380  47.4%  1437 8975s
 13588 10100 5720.99067   30 3820 10607.0000 5578.09226  47.4%  1444 9056s
 13596 10121 5725.41220   31 3444 10607.0000 5578.09226  47.4%  1451 9157s
 13620 10145 5729.13521   32 3413 10607.0000 5609.72669  47.1%  1480 9232s
 13652 10287 5731.48904   33 3593 10607.0000 5611.78686  47.1%  1501 9307s
 13804 10307 5746.41279   38 3531 10607.0000 5611.78703  47.1%  1509 9352s
 13875 10340 5795.50936   41 3395 10607.0000 5611.78703  47.1%  1510 9395s
 13932 10383 5942.62512   37 3464 10607.0000 5611.78703  47.1%  1514 9437s
 13994 10407 6073.10288   37 3224 10607.0000 5611.78703  47.1%  1517 9487s
 14038 10414 5942.70132   38 3479 10607.0000 5611.78703  47.1%  1520 9529s
 14060 10434 5908.49525   40 3414 10607.0000 5611.78703  47.1%  1525 9586s
 14087 10453 5917.07388   41 3501 10607.0000 5611.78703  47.1%  1532 9629s
 14115 10484 5966.55861   40 3656 10607.0000 5611.78703  47.1%  1537 9677s
 14156 10513 5977.29261   41 3390 10607.0000 5611.78703  47.1%  1544 9725s
 14198 10536 5996.44040   42 3267 10607.0000 5611.78703  47.1%  1553 9774s
 14235 10570 6017.81352   43 3276 10607.0000 5611.78703  47.1%  1560 9839s
 14282 10582 5974.57298   42 3497 10607.0000 5611.78703  47.1%  1568 9896s
 14309 10628 6106.45072   42 3222 10607.0000 5611.78703  47.1%  1576 9945s
 14364 10664 5990.01528   43 3211 10607.0000 5611.78703  47.1%  1582 9997s
 14419 10648 7134.17771   64 2103 10607.0000 5611.78703  47.1%  1587 10000s

Cutting planes:
  Gomory: 25
  Cover: 1179
  Implied bound: 29
  Projected implied bound: 4
  Clique: 149
  MIR: 403
  StrongCG: 405
  Flow cover: 2676
  GUB cover: 217
  Zero half: 379
  Mod-K: 1
  RLT: 941
  Relax-and-lift: 69
  BQP: 24
  PSD: 2

Explored 14421 nodes (23029525 simplex iterations) in 10000.19 seconds (13291.54 work units)
Thread count was 32 (of 64 available processors)

Solution count 10: 10607 10637 10662 ... 10794

Time limit reached
Best objective 1.060700000000e+04, best bound 5.612000000000e+03, gap 47.0915%
Solved r101_Even -> /project2/ssuen_1733/output/v4_exact_weekly_fairness_w10_l100_mad/r101_Even.pkl / /project2/ssuen_1733/output/v4_exact_weekly_fairness_w10_l100_mad/r101_Even.json / /project2/ssuen_1733/output/v4_exact_weekly_fairness_w10_l100_mad/r101_Even_running_synopsis.json
[Mon Sep 28 12:04:25 PDT 2026] Finished run_single_instance for r101_Even
