Using Python:
Python 3.10.18
Checking core dependencies:
numpy: 2.2.6
gurobi: (12, 0, 3)
[Mon Sep 28 09:17:15 PDT 2026] Starting run_single_instance on a02-08.hpc.usc.edu for c201_Skewed2
Set parameter TokenServer to value "hpc-licenses.hpcc.usc.edu"
Added workload fairness penalty (mean_absolute_deviation) to objective with weight 10.0
Added weekly leadership day fairness penalty (mean_absolute_deviation) to objective with weight 100.0
Set parameter TimeLimit to value 10000
Set parameter Seed to value 42
Set parameter OutputFlag to value 1
Gurobi Optimizer version 12.0.3 build v12.0.3rc0 (linux64 - "Rocky Linux 8.10 (Green Obsidian)")

CPU model: AMD EPYC 7513 32-Core Processor, instruction set [SSE2|AVX|AVX2]
Thread count: 64 physical cores, 64 logical processors, using up to 32 threads

Non-default parameters:
TimeLimit  10000
Seed  42

Optimize a model with 987850 rows, 728450 columns and 6949150 nonzeros
Model fingerprint: 0x9a0b2f72
Variable types: 200 continuous, 728250 integer (727750 binary)
Coefficient statistics:
  Matrix range     [2e-02, 1e+03]
  Objective range  [2e+00, 1e+02]
  Bounds range     [1e+00, 5e+01]
  RHS range        [1e+00, 1e+03]
Presolve removed 958350 rows and 699954 columns
Presolve time: 1.15s
Presolved: 29500 rows, 28496 columns, 227050 nonzeros
Variable types: 100 continuous, 28396 integer (28250 binary)
Performing another presolve...
Presolve removed 3200 rows and 200 columns
Presolve time: 1.13s
Deterministic concurrent LP optimizer: primal and dual simplex
Showing primal log only...


Root simplex log...

Iteration    Objective       Primal Inf.    Dual Inf.      Time
   16502    2.5673610e+04   0.000000e+00   2.977269e+08      5s
   45572    6.7099084e+03   0.000000e+00   6.120258e+05     10s
Concurrent spin time: 0.12s

Solved with dual simplex

Root simplex log...

Iteration    Objective       Primal Inf.    Dual Inf.      Time
   20182    4.8199622e+03   0.000000e+00   0.000000e+00     10s

Root relaxation: objective 4.819962e+03, 20182 iterations, 6.11 seconds (8.40 work units)
Total elapsed time = 10.20s (DegenMoves)

    Nodes    |    Current Node    |     Objective Bounds      |     Work
 Expl Unexpl |  Obj  Depth IntInf | Incumbent    BestBd   Gap | It/Node Time

     0     0 4819.96215    0 1419          - 4819.96215      -     -   10s
     0     0 4875.01295    0 1515          - 4875.01295      -     -   54s
     0     0 4875.01295    0 1561          - 4875.01295      -     -   56s
     0     0 4875.01295    0 1535          - 4875.01295      -     -   58s
     0     0 4875.82723    0 1510          - 4875.82723      -     -   59s
     0     0 4876.06800    0 1520          - 4876.06800      -     -   59s
     0     0 4876.08935    0 1508          - 4876.08935      -     -   59s
     0     0 4876.08935    0 1513          - 4876.08935      -     -   59s
     0     0 4891.55585    0 1637          - 4891.55585      -     -   63s
     0     0 4895.71019    0 1608          - 4895.71019      -     -   64s
     0     0 4897.03875    0 1601          - 4897.03875      -     -   65s
     0     0 4897.08078    0 1582          - 4897.08078      -     -   65s
     0     0 4897.08445    0 1598          - 4897.08445      -     -   65s
     0     0 5036.03987    0 1862          - 5036.03987      -     -   74s
     0     0 5050.33935    0 1899          - 5050.33935      -     -   77s
     0     0 5050.64897    0 1989          - 5050.64897      -     -   77s
     0     0 5050.64925    0 1955          - 5050.64925      -     -   78s
     0     0 5128.95732    0 1828          - 5128.95732      -     -   83s
     0     0 5131.40728    0 1906          - 5131.40728      -     -   85s
     0     0 5131.56917    0 1879          - 5131.56917      -     -   85s
     0     0 5131.60750    0 1930          - 5131.60750      -     -   85s
     0     0 5171.08691    0 1774          - 5171.08691      -     -   91s
     0     0 5172.12153    0 1748          - 5172.12153      -     -   93s
     0     0 5172.13107    0 1772          - 5172.13107      -     -   93s
     0     0 5200.01871    0 1883          - 5200.01871      -     -   97s
     0     0 5200.83035    0 1862          - 5200.83035      -     -   98s
     0     0 5200.83035    0 1858          - 5200.83035      -     -   98s
     0     0 5214.42591    0 1890          - 5214.42591      -     -  100s
     0     0 5214.70514    0 1836          - 5214.70514      -     -  101s
     0     0 5214.78497    0 1873          - 5214.78497      -     -  101s
     0     0 5229.11174    0 1873          - 5229.11174      -     -  104s
     0     0 5230.07335    0 1866          - 5230.07335      -     -  105s
     0     0 5230.08289    0 1863          - 5230.08289      -     -  105s
     0     0 5251.14658    0 1851          - 5251.14658      -     -  107s
     0     0 5251.62577    0 1909          - 5251.62577      -     -  108s
     0     0 5251.62577    0 1924          - 5251.62577      -     -  109s
     0     0 5270.98103    0 1866          - 5270.98103      -     -  111s
     0     0 5271.45794    0 1835          - 5271.45794      -     -  112s
     0     0 5271.50064    0 1844          - 5271.50064      -     -  112s
     0     0 5294.35870    0 1890          - 5294.35870      -     -  114s
     0     0 5296.25087    0 1950          - 5296.25087      -     -  116s
     0     0 5296.30708    0 1979          - 5296.30708      -     -  116s
     0     0 5316.62627    0 1979          - 5316.62627      -     -  118s
     0     0 5317.13091    0 1981          - 5317.13091      -     -  119s
     0     0 5317.15692    0 2001          - 5317.15692      -     -  120s
     0     0 5321.24919    0 1924          - 5321.24919      -     -  122s
     0     0 5321.45652    0 1926          - 5321.45652      -     -  122s
     0     0 5321.45652    0 1909          - 5321.45652      -     -  122s
     0     0 5322.60441    0 1962          - 5322.60441      -     -  123s
     0     0 5322.63968    0 1992          - 5322.63968      -     -  124s
     0     0 5325.36106    0 1994          - 5325.36106      -     -  126s
     0     0 5325.84706    0 1985          - 5325.84706      -     -  126s
     0     0 5325.89072    0 1972          - 5325.89072      -     -  127s
     0     0 5328.19150    0 1950          - 5328.19150      -     -  128s
     0     0 5328.19235    0 1960          - 5328.19235      -     -  128s
     0     0 5330.08363    0 2055          - 5330.08363      -     -  130s
     0     0 5330.10709    0 2069          - 5330.10709      -     -  130s
     0     0 5331.87354    0 2022          - 5331.87354      -     -  131s
     0     0 5331.90496    0 1964          - 5331.90496      -     -  131s
     0     0 5334.55359    0 1948          - 5334.55359      -     -  133s
     0     0 5334.89963    0 1973          - 5334.89963      -     -  133s
     0     0 5334.89963    0 1970          - 5334.89963      -     -  133s
     0     0 5338.42643    0 1989          - 5338.42643      -     -  135s
     0     0 5338.51531    0 2041          - 5338.51531      -     -  135s
     0     0 5340.17871    0 1959          - 5340.17871      -     -  137s
     0     0 5340.19404    0 1973          - 5340.19404      -     -  137s
     0     0 5340.52220    0 1922          - 5340.52220      -     -  138s
     0     0 5340.57620    0 1948          - 5340.57620      -     -  138s
     0     0 5340.67688    0 2032          - 5340.67688      -     -  139s
     0     0 5340.71358    0 1989          - 5340.71358      -     -  139s
     0     2 5340.84540    0 1989          - 5340.84540      -     -  155s
     1     5 5343.59333    1 1970          - 5340.84540      -  2759  171s
     3     8 5344.59614    2 1969          - 5343.63824      -  7241  184s
     7    16 5345.68304    3 1899          - 5345.68304      -  6135  207s
    15    32 5347.40892    4 1935          - 5347.40892      -  5532  215s
    31    64 5347.49154    5 1961          - 5347.49154      -  5226  233s
    63    96 5347.79718    6 1907          - 5347.57186      -  5187  239s
    95   166 5347.96510    7 1908          - 5347.57186      -  3795  308s
   167   217 5372.15074    9 1871          - 5347.57186      -  2692  333s
   238   287 5372.30995   10 1854          - 5347.57186      -  3209  355s
   320   345 5530.24474   13 1945          - 5347.57186      -  3063  383s
   378   393 5418.07422   14 1855          - 5347.57186      -  3226  408s
   426   442 5450.01833   15 1870          - 5347.57186      -  3457  439s
   475   494 5451.28203   16 1888          - 5347.57186      -  3630  467s
   527   545 5507.52277   18 1786          - 5347.57186      -  3747  493s
   580   600 5477.49264   19 1840          - 5347.57186      -  3898  518s
   635   653 5478.25434   20 1907          - 5347.57186      -  3917  544s
   688   704 5701.25602   19 1794          - 5347.57186      -  3927  573s
   739   764 5510.08751   25 1862          - 5347.57186      -  3966  599s
   799   840 5511.29639   26 1820          - 5347.57186      -  3939  622s
   877   920 5517.35619   31 1747          - 5347.57186      -  3817  652s
   957  1013 5520.23252   32 1707          - 5347.57186      -  3706  685s
  1053  1109 5543.45383   36 1903          - 5347.57186      -  3556  715s
  1151  1238 5545.64854   37 1882          - 5347.57186      -  3445  744s
  1280  1341 5567.00706   41 1858          - 5347.57186      -  3250  771s
  1383  1470 5578.11141   44 1915          - 5347.57186      -  3169  799s
  1512  1655 5586.71638   48 1891          - 5347.57186      -  3030  830s
  1697  1843 5595.73814   55 1906          - 5347.57186      -  2810  861s
  1885  2005 5826.91977   60 1833          - 5347.57186      -  2647  893s
  2047  2102 5600.36354   61 1880          - 5347.57186      -  2550  926s
  2144  2245 5639.33512   65 1838          - 5347.57186      -  2577  957s
  2287  2438 5636.68103   72 1855          - 5347.57186      -  2540  993s
  2480  2508 5708.32848   75 1798          - 5347.57186      -  2465 1030s
  2550  2579 5694.74697   75 1908          - 5347.57186      -  2528 1072s
  2621  2664 5715.40948   81 1910          - 5347.57186      -  2580 1109s
  2708  2772 5759.42197   84 1761          - 5347.57186      -  2621 1154s
  2816  2891 5775.92176   89 1771          - 5347.57186      -  2643 1201s
  2935  3010 5798.84791   97 1744          - 5347.57186      -  2663 1246s
  3054  3148 5869.55777  100 1662          - 5347.57186      -  2692 1290s
  3192  3327 5875.36433  104 1766          - 5347.57186      -  2704 1334s
  3371  3490 5893.13506  111 1710          - 5347.57186      -  2685 1386s
  3538  3635 5925.02317  113 1671          - 5347.57186      -  2684 1436s
  3685  3787 5965.99026  116 1672          - 5347.57186      -  2704 1490s
  3837  3968 6027.92461  121 1678          - 5347.57186      -  2721 1546s
  4020  4140 6080.06985  127 1609          - 5347.57186      -  2717 1609s
  4194  4405 6110.35154  131 1659          - 5347.57186      -  2730 1665s
  4459  4599 6162.86062  138 1620          - 5347.57186      -  2692 1728s
  4653  4910 6196.72310  145 1603          - 5347.57186      -  2703 1785s
  4964  5165 6241.84389  161 1513          - 5347.57186      -  2651 1848s
  5219  5543 infeasible  169               - 5347.57186      -  2639 1916s
  5611  5849 5542.18848    9 1810          - 5347.57186      -  2567 1987s
  5917  6213 5596.70629   11 1758          - 5347.57186      -  2546 2058s
  6289  6611 5632.32158   12 1846          - 5347.57186      -  2511 2133s
  6687  7056 5664.16555   14 1766          - 5347.57186      -  2473 2207s
  7134  7542 5768.63967   16 1745          - 5347.57186      -  2430 2276s
  7676  7967 5812.30791   17 1766          - 5347.57186      -  2360 2362s
  8159  8344 5820.20114   20 1766          - 5347.57186      -  2323 2437s
  8673  8669 5887.97597   24 1775          - 5348.09743      -  2285 2515s
  9030  9026 5973.10219   24 1599          - 5349.86671      -  2297 2591s
  9401  9381 6010.34821   28 1658          - 5349.86671      -  2305 2677s
  9774  9789 6071.27088   33 1617          - 5349.86671      -  2322 2762s
 10194 10333 6172.01951   37 1616          - 5349.86671      -  2333 2854s
 10762 11182 6268.31753   38 1519          - 5349.86671      -  2314 2944s
 11627 12226 6423.02366   42 1613          - 5349.86671      -  2245 3029s
 12745 13143 6507.76810   45 1430          - 5349.86671      -  2149 3115s
 13828 14090 6691.32539   49 1325          - 5349.86671      -  2078 3203s
 15012 14091 6463.49906   98 14148          - 5349.86671      -  1997 3245s
 15014 14092 6133.04434   30 1417          - 5349.86671      -  1997 3304s
 15015 14093 6266.43640   93 1562          - 5349.86671      -  1997 3309s
 15016 14094 5765.61313   12 1432          - 5349.86671      -  1996 3316s
 15017 14094 6076.82718   93 1809          - 5349.86671      -  1996 3323s
 15018 14095 6489.46181   85 1804          - 5403.03506      -  1996 3333s
 15019 14096 5810.01372   59 1922          - 5472.25806      -  1996 3338s
 15020 14096 6390.00560   98 1802          - 5497.86738      -  1996 3341s
 15023 14098 6125.37020   72 1818          - 5509.09455      -  1996 3345s
 15025 14100 7350.50216  169 1869          - 5558.00268      -  1995 3390s
 15026 14100 7610.40914  305 1743          - 5667.38121      -  1995 3402s
 15027 14101 7644.61430  321 1825          - 5725.84882      -  1995 3407s
 15028 14102 5927.17566   53 1873          - 5741.84570      -  1995 3411s
 15033 14105 7238.41075  121 1774          - 5745.00158      -  1994 3433s
 15034 14106 7117.92645  113 1862          - 5834.90977      -  1994 3441s
 15035 14106 6066.11257  111 1892          - 5848.04844      -  1994 3445s
 15040 14110 8134.47058  173 1965          - 5861.23882      -  1993 3493s
 15041 14110 7718.58657  185 1890          - 5947.74760      -  1993 3502s
 15042 14111 5968.76093   53 1910          - 5968.76093      -  1993 3507s
 15043 14112 6018.71908   98 2002          - 5972.56665      -  1993 3510s
 15048 14115 7149.42824  132 1978          - 5998.98755      -  1992 3555s
 15049 14116 7309.48076  133 1984          - 6060.15003      -  1992 3565s
 15050 14116 8163.99760  335 2047          - 6096.35173      -  1992 3570s
 15052 14118 6809.89092  110 2007          - 6112.62416      -  1992 3575s
 15057 14121 6113.48619   15 2070          - 6113.48619      -  1991 3596s
 15058 14122 6757.71644   93 2007          - 6169.38942      -  1991 3603s
 15059 14122 6891.08130   98 2140          - 6183.85669      -  1991 3607s
 15060 14123 6189.04658   47 2170          - 6189.04658      -  1991 3610s
 15066 14127 6190.38729   60 2147          - 6190.38729      -  1990 3631s
 15067 14128 6611.79447  104 2051          - 6236.60349      -  1990 3639s
 15068 14128 6654.45458  111 2109          - 6246.93410      -  1990 3644s
 15069 14129 6249.96766   52 2044          - 6249.96766      -  1989 3646s
 15075 14133 6250.91256   29 2174          - 6250.91256      -  1989 3668s
 15076 14134 7333.28036  114 2033          - 6294.94045      -  1989 3675s
 15078 14135 6884.75104  100 2157          - 6305.43076      -  1988 3680s
 15083 14138 6851.09287  244 2170          - 6305.92398      -  1988 3725s
 15084 14139 6364.71380   52 2043          - 6364.71380      -  1987 3735s
 15085 14140 7475.98854  179 1996          - 6377.82943      -  1987 3740s
 15091 14144 6391.68575   44 2050          - 6381.62945      -  1987 3745s
 15092 14144 7169.59557  286 2059          - 6399.35599      -  1986 3788s
 15093 14145 7505.97503  134 2133          - 6431.70475      -  1986 3796s
 15094 14146 8033.75543  187 2135          - 6445.94879      -  1986 3800s
 15096 14147 7970.75835  151 2153          - 6452.03961      -  1986 3805s
 15100 14150 7236.47063  119 2164          - 6474.19924      -  1985 3852s
 15101 14150 6996.46905  109 2182          - 6495.06768      -  1985 3862s
 15102 14151 7452.11780  136 2288          - 6514.00200      -  1985 3869s
 15103 14152 7202.42808  138 2118          - 6522.61327      -  1985 3873s
 15104 14152 6524.61096   80 2175          - 6524.61096      -  1985 3875s
 15109 14156 7103.49653  114 2153          - 6547.40174      -  1984 3922s
 15110 14156 6566.35785   19 2326          - 6566.35785      -  1984 3933s
 15111 14157 6581.58215   97 2232          - 6581.58215      -  1984 3939s
 15112 14158 6588.53614   98 2315          - 6588.53614      -  1984 3944s
 15113 14158 7016.02024  112 2287          - 6590.40127      -  1984 3946s
 15117 14161 6611.77966   93 2330          - 6611.77966      -  1983 3993s
 15118 14162 6633.45171   85 2337          - 6633.45171      -  1983 4005s
 15119 14162 6647.45375   59 2335          - 6647.45375      -  1983 4012s
 15120 14163 6652.79129   98 2383          - 6652.79129      -  1983 4016s
 15122 14164 6656.35396   15 2351          - 6656.35396      -  1982 4020s
 15128 14168 6667.99893   53 2528          - 6667.99893      -  1982 4068s
 15129 14169 7167.68429  103 2470          - 6692.12511      -  1982 4078s
 15130 14170 6710.86286  119 2363          - 6710.86286      -  1981 4087s
 15131 14170 7063.86924  105 2310          - 6715.93259      -  1981 4091s
 15134 14172 7117.92645  113 2253          - 6717.24369      -  1981 4095s
 15139 14176 8144.77074  330 2371          - 6717.53212      -  1980 4140s
 15140 14176 8134.47058  173 2662          - 6750.17929      -  1980 4152s
 15141 14177 7718.58657  185 2492          - 6763.36281      -  1980 4160s
 15143 14178 6769.04961   98 2433          - 6769.04961      -  1980 4165s
 15148 14182 7149.42824  132 2548          - 6770.09128      -  1979 4214s
 15149 14182 7309.48076  133 2404          - 6789.87992      -  1979 4224s
 15150 14183 8163.99760  335 2517          - 6801.82233      -  1979 4231s
 15152 14184 6809.89092  110 2592          - 6806.73600      -  1979 4237s
 15155 14186 7489.78309  195 2592          - 6807.22540      -  1978 4240s
 15158 14188 6807.23804   93 2565          - 6807.23804      -  1978 4286s
 15159 14189 6891.08130   98 2497          - 6826.07293      -  1978 4294s
 15160 14190 6834.56970   47 2409          - 6834.56970      -  1978 4300s
 15162 14191 6838.70336  184 2622          - 6838.70336      -  1977 4306s
 15167 14194 6839.14421  104 2603          - 6839.14421      -  1977 4349s
 15168 14195 6853.06036  111 2553          - 6853.06036      -  1976 4358s
 15169 14196 6858.10801   52 2629          - 6858.10801      -  1976 4363s
 15170 14196 6859.21936   65 2680          - 6859.21936      -  1976 4365s
 15175 14200 6859.72477   29 2712          - 6859.72477      -  1976 4407s
 15176 14200 7333.28036  114 2756          - 6866.76443      -  1975 4413s
 15177 14201 6868.30604  118 2583          - 6868.30604      -  1975 4416s
 15183 14205 6869.00140  244 2746          - 6869.00140      -  1975 4459s
 15184 14206 6876.18723   52 2618          - 6876.18723      -  1974 4466s
 15186 14207 6878.20060   98 2773          - 6878.20060      -  1974 4470s
 15192 14211 7169.59557  286 2818          - 6878.34911      -  1973 4512s
 15193 14212 7505.97503  134 2801          - 6887.13084      -  1973 4519s
 15194 14212 8033.75543  187 2929          - 6888.19899      -  1973 4522s
 15198 14215 6888.52250   94 2952          - 6888.52250      -  1973 4525s
 15199 14216 7248.55261  108 2950          - 6888.52266      -  1972 4565s
 15200 14216 7236.47063  119 2651          - 6893.40557      -  1972 4571s
 15203 14218 7202.42808  138 2765          - 6895.01694      -  1972 4575s
 15206 14220 6952.78365   98 2783          - 6895.05276      -  1972 4616s
 15207 14221 6901.20796   71 2674          - 6901.20796      -  1971 4622s
 15209 14222 7103.49653  114 2853          - 6903.07388      -  1971 4626s
 15214 14226 6903.36400   30 2843          - 6903.36400      -  1970 4668s
 15215 14226 6908.85158   93 2761          - 6908.85158      -  1970 4675s
 15221 14230 6909.97653   82 2871          - 6909.97653      -  1970 4720s
 15222 14231 6913.09147   15 2840          - 6913.09147      -  1969 4725s
 15228 14235 6913.30137   53 3016          - 6913.30137      -  1969 4769s
 15229 14236 7167.68429  103 2777          - 6918.10289      -  1969 4775s
 15232 14238 6919.99872  118 2734          - 6919.99872      -  1968 4780s
 15235 14240 6920.14408  111 2857          - 6920.14408      -  1968 4820s
 15236 14240 6924.37581   97 2708          - 6924.37581      -  1968 4826s
 15241 14244 7718.58657  185 2778          - 6925.23283      -  1967 4830s
 15243 14245 6925.23615   98 2812          - 6925.23615      -  1967 4870s
 15244 14246 6928.68708  177 2754          - 6928.68708      -  1967 4875s
 15249 14249 7309.48076  133 2986          - 6929.86623      -  1966 4880s
 15251 14250 7396.31670  141 3003          - 6929.87443      -  1966 4920s
 15252 14251 6934.03667  110 2865          - 6934.03667      -  1966 4925s
 15259 14256 6934.91856   98 2997          - 6934.91856      -  1965 4968s
 15260 14256 6941.44825   47 2903          - 6941.44825      -  1965 4976s
 15263 14258 7167.15527  105 2924          - 6942.55998      -  1964 4980s
 15268 14262 6942.58259  111 2946          - 6942.58259      -  1964 5021s
 15269 14262 6947.00787   52 2945          - 6947.00787      -  1963 5026s
 15273 14265 7046.49115  111 3065          - 6948.55371      -  1963 5030s
 15274 14266 6948.55433   94 3058          - 6948.55433      -  1963 5070s
 15276 14267 7333.28036  114 3142          - 6953.53829      -  1963 5076s
 15281 14270 6954.00457   63 3190          - 6954.00457      -  1962 5120s
 15282 14271 8141.80613  226 2838          - 6957.40559      -  1962 5125s
 15286 14274 6958.20122   98 3072          - 6958.20122      -  1961 5130s
 15288 14275 6958.20276   36 3075          - 6958.20276      -  1961 5146s
 15289 14276 6962.10072   58 3027          - 6962.10072      -  1961 5151s
 15291 14277 6963.14962   44 3113          - 6963.14962      -  1961 5155s
 15296 14280 7970.75835  151 3112          - 6963.21513      -  1960 5196s
 15297 14281 6965.87798  103 2915          - 6965.87798      -  1960 5201s
 15299 14282 7248.55261  108 3137          - 6967.07051      -  1960 5205s
 15304 14286 6967.15356   80 3168          - 6967.15356      -  1959 5246s
 15305 14286 7678.18741  210 3088          - 6969.12043      -  1959 5250s
 15311 14290 6970.23395   97 3194          - 6970.23395      -  1958 5295s
 15314 14292 6972.35772   30 3238          - 6972.35772      -  1958 5300s
 15320 14296 6972.41709   98 3206          - 6972.41709      -  1957 5342s
 15321 14297 6975.26487   82 3133          - 6975.26487      -  1957 5347s
 15323 14298 6976.61673   72 3018          - 6976.61673      -  1956 5350s
 15329 14302 7167.68429  103 3249          - 6976.80806      -  1956 5393s
 15330 14303 6979.39953  119 3006          - 6979.39953      -  1956 5397s
 15331 14304 7063.86924  105 3126          - 6980.15436      -  1955 5400s
 15336 14307 6980.45369   97 3252          - 6980.45369      -  1955 5442s
 15337 14308 6982.95731  231 3063          - 6982.95731      -  1955 5446s
 15340 14310 8134.47058  173 3178          - 6983.92544      -  1954 5450s
 15343 14312 6983.94501   98 3159          - 6983.94501      -  1954 5491s
 15344 14312 6986.42898  177 3265          - 6986.42898      -  1954 5495s
 15349 14316 7309.48076  133 3247          - 6987.32566      -  1953 5500s
 15350 14316 8163.99760  335 3250          - 6987.32566      -  1953 5540s
 15352 14318 6989.65362  110 3160          - 6989.65362      -  1953 5546s
 15356 14320 7606.70256  140 3179          - 6989.70049      -  1952 5588s
 15357 14321 6991.77202   15 3051          - 6991.77202      -  1952 5591s
 15360 14323 6992.36373   47 3219          - 6992.36373      -  1952 5595s
 15362 14324 6992.37121  184 3283          - 6992.37121      -  1952 5636s
 15363 14325 7167.15527  105 3251          - 6993.70358      -  1951 5640s
 15368 14328 6994.33886  111 3398          - 6994.33886      -  1951 5685s
 15370 14330 6996.29578   65 3320          - 6996.29578      -  1950 5690s
 15374 14332 6996.46707   94 3293          - 6996.46707      -  1950 5733s
 15375 14333 6998.49436   29 3258          - 6998.49436      -  1950 5737s
 15379 14336 8734.33403  178 3337          - 6999.00043      -  1949 5740s
 15380 14336 7809.02514  159 3341          - 6999.00043      -  1949 5783s
 15381 14337 7001.29588   63 3113          - 7001.29588      -  1949 5787s
 15383 14338 7001.83959  244 3162          - 7001.83959      -  1949 5790s
 15386 14340 7001.88265   98 3259          - 7001.88265      -  1948 5833s
 15387 14341 7811.53953  184 2922          - 7004.45074      -  1948 5838s
 15388 14342 7005.60602   36 3045          - 7005.60602      -  1948 5840s
 15391 14344 7005.99103   44 3057          - 7005.99103      -  1948 5883s
 15392 14344 7169.59557  286 3045          - 7007.19483      -  1948 5886s
 15396 14347 7970.75835  151 3093          - 7008.17114      -  1947 5931s
 15397 14348 7010.01459  103 3052          - 7010.01459      -  1947 5935s
 15403 14352 7202.42808  138 3224          - 7010.39299      -  1946 5980s
 15405 14353 7678.18741  210 2966          - 7012.73575      -  1946 5985s
 15411 14357 7012.94580   97 3129          - 7012.94580      -  1945 6029s
 15412 14358 7014.90800   98 3273          - 7014.90800      -  1945 6032s
 15414 14359 7015.38345   30 3331          - 7015.38345      -  1945 6035s
 15418 14362 7015.45885   85 3430          - 7015.45885      -  1944 6078s
 15419 14362 7017.36761   59 3252          - 7017.36761      -  1944 6082s
 15421 14364 7018.15120   82 3353          - 7018.15120      -  1944 6085s
 15425 14366 7350.50216  169 3345          - 7018.17764      -  1944 6127s
 15426 14367 7610.40914  305 3205          - 7019.92614      -  1943 6131s
 15431 14370 7063.86924  105 3342          - 7020.72588      -  1943 6175s
 15433 14372 7238.41075  121 3113          - 7023.27428      -  1943 6181s
 15439 14376 8144.77074  330 3198          - 7023.56525      -  1942 6225s
 15441 14377 7718.58657  185 3229          - 7026.65850      -  1942 6231s
 15447 14381 7026.81245   99 3307          - 7026.81245      -  1941 6274s
 15448 14382 7149.42824  132 3079          - 7028.19251      -  1941 6277s
 15450 14383 8163.99760  335 3094          - 7028.70128      -  1940 6280s
 15455 14386 7489.78309  195 3118          - 7028.76170      -  1940 6322s
 15456 14387 7606.70256  140 3079          - 7030.53252      -  1940 6326s
 15460 14390 7030.97467   47 3085          - 7030.97467      -  1939 6330s
 15462 14391 7030.98461  184 3094          - 7030.98461      -  1939 6370s
 15465 14393 7031.85475   93 3200          - 7031.85475      -  1939 6375s
 15468 14395 7031.86269  111 3217          - 7031.86269      -  1938 6416s
 15470 14396 7033.00604   65 3115          - 7033.00604      -  1938 6421s
 15476 14400 7333.28036  114 3115          - 7033.16868      -  1937 6464s
 15477 14401 7035.36079  118 3003          - 7035.36079      -  1937 6468s
 15478 14402 7035.59073  100 2998          - 7035.59073      -  1937 6470s
 15483 14405 7035.66649  244 3186          - 7035.66649      -  1936 6512s
 15484 14406 7037.28083   52 3296          - 7037.28083      -  1936 6517s
 15486 14407 7037.82437   98 3341          - 7037.82437      -  1936 6520s
 15491 14410 7037.88911   44 3350          - 7037.88911      -  1935 6562s
 15492 14411 7169.59557  286 3231          - 7039.79501      -  1935 6566s
 15494 14412 8033.75543  187 3300          - 7040.61037      -  1935 6570s
 15500 14416 7236.47063  119 3387          - 7040.71731      -  1934 6612s
 15501 14417 7043.08818  109 3178          - 7043.08818      -  1934 6616s
 15504 14419 7043.57194   80 3097          - 7043.57194      -  1934 6620s
 15506 14420 7043.58028   98 3151          - 7043.58028      -  1933 6660s
 15508 14422 7045.74347  162 3117          - 7045.74347      -  1933 6666s
 15512 14424 7045.80882   98 3141          - 7045.80882      -  1933 6708s
 15513 14425 7049.80491  112 2993          - 7049.80491      -  1933 6714s
 15514 14426 7050.62946   30 3185          - 7050.62946      -  1932 6717s
 15519 14429 7050.99486   59 3169          - 7050.99486      -  1932 6759s
 15520 14430 7052.61481   98 2954          - 7052.61481      -  1932 6763s
 15522 14431 7053.18759   15 3160          - 7053.18759      -  1931 6765s
 15526 14434 7610.40914  305 3314          - 7053.24834      -  1931 6807s
 15527 14434 7644.61430  321 3074          - 7055.38106      -  1931 6811s
 15531 14437 7063.86924  105 3194          - 7055.79140      -  1930 6854s
 15532 14438 7058.17763  118 3164          - 7058.17763      -  1930 6858s
 15533 14438 7238.41075  121 3189          - 7059.08594      -  1930 6861s
 15536 14440 7059.52467   97 3279          - 7059.52467      -  1930 6865s
 15539 14442 8144.77074  330 3291          - 7059.54461      -  1929 6906s
 15540 14443 8134.47058  173 3226          - 7061.49122      -  1929 6910s
 15546 14447 7062.22683   85 3204          - 7062.22683      -  1928 6915s
 15547 14448 7062.22714   99 3212          - 7062.22714      -  1928 6956s
 15548 14448 7149.42824  132 3122          - 7063.91889      -  1928 6960s
 15553 14452 7465.22009  171 3322          - 7064.35041      -  1928 7005s
 15555 14453 7489.78309  195 3284          - 7067.06246      -  1927 7011s
 15561 14457 7067.30760   22 3340          - 7067.30760      -  1927 7055s
 15563 14458 7167.15527  105 3238          - 7068.91178      -  1926 7060s
 15567 14461 7068.99966  104 3306          - 7068.99966      -  1926 7103s
 15568 14462 7069.75924  111 3242          - 7069.75924      -  1926 7105s
 15573 14465 7070.26574  111 3225          - 7070.26574      -  1925 7149s
 15574 14466 7071.16098   94 3200          - 7071.16098      -  1925 7152s
 15578 14468 7071.48243  100 3378          - 7071.48243      -  1924 7196s
 15580 14470 7809.02514  159 3217          - 7072.97189      -  1924 7201s
 15584 14472 7073.05114   52 3269          - 7073.05114      -  1924 7244s
 15585 14473 7475.98854  179 3280          - 7074.04351      -  1924 7247s
 15590 14476 7802.04775  156 3226          - 7074.21690      -  1923 7291s
 15592 14478 7169.59557  286 3367          - 7075.69542      -  1923 7297s
 15599 14482 7248.55261  108 3404          - 7075.87492      -  1922 7317s
 15600 14483 7236.47063  119 3327          - 7076.96447      -  1922 7320s
 15604 14486 7077.25883   80 3249          - 7077.25883      -  1921 7365s
 15606 14487 7079.35277   98 3278          - 7079.35277      -  1921 7371s
 15611 14490 7079.53345   97 3297          - 7079.53345      -  1920 7416s
 15613 14492 7081.52439  112 3406          - 7081.52439      -  1920 7421s
 15617 14494 7081.65518   93 3413          - 7081.65518      -  1920 7465s
 15621 14497 7082.66594   82 3307          - 7082.66594      -  1919 7470s
 15623 14498 7082.67005   72 3321          - 7082.67005      -  1919 7512s
 15624 14499 7083.69356   77 3317          - 7083.69356      -  1919 7516s
 15629 14502 7167.68429  103 3310          - 7083.93855      -  1918 7561s
 15630 14503 7085.73373  119 3478          - 7085.73373      -  1918 7565s
 15636 14507 7086.31803   97 3411          - 7086.31803      -  1917 7611s
 15638 14508 7257.15964  110 3456          - 7087.77363      -  1917 7616s
 15642 14511 7088.07995   53 3528          - 7088.07995      -  1917 7660s
 15646 14514 7089.04509   85 3452          - 7089.04509      -  1916 7665s
 15648 14515 7149.42824  132 3454          - 7089.04904      -  1916 7707s
 15649 14516 7309.48076  133 3482          - 7089.99441      -  1916 7710s
 15655 14520 7489.78309  195 3568          - 7090.29891      -  1915 7755s
 15661 14524 7090.90430   22 3588          - 7090.90430      -  1914 7802s
 15663 14525 7167.15527  105 3544          - 7091.66716      -  1914 7805s
 15668 14528 7091.79903  111 3683          - 7091.79903      -  1913 7849s
 15669 14529 7092.38967   52 3557          - 7092.38967      -  1913 7852s
 15673 14532 7092.69000  111 3662          - 7092.69000      -  1913 7855s
 15674 14532 7092.69105   94 3714          - 7092.69105      -  1913 7897s
 15675 14533 7093.37066   29 3645          - 7093.37066      -  1913 7900s
 15681 14537 7093.50527   63 3639          - 7093.50527      -  1912 7945s
 15687 14541 7811.53953  184 3649          - 7094.07992      -  1911 7991s
 15692 14544 7169.59557  286 3597          - 7094.20654      -  1910 8036s
 15694 14546 8033.75543  187 3502          - 7095.32242      -  1910 8041s
 15699 14549 7248.55261  108 3636          - 7095.44394      -  1910 8084s
 15700 14550 7236.47063  119 3494          - 7096.48520      -  1910 8087s
 15702 14551 7452.11780  136 3512          - 7096.83572      -  1909 8090s
 15706 14554 7096.85899   98 3588          - 7096.85899      -  1909 8132s
 15707 14554 7097.68106   71 3355          - 7097.68106      -  1909 8135s
 15713 14558 7098.00341  112 3448          - 7098.00341      -  1908 8180s
 15715 14560 7098.98427   93 3810          - 7098.98427      -  1908 8185s
 15718 14562 7099.03792   85 3866          - 7099.03792      -  1907 8228s
 15719 14562 7100.03608   59 3679          - 7100.03608      -  1907 8232s
 15720 14563 7100.57140   98 3680          - 7100.57140      -  1907 8235s
 15727 14568 7644.61430  321 3673          - 7100.66537      -  1906 8278s
 15728 14568 7102.34534   53 3726          - 7102.34534      -  1906 8281s
 15733 14572 7238.41075  121 3787          - 7102.77467      -  1905 8326s
 15738 14576 7257.15964  110 1381          - 7103.09820      -  1957 8389s
 15739 14577 8144.77074  330 1509          - 7103.09820      -  1956 8393s
 15740 14578 8134.47058  173 1393          - 7103.09820      -  1956 8401s
 15741 14578 7718.58657  185 1686          - 7103.10021      -  1956 8412s
 15742 14579 7103.91865   53 1884          - 7103.91865      -  1956 8427s
 15743 14580 7103.91865   98 1884          - 7103.91865      -  1956 8443s
 15744 14580 7103.91865  177 2165          - 7103.91865      -  1956 8456s
 15745 14581 7103.91865   99 2193          - 7103.91865      -  1956 8468s
 15746 14582 7103.91865   85 2482          - 7103.91865      -  1956 8481s
 15747 14582 7103.91865   99 2606          - 7103.91865      -  1955 8493s
 15748 14583 7149.42824  132 2856          - 7103.91865      -  1955 8504s
 15749 14584 7309.48076  133 2860          - 7103.91865      -  1955 8513s
 15750 14584 8163.99760  335 3073          - 7103.91865      -  1955 8521s
 15751 14585 7396.31670  141 3228          - 7103.91865      -  1955 8526s
 15752 14586 7103.91865  110 3231          - 7103.91865      -  1955 8531s
 15754 14587 8749.41583  195 3426          - 7103.91865      -  1955 8535s
 15761 14592 7103.91865   22 3600          - 7103.91865      -  1954 8578s
 15762 14592 7107.05309  184 3335          - 7107.05309      -  1954 8583s
 15763 14593 7167.15527  105 3426          - 7107.56794      -  1954 8585s
 15768 14596 7107.72193  111 3262          - 7107.72193      -  1953 8633s
 15769 14597 7109.81657   52 3187          - 7109.81657      -  1953 8637s
 15772 14599 7110.32704  110 3206          - 7110.32704      -  1952 8640s
 15773 14600 7110.32812  111 3235          - 7110.32812      -  1952 8685s
 15774 14600 7113.24672   94 3230          - 7113.24672      -  1952 8690s
 15780 14604 7809.02514  159 3281          - 7113.65384      -  1951 8738s
 15781 14605 7115.97130   63 3049          - 7115.97130      -  1951 8742s
 15784 14607 7116.52041   52 3176          - 7116.52041      -  1951 8745s
 15790 14611 7802.04775  156 3154          - 7116.54517      -  1950 8792s
 15791 14612 7119.15430   44 3239          - 7119.15430      -  1950 8796s
 15793 14613 7505.97503  134 3136          - 7119.81772      -  1950 8800s
 15796 14615 7970.75835  151 3109          - 7119.83132      -  1949 8845s
 15797 14616 7122.39947  103 3053          - 7122.39947      -  1949 8850s
 15804 14620 7123.00765   80 3070          - 7123.00765      -  1948 8900s
 15806 14622 7127.15715   98 2995          - 7127.15715      -  1948 8906s
 15811 14625 7127.32330   97 3062          - 7127.32330      -  1948 8954s
 15812 14626 7129.33520   98 3216          - 7129.33520      -  1947 8960s
 15817 14629 7129.89407   93 3264          - 7129.89407      -  1947 9008s
 15818 14630 7132.53849   85 3120          - 7132.53849      -  1947 9013s
 15820 14631 7133.43215   98 3167          - 7133.43215      -  1946 9016s
 15825 14634 7350.50216  169 3238          - 7133.55351      -  1946 9062s
 15826 14635 7610.40914  305 3156          - 7136.64894      -  1946 9068s
 15827 14636 7644.61430  321 3106          - 7137.82657      -  1946 9070s
 15832 14639 7138.01153  118 3143          - 7138.01153      -  1945 9118s
 15833 14640 7238.41075  121 3050          - 7140.90174      -  1945 9121s
 15836 14642 7141.49142   97 3166          - 7141.49142      -  1945 9125s
 15839 14644 8144.77074  330 3138          - 7141.50856      -  1944 9171s
 15840 14644 8134.47058  173 2969          - 7145.94896      -  1944 9178s
 15841 14645 7718.58657  185 3188          - 7146.64135      -  1944 9181s
 15847 14649 7146.87862   99 3252          - 7146.87862      -  1943 9229s
 15848 14650 7151.81978  132 2973          - 7151.81978      -  1943 9236s
 15851 14652 7396.31670  141 3082          - 7152.83159      -  1943 9240s
 15854 14654 8749.41583  195 3107          - 7152.84252      -  1942 9286s
 15856 14655 7606.70256  140 3192          - 7154.86515      -  1942 9291s
 15860 14658 7155.09900   47 3254          - 7155.09900      -  1942 9341s
 15861 14658 7157.70457   22 2969          - 7157.70457      -  1941 9347s
 15862 14659 7158.36183  184 2978          - 7158.36183      -  1941 9350s
 15868 14663 7158.60499  111 3052          - 7158.60499      -  1941 9400s
 15869 14664 7163.28288   52 3125          - 7163.28288      -  1940 9405s
 15871 14665 7165.70955  132 3110          - 7165.70955      -  1940 9410s
 15874 14667 7165.76524   94 3165          - 7165.76524      -  1940 9452s
 15875 14668 7168.42113   29 3176          - 7168.42113      -  1940 9456s
 15880 14671 7809.02514  159 3195          - 7168.87748      -  1939 9501s
 15882 14672 8141.80613  226 3016          - 7172.34357      -  1939 9506s
 15887 14676 7811.53953  184 3130          - 7172.73376      -  1938 9552s
 15888 14676 7174.80342   36 3178          - 7174.80342      -  1938 9555s
 15894 14680 8033.75543  187 3105          - 7175.34784      -  1937 9600s
 15897 14682 7177.35173  103 3039          - 7177.35173      -  1937 9605s
 15901 14685 7177.37723  109 3079          - 7177.37723      -  1937 9654s
 15902 14686 7452.11780  136 3084          - 7179.04847      -  1936 9658s
 15903 14686 7202.42808  138 3243          - 7179.31525      -  1936 9660s
 15907 14689 7179.42002   71 3265          - 7179.42002      -  1936 9736s
 15908 14690 7181.46671  162 3270          - 7181.46671      -  1936 9741s
 15910 14691 7182.50811   19 3327          - 7182.50811      -  1935 9746s
H15914 13956                    79717.000000 7182.58772  91.0%  1935 9818s
H15914 13255                    76981.000000 7182.58772  90.7%  1935 9818s
H15914 12589                    76171.000000 7182.58772  90.6%  1935 9818s
H15914 11957                    57683.000000 7182.58772  87.5%  1935 9818s
H15914 11356                    57682.000000 7182.58772  87.5%  1935 9818s
H15914 10785                    44376.000000 7182.58772  83.8%  1935 9818s
H15914 10243                    38127.000000 7182.58772  81.2%  1935 9818s
H15914  9728                    38115.000000 7182.58772  81.2%  1935 9818s
H15914  9239                    37506.000000 7182.58772  80.8%  1935 9818s
H15914  8774                    35212.000000 7182.58772  79.6%  1935 9818s
H15914  8332                    35211.000000 7182.58772  79.6%  1935 9818s
H15914  7912                    35210.000000 7182.58772  79.6%  1935 9818s
H15914  7514                    35180.000000 7182.58772  79.6%  1935 9818s
H15914  7135                    35166.000000 7182.58772  79.6%  1935 9818s
H15914  6775                    34769.000000 7182.58772  79.3%  1935 9818s
H15914  6434                    34738.000000 7182.58772  79.3%  1935 9818s
H15914  6109                    33214.000000 7182.58772  78.4%  1935 9818s
H15914  5801                    31989.000000 7182.58772  77.5%  1935 9818s
H15914  5508                    31357.000000 7182.58772  77.1%  1935 9818s
H15914  5229                    31297.000000 7182.58772  77.1%  1935 9818s
H15914  4965                    31287.000000 7182.58772  77.0%  1935 9818s
H15914  4714                    30902.000000 7182.58772  76.8%  1935 9818s
H15914  4475                    30729.000000 7182.58772  76.6%  1935 9818s
H15914  4248                    30653.000000 7182.58772  76.6%  1935 9818s
H15914  4033                    30610.000000 7182.58772  76.5%  1935 9818s
H15914  3828                    30254.000000 7182.58772  76.3%  1935 9818s
H15914  3634                    29728.000000 7182.58772  75.8%  1935 9818s
H15914  3449                    28417.000000 7182.58772  74.7%  1935 9818s
H15914  3274                    28389.000000 7182.58772  74.7%  1935 9818s
H15914  3107                    28375.000000 7182.58772  74.7%  1935 9818s
H15915  2949                    28277.000000 7183.33742  74.6%  1935 9821s
H15915  2798                    28227.000000 7183.33742  74.6%  1935 9821s
H15915  2655                    28185.000000 7183.33742  74.5%  1935 9821s
H15915  2520                    28184.000000 7183.33742  74.5%  1935 9821s
H15915  2391                    27984.000000 7183.33742  74.3%  1935 9821s
H15915  2268                    27976.000000 7183.33742  74.3%  1935 9821s
H15915  2152                    26540.000000 7183.33742  72.9%  1935 9821s
H15915  2041                    26530.000000 7183.34281  72.9%  1935 9826s
H15915  1936                    25882.000000 7183.34281  72.2%  1935 9828s
H15915  1836                    25064.000000 7183.34281  71.3%  1935 9830s
H15915  1741                    25019.000000 7183.34281  71.3%  1935 9839s
H15915  1651                    24846.000000 7183.34281  71.1%  1935 9839s
H15915  1566                    24469.000000 7183.34281  70.6%  1935 9844s
H15915  1484                    24361.000000 7183.34281  70.5%  1935 9844s
H15915  1407                    24016.000000 7183.34281  70.1%  1935 9844s
H15915  1334                    23982.000000 7183.34281  70.0%  1935 9850s
H15915  1264                    23919.000000 7183.34281  70.0%  1935 9850s
H15915  1198                    23853.000000 7183.34281  69.9%  1935 9850s
H15915  1135                    23852.000000 7183.34281  69.9%  1935 9850s
H15915  1075                    23791.000000 7183.34281  69.8%  1935 9851s
H15915  1018                    23471.000000 7183.34281  69.4%  1935 9851s
H15915   964                    23469.000000 7183.34281  69.4%  1935 9853s
H15915   913                    23445.000000 7183.34281  69.4%  1935 9855s
H15915   864                    23400.000000 7183.34281  69.3%  1935 9855s
H15916   819                    23384.000000 7183.58131  69.3%  1935 9868s
H15916   775                    23376.000000 7183.58131  69.3%  1935 9868s
H15916   733                    23344.000000 7183.58131  69.2%  1935 9868s
H15916   694                    23341.000000 7183.58131  69.2%  1935 9868s
H15916   656                    23319.000000 7183.58131  69.2%  1935 9868s
H15916   620                    23316.000000 7183.58131  69.2%  1935 9868s
H15916   586                    23205.000000 7183.58131  69.0%  1935 9868s
H15916   554                    23090.000000 7183.58131  68.9%  1935 9868s
H15916   523                    22216.000000 7183.58131  67.7%  1935 9868s
H15916   494                    21370.000000 7183.58131  66.4%  1935 9868s
H15916   466                    21327.000000 7183.58131  66.3%  1935 9868s
H15916   440                    21187.000000 7183.58131  66.1%  1935 9868s
H15916   415                    21157.000000 7183.58131  66.0%  1935 9868s
H15916   391                    20902.000000 7183.58131  65.6%  1935 9868s
H15916   368                    20800.000000 7183.58131  65.5%  1935 9868s
H15916   347                    20797.000000 7183.58131  65.5%  1935 9868s
H15916   327                    20776.000000 7183.58131  65.4%  1935 9868s
H15916   307                    20773.000000 7183.58131  65.4%  1935 9868s
H15916   289                    20578.000000 7183.58131  65.1%  1935 9868s
H15916   271                    20465.000000 7183.58131  64.9%  1935 9868s
H15916   255                    20410.000000 7183.58131  64.8%  1935 9868s
H15916   239                    20025.000000 7183.58131  64.1%  1935 9868s
H15916   224                    19709.000000 7183.58131  63.6%  1935 9868s
H15916   210                    19668.000000 7183.58131  63.5%  1935 9868s
H15916   196                    19533.000000 7183.58131  63.2%  1935 9868s
H15916   183                    19498.000000 7183.58131  63.2%  1935 9868s
H15916   171                    19342.000000 7183.58131  62.9%  1935 9868s
H15916   160                    19265.000000 7183.58131  62.7%  1935 9868s
H15916   149                    19221.000000 7183.58131  62.6%  1935 9868s
H15916   138                    19170.000000 7183.58131  62.5%  1935 9868s
H15916   128                    19034.000000 7183.58131  62.3%  1935 9868s
H15916   119                    18922.000000 7183.58131  62.0%  1935 9868s
H15916   110                    18903.000000 7183.58131  62.0%  1935 9868s
H15916   101                    18791.000000 7183.58131  61.8%  1935 9868s
H15916    93                    18783.000000 7183.58131  61.8%  1935 9868s
H15916    86                    18766.000000 7183.58131  61.7%  1935 9868s
H15916    78                    18654.000000 7183.58131  61.5%  1935 9868s
H15916    71                    18066.000000 7183.58131  60.2%  1935 9868s
H15916    65                    18004.000000 7183.58131  60.1%  1935 9868s
H15916    58                    17813.000000 7183.58131  59.7%  1935 9868s
H15916    53                    17666.000000 7183.58131  59.3%  1935 9868s
H15916    47                    17609.000000 7183.58131  59.2%  1935 9868s
H15916    42                    17572.000000 7183.58131  59.1%  1935 9868s
 15919    44 7183.61450   59 3222 17572.0000 7183.61450  59.1%  1934 9898s
H15919    38                    17519.000000 7184.93913  59.0%  1934 9902s
H15919    33                    17422.000000 7184.93913  58.8%  1934 9902s
H15919    29                    17356.000000 7184.93913  58.6%  1934 9902s
H15919    24                    17329.000000 7184.93913  58.5%  1934 9902s
H15919    20                    17148.000000 7184.93913  58.1%  1934 9902s
H15919    16                    17076.000000 7184.93913  57.9%  1934 9902s
H15919    12                    17066.000000 7184.93913  57.9%  1934 9902s
H15919     8                    17045.000000 7184.93913  57.8%  1934 9902s
H15919     5                    17031.000000 7184.93913  57.8%  1934 9902s
 15925     9 7350.50216  169 3227 17031.0000 7185.24096  57.8%  1934 9934s
H15925     5                    16882.000000 7186.70964  57.4%  1934 9938s
H15925     2                    16870.000000 7186.70964  57.4%  1934 9938s
 15927     3 7644.61430  321 3257 16870.0000 7187.21998  57.4%  1933 9941s
 15932     7 7187.40188  118 3424 16870.0000 7187.40188  57.4%  1933 9945s
H15932     3                    16831.000000 7188.34874  57.3%  1933 9948s
H15932     0                    16796.000000 7188.34874  57.2%  1933 9948s
 15935     2 7188.59756  111 3471 16796.0000 7188.59756  57.2%  1932 9950s
H15937     0                    16730.000000 7189.60382  57.0%  1932 9955s
 15945     4 7190.73164   99 3386 16730.0000 7190.73164  57.0%  1931 9962s
 15949     7 7309.48076  133 3267 16730.0000 7190.86067  57.0%  1931 9966s
H15949     3                    16712.000000 7191.13637  57.0%  1931 9968s
H15949     0                    16698.000000 7191.13637  56.9%  1931 9973s
H15949     0                    16682.000000 7191.13637  56.9%  1931 9973s
H15949     0                    16663.000000 7191.13637  56.8%  1931 9976s
 15950     0 8163.99760  335 3287 16663.0000 7191.13637  56.8%  1931 9984s
 15951     0 7396.31670  141 3342 16663.0000 7191.16069  56.8%  1930 9986s
 15954     0 8749.41583  195 3299 16663.0000 7192.17130  56.8%  1930 9990s
 15959     0 7192.53252   98 3312 16663.0000 7192.53252  56.8%  1930 9995s
H15959     0                    16657.000000 7193.07876  56.8%  1930 9997s
H15959     0                    16654.000000 7193.07876  56.8%  1930 9997s
H15959     0                    16611.000000 7193.07876  56.7%  1930 9997s

Cutting planes:
  Gomory: 29
  Cover: 1052
  Implied bound: 6
  Clique: 268
  MIR: 139
  StrongCG: 152
  Flow cover: 2265
  GUB cover: 160
  Zero half: 456
  RLT: 747
  Relax-and-lift: 18
  BQP: 4
  PSD: 2

Explored 15962 nodes (31243914 simplex iterations) in 10000.14 seconds (12745.15 work units)
Thread count was 32 (of 64 available processors)

Solution count 10: 16611 16654 16657 ... 16831

Time limit reached
Best objective 1.661100000000e+04, best bound 7.194000000000e+03, gap 56.6913%
Solved c201_Skewed2 -> /project2/ssuen_1733/output/v4_exact_weekly_fairness_w10_l100_mad/c201_Skewed2.pkl / /project2/ssuen_1733/output/v4_exact_weekly_fairness_w10_l100_mad/c201_Skewed2.json / /project2/ssuen_1733/output/v4_exact_weekly_fairness_w10_l100_mad/c201_Skewed2_running_synopsis.json
[Mon Sep 28 12:04:26 PDT 2026] Finished run_single_instance for c201_Skewed2
