Using Python:
Python 3.10.18
Checking core dependencies:
numpy: 2.2.6
gurobi: (12, 0, 3)
[Mon Sep 28 09:17:15 PDT 2026] Starting run_single_instance on a02-02.hpc.usc.edu for c101_Skewed2
Set parameter TokenServer to value "hpc-licenses.hpcc.usc.edu"
Added workload fairness penalty (mean_absolute_deviation) to objective with weight 10.0
Added weekly leadership day fairness penalty (mean_absolute_deviation) to objective with weight 100.0
Set parameter TimeLimit to value 10000
Set parameter Seed to value 42
Set parameter OutputFlag to value 1
Gurobi Optimizer version 12.0.3 build v12.0.3rc0 (linux64 - "Rocky Linux 8.10 (Green Obsidian)")

CPU model: AMD EPYC 7513 32-Core Processor, instruction set [SSE2|AVX|AVX2]
Thread count: 64 physical cores, 64 logical processors, using up to 32 threads

Non-default parameters:
TimeLimit  10000
Seed  42

Optimize a model with 985350 rows, 728450 columns and 6946650 nonzeros
Model fingerprint: 0x8fb2e2b4
Variable types: 200 continuous, 728250 integer (727750 binary)
Coefficient statistics:
  Matrix range     [2e-02, 1e+03]
  Objective range  [1e+00, 1e+02]
  Bounds range     [1e+00, 5e+01]
  RHS range        [1e+00, 1e+03]
Presolve removed 955750 rows and 699854 columns
Presolve time: 1.17s
Presolved: 29600 rows, 28596 columns, 228050 nonzeros
Variable types: 100 continuous, 28496 integer (28350 binary)
Performing another presolve...
Presolve removed 3300 rows and 200 columns
Presolve time: 0.38s
Deterministic concurrent LP optimizer: primal and dual simplex
Showing primal log only...


Root simplex log...

Iteration    Objective       Primal Inf.    Dual Inf.      Time
   25155    1.2811864e+04   0.000000e+00   2.545606e+06      5s
   58242    6.6502341e+03   0.000000e+00   1.046835e+08     10s
Concurrent spin time: 0.00s

Solved with dual simplex

Root simplex log...

Iteration    Objective       Primal Inf.    Dual Inf.      Time
   23326    4.8031452e+03   0.000000e+00   0.000000e+00     12s

Root relaxation: objective 4.803145e+03, 23326 iterations, 8.42 seconds (12.19 work units)
Total elapsed time = 11.68s (DegenMoves)

    Nodes    |    Current Node    |     Objective Bounds      |     Work
 Expl Unexpl |  Obj  Depth IntInf | Incumbent    BestBd   Gap | It/Node Time

     0     0 4803.14523    0 1497          - 4803.14523      -     -   12s
     0     0 4867.33991    0 1584          - 4867.33991      -     -   57s
     0     0 4867.33991    0 1523          - 4867.33991      -     -   60s
     0     0 4868.53642    0 1577          - 4868.53642      -     -   60s
     0     0 4868.85355    0 1590          - 4868.85355      -     -   61s
     0     0 4868.88185    0 1557          - 4868.88185      -     -   61s
     0     0 4868.88185    0 1559          - 4868.88185      -     -   61s
     0     0 4891.34133    0 1698          - 4891.34133      -     -   65s
     0     0 4897.01942    0 1624          - 4897.01942      -     -   66s
     0     0 4897.01942    0 1601          - 4897.01942      -     -   66s
     0     0 4958.53902    0 1783          - 4958.53902      -     -   75s
     0     0 4962.69141    0 1766          - 4962.69141      -     -   76s
     0     0 4962.99040    0 1715          - 4962.99040      -     -   76s
     0     0 4962.99040    0 1721          - 4962.99040      -     -   76s
     0     0 5029.84493    0 1893          - 5029.84493      -     -   82s
     0     0 5038.10329    0 1830          - 5038.10329      -     -   83s
     0     0 5038.25356    0 1805          - 5038.25356      -     -   84s
     0     0 5038.25356    0 1809          - 5038.25356      -     -   84s
     0     0 5113.98391    0 1935          - 5113.98391      -     -   91s
     0     0 5116.77868    0 1978          - 5116.77868      -     -   92s
     0     0 5117.08845    0 1973          - 5117.08845      -     -   93s
     0     0 5117.09860    0 1959          - 5117.09860      -     -   93s
     0     0 5158.43526    0 1911          - 5158.43526      -     -   97s
     0     0 5160.14422    0 2012          - 5160.14422      -     -   98s
     0     0 5160.29602    0 1966          - 5160.29602      -     -   99s
     0     0 5160.30344    0 1946          - 5160.30344      -     -   99s
     0     0 5176.89608    0 1869          - 5176.89608      -     -  101s
     0     0 5177.49907    0 1889          - 5177.49907      -     -  102s
     0     0 5177.64240    0 1973          - 5177.64240      -     -  102s
     0     0 5177.64240    0 1991          - 5177.64240      -     -  102s
     0     0 5183.25916    0 1943          - 5183.25916      -     -  104s
     0     0 5183.73908    0 1932          - 5183.73908      -     -  105s
     0     0 5183.74603    0 1931          - 5183.74603      -     -  105s
     0     0 5190.28654    0 2029          - 5190.28654      -     -  108s
     0     0 5190.65082    0 2060          - 5190.65082      -     -  108s
     0     0 5190.77797    0 2049          - 5190.77797      -     -  109s
     0     0 5190.77819    0 2054          - 5190.77819      -     -  109s
     0     0 5198.48783    0 1988          - 5198.48783      -     -  112s
     0     0 5201.77689    0 2064          - 5201.77689      -     -  113s
     0     0 5202.02881    0 2066          - 5202.02881      -     -  113s
     0     0 5202.02911    0 2058          - 5202.02911      -     -  113s
     0     0 5226.36383    0 1935          - 5226.36383      -     -  116s
     0     0 5226.55451    0 1977          - 5226.55451      -     -  116s
     0     0 5226.63877    0 2000          - 5226.63877      -     -  117s
     0     0 5230.47785    0 1967          - 5230.47785      -     -  118s
     0     0 5230.83518    0 1976          - 5230.83518      -     -  119s
     0     0 5235.80057    0 1948          - 5235.80057      -     -  121s
     0     0 5236.43082    0 1984          - 5236.43082      -     -  121s
     0     0 5236.43184    0 1996          - 5236.43184      -     -  121s
     0     0 5238.45922    0 1972          - 5238.45922      -     -  123s
     0     0 5238.62964    0 1997          - 5238.62964      -     -  123s
     0     0 5238.63048    0 2044          - 5238.63048      -     -  123s
     0     0 5241.18995    0 1999          - 5241.18995      -     -  125s
     0     0 5241.22439    0 1969          - 5241.22439      -     -  125s
     0     0 5242.57568    0 1979          - 5242.57568      -     -  126s
     0     0 5242.62352    0 1957          - 5242.62352      -     -  127s
     0     0 5244.33197    0 2021          - 5244.33197      -     -  128s
     0     0 5244.45375    0 2017          - 5244.45375      -     -  129s
     0     0 5244.46006    0 2023          - 5244.46006      -     -  129s
     0     0 5244.88784    0 1953          - 5244.88784      -     -  130s
     0     0 5244.88846    0 1972          - 5244.88846      -     -  130s
     0     0 5245.18130    0 1963          - 5245.18130      -     -  131s
     0     0 5245.20229    0 1963          - 5245.20229      -     -  131s
     0     2 5245.21514    0 1963          - 5245.21514      -     -  145s
     1     5 5248.56135    1 1943          - 5248.56135      -  2015  153s
     3     8 5251.38202    2 1912          - 5248.59420      -  4103  163s
     7    16 5252.28447    3 1929          - 5251.42101      -  4135  168s
    15    32 5252.68011    4 1966          - 5252.68011      -  2978  173s
    31    64 5252.69642    5 1963          - 5252.69642      -  2729  197s
    63    94 5253.34874    6 1963          - 5253.34874      -  3516  207s
    93   166 5254.16321    7 1961          - 5253.56446      -  3098  239s
   165   290 5254.91940    9 1947          - 5254.50923      -  2224  254s
   289   309 5520.23547   13 1871          - 5254.50923      -  1894  274s
   316   343 5290.50473   13 1963          - 5254.50923      -  2130  295s
   352   379 5443.04151   14 1945          - 5254.50923      -  2602  311s
   396   419 5308.18505   14 1937          - 5254.50923      -  2854  328s
   446   465 5308.31571   15 1905          - 5254.50923      -  3063  347s
   492   514 5443.87087   16 1895          - 5254.50923      -  3224  366s
   541   579 5326.27398   17 1950          - 5254.50923      -  3271  382s
   606   661 5330.54458   21 1927          - 5254.50923      -  3247  397s
   688   741 5330.70358   22 1955          - 5254.50923      -  3089  415s
   768   791 5377.78295   23 1878          - 5254.50923      -  3037  438s
   820   829 5366.62744   24 1964          - 5254.50923      -  3166  459s
   862   876 5425.96744   25 1953          - 5254.50923      -  3270  480s
   909   911 5395.14680   26 1903          - 5254.50923      -  3437  498s
   944   973 5396.78251   29 1913          - 5254.50923      -  3465  517s
  1006  1048 5402.43673   32 1958          - 5254.50923      -  3491  535s
  1081  1176 5419.88878   34 1892          - 5254.50923      -  3474  552s
  1209  1325 5425.70893   40 1929          - 5254.50923      -  3289  571s
  1358  1470 5435.49637   44 1973          - 5254.50923      -  3071  586s
  1503  1624 5437.98203   49 1965          - 5254.50923      -  2917  606s
  1659  1703 5480.47946   55 1932          - 5254.50923      -  2771  632s
  1738  1768 5461.49144   56 1970          - 5254.50923      -  2837  658s
  1803  1847 5461.93705   57 1969          - 5254.50923      -  2918  683s
  1882  1931 5483.30453   63 1951          - 5254.50923      -  2970  709s
  1966  2002 5523.24280   66 1938          - 5254.50923      -  3010  738s
  2037  2089 5523.29447   67 1934          - 5254.50923      -  3069  766s
  2124  2159 5630.36696   71 1855          - 5254.50923      -  3131  796s
  2194  2239 5545.08192   72 1954          - 5254.50923      -  3235  826s
  2276  2333 5570.02651   74 2028          - 5254.50923      -  3317  854s
  2370  2427 5602.52166   77 2068          - 5254.50923      -  3357  886s
  2464  2583 5629.96814   84 2030          - 5254.50923      -  3418  913s
  2626  2710 5687.35099   90 1754          - 5254.50923      -  3339  947s
  2757  2832 5684.15016   92 1668          - 5254.50923      -  3331  981s
  2879  2979 5709.16726   96 1752          - 5254.50923      -  3330 1018s
  3028  3082 5736.49394  105 1635          - 5254.50923      -  3322 1057s
  3133  3309 5740.89134  108 1688          - 5254.50923      -  3407 1093s
  3360  3547 5775.53724  127 1695          - 5254.50923      -  3310 1131s
  3600  3736 5826.66074  131 1703          - 5254.50923      -  3213 1169s
  3791  3916 5885.60122  133 1727          - 5254.50923      -  3179 1211s
  3971  4111 5906.60273  137 1647          - 5254.50923      -  3159 1253s
  4166  4308 5964.70673  141 1555          - 5254.50923      -  3139 1299s
  4363  4575 5990.96890  143 1504          - 5254.50923      -  3130 1343s
  4630  4829 6035.59889  148 1458          - 5254.50923      -  3074 1391s
  4886  5093 6143.67162  161 1574          - 5254.50923      -  3041 1439s
  5150  5427 6186.76843  167 1376          - 5254.50923      -  3007 1490s
  5490  5759 6238.11923  190 1404          - 5254.50923      -  2943 1537s
  5860  6029 6284.27139  199 1432          - 5254.50923      -  2876 1588s
  6176  6342 6386.97440  203 1348          - 5254.50923      -  2847 1642s
  6535  6698 6474.16430  235 1296          - 5254.94817      -  2813 1694s
  6911  7109 6603.71426  253 1180          - 5255.08069      -  2776 1747s
  7352  7647 6914.16876  265 1050          - 5255.08069      -  2723 1802s
  7918  8080 7058.02740  304 1020          - 5255.08069      -  2633 1859s
  8415  8627 5494.18091   18 1976          - 5255.08069      -  2588 1917s
  8966  9177 5572.90657   21 1909          - 5255.08069      -  2539 1977s
  9584  9920 5696.90468   26 1927          - 5255.08069      -  2483 2040s
 10432 10907 5756.71910   29 1986          - 5255.08069      -  2387 2103s
 11532 11583 5814.90572   31 1971          - 5255.08069      -  2260 2169s
 12333 12350 5902.52019   33 1885          - 5255.08069      -  2213 2234s
 13199 13310 5968.43251   36 1869          - 5255.08069      -  2159 2298s
 14228 14340 6050.05648   39 1767          - 5255.08069      -  2089 2366s
 15472 14341 7217.63460  163 14198          - 5255.08069      -  2000 2405s
 15474 14342 6520.04528   88 1420          - 5255.08069      -  2000 2459s
 15475 14343 6390.07052  179 1552          - 5255.08069      -  2000 2464s
 15476 14344 7467.25733  198 1631          - 5255.08069      -  1999 2472s
 15477 14344 5431.63105   11 1776          - 5255.08069      -  1999 2482s
 15478 14345 6746.93866  109 1853          - 5330.46961      -  1999 2490s
 15479 14346 7256.11503  136 1824          - 5398.90687      -  1999 2496s
 15481 14347 6868.30651  265 1918          - 5411.46239      -  1999 2501s
 15485 14350 7594.65327  168 1913          - 5496.78819      -  1998 2545s
 15486 14350 6969.79342  126 1821          - 5531.79833      -  1998 2552s
 15487 14351 8183.11154  263 1876          - 5602.34858      -  1998 2558s
 15488 14352 7749.07009  200 1895          - 5626.99084      -  1998 2563s
 15490 14353 6954.67413  124 1901          - 5631.67814      -  1998 2565s
 15494 14356 6969.48002  105 1870          - 5670.04821      -  1997 2607s
 15495 14356 5720.55293    7 1925          - 5720.55293      -  1997 2615s
 15496 14357 6837.02741  118 1958          - 5750.62679      -  1997 2620s
 15498 14358 7353.60227  179 1944          - 5763.70386      -  1997 2625s
 15502 14361 7733.81053  160 1881          - 5852.81000      -  1996 2667s
 15503 14362 6108.49730   70 2067          - 5875.21214      -  1996 2676s
 15504 14362 7077.52184  286 2076          - 5916.85065      -  1996 2683s
 15505 14363 6111.78701   59 2159          - 5930.39536      -  1996 2686s
 15510 14366 6960.04067  103 2182          - 6010.08724      -  1995 2731s
 15511 14367 7656.59273  201 2114          - 6025.07450      -  1995 2740s
 15512 14368 6970.59622  159 2179          - 6060.18728      -  1995 2747s
 15513 14368 7050.55266  129 2210          - 6075.74402      -  1995 2751s
 15517 14371 6082.11707   17 2160          - 6082.11707      -  1994 2755s
 15519 14372 6126.59647   49 2183          - 6126.59647      -  1994 2797s
 15520 14373 6887.68499  109 2214          - 6157.58376      -  1994 2807s
 15521 14374 6191.72731   50 2245          - 6191.72731      -  1994 2815s
 15523 14375 7687.94297  212 2299          - 6199.81008      -  1993 2820s
 15528 14378 7955.77998  191 2316          - 6254.78175      -  1993 2866s
 15529 14379 7648.76875  218 2212          - 6273.79003      -  1993 2876s
 15530 14380 6308.58805  142 2326          - 6308.58805      -  1992 2882s
 15531 14380 7440.46414  213 2259          - 6318.94205      -  1992 2886s
 15537 14384 6655.29030  100 2363          - 6339.84363      -  1992 2931s
 15538 14385 7251.66228  357 2303          - 6379.71416      -  1991 2942s
 15539 14386 6398.43772   39 2220          - 6398.43772      -  1991 2947s
 15540 14386 6403.44664  142 2350          - 6403.44664      -  1991 2950s
 15544 14389 6755.91940  116 2352          - 6430.86160      -  1991 2996s
 15545 14390 6451.33435   80 2410          - 6451.33435      -  1991 3005s
 15546 14390 7917.43548  230 2341          - 6475.06180      -  1990 3012s
 15547 14391 6481.81897   75 2380          - 6481.81897      -  1990 3017s
 15549 14392 6826.76986  287 2440          - 6483.65798      -  1990 3020s
 15552 14394 6528.64770   92 2464          - 6489.55324      -  1990 3065s
 15553 14395 6519.77773   88 2430          - 6518.87568      -  1989 3073s
 15554 14396 6878.01796  108 2362          - 6535.31744      -  1989 3080s
 15558 14398 6538.35333   39 2550          - 6538.35333      -  1989 3085s
 15560 14400 8077.49055  195 2548          - 6538.84115      -  1989 3130s
 15561 14400 7083.18188  146 2553          - 6571.99330      -  1988 3140s
 15562 14401 7348.67009  156 2310          - 6584.08621      -  1988 3147s
 15563 14402 6825.58815  254 2524          - 6587.87461      -  1988 3151s
 15568 14405 6589.19223   91 2608          - 6589.19223      -  1988 3155s
 15569 14406 6857.31417  105 2619          - 6589.19283      -  1987 3202s
 15570 14406 7552.37335  180 2518          - 6623.26652      -  1987 3212s
 15571 14407 6733.29871  119 2575          - 6631.96126      -  1987 3217s
 15572 14408 7217.63460  163 2721          - 6633.77024      -  1987 3220s
 15577 14411 6634.76179   11 2663          - 6634.76179      -  1986 3269s
 15578 14412 6746.93866  109 2370          - 6655.89944      -  1986 3277s
 15579 14412 7256.11503  136 2527          - 6663.80214      -  1986 3281s
 15580 14413 6667.07501   26 2452          - 6667.07501      -  1986 3285s
 15586 14417 6969.79342  126 2504          - 6668.02141      -  1985 3332s
 15587 14418 8183.11154  263 2670          - 6691.63345      -  1985 3342s
 15588 14418 7749.07009  200 2693          - 6697.57487      -  1985 3347s
 15589 14419 6700.04962   94 2743          - 6700.04962      -  1985 3350s
 15595 14423 6701.06949    7 2807          - 6701.06949      -  1984 3397s
 15596 14424 6837.02741  118 2577          - 6724.59440      -  1984 3405s
 15597 14424 7664.47645  201 2685          - 6735.20678      -  1984 3411s
 15599 14426 6737.48135   14 2572          - 6737.48135      -  1984 3415s
 15604 14429 7077.52184  286 2687          - 6737.66162      -  1983 3459s
 15605 14430 6751.32122   59 2545          - 6751.32122      -  1983 3467s
 15606 14430 6860.82139   98 2626          - 6754.66558      -  1983 3471s
 15611 14434 7656.59273  201 2671          - 6756.09668      -  1982 3475s
 15612 14434 6970.59622  159 2675          - 6756.09755      -  1982 3515s
 15613 14435 7050.55266  129 2621          - 6766.58503      -  1982 3522s
 15614 14436 6769.26886  118 2773          - 6769.26886      -  1982 3526s
 15618 14438 6770.24110   83 2836          - 6770.24110      -  1981 3530s
 15619 14439 6770.24244   49 2839          - 6770.24244      -  1981 3568s
 15620 14440 6887.68499  109 2619          - 6779.94985      -  1981 3574s
 15621 14440 6781.43943   50 2590          - 6781.43943      -  1981 3576s
 15625 14443 6781.72119   28 2716          - 6781.72119      -  1980 3617s
 15626 14444 7013.38540  152 2905          - 6786.36919      -  1980 3622s
 15627 14444 7937.43380  241 2691          - 6787.98335      -  1980 3625s
 15631 14447 7440.46414  213 2821          - 6788.47157      -  1980 3666s
 15632 14448 7738.12745  210 2727          - 6795.33926      -  1979 3672s
 15633 14448 8187.74807  159 2807          - 6796.80343      -  1979 3675s
 15639 14452 6797.27510   39 2891          - 6797.27510      -  1979 3717s
 15640 14453 6806.42848  142 2832          - 6806.42848      -  1978 3725s
 15642 14454 6977.02812  119 2951          - 6810.36043      -  1978 3730s
 15646 14457 7917.43548  230 2914          - 6810.49485      -  1978 3771s
 15647 14458 6817.08887   75 2606          - 6817.08887      -  1978 3778s
 15648 14458 6818.04267   18 2668          - 6818.04267      -  1977 3780s
 15652 14461 6818.50201   92 2846          - 6818.50201      -  1977 3821s
 15653 14462 6825.88988   88 2912          - 6825.88988      -  1977 3827s
 15654 14462 6878.01796  108 2991          - 6827.43673      -  1977 3831s
 15659 14466 7708.05806  247 3081          - 6827.90761      -  1976 3873s
 15660 14466 8077.49055  195 2878          - 6833.70298      -  1976 3879s
 15661 14467 7083.18188  146 2965          - 6835.30461      -  1976 3882s
 15666 14470 6835.64806   79 3128          - 6835.64806      -  1975 3923s
 15667 14471 6839.07075   14 3034          - 6839.07075      -  1975 3928s
 15669 14472 6857.31417  105 3062          - 6839.76265      -  1975 3930s
 15672 14474 7217.63460  163 3106          - 6839.79032      -  1974 3971s
 15673 14475 6843.46999   76 2941          - 6843.46999      -  1974 3977s
 15674 14476 6844.84026   88 2827          - 6844.84026      -  1974 3980s
 15680 14480 6845.20726   26 3047          - 6845.20726      -  1973 4021s
 15681 14480 6868.30651  265 2964          - 6849.80152      -  1973 4027s
 15683 14482 7737.52163  177 2853          - 6849.80152      -  1973 4030s
 15688 14485 7749.07009  200 2960          - 6849.80152      -  1972 4070s
 15689 14486 6853.92831   94 2886          - 6853.92831      -  1972 4076s
 15690 14486 6954.67413  124 3075          - 6855.32918      -  1972 4080s
 15694 14489 6969.48002  105 2956          - 6855.78026      -  1972 4120s
 15695 14490 6859.39728    7 2753          - 6859.39728      -  1971 4125s
 15701 14494 6860.10029   42 3076          - 6860.10029      -  1971 4168s
 15702 14494 7733.81053  160 3042          - 6865.38818      -  1971 4174s
 15703 14495 6866.77934   70 3111          - 6866.77934      -  1970 4177s
 15705 14496 6867.25579   59 3049          - 6867.25579      -  1970 4180s
 15709 14499 8077.61826  209 3069          - 6867.28384      -  1970 4220s
 15710 14500 6960.04067  103 3034          - 6871.32860      -  1970 4225s
 15712 14501 6970.59622  159 3268          - 6873.28263      -  1969 4231s
 15718 14505 6873.57319   83 3248          - 6873.57319      -  1969 4272s
 15719 14506 6876.25938   49 3078          - 6876.25938      -  1968 4277s
 15720 14506 6887.68499  109 3154          - 6877.56629      -  1968 4281s
 15725 14510 6878.34485   28 3228          - 6878.34485      -  1968 4285s
 15727 14511 7937.43380  241 3220          - 6878.34762      -  1967 4324s
 15728 14512 7955.77998  191 3083          - 6882.21418      -  1967 4329s
 15729 14512 7648.76875  218 3091          - 6883.51381      -  1967 4332s
 15731 14514 7440.46414  213 3256          - 6883.85156      -  1967 4335s
 15735 14516 6883.93038  117 3425          - 6883.93038      -  1966 4375s
 15736 14517 7571.48160  210 3101          - 6887.97728      -  1966 4380s
 15738 14518 7251.66228  357 3241          - 6889.85252      -  1966 4385s
 15742 14521 6977.02812  119 3392          - 6889.95905      -  1966 4426s
 15743 14522 7063.55532  162 3197          - 6893.54480      -  1965 4431s
 15745 14523 6894.83635   80 3504          - 6894.83635      -  1965 4436s
 15749 14526 6894.93510  287 3531          - 6894.93510      -  1965 4478s
 15750 14526 6896.47374   62 3390          - 6896.47374      -  1965 4482s
 15752 14528 6897.32941   92 3459          - 6897.32941      -  1964 4485s
 15756 14530 7514.83894  159 3455          - 6897.37621      -  1964 4526s
 15757 14531 6900.39802   89 3312          - 6900.39802      -  1964 4530s
 15761 14534 7083.18188  146 3429          - 6901.42880      -  1963 4535s
 15764 14536 7323.22125  156 3454          - 6901.44031      -  1963 4575s
 15765 14536 7877.33829  228 3296          - 6904.16813      -  1963 4580s
 15773 14542 6904.91740   76 3296          - 6904.91740      -  1962 4624s
 15774 14542 6907.65176   88 3225          - 6907.65176      -  1962 4628s
 15775 14543 6908.38968  179 3411          - 6908.38968      -  1961 4630s
 15780 14546 6908.60271   26 3562          - 6908.60271      -  1961 4673s
 15781 14547 6911.22350  265 3285          - 6911.22350      -  1961 4677s
 15784 14549 6929.63047  126 3430          - 6911.94362      -  1960 4680s
 15787 14551 8183.11154  263 3384          - 6911.95665      -  1960 4721s
 15789 14552 6913.88967   94 3376          - 6913.88967      -  1960 4726s
 15795 14556 6914.06039    7 3450          - 6914.06039      -  1959 4768s
 15796 14557 6916.79753  118 3383          - 6916.79753      -  1959 4774s
 15797 14558 7664.47645  201 3413          - 6917.29666      -  1959 4775s
 15803 14562 6917.67088   70 3412          - 6917.67088      -  1958 4818s
 15804 14562 7077.52184  286 3453          - 6920.24155      -  1958 4822s
 15806 14564 6920.82542   98 3437          - 6920.82542      -  1958 4825s
 15810 14566 6960.04067  103 3627          - 6920.91242      -  1957 4866s
 15811 14567 7656.59273  201 3442          - 6923.49474      -  1957 4870s
 15815 14570 7142.75639  167 3353          - 6924.36115      -  1957 4875s
 15817 14571 6924.39266   17 3307          - 6924.39266      -  1956 4915s
 15819 14572 6927.46522   49 3497          - 6927.46522      -  1956 4921s
 15823 14575 7687.94297  212 3480          - 6927.69810      -  1956 4963s
 15824 14576 7338.49609  166 3411          - 6928.57575      -  1955 4966s
 15829 14579 7648.76875  218 3592          - 6929.06060      -  1955 5009s
 15830 14580 6930.54443  142 3303          - 6930.54443      -  1955 5012s
 15832 14581 7738.12745  210 3433          - 6931.04968      -  1954 5015s
 15835 14583 6931.08724  117 3574          - 6931.08724      -  1954 5055s
 15836 14584 7571.48160  210 3184          - 6934.47387      -  1954 5061s
 15838 14585 7251.66228  357 3552          - 6936.18944      -  1954 5066s
 15844 14589 6936.37458  116 3521          - 6936.37458      -  1953 5107s
 15845 14590 6938.99804   80 3336          - 6938.99804      -  1953 5112s
 15847 14591 6939.86915   75 3458          - 6939.86915      -  1953 5115s
 15852 14594 6939.93997   92 3506          - 6939.93997      -  1952 5156s
 15853 14595 6942.45714   88 3367          - 6942.45714      -  1952 5160s
 15857 14598 6943.36501   89 3446          - 6943.36501      -  1951 5165s
 15859 14599 7708.05806  247 3501          - 6943.36918      -  1951 5205s
 15861 14600 7083.18188  146 3448          - 6945.84014      -  1951 5212s
 15863 14602 6946.28285  254 3401          - 6946.28285      -  1951 5215s
 15866 14604 6946.29962   79 3480          - 6946.29962      -  1950 5254s
 15867 14604 6948.55357   14 3445          - 6948.55357      -  1950 5259s
 15868 14605 6949.36147   91 3483          - 6949.36147      -  1950 5262s
 15871 14607 6949.64720  119 3564          - 6949.64720      -  1950 5265s
 15873 14608 6949.65515   76 3510          - 6949.65515      -  1949 5305s
 15875 14610 6952.21498  179 3611          - 6952.21498      -  1949 5312s
 15880 14613 6952.51767   26 3706          - 6952.51767      -  1949 5315s
 15882 14614 6970.97570  127 3740          - 6952.52276      -  1948 5356s
 15884 14616 6955.33189  126 3438          - 6955.33189      -  1948 5363s
 15885 14616 7594.65327  168 3464          - 6955.61267      -  1948 5365s
 15891 14620 6955.73307  206 3699          - 6955.73307      -  1947 5407s
 15892 14621 7265.06988  158 3322          - 6958.01891      -  1947 5412s
 15894 14622 6969.48002  105 3355          - 6958.63350      -  1947 5415s
 15899 14626 6958.71184   14 3640          - 6958.71184      -  1946 5458s
 15900 14626 6961.56946  191 3363          - 6961.56946      -  1946 5463s
 15901 14627 6962.01304   42 3495          - 6962.01304      -  1946 5465s
 15905 14630 6962.22740   59 3541          - 6962.22740      -  1945 5506s
 15906 14630 6964.24413   98 3155          - 6964.24413      -  1945 5511s
 15909 14632 8077.61826  209 3342          - 6965.01775      -  1945 5515s
 15912 14634 6970.59622  159 3404          - 6965.03034      -  1945 5555s
 15914 14636 6968.28305  118 3355          - 6968.28305      -  1944 5562s
 15917 14638 6968.64131   17 3347          - 6968.64131      -  1944 5565s
 15920 14640 6968.68542  109 3281          - 6968.68542      -  1944 5605s
 15922 14641 7549.33847  223 3347          - 6971.55012      -  1943 5611s
 15925 14643 6972.00414   28 3535          - 6972.00414      -  1943 5615s
 15928 14645 7955.77998  191 3492          - 6972.01378      -  1943 5654s
 15929 14646 7648.76875  218 3206          - 6973.39823      -  1943 5658s
 15931 14647 7440.46414  213 3520          - 6973.85807      -  1942 5661s
 15934 14649 6973.92042  102 3428          - 6973.92042      -  1942 5702s
 15935 14650 6975.61654  117 3375          - 6975.61654      -  1942 5706s
 15940 14653 6976.18288  142 3379          - 6976.18288      -  1941 5710s
 15941 14654 7804.49073  247 3389          - 6976.18408      -  1941 5749s
 15942 14654 6977.64403  119 3228          - 6977.64403      -  1941 5753s
 15943 14655 7063.55532  162 3480          - 6977.84743      -  1941 5755s
 15946 14657 7917.43548  230 3611          - 6977.94217      -  1940 5795s
 15948 14658 6979.45718   18 3535          - 6979.45718      -  1940 5801s
 15952 14661 6979.64026   92 3475          - 6979.64026      -  1940 5842s
 15953 14662 6980.76723   88 3433          - 6980.76723      -  1940 5845s
 15957 14664 6981.44622   89 3300          - 6981.44622      -  1939 5850s
 15960 14666 8077.49055  195 3324          - 6981.45111      -  1939 5890s
 15962 14668 7348.67009  156 3250          - 6983.72746      -  1939 5896s
 15966 14670 6983.95767   79 3353          - 6983.95767      -  1938 5937s
 15967 14671 6985.33969   14 3548          - 6985.33969      -  1938 5940s
 15972 14674 7217.63460  163 3512          - 6985.82766      -  1937 5983s
 15973 14675 6987.54964   76 3349          - 6987.54964      -  1937 5988s
 15975 14676 6988.31856  179 3649          - 6988.31856      -  1937 5991s
 15978 14678 6988.38225  109 3618          - 6988.38225      -  1937 6032s
 15979 14679 7256.11503  136 3376          - 6990.58179      -  1936 6036s
 15985 14683 7594.65327  168 3649          - 6991.00073      -  1936 6079s
 15986 14684 6992.96061  126 3390          - 6992.96061      -  1936 6083s
 15988 14685 7749.07009  200 3454          - 6993.76962      -  1935 6086s
 15993 14688 7259.92593  370 3522          - 6993.86435      -  1935 6127s
 15994 14689 6995.22231  105 3320          - 6995.22231      -  1935 6130s
 15998 14692 7353.60227  179 3498          - 6995.55068      -  1934 6172s
 15999 14692 6997.08241   14 3494          - 6997.08241      -  1934 6176s
 16004 14696 7077.52184  286 3566          - 6997.52836      -  1933 6180s
 16006 14697 6997.53117   98 3585          - 6997.53117      -  1933 6220s
 16008 14698 6999.41335   21 3401          - 6999.41335      -  1933 6225s
 16013 14702 7050.55266  129 3493          - 6999.46917      -  1932 6266s
 16014 14702 7001.69524  118 3352          - 7001.69524      -  1932 6271s
 16016 14704 7002.75934  113 3537          - 7002.75934      -  1932 6276s
 16019 14706 7002.79253   49 3553          - 7002.79253      -  1932 6315s
 16020 14706 7005.51099  109 3404          - 7005.51099      -  1931 6320s
 16024 14709 7338.49609  166 3598          - 7006.77774      -  1931 6325s
 16026 14710 7013.38540  152 3649          - 7006.79669      -  1931 6364s
 16027 14711 7937.43380  241 3462          - 7009.51066      -  1931 6369s
 16028 14712 7955.77998  191 3563          - 7010.02709      -  1931 6371s
 16034 14716 7010.31654  102 3634          - 7010.31654      -  1930 6413s
 16035 14716 7012.67909  117 3405          - 7012.67909      -  1930 6417s
 16037 14718 7013.29827  100 3485          - 7013.29827      -  1929 6420s
 16040 14720 7013.33345  142 3509          - 7013.33345      -  1929 6460s
 16042 14721 7015.85621  119 3512          - 7015.85621      -  1929 6466s
 16046 14724 7917.43548  230 3646          - 7016.04726      -  1928 6507s
 16047 14724 7018.00487   75 3437          - 7018.00487      -  1928 6512s
 16049 14726 7019.20903  287 3533          - 7019.20903      -  1928 6516s
 16055 14730 7019.35746  202 3485          - 7019.35746      -  1927 6557s
 16056 14730 7514.83894  159 3373          - 7021.68668      -  1927 6562s
 16058 14732 7022.58435   39 3499          - 7022.58435      -  1927 6565s
 16063 14735 7022.86227  254 3563          - 7022.86227      -  1926 6607s
 16064 14736 7323.22125  156 3330          - 7025.24452      -  1926 6611s
 16070 14740 7552.37335  180 3502          - 7025.59027      -  1925 6654s
 16071 14740 7026.79743  119 3289          - 7026.79743      -  1925 6657s
 16075 14743 7027.00197  179 3530          - 7027.00197      -  1925 6698s
 16076 14744 7467.25733  198 3424          - 7027.70443      -  1925 6701s
 16080 14746 7027.94180   26 3539          - 7027.94180      -  1924 6743s
 16081 14747 7028.78482  265 3489          - 7028.78482      -  1924 6745s
 16087 14751 8183.11154  263 3596          - 7029.22896      -  1923 6788s
 16088 14752 7749.07009  200 3429          - 7030.01467      -  1923 6791s
 16091 14754 7030.55369  206 3607          - 7030.55369      -  1923 6795s
 16092 14754 7265.06988  158 3582          - 7030.55483      -  1923 6834s
 16093 14755 7259.92593  370 3557          - 7031.80547      -  1923 6838s
 16094 14756 7032.22890  105 3508          - 7032.22890      -  1923 6840s
 16099 14759 7032.36858   14 3660          - 7032.36858      -  1922 6881s
 16101 14760 7034.49857   42 3581          - 7034.49857      -  1922 6886s
 16106 14764 7034.67644   98 3643          - 7034.67644      -  1921 6928s
 16107 14764 7035.08533   55 3536          - 7035.08533      -  1921 6930s
 16111 14767 7656.59273  201 3604          - 7035.32890      -  1921 6971s
 16113 14768 7050.55266  129 3712          - 7036.03503      -  1920 6975s
 16119 14772 7036.09665   49 3706          - 7036.09665      -  1920 7016s
 16121 14774 7037.24541   50 3561          - 7037.24541      -  1919 7020s
 16126 14777 7037.34938  152 3674          - 7037.34938      -  1919 7062s
 16127 14778 7937.43380  241 3623          - 7038.99807      -  1919 7065s
 16132 14781 7738.12745  210 3752          - 7039.36353      -  1918 7108s
 16133 14782 8187.74807  159 3567          - 7040.11160      -  1918 7110s
 16137 14784 7040.21637  100 3798          - 7040.21637      -  1917 7152s
 16138 14785 7251.66228  357 3602          - 7041.33419      -  1917 7155s
 16141 14787 7804.49073  247 3801          - 7042.04974      -  1917 7160s
 16144 14789 7042.07157  116 3830          - 7042.07157      -  1917 7200s
 16146 14790 7917.43548  230 3711          - 7043.68029      -  1916 7205s
 16153 14795 7043.86251   88 3909          - 7043.86251      -  1916 7249s
 16154 14796 7045.38767  108 3793          - 7045.38767      -  1915 7254s
 16155 14796 7045.62818  202 3875          - 7045.62818      -  1915 7255s
 16160 14800 8077.49055  195 3820          - 7045.70325      -  1915 7299s
 16161 14800 7083.18188  146 3782          - 7046.59164      -  1915 7302s
 16164 14802 7323.22125  156 3876          - 7047.21294      -  1914 7305s
 16165 14803 7877.33829  228 3894          - 7047.21382      -  1914 7348s
 16166 14804 7048.51259   79 3694          - 7048.51259      -  1914 7352s
 16170 14806 7552.37335  180 3868          - 7048.78644      -  1914 7356s
 16171 14807 7050.73069  119 3670          - 7050.73069      -  1913 7361s
 16173 14808 7051.76936   76 3875          - 7051.76936      -  1913 7365s
 16180 14813 7053.06666   26 3850          - 7053.06666      -  1912 7372s
 16183 14815 7737.52163  177 3765          - 7053.53625      -  1912 7375s
 16187 14818 8183.11154  263 3648          - 7054.29655      -  1912 7380s
 16193 14822 7259.92593  370 3867          - 7054.89225      -  1911 7385s
 16198 14826 7353.60227  179 1446          - 7056.43476      -  1965 7447s
 16199 14827 7056.43476   14 1555          - 7056.43476      -  1965 7453s
 16200 14828 7056.43476  191 1604          - 7056.43476      -  1965 7463s
 16201 14828 7056.44251   42 1654          - 7056.44251      -  1965 7473s
 16202 14829 7733.81053  160 1819          - 7057.03381      -  1965 7485s
 16203 14830 7057.03381   70 1990          - 7057.03381      -  1965 7498s
 16204 14830 7077.52184  286 2213          - 7057.03381      -  1965 7511s
 16205 14831 7057.03381   59 2211          - 7057.03381      -  1965 7526s
 16206 14832 7057.03381   98 2394          - 7057.03381      -  1964 7539s
 16207 14832 7057.03381   55 2780          - 7057.03381      -  1964 7554s
 16208 14833 7057.03381   21 2815          - 7057.03381      -  1964 7565s
 16209 14834 8077.61826  209 3046          - 7057.03381      -  1964 7574s
 16210 14834 7057.03381  103 3112          - 7057.03381      -  1964 7582s
 16211 14835 7656.59273  201 3203          - 7057.03381      -  1964 7587s
 16212 14836 7057.07937  159 3444          - 7057.07937      -  1964 7590s
 16217 14839 7057.65250   17 3502          - 7057.65250      -  1963 7629s
 16218 14840 7061.40243   83 3315          - 7061.40243      -  1963 7636s
 16220 14841 7062.44163  109 3383          - 7062.44163      -  1963 7640s
 16223 14843 7687.94297  212 3274          - 7062.52329      -  1962 7684s
 16224 14844 7338.49609  166 3400          - 7065.06012      -  1962 7688s
 16225 14844 7065.49577   28 3427          - 7065.49577      -  1962 7690s
 16229 14847 7648.76875  218 3396          - 7065.72307      -  1962 7736s
 16230 14848 7070.41836  142 3450          - 7070.41836      -  1962 7743s
 16231 14848 7440.46414  213 3319          - 7071.22484      -  1961 7745s
 16236 14852 7571.48160  210 3386          - 7071.50347      -  1961 7792s
 16237 14852 7073.92446  100 3255          - 7073.92446      -  1961 7796s
 16241 14855 7804.49073  247 3189          - 7074.51602      -  1960 7800s
 16244 14857 7074.53199  116 3212          - 7074.53199      -  1960 7845s
 16245 14858 7077.51693   80 3347          - 7077.51693      -  1960 7850s
 16249 14860 7078.34595  287 3191          - 7078.34595      -  1959 7897s
 16250 14861 7081.33595   62 3254          - 7081.33595      -  1959 7903s
 16251 14862 7082.35885   82 3298          - 7082.35885      -  1959 7905s
 16254 14864 7082.51723  108 3310          - 7082.51723      -  1959 7951s
 16255 14864 7085.38151  202 3234          - 7085.38151      -  1959 7957s
 16257 14866 7086.30436   89 3218          - 7086.30436      -  1958 7960s
 16261 14868 7086.33991  146 3197          - 7086.33991      -  1958 8004s
 16262 14869 7348.67009  156 3039          - 7089.24549      -  1958 8010s
 16264 14870 7323.22125  156 3128          - 7090.43520      -  1957 8015s
 16268 14873 7090.53409   91 3142          - 7090.53409      -  1957 8060s
 16269 14874 7093.96361  105 3238          - 7093.96361      -  1957 8065s
 16273 14876 7095.27683   76 3222          - 7095.27683      -  1956 8114s
 16274 14877 7096.85589   88 3073          - 7096.85589      -  1956 8117s
 16275 14878 7097.32827  179 3037          - 7097.32827      -  1956 8120s
 16281 14882 7097.86139  265 3074          - 7097.86139      -  1955 8167s
 16282 14882 7101.33491  127 3011          - 7101.33491      -  1955 8172s
 16283 14883 7737.52163  177 3096          - 7102.74224      -  1955 8176s
 16287 14886 8183.11154  263 3150          - 7102.99101      -  1955 8222s
 16288 14886 7749.07009  200 3318          - 7106.41725      -  1955 8227s
 16290 14888 7107.04504  124 3282          - 7107.04504      -  1954 8230s
 16294 14890 7107.07547  105 3249          - 7107.07547      -  1954 8276s
 16296 14892 7109.60550  118 3314          - 7109.60550      -  1954 8281s
 16301 14895 7109.77446   42 3296          - 7109.77446      -  1953 8329s
 16302 14896 7733.81053  160 3289          - 7112.83355      -  1953 8335s
 16304 14897 7113.56080  286 3353          - 7113.56080      -  1953 8340s
 16309 14900 8077.61826  209 3461          - 7113.60982      -  1952 8387s
 16310 14901 7116.75767  103 3337          - 7116.75767      -  1952 8394s
 16311 14902 7656.59273  201 3448          - 7117.81632      -  1952 8397s
 16313 14903 7118.13837  129 3508          - 7118.13837      -  1952 8400s
 16316 14905 7118.16455  113 3462          - 7118.16455      -  1951 8442s
 16317 14906 7119.23515   17 3360          - 7119.23515      -  1951 8446s
 16321 14908 7119.71848   50 3614          - 7119.71848      -  1951 8450s
 16324 14910 7338.49609  166 3564          - 7119.72695      -  1950 8491s
 16325 14911 7122.31351   28 3572          - 7122.31351      -  1950 8496s
 16327 14912 7937.43380  241 3598          - 7122.97998      -  1950 8500s
 16332 14916 7738.12745  210 3593          - 7123.09349      -  1949 8542s
 16333 14916 8187.74807  159 3590          - 7125.01106      -  1949 8547s
 16334 14917 7125.51909  102 3399          - 7125.51909      -  1949 8550s
 16339 14920 7125.68038   39 3540          - 7125.68038      -  1948 8591s
 16340 14921 7127.57255  142 3413          - 7127.57255      -  1948 8595s
 16345 14924 7128.34332   80 3633          - 7128.34332      -  1948 8640s
 16347 14926 7130.14859   75 3606          - 7130.14859      -  1947 8645s
 16350 14928 7130.22385   62 3635          - 7130.22385      -  1947 8688s
 16351 14928 7131.96981   82 3630          - 7131.96981      -  1947 8691s
 16355 14931 7132.47962  202 3686          - 7132.47962      -  1947 8735s
 16356 14932 7514.83894  159 3340          - 7134.18553      -  1946 8740s
 16361 14935 7134.87683  146 3564          - 7134.87683      -  1946 8784s
 16362 14936 7348.67009  156 3555          - 7136.34020      -  1946 8788s
 16363 14936 7136.81683  254 3590          - 7136.81683      -  1946 8790s
 16368 14940 7136.98685   91 3692          - 7136.98685      -  1945 8832s
 16369 14940 7137.60629  105 3556          - 7137.60629      -  1945 8835s
 16375 14944 7137.91224  179 3716          - 7137.91224      -  1944 8840s
 16378 14946 7139.20287  109 3736          - 7139.20287      -  1944 8845s
 16383 14950 7737.52163  177 3648          - 7140.37448      -  1943 8851s
 16387 14952 8183.11154  263 3774          - 7140.99116      -  1943 8855s
 16390 14954 7142.09870  124 3919          - 7142.09870      -  1942 8861s
H16392 14204                    90053.000000 7142.16325  92.1%  1942 8862s
H16392 13491                    73809.000000 7142.16325  90.3%  1942 8862s
H16392 12813                    56077.000000 7142.16325  87.3%  1942 8862s
H16392 12169                    55912.000000 7142.16325  87.2%  1942 8862s
H16393 11557                    50891.000000 7142.16703  86.0%  1942 8863s
H16394 10977                    44085.000000 7142.16718  83.8%  1942 8863s
H16394 10425                    41167.000000 7142.16718  82.7%  1942 8865s
H16394  9900                    41135.000000 7142.16718  82.6%  1942 8865s
H16394  9402                    40519.000000 7142.16718  82.4%  1942 8865s
H16394  8929                    40497.000000 7142.16718  82.4%  1942 8865s
H16394  8479                    39619.000000 7142.16718  82.0%  1942 8865s
H16394  8052                    39406.000000 7142.16718  81.9%  1942 8865s
H16394  7646                    37385.000000 7142.16718  80.9%  1942 8865s
H16395  7261                    35565.000000 7142.57717  79.9%  1942 8867s
H16395  6895                    32530.000000 7142.57717  78.0%  1942 8867s
H16395  6547                    32516.000000 7142.57717  78.0%  1942 8867s
H16395  6216                    32400.000000 7142.57717  78.0%  1942 8867s
H16395  5902                    32384.000000 7142.57717  77.9%  1942 8867s
H16395  5603                    31495.000000 7142.57717  77.3%  1942 8867s
H16395  5320                    31420.000000 7142.57717  77.3%  1942 8867s
H16395  5051                    31307.000000 7142.57717  77.2%  1942 8867s
H16395  4795                    31267.000000 7142.57751  77.2%  1942 8867s
H16395  4552                    31236.000000 7142.57751  77.1%  1942 8867s
H16395  4321                    31193.000000 7142.57751  77.1%  1942 8867s
H16395  4101                    31139.000000 7142.57751  77.1%  1942 8867s
H16395  3893                    31004.000000 7142.57751  77.0%  1942 8868s
H16395  3695                    30907.000000 7142.57751  76.9%  1942 8868s
H16395  3507                    30807.000000 7142.57751  76.8%  1942 8869s
H16395  3328                    30729.000000 7142.57751  76.8%  1942 8870s
H16395  3159                    30573.000000 7142.57751  76.6%  1942 8870s
H16395  2997                    29923.000000 7142.57751  76.1%  1942 8870s
H16395  2844                    29845.000000 7142.57751  76.1%  1942 8870s
H16396  2699                    29461.000000 7142.69714  75.8%  1942 8872s
H16396  2560                    29418.000000 7142.69714  75.7%  1942 8872s
H16396  2429                    28295.000000 7142.69714  74.8%  1942 8872s
H16396  2304                    28289.000000 7142.69714  74.8%  1942 8872s
H16396  2185                    28249.000000 7142.69714  74.7%  1942 8872s
H16396  2073                    28199.000000 7142.69714  74.7%  1942 8872s
H16396  1966                    28149.000000 7142.69714  74.6%  1942 8872s
H16396  1864                    28138.000000 7142.69714  74.6%  1942 8872s
H16396  1768                    28126.000000 7142.69714  74.6%  1942 8872s
H16396  1676                    28124.000000 7142.69714  74.6%  1942 8872s
H16396  1589                    27400.000000 7142.69714  73.9%  1942 8872s
H16396  1506                    27259.000000 7142.69714  73.8%  1942 8872s
H16396  1427                    25622.000000 7142.69714  72.1%  1942 8872s
H16396  1352                    25494.000000 7142.69714  72.0%  1942 8872s
H16396  1281                    25489.000000 7142.69714  72.0%  1942 8872s
H16396  1214                    23041.000000 7142.69714  69.0%  1942 8872s
H16396  1150                    22434.000000 7142.69714  68.2%  1942 8872s
H16396  1089                    21935.000000 7142.69714  67.4%  1942 8872s
H16396  1031                    21867.000000 7142.69714  67.3%  1942 8872s
H16397   977                    21727.000000 7142.85238  67.1%  1942 8873s
H16397   925                    21714.000000 7142.85238  67.1%  1942 8873s
H16397   875                    21713.000000 7142.85238  67.1%  1942 8873s
H16397   828                    21697.000000 7142.85238  67.1%  1942 8873s
H16397   783                    21693.000000 7142.85238  67.1%  1942 8873s
H16397   741                    21692.000000 7142.85238  67.1%  1942 8873s
H16397   700                    21610.000000 7142.85238  66.9%  1942 8873s
H16397   662                    21554.000000 7142.85238  66.9%  1942 8873s
H16397   626                    21490.000000 7142.85238  66.8%  1942 8873s
H16397   591                    21488.000000 7142.85238  66.8%  1942 8873s
H16397   558                    21487.000000 7142.85238  66.8%  1942 8873s
H16397   527                    20964.000000 7142.85238  65.9%  1942 8873s
H16397   497                    20217.000000 7142.85238  64.7%  1942 8873s
H16397   469                    20161.000000 7142.85238  64.6%  1942 8873s
H16397   442                    19734.000000 7142.85238  63.8%  1942 8873s
H16397   417                    19110.000000 7142.85238  62.6%  1942 8873s
H16397   392                    19108.000000 7142.85238  62.6%  1942 8873s
H16397   369                    19042.000000 7142.85238  62.5%  1942 8873s
H16398   348                    19022.000000 7142.97014  62.4%  1941 8874s
H16398   328                    18918.000000 7142.97014  62.2%  1941 8874s
H16398   308                    18916.000000 7142.97014  62.2%  1941 8874s
H16399   289                    18886.000000 7143.00106  62.2%  1941 8875s
H16400   272                    18882.000000 7143.00541  62.2%  1941 8875s
H16401   256                    18870.000000 7143.00609  62.1%  1941 8875s
H16401   240                    18864.000000 7143.00609  62.1%  1941 8875s
H16401   224                    18843.000000 7143.00609  62.1%  1941 8877s
H16401   210                    18829.000000 7143.00609  62.1%  1941 8877s
H16401   196                    18813.000000 7143.00609  62.0%  1941 8877s
H16402   183                    18748.000000 7143.35274  61.9%  1941 8879s
H16402   170                    18747.000000 7143.35274  61.9%  1941 8879s
H16402   158                    18745.000000 7143.35274  61.9%  1941 8879s
H16402   147                    18735.000000 7143.35274  61.9%  1941 8879s
H16402   136                    18727.000000 7143.35274  61.9%  1941 8879s
H16402   126                    18675.000000 7143.35274  61.7%  1941 8879s
H16402   116                    18627.000000 7143.35274  61.7%  1941 8879s
H16402   107                    18570.000000 7143.35274  61.5%  1941 8879s
H16402    98                    18477.000000 7143.35274  61.3%  1941 8879s
H16402    89                    18462.000000 7143.35274  61.3%  1941 8879s
H16402    81                    18446.000000 7143.35274  61.3%  1941 8879s
H16402    74                    18436.000000 7143.35274  61.3%  1941 8879s
H16402    67                    18431.000000 7143.35392  61.2%  1941 8879s
H16402    60                    18342.000000 7143.35392  61.1%  1941 8882s
H16402    53                    18188.000000 7143.35392  60.7%  1941 8882s
H16402    47                    18172.000000 7143.35392  60.7%  1941 8882s
H16402    41                    18018.000000 7143.35392  60.4%  1941 8884s
H16402    36                    18013.000000 7143.35392  60.3%  1941 8887s
H16402    31                    17966.000000 7143.35392  60.2%  1941 8888s
H16402    26                    17950.000000 7143.35392  60.2%  1941 8888s
H16402    21                    17697.000000 7143.35392  59.6%  1941 8888s
H16402    16                    17659.000000 7143.35392  59.5%  1941 8889s
H16402    12                    17607.000000 7143.35392  59.4%  1941 8889s
H16402     8                    17556.000000 7143.35392  59.3%  1941 8891s
 16406    11 7143.60104   98 3805 17556.0000 7143.60104  59.3%  1940 8895s
 16410    14 7144.39495  103 3721 17556.0000 7144.39495  59.3%  1940 8901s
 16414    16 7144.62667  118 3905 17556.0000 7144.62667  59.3%  1940 8906s
H16414    12                    17553.000000 7145.11354  59.3%  1940 8908s
H16414     7                    17551.000000 7145.11354  59.3%  1940 8908s
 16418    10 7145.14002   83 3788 17551.0000 7145.14002  59.3%  1939 8911s
 16423    13 7687.94297  212 3812 17551.0000 7145.34757  59.3%  1938 8917s
 16427    16 7937.43380  241 3825 17551.0000 7145.51609  59.3%  1938 8922s
H16427    12                    17539.000000 7145.91408  59.3%  1938 8925s
H16427     7                    17536.000000 7145.91408  59.3%  1938 8925s
H16427     3                    17509.000000 7145.91408  59.2%  1938 8925s
 16432     6 7738.12745  210 3752 17509.0000 7145.99871  59.2%  1937 8930s
H16432     2                    17473.000000 7146.16936  59.1%  1937 8942s
H16432     0                    17464.000000 7146.16936  59.1%  1937 8950s
H16432     0                    17422.000000 7146.16936  59.0%  1937 8953s
 16434     0 7146.18363  102 3767 17422.0000 7146.18363  59.0%  1937 8955s
H16438     0                    17383.000000 7146.65164  58.9%  1937 8960s
 16444     0 7147.01460  116 3904 17383.0000 7147.01460  58.9%  1936 8966s
H16444     0                    17280.000000 7148.26125  58.6%  1936 8969s
H16444     0                    17266.000000 7148.26125  58.6%  1936 8969s
H16444     0                    17259.000000 7148.26125  58.6%  1936 8969s
H16444     0                    17249.000000 7148.26125  58.6%  1936 8969s
H16444     0                    17238.000000 7148.26125  58.5%  1936 8969s
 16446     0 7917.43548  230 3778 17238.0000 7148.60079  58.5%  1936 8971s
 16450     0 7148.68140   62 3922 17238.0000 7148.68140  58.5%  1935 8975s
H16450     0                    16998.000000 7149.85931  57.9%  1935 8978s
 16453     0 7150.08367   88 3938 16998.0000 7150.08367  57.9%  1935 8980s
H16456     0                    16994.000000 7150.46841  57.9%  1935 8997s
H16456     0                    16953.000000 7150.46841  57.8%  1935 9002s
H16456     0                    16952.000000 7150.46841  57.8%  1935 9002s
H16456     0                    16950.000000 7150.46841  57.8%  1935 9009s
H16456     0                    16931.000000 7150.46841  57.8%  1935 9009s
 16457     0 7150.46841   89 3798 16931.0000 7150.46841  57.8%  1934 9015s
 16462     0 7348.67009  156 3809 16931.0000 7150.90970  57.8%  1934 9021s
 16463     0 7151.84516  254 3781 16931.0000 7151.84516  57.8%  1934 9025s
H16467     0                    16930.000000 7152.28519  57.8%  1933 9031s
H16467     0                    16922.000000 7152.28519  57.7%  1933 9031s
H16467     0                    16915.000000 7152.28519  57.7%  1933 9031s
H16467     0                    16851.000000 7152.28519  57.6%  1933 9031s
H16467     0                    16848.000000 7152.28519  57.5%  1933 9031s
 16472     0 7217.63460  163 4043 16848.0000 7152.33063  57.5%  1933 9035s
 16479     0 7256.11503  136 4041 16848.0000 7152.81748  57.5%  1932 9042s
H16479     0                    16806.000000 7153.76989  57.4%  1932 9053s
H16479     0                    16748.000000 7153.76989  57.3%  1932 9103s
H16479     0                    16698.000000 7153.76989  57.2%  1932 9114s
H16479     0                    16686.000000 7153.76989  57.1%  1932 9114s
H16479     0                    16680.000000 7153.76989  57.1%  1932 9114s
H16479     0                    16619.000000 7153.76989  57.0%  1932 9126s
H16479     0                    16455.000000 7153.76989  56.5%  1932 9126s
H16479     0                    16377.000000 7153.76989  56.3%  1932 9138s
H16479     0                    16336.000000 7153.76989  56.2%  1932 9138s
H16479     0                    16328.000000 7153.76989  56.2%  1932 9139s
H16479     0                    16309.000000 7153.76989  56.1%  1932 9139s
H16479     0                    16295.000000 7153.76989  56.1%  1932 9145s
 16485     0 7594.65327  168 3980 16295.0000 7154.05534  56.1%  1931 9151s
H16485     0                    16292.000000 7154.54797  56.1%  1931 9154s
H16485     0                    16270.000000 7154.54797  56.0%  1931 9154s
H16485     0                    16251.000000 7154.54797  56.0%  1931 9154s
H16485     0                    16245.000000 7154.54797  56.0%  1931 9154s
 16487     0 8183.11154  263 3967 16245.0000 7154.64267  56.0%  1931 9155s
 16491     0 7155.12208  206 3968 16245.0000 7155.12208  56.0%  1930 9161s
 16495     0 7155.28246    7 4044 16245.0000 7155.28246  56.0%  1930 9166s
H16495     0                    16237.000000 7156.14111  55.9%  1930 9171s
 16500     0 7156.44683  191 3995 16237.0000 7156.44683  55.9%  1929 9175s
 16502     0 7733.81053  160 4017 16237.0000 7156.97568  55.9%  1929 9180s
H16507     0                    16221.000000 7157.46441  55.9%  1929 9187s
H16507     0                    16177.000000 7157.46441  55.8%  1929 9187s
 16510     0 7157.72598  103 4041 16177.0000 7157.72598  55.8%  1928 9190s
 16515     0 7158.14366  167 3903 16177.0000 7158.14366  55.8%  1928 9195s
 16519     0 7158.47914   49 4023 16177.0000 7158.47914  55.7%  1927 9200s
 16523     0 7687.94297  212 4025 16177.0000 7158.61917  55.7%  1927 9205s
 16527     0 7937.43380  241 4073 16177.0000 7158.79651  55.7%  1926 9210s
H16527     0                    16159.000000 7159.14433  55.7%  1926 9212s
 16531     0 7440.46414  213 4101 16159.0000 7159.29736  55.7%  1926 9215s
 16534     0 7159.66315  102 3920 16159.0000 7159.66315  55.7%  1925 9220s
 16538     0 7251.66228  357 4045 16159.0000 7159.84033  55.7%  1925 9225s
 16542     0 7160.44956  119 4108 16159.0000 7160.44956  55.7%  1925 9230s
 16546     0 7917.43548  230 4073 16159.0000 7160.97060  55.7%  1924 9235s
 16551     0 7161.47524   82 4160 16159.0000 7161.47524  55.7%  1923 9242s
 16553     0 7162.02645   88 3956 16159.0000 7162.02645  55.7%  1923 9246s
 16557     0 7162.12540   89 4031 16159.0000 7162.12540  55.7%  1923 9250s
 16560     0 8077.49055  195 4073 16159.0000 7162.89910  55.7%  1922 9255s
H16564     0                    16133.000000 7163.47926  55.6%  1922 9261s
 16570     0 7552.37335  180 3978 16133.0000 7163.73060  55.6%  1921 9266s
 16572     0 7217.63460  163 3974 16133.0000 7164.54162  55.6%  1921 9271s
H16575     0                    16129.000000 7165.01878  55.6%  1921 9277s
H16575     0                    16113.000000 7165.01878  55.5%  1921 9277s
H16575     0                    16111.000000 7165.01878  55.5%  1921 9277s
 16577     0 7165.18020   11 4048 16111.0000 7165.18020  55.5%  1920 9280s
 16581     0 7165.61137  265 4155 16111.0000 7165.61137  55.5%  1920 9285s
 16587     0 8183.11154  263 4281 16111.0000 7165.80033  55.5%  1919 9291s
H16587     0                    16105.000000 7166.08612  55.5%  1919 9293s
 16590     0 7166.22952  124 4107 16105.0000 7166.22952  55.5%  1919 9295s
 16595     0 7166.71344    7 4135 16105.0000 7166.71344  55.5%  1918 9300s
 16601     0 7167.14067   42 4056 16105.0000 7167.14067  55.5%  1918 9306s
 16606     0 7167.25368   98 4106 16105.0000 7167.25368  55.5%  1917 9311s
 16609     0 8077.61826  209 4225 16105.0000 7168.00215  55.5%  1917 9315s
 16615     0 7168.62525  167 3993 16105.0000 7168.62525  55.5%  1916 9321s
 16620     0 7169.00429  109 4095 16105.0000 7169.00429  55.5%  1916 9327s
 16623     0 7687.94297  212 4090 16105.0000 7169.46075  55.5%  1915 9330s
 16629     0 7648.76875  218 4124 16105.0000 7169.69284  55.5%  1914 9335s
 16632     0 7738.12745  210 4252 16105.0000 7170.11579  55.5%  1914 9340s
H16637     0                    16042.000000 7170.63825  55.3%  1914 9346s
 16643     0 7170.78500  162 4279 16042.0000 7170.78500  55.3%  1913 9351s
 16647     1 7171.22279   75 4238 16042.0000 7171.22279  55.3%  1912 9355s
 16650     3 7171.47653   62 4081 16042.0000 7171.47653  55.3%  1912 9360s
 16656     7 7514.83894  159 4015 16042.0000 7171.67820  55.3%  1911 9365s
 16660     9 8077.49055  195 3971 16042.0000 7172.02870  55.3%  1911 9371s
 16664    12 7323.22125  156 4013 16042.0000 7172.11578  55.3%  1910 9375s
 16668    15 7173.30001   91 4158 16042.0000 7173.30001  55.3%  1910 9380s
H16669     6                    16032.000000 7173.70040  55.3%  1910 9384s
 16671     8 7173.92868  119 4105 16032.0000 7173.92868  55.3%  1910 9386s
 16677    12 7174.01572   11 4157 16032.0000 7174.01572  55.3%  1909 9390s
 16679    13 7256.11503  136 4152 16032.0000 7175.30186  55.2%  1909 9395s
H16683     7                    16017.000000 7176.00535  55.2%  1908 9401s
 16689    11 7176.34129   94 4253 16017.0000 7176.34129  55.2%  1908 9406s
 16691    12 7177.10466  206 4066 16017.0000 7177.10466  55.2%  1907 9410s
H16695     6                    16000.000000 7177.57934  55.1%  1907 9416s
 16701    10 7177.77279   42 4210 16000.0000 7177.77279  55.1%  1906 9421s
 16703    11 7179.01829   70 4177 16000.0000 7179.01829  55.1%  1906 9426s
 16707    14 7179.23256   55 4230 16000.0000 7179.23256  55.1%  1906 9431s
 16710    16 7179.36641  103 4134 16000.0000 7179.36641  55.1%  1905 9435s
 16714    18 7180.15015  118 4320 16000.0000 7180.15015  55.1%  1905 9440s
H16717    10                    15981.000000 7180.26715  55.1%  1904 9444s
H16717     1                    15973.000000 7180.26715  55.0%  1904 9444s
 16719     3 7180.33987   49 4186 15973.0000 7180.33987  55.0%  1904 9445s
 16723     5 7687.94297  212 4039 15973.0000 7180.87585  55.0%  1904 9450s
 16727     8 7937.43380  241 4229 15973.0000 7181.05308  55.0%  1903 9455s
 16732    11 7738.12745  210 4231 15973.0000 7181.18048  55.0%  1903 9460s
 16738    15 7251.66228  357 4266 15973.0000 7181.22247  55.0%  1902 9466s
 16744    19 7181.45996  116 4291 15973.0000 7181.45996  55.0%  1901 9471s
 16748    22 7181.57051   18 4292 15973.0000 7181.57051  55.0%  1901 9476s
 16752    25 7181.98704   92 4176 15973.0000 7181.98704  55.0%  1900 9480s
 16756    27 7514.83894  159 4140 15973.0000 7182.26726  55.0%  1900 9486s
 16759    29 7708.05806  247 4142 15973.0000 7182.56923  55.0%  1900 9490s
 16764    33 7323.22125  156 4115 15973.0000 7183.19126  55.0%  1899 9497s
 16768    35 7183.36597   91 4253 15973.0000 7183.36597  55.0%  1899 9502s
 16770    37 7552.37335  180 4210 15973.0000 7183.92802  55.0%  1898 9505s
 16774    39 7184.31792   88 4278 15973.0000 7184.31792  55.0%  1898 9511s
 16778    42 7184.43247  109 4300 15973.0000 7184.43247  55.0%  1897 9517s
 16780    43 7185.16271   26 4070 15973.0000 7185.16271  55.0%  1897 9520s
 16785    47 7594.65327  168 4173 15973.0000 7185.35496  55.0%  1897 9525s
 16790    50 7185.64650  124 4201 15973.0000 7185.64650  55.0%  1896 9533s
 16793    53 7259.92593  370 14198 15973.0000 7185.92156  55.0%  1926 9535s
H16794    51                    15971.000000 7185.92156  55.0%  1926 9548s
H16794    48                    15924.000000 7185.92156  54.9%  1926 9548s
H16794    46                    15891.000000 7185.92156  54.8%  1926 9549s
H16794    43                    15885.000000 7185.92156  54.8%  1926 9579s
H16794    41                    15853.000000 7185.92156  54.7%  1926 9579s
 16795    41 7185.92156    7 1446 15853.0000 7185.92156  54.7%  1926 9585s
H16795    39                    15823.000000 7185.92156  54.6%  1926 9593s
H16796    38                    15524.000000 7185.92156  53.7%  1926 9603s
H16796    36                    15492.000000 7185.92156  53.6%  1926 9603s
 16797    37 7664.47645  201 1472 15492.0000 7185.92156  53.6%  1925 9605s
H16797    35                    15491.000000 7185.92156  53.6%  1925 9617s
H16797    33                    15483.000000 7185.92156  53.6%  1925 9617s
H16797    32                    15475.000000 7185.92156  53.6%  1925 9617s
 16798    32 7353.60227  179 1774 15475.0000 7185.92156  53.6%  1925 9620s
H16798    30                    15441.000000 7185.92156  53.5%  1925 9634s
H16798    28                    15423.000000 7185.92156  53.4%  1925 9634s
H16798    27                    15420.000000 7185.92156  53.4%  1925 9634s
H16798    25                    15411.000000 7185.92156  53.4%  1925 9634s
H16798    24                    15410.000000 7185.92156  53.4%  1925 9634s
 16799    25 7185.92156   14 1982 15410.0000 7185.92156  53.4%  1925 9635s
H16799    24                    15398.000000 7185.92156  53.3%  1925 9651s
H16800    23                    15373.000000 7185.94285  53.3%  1925 9666s
H16800    22                    15272.000000 7185.94285  52.9%  1925 9666s
H16800    21                    15270.000000 7185.94285  52.9%  1925 9666s
H16800    19                    15227.000000 7185.94285  52.8%  1925 9666s
 16802    20 7733.81053  160 2337 15227.0000 7185.94285  52.8%  1925 9680s
 16803    21 7185.94285   70 2625 15227.0000 7185.94285  52.8%  1925 9695s
 16804    21 7185.97917  286 2717 15227.0000 7185.97917  52.8%  1925 9708s
 16805    22 7185.97917   59 2982 15227.0000 7185.97917  52.8%  1925 9721s
 16806    23 7185.97917   98 3198 15227.0000 7185.97917  52.8%  1924 9732s
 16807    23 7185.97917   55 3416 15227.0000 7185.97917  52.8%  1924 9740s
 16808    24 7185.97917   21 3558 15227.0000 7185.97917  52.8%  1924 9747s
 16809    25 8077.61826  209 3676 15227.0000 7185.97917  52.8%  1924 9753s
 16810    25 7185.97917  103 3809 15227.0000 7185.97917  52.8%  1924 9757s
 16812    27 7186.38638  159 3923 15227.0000 7186.38638  52.8%  1924 9760s
 16818    31 7186.47139   83 4003 15227.0000 7186.47139  52.8%  1923 9783s
H16818    29                    15185.000000 7189.20412  52.7%  1923 9789s
H16818    28                    15179.000000 7189.20412  52.6%  1923 9789s
 16820    29 7189.53147  109 3697 15179.0000 7189.53147  52.6%  1923 9791s
H16824    29                    15151.000000 7189.59771  52.5%  1922 9808s
 16825    29 7189.59771   28 3737 15151.0000 7189.59771  52.5%  1922 9821s
 16826    30 7190.49431  152 3545 15151.0000 7190.49431  52.5%  1922 9825s
H16828    29                    15149.000000 7190.69004  52.5%  1922 9827s
H16830    29                    15148.000000 7190.69387  52.5%  1922 9844s
H16830    27                    15106.000000 7190.69387  52.4%  1922 9844s
H16830    25                    15044.000000 7190.69387  52.2%  1922 9844s
 16831    25 7440.46414  213 3609 15044.0000 7190.69387  52.2%  1922 9855s
H16831    23                    15038.000000 7191.52967  52.2%  1922 9858s
H16831    21                    15027.000000 7191.52967  52.1%  1922 9858s
 16833    23 8187.74807  159 3618 15027.0000 7191.73505  52.1%  1921 9860s
 16836    25 7571.48160  210 3667 15027.0000 7191.76709  52.1%  1921 9888s
 16837    25 7192.81906  100 3760 15027.0000 7192.81906  52.1%  1921 9892s
 16839    27 7193.16204   39 3951 15027.0000 7193.16204  52.1%  1921 9895s
H16841    26                    14983.000000 7193.17813  52.0%  1920 9917s
H16841    24                    14981.000000 7193.17813  52.0%  1920 9917s
 16842    25 7193.17813  119 3892 14981.0000 7193.17813  52.0%  1920 9923s
H16842    23                    14966.000000 7193.96548  51.9%  1920 9927s
H16842    21                    14946.000000 7193.96548  51.9%  1920 9927s
H16842    19                    14852.000000 7193.96548  51.6%  1920 9935s
H16842    17                    14822.000000 7193.96548  51.5%  1920 9938s
 16843    17 7193.96548  162 3765 14822.0000 7193.96548  51.5%  1920 9940s
 16846    19 7917.43548  230 3756 14822.0000 7194.01133  51.5%  1920 9974s
H16846    17                    14757.000000 7195.03158  51.2%  1920 9978s
H16846    16                    14726.000000 7195.03158  51.1%  1920 9978s
H16846    14                    14724.000000 7195.03158  51.1%  1920 9978s
 16848    16 7195.09785   18 3549 14724.0000 7195.09785  51.1%  1920 9980s

Cutting planes:
  Gomory: 26
  Cover: 995
  Implied bound: 5
  Projected implied bound: 2
  Clique: 236
  MIR: 108
  StrongCG: 134
  Flow cover: 2265
  GUB cover: 188
  Zero half: 429
  Mod-K: 2
  RLT: 710
  Relax-and-lift: 4
  BQP: 6
  PSD: 3

Explored 16851 nodes (32658664 simplex iterations) in 10000.15 seconds (14502.63 work units)
Thread count was 32 (of 64 available processors)

Solution count 10: 14724 14726 14757 ... 15027

Time limit reached
Best objective 1.472400000000e+04, best bound 7.196000000000e+03, gap 51.1274%
Solved c101_Skewed2 -> /project2/ssuen_1733/output/v4_exact_weekly_fairness_w10_l100_mad/c101_Skewed2.pkl / /project2/ssuen_1733/output/v4_exact_weekly_fairness_w10_l100_mad/c101_Skewed2.json / /project2/ssuen_1733/output/v4_exact_weekly_fairness_w10_l100_mad/c101_Skewed2_running_synopsis.json
[Mon Sep 28 12:04:26 PDT 2026] Finished run_single_instance for c101_Skewed2
