Using Python:
Python 3.10.18
Checking core dependencies:
numpy: 2.2.6
gurobi: (12, 0, 3)
[Mon Sep 28 09:17:15 PDT 2026] Starting run_single_instance on a02-08.hpc.usc.edu for c101_Random2
Set parameter TokenServer to value "hpc-licenses.hpcc.usc.edu"
Added workload fairness penalty (mean_absolute_deviation) to objective with weight 10.0
Added weekly leadership day fairness penalty (mean_absolute_deviation) to objective with weight 100.0
Set parameter TimeLimit to value 10000
Set parameter Seed to value 42
Set parameter OutputFlag to value 1
Gurobi Optimizer version 12.0.3 build v12.0.3rc0 (linux64 - "Rocky Linux 8.10 (Green Obsidian)")

CPU model: AMD EPYC 7513 32-Core Processor, instruction set [SSE2|AVX|AVX2]
Thread count: 64 physical cores, 64 logical processors, using up to 32 threads

Non-default parameters:
TimeLimit  10000
Seed  42

Optimize a model with 985350 rows, 728450 columns and 6946650 nonzeros
Model fingerprint: 0x7489c891
Variable types: 200 continuous, 728250 integer (727750 binary)
Coefficient statistics:
  Matrix range     [2e-02, 1e+03]
  Objective range  [1e+00, 1e+02]
  Bounds range     [1e+00, 5e+01]
  RHS range        [1e+00, 1e+03]
Presolve removed 957250 rows and 701354 columns
Presolve time: 1.14s
Presolved: 28100 rows, 27096 columns, 213050 nonzeros
Variable types: 100 continuous, 26996 integer (26850 binary)
Performing another presolve...
Presolve removed 3150 rows and 200 columns
Presolve time: 0.68s
Deterministic concurrent LP optimizer: primal and dual simplex
Showing primal log only...


Root simplex log...

Iteration    Objective       Primal Inf.    Dual Inf.      Time
   21526    1.0132331e+04   0.000000e+00   1.043553e+06      5s
   47218    6.4317976e+03   0.000000e+00   1.464840e+08     10s
Concurrent spin time: 0.00s

Solved with dual simplex

Root simplex log...

Iteration    Objective       Primal Inf.    Dual Inf.      Time
   23091    4.6650365e+03   0.000000e+00   0.000000e+00     12s

Root relaxation: objective 4.665037e+03, 23091 iterations, 8.41 seconds (12.16 work units)
Total elapsed time = 12.01s (DegenMoves)

    Nodes    |    Current Node    |     Objective Bounds      |     Work
 Expl Unexpl |  Obj  Depth IntInf | Incumbent    BestBd   Gap | It/Node Time

     0     0 4665.03654    0 1417          - 4665.03654      -     -   12s
     0     0 4735.56508    0 1501          - 4735.56508      -     -   56s
     0     0 4735.56508    0 1469          - 4735.56508      -     -   60s
     0     0 4736.90950    0 1425          - 4736.90950      -     -   61s
     0     0 4737.36302    0 1402          - 4737.36302      -     -   61s
     0     0 4737.36302    0 1421          - 4737.36302      -     -   62s
     0     0 4795.41236    0 1496          - 4795.41236      -     -   68s
     0     0 4799.22972    0 1517          - 4799.22972      -     -   69s
     0     0 4799.25470    0 1473          - 4799.25470      -     -   69s
     0     0 4799.25606    0 1486          - 4799.25606      -     -   70s
     0     0 4960.20238    0 1667          - 4960.20238      -     -   79s
     0     0 4980.64116    0 1620          - 4980.64116      -     -   80s
     0     0 4983.34342    0 1600          - 4983.34342      -     -   81s
     0     0 4983.34342    0 1609          - 4983.34342      -     -   81s
     0     0 5093.05979    0 1757          - 5093.05979      -     -   86s
     0     0 5093.86173    0 1765          - 5093.86173      -     -   87s
     0     0 5093.87124    0 1767          - 5093.87124      -     -   87s
     0     0 5169.99234    0 1829          - 5169.99234      -     -   94s
     0     0 5172.29162    0 1900          - 5172.29162      -     -   95s
     0     0 5172.30087    0 1882          - 5172.30087      -     -   95s
     0     0 5244.28684    0 1839          - 5244.28684      -     -  101s
     0     0 5244.98206    0 1843          - 5244.98206      -     -  102s
     0     0 5246.24316    0 1782          - 5246.24316      -     -  103s
     0     0 5246.29334    0 1850          - 5246.29334      -     -  103s
     0     0 5285.08427    0 1795          - 5285.08427      -     -  108s
     0     0 5287.18153    0 1836          - 5287.18153      -     -  109s
     0     0 5287.18739    0 1870          - 5287.18739      -     -  109s
     0     0 5307.77760    0 1940          - 5307.77760      -     -  112s
     0     0 5309.55411    0 1899          - 5309.55411      -     -  113s
     0     0 5309.60718    0 1866          - 5309.60718      -     -  114s
     0     0 5322.32756    0 1862          - 5322.32756      -     -  117s
     0     0 5323.33756    0 1924          - 5323.33756      -     -  117s
     0     0 5323.34272    0 1911          - 5323.34272      -     -  118s
     0     0 5332.28919    0 1961          - 5332.28919      -     -  120s
     0     0 5332.75226    0 1950          - 5332.75226      -     -  121s
     0     0 5332.79133    0 1922          - 5332.79133      -     -  121s
     0     0 5342.86215    0 1884          - 5342.86215      -     -  124s
     0     0 5343.16447    0 1904          - 5343.16447      -     -  124s
     0     0 5343.17795    0 1916          - 5343.17795      -     -  125s
     0     0 5348.29417    0 1787          - 5348.29417      -     -  127s
     0     0 5348.81708    0 1846          - 5348.81708      -     -  127s
     0     0 5348.84072    0 1842          - 5348.84072      -     -  128s
     0     0 5358.97390    0 1777          - 5358.97390      -     -  130s
     0     0 5359.81082    0 1783          - 5359.81082      -     -  131s
     0     0 5359.85894    0 1855          - 5359.85894      -     -  131s
     0     0 5367.02136    0 1821          - 5367.02136      -     -  133s
     0     0 5367.45567    0 1875          - 5367.45567      -     -  134s
     0     0 5367.46495    0 1872          - 5367.46495      -     -  134s
     0     0 5373.78449    0 2014          - 5373.78449      -     -  136s
     0     0 5374.16895    0 2013          - 5374.16895      -     -  137s
     0     0 5374.16895    0 2023          - 5374.16895      -     -  137s
     0     0 5378.73782    0 1968          - 5378.73782      -     -  139s
     0     0 5378.97382    0 1950          - 5378.97382      -     -  139s
     0     0 5378.99881    0 1958          - 5378.99881      -     -  140s
     0     0 5388.80251    0 1955          - 5388.80251      -     -  142s
     0     0 5389.24861    0 1986          - 5389.24861      -     -  142s
     0     0 5389.28708    0 1958          - 5389.28708      -     -  143s
     0     0 5393.93684    0 1915          - 5393.93684      -     -  145s
     0     0 5394.35351    0 1939          - 5394.35351      -     -  145s
     0     0 5394.35837    0 1956          - 5394.35837      -     -  146s
     0     0 5400.98532    0 1897          - 5400.98532      -     -  148s
     0     0 5401.15525    0 1889          - 5401.15525      -     -  149s
     0     0 5407.94018    0 1905          - 5407.94018      -     -  151s
     0     0 5410.05646    0 1928          - 5410.05646      -     -  152s
     0     0 5414.58444    0 1860          - 5414.58444      -     -  153s
     0     0 5414.91603    0 1880          - 5414.91603      -     -  154s
     0     0 5414.93338    0 1903          - 5414.93338      -     -  154s
     0     0 5418.55887    0 1882          - 5418.55887      -     -  155s
     0     0 5419.28581    0 1874          - 5419.28581      -     -  156s
     0     0 5422.46619    0 1996          - 5422.46619      -     -  157s
     0     0 5422.77467    0 2014          - 5422.77467      -     -  158s
     0     0 5422.82032    0 2013          - 5422.82032      -     -  158s
     0     0 5423.80676    0 1985          - 5423.80676      -     -  159s
     0     0 5423.82707    0 2035          - 5423.82707      -     -  159s
     0     0 5424.71376    0 1994          - 5424.71376      -     -  160s
     0     0 5424.71382    0 1994          - 5424.71382      -     -  160s
H    0     0                    6705300.0000 5424.72764   100%     -  169s
H    0     0                    149008.00000 5424.72764  96.4%     -  169s
H    0     0                    148666.00000 5424.72764  96.4%     -  169s
H    0     0                    148657.00000 5424.72764  96.4%     -  169s
H    0     0                    148561.00000 5424.72764  96.3%     -  169s
H    0     0                    146713.00000 5424.72764  96.3%     -  169s
H    0     0                    146533.00000 5424.72764  96.3%     -  169s
H    0     0                    136080.00000 5424.72764  96.0%     -  170s
H    0     0                    92389.000000 5424.72764  94.1%     -  170s
H    0     0                    80264.000000 5424.72764  93.2%     -  170s
H    0     0                    78271.000000 5424.72764  93.1%     -  170s
H    0     0                    74479.000000 5424.72764  92.7%     -  170s
H    0     0                    74344.000000 5424.72764  92.7%     -  170s
H    0     0                    71739.000000 5424.72764  92.4%     -  170s
H    0     0                    69870.000000 5424.72764  92.2%     -  170s
H    0     0                    65395.000000 5424.72764  91.7%     -  170s
H    0     0                    65302.000000 5424.72764  91.7%     -  170s
H    0     0                    64777.000000 5424.72764  91.6%     -  170s
H    0     0                    62133.000000 5424.72764  91.3%     -  170s
H    0     0                    61457.000000 5424.72764  91.2%     -  170s
H    0     0                    60487.000000 5424.72764  91.0%     -  170s
H    0     0                    59747.000000 5424.72764  90.9%     -  170s
H    0     0                    59283.000000 5424.72764  90.8%     -  170s
H    0     0                    57787.000000 5424.72764  90.6%     -  170s
H    0     0                    57691.000000 5424.72764  90.6%     -  170s
H    0     0                    56409.000000 5424.72764  90.4%     -  170s
H    0     0                    56364.000000 5424.72764  90.4%     -  170s
H    0     2                    54529.000000 5424.72764  90.1%     -  171s
     0     2 5424.72764    0 1974 54529.0000 5424.72764  90.1%     -  171s
     1     4 5425.49398    1 1964 54529.0000 5424.89154  90.1%   982  183s
     3     8 5426.46967    2 1953 54529.0000 5426.05621  90.0%  5422  197s
     7    16 5427.83870    3 1952 54529.0000 5427.83870  90.0%  7178  219s
    15    32 5427.93602    4 1935 54529.0000 5427.93602  90.0%  7173  231s
    31    61 5543.69197    5 1923 54529.0000 5427.99094  90.0%  6936  263s
H   35    61                    46430.000000 5427.99094  88.3%  7006  263s
H   36    61                    45522.000000 5427.99094  88.1%  7029  263s
    60    93 5692.87779    6 1974 45522.0000 5427.99094  88.1%  8578  279s
H   92   187                    45327.000000 5427.99094  88.0%  6212  339s
H   95   187                    43162.000000 5427.99094  87.4%  6133  339s
H  100   187                    42418.000000 5427.99094  87.2%  5843  339s
H  106   187                    39787.000000 5427.99094  86.4%  5682  339s
H  186   293                    39601.000000 5427.99094  86.3%  3752  363s
H  292   377                    37779.000000 5427.99094  85.6%  3131  389s
H  307   377                    37226.000000 5427.99094  85.4%  3105  389s
H  359   377                    36300.000000 5427.99094  85.0%  2892  389s
H  376   484                    36256.000000 5427.99094  85.0%  2865  411s
H  483   514                    36174.000000 5427.99094  85.0%  2628  428s
H  484   514                    35615.000000 5427.99094  84.8%  2625  428s
H  500   514                    35506.000000 5427.99094  84.7%  2609  428s
H  512   514                    35375.000000 5427.99094  84.7%  2573  428s
   513   595 5832.62358   15 1793 35375.0000 5427.99094  84.7%  2593  448s
H  594   653                    35293.000000 5427.99094  84.6%  2486  465s
H  594   653                    35211.000000 5427.99094  84.6%  2486  465s
H  596   653                    33615.000000 5427.99094  83.9%  2497  465s
H  603   653                    33472.000000 5427.99094  83.8%  2473  465s
   652   748 5961.62293   17 1966 33472.0000 5427.99094  83.8%  2472  483s
H  747   778                    30906.000000 5427.99094  82.4%  2417  501s
H  748   778                    29953.000000 5427.99094  81.9%  2416  501s
H  751   778                    29273.000000 5427.99094  81.5%  2409  501s
   777   870 5809.57187   18 1834 29273.0000 5427.99094  81.5%  2407  519s
H  869   967                    27101.000000 5427.99094  80.0%  2320  536s
H  882   967                    27032.000000 5427.99094  79.9%  2312  536s
H  897   967                    26960.000000 5427.99094  79.9%  2306  536s
H  912   967                    26836.000000 5427.99094  79.8%  2303  536s
H  941   967                    26806.000000 5427.99094  79.8%  2269  536s
H  944   967                    26250.000000 5427.99094  79.3%  2265  536s
H  960   967                    25261.000000 5427.99094  78.5%  2249  536s
   966  1051 5717.72319   21 1935 25261.0000 5427.99094  78.5%  2244  555s
  1050  1126 5819.39873   19 1826 25261.0000 5427.99094  78.5%  2308  578s
H 1051  1126                    25251.000000 5427.99094  78.5%  2306  578s
H 1052  1126                    24611.000000 5427.99094  77.9%  2305  578s
H 1059  1126                    24582.000000 5427.99094  77.9%  2300  579s
H 1088  1126                    24486.000000 5427.99094  77.8%  2325  579s
H 1093  1126                    23995.000000 5427.99094  77.4%  2322  579s
  1125  1218 5836.23776   21 1793 23995.0000 5427.99094  77.4%  2296  600s
H 1126  1218                    23256.000000 5427.99094  76.7%  2294  600s
H 1127  1218                    23095.000000 5427.99094  76.5%  2292  600s
H 1140  1218                    23042.000000 5427.99094  76.4%  2283  600s
H 1169  1218                    22907.000000 5427.99094  76.3%  2292  600s
H 1186  1218                    22726.000000 5427.99094  76.1%  2281  600s
H 1217  1351                    22406.000000 5427.99094  75.8%  2245  620s
H 1219  1351                    22374.000000 5427.99094  75.7%  2254  620s
H 1223  1351                    22342.000000 5427.99094  75.7%  2251  620s
H 1244  1351                    21724.000000 5427.99094  75.0%  2234  620s
H 1350  1458                    21380.000000 5427.99094  74.6%  2176  639s
H 1352  1458                    21059.000000 5427.99094  74.2%  2181  639s
H 1391  1458                    20978.000000 5427.99094  74.1%  2205  639s
H 1457  1618                    20914.000000 5427.99094  74.0%  2151  663s
H 1471  1618                    20908.000000 5427.99094  74.0%  2140  663s
H 1475  1618                    20893.000000 5427.99094  74.0%  2138  663s
H 1484  1618                    20335.000000 5427.99094  73.3%  2143  663s
H 1543  1618                    20253.000000 5427.99094  73.2%  2121  663s
H 1617  1740                    20154.000000 5427.99094  73.1%  2082  685s
H 1620  1740                    20042.000000 5427.99094  72.9%  2087  685s
H 1623  1740                    19969.000000 5427.99094  72.8%  2093  685s
H 1657  1740                    19963.000000 5427.99094  72.8%  2090  685s
H 1665  1740                    19897.000000 5427.99094  72.7%  2084  685s
H 1715  1740                    19890.000000 5427.99094  72.7%  2057  685s
H 1739  1901                    19834.000000 5427.99094  72.6%  2045  709s
H 1772  1901                    19790.000000 5427.99094  72.6%  2046  709s
H 1821  1901                    19321.000000 5427.99094  71.9%  2020  709s
H 1892  1901                    19291.000000 5427.99094  71.9%  1987  709s
  1900  2035 5721.35648   28 1939 19291.0000 5427.99094  71.9%  1982  736s
H 2034  2158                    18204.000000 5427.99094  70.2%  1964  765s
H 2072  2158                    17954.000000 5427.99094  69.8%  1953  765s
H 2075  2158                    17517.000000 5427.99094  69.0%  1954  765s
H 2137  2158                    17421.000000 5427.99094  68.8%  1950  765s
H 2157  2256                    17364.000000 5427.99094  68.7%  1950  790s
H 2160  2256                    17163.000000 5427.99094  68.4%  1950  790s
H 2166  2256                    17128.000000 5427.99094  68.3%  1962  790s
H 2193  2256                    17035.000000 5427.99094  68.1%  1961  790s
H 2257  2365                    16310.000000 5427.99094  66.7%  1961  816s
H 2366  2460                    16081.000000 5427.99094  66.2%  1989  844s
H 2385  2460                    16052.000000 5427.99094  66.2%  2008  844s
H 2397  2460                    15624.000000 5427.99094  65.3%  2018  844s
  2461  2631 5756.51803   34 1995 15624.0000 5427.99094  65.3%  2003  872s
H 2467  2631                    15456.000000 5427.99094  64.9%  2010  872s
H 2548  2631                    15447.000000 5427.99094  64.9%  2005  872s
  2636  2776 5791.77901   35 1981 15447.0000 5427.99094  64.9%  1982  901s
  2781  2938 5830.00934   35 1924 15447.0000 5427.99094  64.9%  2004  928s
H 2943  3029                    14920.000000 5427.99094  63.6%  2011  959s
  3034  3061 5850.76115   38 1908 14920.0000 5427.99094  63.6%  2029  981s
H 3037  3061                    14392.000000 5427.99094  62.3%  2028  981s
H 3041  3061                    14369.000000 5427.99094  62.2%  2027  981s
H 3058  3061                    14362.000000 5427.99094  62.2%  2024  981s
  3066  3335 5873.65882   39 1807 14362.0000 5427.99094  62.2%  2024 1010s
H 3340  3368                    14298.000000 5427.99094  62.0%  1967 1033s
H 3343  3368                    14274.000000 5427.99094  62.0%  1969 1033s
  3373  3650 5950.43412   49 1846 14274.0000 5427.99094  62.0%  1965 1065s
  3659  3681 5954.30060   53 1896 14274.0000 5427.99094  62.0%  1916 1088s
H 3664  3681                    14273.000000 5427.99094  62.0%  1914 1088s
H 3665  3681                    14256.000000 5427.99094  61.9%  1914 1088s
H 3692  3805                    14254.000000 5427.99094  61.9%  1911 1120s
H 3698  3805                    14227.000000 5427.99094  61.8%  1911 1120s
H 3700  3805                    14125.000000 5427.99094  61.6%  1913 1120s
H 3775  3805                    14121.000000 5427.99094  61.6%  1928 1120s
H 3780  3805                    14064.000000 5427.99094  61.4%  1930 1120s
H 3816  3838                    13557.000000 5427.99094  60.0%  1925 1151s
H 3821  3838                    13553.000000 5427.99094  59.9%  1926 1151s
H 3836  3838                    13519.000000 5427.99094  59.8%  1932 1151s
  3849  4039 5944.68005   56 1940 13519.0000 5427.99094  59.8%  1931 1187s
H 4050  4072                    13517.000000 5427.99094  59.8%  1950 1213s
H 4053  4072                    13509.000000 5427.99094  59.8%  1952 1213s
H 4081  4072                    13506.000000 5427.99094  59.8%  1959 1213s
H 4083  4225                    13482.000000 5427.99094  59.7%  1958 1252s
H 4087  4225                    13463.000000 5427.99094  59.7%  1958 1252s
H 4096  4225                    13441.000000 5427.99094  59.6%  1958 1252s
H 4139  4225                    13400.000000 5427.99094  59.5%  1965 1252s
H 4238  4261                    13252.000000 5427.99094  59.0%  1956 1282s
H 4245  4261                    13241.000000 5427.99094  59.0%  1957 1282s
  4274  4472 6026.19265   62 2122 13241.0000 5427.99094  59.0%  1967 1326s
  4485  4757 5985.04865   64 2042 13241.0000 5427.99094  59.0%  1997 1369s
H 4627  4757                    13240.000000 5427.99094  59.0%  2016 1369s
  4772  5044 6031.73102   66 2001 13240.0000 5427.99094  59.0%  1989 1413s
  5059  5413 6041.61470   67 1882 13240.0000 5427.99094  59.0%  1989 1457s
H 5430  5450                    12791.000000 5427.99094  57.6%  1962 1494s
H 5447  5450                    12776.000000 5427.99094  57.5%  1973 1494s
H 5467  5908                    12766.000000 5427.99094  57.5%  1972 1538s
H 5928  6086                    12631.000000 5427.99094  57.0%  1920 1583s
H 5930  6086                    12612.000000 5427.99094  57.0%  1922 1583s
H 5942  6086                    12594.000000 5427.99094  56.9%  1924 1583s
H 5950  6086                    12521.000000 5427.99094  56.6%  1926 1583s
  6106  6575 6165.65649   70 1900 12521.0000 5427.99094  56.6%  1905 1628s
  6602  7129 6193.09283   73 1948 12521.0000 5427.99094  56.6%  1858 1673s
  7158  7637 6208.40275   74 1865 12521.0000 5427.99094  56.6%  1807 1719s
H 7168  7637                    12497.000000 5427.99094  56.6%  1809 1719s
H 7253  7637                    12424.000000 5427.99094  56.3%  1816 1719s
H 7470  7637                    12310.000000 5427.99094  55.9%  1796 1719s
H 7554  7637                    12262.999995 5427.99094  55.7%  1780 1719s
  7674  8313 6276.08796   76 1920 12263.0000 5427.99094  55.7%  1763 1770s
H 8394  8394                    12206.000000 5427.99094  55.5%  1702 1813s
H 8415  8393                    12146.000000 5427.99094  55.3%  1706 1813s
H 8458  8392                    12129.000000 5427.99094  55.2%  1707 1813s
  8479  9100 6340.75564   77 1631 12129.0000 5427.99094  55.2%  1706 1864s
  9295  9720 6304.04077   77 1943 12129.0000 5428.32712  55.2%  1640 1912s
H 9811  9718                    12110.000000 5428.32712  55.2%  1611 1912s
H 9989  9711                    11995.000000 5428.32712  54.7%  1598 1964s
H 9990  9623                    11840.000000 5428.32712  54.2%  1598 1964s
 10029  9785 6749.56653   81 1368 11840.0000 5428.32712  54.2%  1605 2015s
H10035  9784                    11836.000000 5428.32712  54.1%  1606 2015s
H10181  9784                    11824.000000 5428.32712  54.1%  1604 2015s
H10190  9762                    11771.000000 5428.32712  53.9%  1609 2015s
H10200  9743                    11738.000000 5428.32712  53.8%  1609 2015s
 10242 10268 6502.97554   81 1748 11738.0000 5428.32712  53.8%  1616 2077s
 10776 10940 6645.32223   84 1600 11738.0000 5428.32712  53.8%  1615 2134s
H10949 10933                    11722.000000 5428.32712  53.7%  1608 2134s
 11455 11758 6789.28262   87 1584 11722.0000 5428.32712  53.7%  1595 2195s
 12318 12553 6924.91854   91 1520 11722.0000 5428.32712  53.7%  1560 2257s
H12332 12551                    11718.000000 5428.32712  53.7%  1560 2257s
 13168 13604 7185.45953   95 1575 11718.0000 5428.32712  53.7%  1530 2318s
H13366 13604                    11716.000000 5428.32712  53.7%  1523 2318s
 14302 13691 7456.48435  101 1407 11716.0000 5428.32712  53.7%  1477 2371s
H14337 13691                    11715.000000 5428.32712  53.7%  1475 2371s
H14338 13688                    11707.000000 5428.32712  53.6%  1476 2371s
H14341 13648                    11666.000000 5428.32712  53.5%  1476 2371s
 14391 14860 7568.61611  105 1463 11666.0000 5428.32712  53.5%  1477 2430s
 15714 14861 5833.58027   34 13240 11666.0000 5428.32712  53.5%  1414 2484s
H15715 14118                    11649.000000 5428.32712  53.4%  1414 2522s
H15715 13412                    11648.000000 5428.32712  53.4%  1414 2522s
 15717 13413 7982.07689  566 1471 11648.0000 5428.32712  53.4%  1413 2527s
 15718 13414 6633.72270  104 1577 11648.0000 5428.32712  53.4%  1413 2535s
 15719 13414 11176.3655  341 1697 11648.0000 5428.32712  53.4%  1413 2543s
 15720 13415 7992.34049  676 1997 11648.0000 5428.32712  53.4%  1413 2551s
 15721 13416 8512.26621  131 1945 11648.0000 5437.93881  53.3%  1413 2559s
 15722 13416 8287.00702  219 1967 11648.0000 5462.09826  53.1%  1413 2563s
 15723 13417 11246.4601  415 1883 11648.0000 5473.55040  53.0%  1413 2566s
 15726 13419 6499.72101   54 1901 11648.0000 5483.19431  52.9%  1413 2570s
H15728 12749                    11645.000000 5484.14377  52.9%  1412 2595s
 15730 12751 5953.13856   15 1964 11645.0000 5591.37367  52.0%  1412 2602s
 15731 12751 8429.06189  263 1887 11645.0000 5612.79445  51.8%  1412 2606s
H15735 12116                    11640.000000 5617.88739  51.7%  1412 2631s
 15737 12117 10044.5191 1091 1911 11640.0000 5663.31933  51.3%  1412 2636s
 15742 12121 7618.84044  130 1926 11640.0000 5666.06738  51.3%  1411 2667s
 15743 12121 7044.93858  273 1960 11640.0000 5720.64748  50.9%  1411 2674s
 15744 12122 6688.46666  121 1877 11640.0000 5727.05357  50.8%  1411 2676s
 15748 12125 8197.12100  246 1894 11640.0000 5729.34999  50.8%  1411 2706s
 15749 12125 8428.48742  232 2033 11640.0000 5799.02081  50.2%  1410 2713s
 15750 12126 8041.21236  146 2049 11640.0000 5811.87011  50.1%  1410 2716s
 15756 12130 7054.93213   92 2018 11640.0000 5815.94663  50.0%  1410 2746s
 15757 12131 9488.45689  350 2104 11640.0000 5878.63093  49.5%  1410 2785s
 15758 12131 7262.16523  308 2113 11640.0000 5892.01500  49.4%  1410 2790s
 15763 12135 6658.99479   82 2063 11640.0000 5898.87286  49.3%  1409 2795s
 15765 12136 5961.63132   18 2027 11640.0000 5898.88197  49.3%  1409 2823s
 15766 12137 7691.10237  517 2076 11640.0000 5996.38218  48.5%  1409 2831s
 15767 12137 8022.21490  197 2102 11640.0000 6020.37147  48.3%  1409 2836s
 15769 12139 8146.98422  233 2021 11640.0000 6026.34664  48.2%  1409 2840s
 15773 12141 7474.29125  188 2015 11640.0000 6026.76691  48.2%  1408 2868s
 15774 12142 6409.52988   66 1985 11640.0000 6095.96295  47.6%  1408 2877s
 15775 12143 8413.05253  120 2154 11640.0000 6122.45164  47.4%  1408 2882s
 15776 12143 6130.48963   76 2172 11640.0000 6130.48963  47.3%  1408 2885s
 15779 12145 7269.86176  119 2136 11640.0000 6136.31891  47.3%  1408 2890s
 15783 12148 10822.0628  298 2179 11640.0000 6136.77757  47.3%  1407 2918s
 15784 12149 6562.43155   38 2091 11640.0000 6204.31834  46.7%  1407 2926s
 15785 12149 7655.98783  171 2134 11640.0000 6220.91099  46.6%  1407 2931s
 15788 12151 6279.07094  101 2150 11640.0000 6225.51032  46.5%  1407 2935s
 15791 12153 6734.88742  107 2134 11640.0000 6225.69283  46.5%  1407 2963s
 15792 12154 6272.95310   67 2241 11640.0000 6272.95310  46.1%  1407 2971s
 15793 12155 7353.19389  165 2209 11640.0000 6286.17067  46.0%  1407 2975s
 15798 12158 9048.44014  294 2215 11640.0000 6290.11557  46.0%  1406 2980s
 15800 12159 7795.21000  263 2268 11640.0000 6290.11750  46.0%  1406 3007s
 15801 12160 6961.37699  187 2181 11640.0000 6338.25066  45.5%  1406 3015s
 15802 12161 7180.86109  219 2352 11640.0000 6352.58665  45.4%  1406 3020s
 15809 12165 6357.67240   42 2292 11640.0000 6357.67240  45.4%  1405 3025s
 15810 12166 9901.79814 1060 2288 11640.0000 6357.67247  45.4%  1405 3052s
 15811 12167 6525.00422   24 2220 11640.0000 6397.19381  45.0%  1405 3059s
 15812 12167 7891.21218  283 2228 11640.0000 6408.23024  44.9%  1405 3063s
 15813 12168 7484.56168  188 2150 11640.0000 6412.19205  44.9%  1405 3065s
 15819 12172 11176.3655  341 2262 11640.0000 6413.76158  44.9%  1404 3096s
 15820 12173 7992.34049  676 2259 11640.0000 6451.07355  44.6%  1404 3104s
 15821 12173 8512.26621  131 2359 11640.0000 6461.26337  44.5%  1404 3108s
 15822 12174 8287.00702  219 2267 11640.0000 6465.84516  44.5%  1404 3110s
 15827 12177 8637.66509  154 2313 11640.0000 6466.66199  44.4%  1404 3140s
H15827 11566                    11638.000000 6495.63772  44.2%  1404 3150s
 15829 11568 6831.37310  127 2252 11638.0000 6502.19622  44.1%  1403 3155s
 15835 11572 6505.54416   33 2332 11638.0000 6505.54416  44.1%  1403 3160s
 15836 11572 9010.27927  298 2313 11638.0000 6505.54429  44.1%  1403 3186s
 15837 11573 10044.5191 1091 2409 11638.0000 6544.14475  43.8%  1403 3195s
 15838 11574 6555.47451   52 2352 11638.0000 6555.47451  43.7%  1403 3200s
 15840 11575 9711.22616  378 2376 11638.0000 6560.26976  43.6%  1402 3205s
 15846 11579 6560.63996   64 2412 11638.0000 6560.63996  43.6%  1402 3235s
 15847 11580 9232.43827  324 2413 11638.0000 6592.39064  43.4%  1402 3244s
 15848 11580 8197.12100  246 2279 11638.0000 6599.90256  43.3%  1402 3249s
 15849 11581 8428.48742  232 2325 11638.0000 6601.47085  43.3%  1402 3251s
 15857 11586 9488.45689  350 2408 11638.0000 6602.33605  43.3%  1401 3283s
 15858 11587 7262.16523  308 2373 11638.0000 6622.83866  43.1%  1401 3289s
 15859 11588 6628.68563   16 2281 11638.0000 6628.68563  43.0%  1401 3293s
 15860 11588 8688.58340  711 2407 11638.0000 6630.01437  43.0%  1401 3295s
 15866 11592 7691.10237  517 2322 11638.0000 6630.80231  43.0%  1400 3323s
H15866 11010                    11634.000000 6658.67881  42.8%  1400 3332s
H15866 10457                    11631.000000 6658.67881  42.8%  1400 3333s
 15868 10459 6666.31416   34 2577 11631.0000 6666.31416  42.7%  1400 3338s
 15869 10459 8146.98422  233 2525 11631.0000 6667.87024  42.7%  1400 3340s
 15876 10464 6668.84729   76 2550 11631.0000 6668.84729  42.7%  1399 3369s
 15877 10465 6689.73946   29 2400 11631.0000 6689.73946  42.5%  1399 3378s
 15878 10465 6693.49892   91 2539 11631.0000 6693.49892  42.5%  1399 3381s
 15884 10469 6694.79856   38 2573 11631.0000 6694.79856  42.4%  1399 3411s
H15884  9943                    11629.000000 6709.41282  42.3%  1399 3418s
H15884  9443                    11627.000000 6709.41282  42.3%  1399 3418s
H15884  8968                    11625.000000 6709.41282  42.3%  1399 3419s
 15886  8970 6714.72972   78 2504 11625.0000 6714.72972  42.2%  1398 3423s
 15887  8970 7549.96354  362 2576 11625.0000 6716.17429  42.2%  1398 3425s
 15892  8974 6716.59018   67 2576 11625.0000 6716.59018  42.2%  1398 3453s
 15893  8974 7353.19389  165 2439 11625.0000 6739.65997  42.0%  1398 3462s
 15894  8975 7757.93488  476 2471 11625.0000 6744.60725  42.0%  1398 3467s
 15896  8976 8991.76388  242 2621 11625.0000 6746.51333  42.0%  1397 3470s
 15899  8978 6746.60941   27 2557 11625.0000 6746.60941  42.0%  1397 3495s
 15900  8979 7795.21000  263 2703 11625.0000 6760.25604  41.8%  1397 3506s
 15902  8980 7180.86109  219 2453 11625.0000 6763.43949  41.8%  1397 3511s
 15906  8983 10232.9114  362 2555 11625.0000 6763.82096  41.8%  1397 3536s
 15907  8984 11286.9001  150 2667 11625.0000 6772.38863  41.7%  1396 3542s
 15908  8984 7483.82225  169 2732 11625.0000 6773.75679  41.7%  1396 3545s
 15914  8988 6774.33101   34 2783 11625.0000 6774.33101  41.7%  1396 3572s
H15914  8535                    11623.000000 6783.55057  41.6%  1396 3578s
 15915  8536 8067.31996  111 2679 11623.0000 6783.55057  41.6%  1396 3586s
 15916  8537 6785.95414   53 2759 11623.0000 6785.95414  41.6%  1396 3590s
 15921  8540 8512.26621  131 2684 11623.0000 6786.32443  41.6%  1395 3615s
 15922  8541 8287.00702  219 2734 11623.0000 6791.11947  41.6%  1395 3620s
 15928  8545 10834.7156  329 2866 11623.0000 6792.26644  41.6%  1395 3651s
H15928  8114                    11621.000000 6798.86772  41.5%  1395 3659s
H15928  7705                    11616.000000 6798.86772  41.5%  1395 3661s
 15931  7707 8429.06189  263 2789 11616.0000 6800.30767  41.5%  1394 3665s
 15935  7709 6800.41075   33 2755 11616.0000 6800.41075  41.5%  1394 3694s
 15936  7710 9010.27927  298 2736 11616.0000 6808.19144  41.4%  1394 3700s
 15938  7711 6810.65880   52 2876 11616.0000 6810.65880  41.4%  1394 3705s
 15941  7713 6810.72589  104 2797 11616.0000 6810.72589  41.4%  1394 3734s
H15941  7323                    11611.000000 6819.44722  41.3%  1394 3759s
H15941  6953                    11606.000000 6819.44722  41.2%  1394 3765s
 15942  6954 7618.84044  130 2763 11606.0000 6819.44722  41.2%  1393 3788s
 15943  6955 7044.93858  273 2734 11606.0000 6822.84267  41.2%  1393 3793s
 15946  6957 6823.35298   64 2788 11606.0000 6823.35298  41.2%  1393 3795s
 15950  6959 8041.21236  146 2828 11606.0000 6823.38980  41.2%  1393 3823s
 15951  6960 8050.87636  219 2798 11606.0000 6834.20370  41.1%  1393 3830s
 15956  6963 7054.93213   92 2910 11606.0000 6836.63246  41.1%  1392 3835s
 15959  6965 6836.63628   16 2966 11606.0000 6836.63628  41.1%  1392 3864s
 15960  6966 8688.58340  711 2786 11606.0000 6846.06849  41.0%  1392 3870s
 15966  6970 7691.10237  517 2836 11606.0000 6847.61454  41.0%  1391 3902s
 15967  6971 8022.21490  197 2970 11606.0000 6855.37416  40.9%  1391 3908s
 15968  6971 6856.94727   34 3042 11606.0000 6856.94727  40.9%  1391 3910s
 15973  6975 7474.29125  188 3012 11606.0000 6857.34182  40.9%  1391 3940s
 15974  6975 6864.45248   66 2858 11606.0000 6864.45248  40.9%  1391 3946s
 15977  6977 6865.48275   29 2880 11606.0000 6865.48275  40.8%  1390 3950s
 15981  6980 7060.74523  227 2922 11606.0000 6865.51340  40.8%  1390 3979s
 15982  6981 7728.48246   90 2788 11606.0000 6873.61487  40.8%  1390 3987s
 15983  6981 10822.0628  298 2819 11606.0000 6874.86701  40.8%  1390 3990s
 15988  6985 6875.26719  101 2867 11606.0000 6875.26719  40.8%  1389 4020s
 15989  6985 6881.66042   71 2857 11606.0000 6881.66042  40.7%  1389 4025s
 15994  6989 7757.93488  476 2855 11606.0000 6882.73518  40.7%  1389 4056s
 15995  6989 6887.52077  105 2857 11606.0000 6887.52077  40.7%  1389 4062s
 15996  6990 8991.76388  242 2867 11606.0000 6888.75446  40.6%  1389 4065s
 16004  6995 6889.08120   63 3025 11606.0000 6889.08120  40.6%  1388 4095s
 16005  6996 7027.71350  271 2836 11606.0000 6896.03228  40.6%  1388 4102s
 16007  6997 11286.9001  150 2795 11606.0000 6897.21038  40.6%  1388 4105s
 16012  7001 7891.21218  283 2856 11606.0000 6897.30042  40.6%  1387 4133s
 16013  7001 7484.56168  188 2821 11606.0000 6903.49730  40.5%  1387 4140s
 16018  7005 6905.19484  104 3019 11606.0000 6905.19484  40.5%  1387 4171s
 16019  7005 11176.3655  341 2908 11606.0000 6912.96742  40.4%  1387 4177s
 16021  7007 8512.26621  131 2897 11606.0000 6913.94479  40.4%  1387 4180s
 16025  7009 10306.0487 1144 2907 11606.0000 6913.99859  40.4%  1386 4207s
 16026  7010 6919.47112   54 2922 11606.0000 6919.47112  40.4%  1386 4214s
 16027  7011 8637.66509  154 2835 11606.0000 6920.30052  40.4%  1386 4216s
 16033  7015 9644.84321  292 2912 11606.0000 6920.60529  40.4%  1386 4245s
 16034  7015 6927.43415  144 3000 11606.0000 6927.43415  40.3%  1385 4252s
 16035  7016 6929.12423   33 3080 11606.0000 6929.12423  40.3%  1385 4255s
 16041  7020 6929.77477  104 3220 11606.0000 6929.77477  40.3%  1385 4286s
 16042  7021 7618.84044  130 3062 11606.0000 6935.22903  40.2%  1385 4292s
 16043  7021 7044.93858  273 3116 11606.0000 6936.69203  40.2%  1385 4295s
 16049  7025 8428.48742  232 3112 11606.0000 6937.00345  40.2%  1384 4325s
 16051  7027 8050.87636  219 3004 11606.0000 6940.79168  40.2%  1384 4331s
 16056  7030 7054.93213   92 2992 11606.0000 6940.95209  40.2%  1384 4360s
 16057  7031 9488.45689  350 2881 11606.0000 6945.61571  40.2%  1383 4365s
 16061  7033 11413.6221  439 3151 11606.0000 6946.73936  40.1%  1383 4370s
 16063  7035 6946.74374   82 3159 11606.0000 6946.74374  40.1%  1383 4396s
 16064  7035 6951.62741   28 2948 11606.0000 6951.62741  40.1%  1383 4401s
 16066  7037 7691.10237  517 3024 11606.0000 6953.59774  40.1%  1383 4405s
 16071  7040 7779.87856  277 3106 11606.0000 6953.67759  40.1%  1382 4434s
 16072  7041 7191.43803  223 3014 11606.0000 6956.55918  40.1%  1382 4440s
 16077  7044 6957.59355   29 3239 11606.0000 6957.59355  40.1%  1382 4470s
 16078  7045 6960.31053   91 3073 11606.0000 6960.31053  40.0%  1382 4536s
 16083  7048 10822.0628  298 3159 11606.0000 6960.93021  40.0%  1381 4566s
 16084  7049 6965.41003   38 3126 11606.0000 6965.41003  40.0%  1381 4571s
 16085  7049 7655.98783  171 3215 11606.0000 6966.85659  40.0%  1381 4575s
 16089  7052 6966.93146   71 3318 11606.0000 6966.93146  40.0%  1381 4604s
 16090  7053 8670.38708  168 3355 11606.0000 6969.87127  39.9%  1381 4608s
 16091  7053 6971.43586  107 3319 11606.0000 6971.43586  39.9%  1381 4611s
 16097  7057 6971.94502  103 3196 11606.0000 6971.94502  39.9%  1380 4642s
 16098  7058 9048.44014  294 3306 11606.0000 6975.53274  39.9%  1380 4646s
 16103  7061 6976.47701   41 3503 11606.0000 6976.47701  39.9%  1379 4678s
 16104  7062 6979.86997   63 3188 11606.0000 6979.86997  39.9%  1379 4683s
 16106  7063 10232.9114  362 3341 11606.0000 6980.72751  39.9%  1379 4685s
 16110  7066 9901.79814 1060 3309 11606.0000 6980.75660  39.9%  1379 4712s
 16111  7067 6983.52625   24 3174 11606.0000 6983.52625  39.8%  1379 4718s
 16113  7068 7484.56168  188 3322 11606.0000 6984.03017  39.8%  1379 4720s
 16119  7072 11176.3655  341 3408 11606.0000 6984.09049  39.8%  1378 4750s
 16121  7073 8512.26621  131 3364 11606.0000 6988.56443  39.8%  1378 4757s
 16125  7076 10306.0487 1144 3236 11606.0000 6988.94315  39.8%  1378 4760s
 16127  7077 8637.66509  154 3248 11606.0000 6988.94414  39.8%  1377 4788s
 16128  7078 10834.7156  329 3398 11606.0000 6992.60494  39.8%  1377 4794s
 16129  7079 6993.67377  127 3645 11606.0000 6993.67377  39.7%  1377 4796s
 16133  7081 9644.84321  292 3666 11606.0000 6993.81846  39.7%  1377 4827s
 16134  7082 6996.34686  144 3593 11606.0000 6996.34686  39.7%  1377 4832s
 16137  7084 10044.5191 1091 3460 11606.0000 6997.10942  39.7%  1377 4835s
 16140  7086 9711.22616  378 3548 11606.0000 6997.11489  39.7%  1376 4864s
 16141  7087 7000.33662  104 3417 11606.0000 7000.33662  39.7%  1376 4871s
 16144  7089 7001.37372  121 3470 11606.0000 7001.37372  39.7%  1376 4875s
 16147  7091 9232.43827  324 3543 11606.0000 7001.37805  39.7%  1376 4904s
 16148  7091 8197.12100  246 3627 11606.0000 7004.11544  39.7%  1376 4908s
 16149  7092 8428.48742  232 3689 11606.0000 7004.75199  39.6%  1376 4910s
 16156  7097 7054.93213   92 3675 11606.0000 7005.16324  39.6%  1375 4941s
 16157  7097 9488.45689  350 3480 11606.0000 7008.74398  39.6%  1375 4947s
 16158  7098 7262.16523  308 3471 11606.0000 7010.24991  39.6%  1375 4950s
 16162  7101 10097.0888  325 3670 11606.0000 7010.66245  39.6%  1374 4981s
 16163  7101 7014.17330   82 3437 11606.0000 7014.17330  39.6%  1374 4987s
 16165  7103 7014.99978   18 3800 11606.0000 7014.99978  39.6%  1374 4990s
 16170  7106 8131.49423  698 3761 11606.0000 7015.12871  39.6%  1374 5019s
 16171  7107 7779.87856  277 3517 11606.0000 7017.56074  39.5%  1374 5023s
 16172  7107 7191.43803  223 3522 11606.0000 7018.17564  39.5%  1374 5025s
 16177  7111 7018.34849   29 3600 11606.0000 7018.34849  39.5%  1373 5055s
 16178  7111 7022.24384   91 3438 11606.0000 7022.24384  39.5%  1373 5061s
 16180  7113 9783.12316 1023 3666 11606.0000 7023.83259  39.5%  1373 5065s
 16183  7115 10822.0628  298 3712 11606.0000 7023.89227  39.5%  1373 5096s
 16184  7115 7027.01102   38 3689 11606.0000 7027.01102  39.5%  1373 5102s
 16185  7116 7655.98783  171 3649 11606.0000 7028.26049  39.4%  1373 5105s
 16192  7121 7028.53391   67 3904 11606.0000 7028.53391  39.4%  1372 5135s
 16193  7121 7353.19389  165 3600 11606.0000 7032.50290  39.4%  1372 5140s
 16196  7123 8991.76388  242 3739 11606.0000 7033.88912  39.4%  1372 5145s
 16198  7125 9048.44014  294 3680 11606.0000 7033.89441  39.4%  1371 5172s
 16199  7125 7037.00116   27 3373 11606.0000 7037.00116  39.4%  1371 5178s
 16200  7126 7795.21000  263 3517 11606.0000 7038.00012  39.4%  1371 5181s
 16206  7130 10232.9114  362 3511 11606.0000 7038.22211  39.4%  1371 5213s
 16207  7131 11286.9001  150 3525 11606.0000 7041.54055  39.3%  1371 5218s
 16208  7131 7483.82225  169 3730 11606.0000 7042.25348  39.3%  1371 5220s
 16213  7135 7484.56168  188 3746 11606.0000 7042.44811  39.3%  1370 5269s
 16214  7135 7044.43210   34 3678 11606.0000 7044.43210  39.3%  1370 5274s
 16215  7136 8067.31996  111 3747 11606.0000 7044.88922  39.3%  1370 5277s
 16219  7139 11176.3655  341 3697 11606.0000 7045.06893  39.3%  1370 5280s
 16220  7139 7992.34049  676 3738 11606.0000 7045.06955  39.3%  1370 5319s
 16221  7140 8512.26621  131 3277 11606.0000 7049.01113  39.3%  1369 5327s
 16222  7141 8287.00702  219 3559 11606.0000 7050.28549  39.3%  1369 5331s
 16224  7142 10296.4109  217 3659 11606.0000 7050.59545  39.3%  1369 5335s
 16228  7145 10834.7156  329 3729 11606.0000 7050.60846  39.3%  1369 5377s
 16229  7145 7054.32252  127 3570 11606.0000 7054.32252  39.2%  1369 5386s
 16230  7146 7056.05084   15 3475 11606.0000 7056.05084  39.2%  1369 5391s
 16234  7149 7056.44399  144 3497 11606.0000 7056.44399  39.2%  1368 5395s
 16235  7149 7056.44407   33 3535 11606.0000 7056.44407  39.2%  1368 5439s
 16236  7150 9010.27927  298 3261 11606.0000 7059.22497  39.2%  1368 5451s
 16237  7151 10044.5191 1091 3429 11606.0000 7060.43787  39.2%  1368 5457s
 16238  7151 7060.79031   52 3436 11606.0000 7060.79031  39.2%  1368 5460s
 16243  7155 7060.95054  273 3401 11606.0000 7060.95054  39.2%  1368 5511s
 16244  7155 7063.46782  121 3372 11606.0000 7063.46782  39.1%  1368 5518s
 16245  7156 7746.61035  198 3522 11606.0000 7064.62332  39.1%  1367 5522s
 16247  7157 9232.43827  324 3423 11606.0000 7064.94592  39.1%  1367 5525s
 16251  7160 8050.87636  219 3478 11606.0000 7064.97947  39.1%  1367 5559s
 16252  7161 7821.84278  534 3514 11606.0000 7066.66213  39.1%  1367 5562s
 16254  7162 8163.48297  196 3527 11606.0000 7067.41729  39.1%  1367 5565s
 16259  7165 7067.49219   16 3605 11606.0000 7067.49219  39.1%  1366 5595s
H16259  6798                    11597.000000 7069.56232  39.0%  1366 5599s
 16261  6800 11413.6221  439 3575 11597.0000 7070.13982  39.0%  1366 5602s
 16265  6802 7070.30719   18 3522 11597.0000 7070.30719  39.0%  1366 5632s
 16266  6803 7691.10237  517 3644 11597.0000 7073.36646  39.0%  1366 5637s
 16268  6804 7074.25625   34 3742 11597.0000 7074.25625  39.0%  1365 5640s
 16273  6808 7474.29125  188 3746 11597.0000 7074.35045  39.0%  1365 5671s
 16274  6808 7076.45241   66 3609 11597.0000 7076.45241  39.0%  1365 5675s
 16277  6810 7077.27462   29 3736 11597.0000 7077.27462  39.0%  1365 5680s
 16280  6812 9783.12316 1023 3657 11597.0000 7077.28542  39.0%  1364 5708s
 16281  6813 7080.47012  227 3536 11597.0000 7080.47012  38.9%  1364 5714s
 16282  6814 7728.48246   90 3678 11597.0000 7081.28424  38.9%  1364 5716s
 16286  6816 7081.51733   78 3667 11597.0000 7081.51733  38.9%  1364 5747s
 16287  6817 7549.96354  362 3196 11597.0000 7084.02194  38.9%  1364 5752s
 16288  6818 7084.51097  101 3502 11597.0000 7084.51097  38.9%  1364 5755s
 16293  6821 7353.19389  165 3595 11597.0000 7084.73901  38.9%  1363 5786s
 16294  6822 7757.93488  476 3510 11597.0000 7087.03900  38.9%  1363 5790s
 16302  6827 7180.86109  219 3693 11597.0000 7087.99670  38.9%  1363 5823s
 16303  6828 7093.42250   41 3448 11597.0000 7093.42250  38.8%  1363 5830s
 16305  6829 7095.04071  271 3683 11597.0000 7095.04071  38.8%  1362 5835s
 16310  6832 9901.79814 1060 3836 11597.0000 7095.11887  38.8%  1362 5865s
 16311  6833 7099.57913   24 3655 11597.0000 7099.57913  38.8%  1362 5871s
 16313  6834 7484.56168  188 3786 11597.0000 7101.03173  38.8%  1362 5876s
 16317  6837 7982.07689  566 3931 11597.0000 7101.09561  38.8%  1361 5904s
 16318  6838 7103.50210  104 3694 11597.0000 7103.50210  38.7%  1361 5909s
 16319  6838 11176.3655  341 3777 11597.0000 7103.75315  38.7%  1361 5911s
 16325  6842 10306.0487 1144 3807 11597.0000 7103.90580  38.7%  1361 5942s
H16325  6490                    11596.000000 7105.83145  38.7%  1361 5950s
 16327  6492 8637.66509  154 3518 11596.0000 7106.65316  38.7%  1361 5956s
 16331  6494 8429.06189  263 3566 11596.0000 7107.05751  38.7%  1360 5960s
 16334  6496 7107.06709  144 3624 11596.0000 7107.06709  38.7%  1360 5985s
 16335  6497 7109.95743   33 3414 11596.0000 7109.95743  38.7%  1360 5991s
 16337  6498 10044.5191 1091 3492 11596.0000 7110.63496  38.7%  1360 5995s
 16342  6502 7618.84044  130 3548 11596.0000 7110.72488  38.7%  1359 6022s
H16342  6166                    11587.000000 7113.75184  38.6%  1359 6035s
 16344  6167 7114.66073  121 3723 11587.0000 7114.66073  38.6%  1359 6042s
 16347  6169 9232.43827  324 3624 11587.0000 7115.05402  38.6%  1359 6045s
 16349  6170 8428.48742  232 3649 11587.0000 7115.05646  38.6%  1359 6069s
H16349  5851                    11586.000000 7116.38013  38.6%  1359 6074s
 16351  5853 8050.87636  219 3659 11586.0000 7116.76262  38.6%  1359 6076s
 16356  5856 7116.95922   92 3744 11586.0000 7116.95922  38.6%  1358 6106s
 16357  5857 9488.45689  350 3561 11586.0000 7119.07117  38.6%  1358 6110s
 16364  5861 7119.62406   28 3631 11586.0000 7119.62406  38.5%  1357 6143s
 16365  5862 7122.40084   18 3603 11586.0000 7122.40084  38.5%  1357 6148s
 16366  5863 7691.10237  517 3431 11586.0000 7123.04373  38.5%  1357 6151s
 16371  5866 7779.87856  277 3697 11586.0000 7123.29462  38.5%  1357 6180s
 16372  5867 7191.43803  223 3702 11586.0000 7125.21537  38.5%  1357 6197s
 16373  5867 7474.29125  188 3732 11586.0000 7125.74350  38.5%  1357 6200s
 16379  5871 7269.86176  119 3714 11586.0000 7125.94941  38.5%  1356 6228s
 16380  5872 9783.12316 1023 3605 11586.0000 7127.36884  38.5%  1356 6232s
 16384  5875 7127.72637   38 3724 11586.0000 7127.72637  38.5%  1356 6235s
 16385  5875 7655.98783  171 3711 11586.0000 7127.72672  38.5%  1356 6263s
 16386  5876 7128.60681   78 3583 11586.0000 7128.60681  38.5%  1356 6265s
 16393  5881 7353.19389  165 3693 11586.0000 7128.82671  38.5%  1355 6295s
 16395  5882 7130.04832  105 3650 11586.0000 7130.04832  38.5%  1355 6301s
 16399  5885 7130.10205   27 3716 11586.0000 7130.10205  38.5%  1355 6329s
H16399  5579                    11544.000000 7131.55534  38.2%  1355 6335s
 16400  5579 7795.21000  263 3443 11544.0000 7131.55534  38.2%  1355 6345s
 16406  5583 10232.9114  362 3679 11544.0000 7132.04016  38.2%  1354 6376s
 16407  5584 11286.9001  150 3600 11544.0000 7133.52129  38.2%  1354 6381s
 16411  5587 7134.00203   24 3732 11544.0000 7134.00203  38.2%  1354 6385s
 16414  5589 7134.00823   34 3690 11544.0000 7134.00823  38.2%  1353 6411s
 16416  5590 7135.59420   53 3462 11544.0000 7135.59420  38.2%  1353 6416s
 16419  5592 11176.3655  341 3575 11544.0000 7135.62971  38.2%  1353 6444s
 16420  5593 7992.34049  676 3575 11544.0000 7136.81943  38.2%  1353 6447s
 16422  5594 8287.00702  219 3823 11544.0000 7137.33420  38.2%  1353 6450s
 16425  5596 10306.0487 1144 3719 11544.0000 7137.36696  38.2%  1352 6478s
 16426  5597 7138.31557   54 3616 11544.0000 7138.31557  38.2%  1352 6481s
 16431  5600 8429.06189  263 3742 11544.0000 7138.55280  38.2%  1352 6511s
 16432  5601 7139.77039   76 3718 11544.0000 7139.77039  38.2%  1352 6516s
 16434  5602 7140.44586  144 3809 11544.0000 7140.44586  38.1%  1352 6521s
 16437  5604 10044.5191 1091 3788 11544.0000 7140.48868  38.1%  1351 6547s
 16438  5605 7141.62874   52 3623 11544.0000 7141.62874  38.1%  1351 6567s
 16439  5605 8153.69234  185 3760 11544.0000 7142.00130  38.1%  1351 6570s
 16443  5608 7142.12895  273 3723 11544.0000 7142.12895  38.1%  1351 6595s
 16445  5609 7746.61035  198 3542 11544.0000 7143.72105  38.1%  1351 6602s
 16449  5612 8428.48742  232 3616 11544.0000 7143.79287  38.1%  1350 6626s
 16450  5613 8041.21236  146 3611 11544.0000 7144.95231  38.1%  1350 6630s
 16455  5616 7145.32998   61 3596 11544.0000 7145.32998  38.1%  1350 6656s
 16456  5617 7146.27916   92 3735 11544.0000 7146.27916  38.1%  1350 6660s
 16459  5619 7146.73428   16 3761 11544.0000 7146.73428  38.1%  1350 6665s
 16462  5621 10097.0888  325 3720 11544.0000 7146.75279  38.1%  1349 6688s
 16463  5621 7147.61452   82 3830 11544.0000 7147.61452  38.1%  1349 6691s
 16467  5625 8022.21490  197 1374 11544.0000 7147.61452  38.1%  1400 6744s
 16468  5626 7147.61452   34 1358 11544.0000 7147.61452  38.1%  1400 6751s
 16469  5627 8146.98422  233 1502 11544.0000 7147.61452  38.1%  1400 6765s
 16470  5627 8131.49423  698 1771 11544.0000 7147.61452  38.1%  1400 6781s
 16471  5628 7779.87856  277 1911 11544.0000 7147.68313  38.1%  1400 6803s
 16472  5629 7191.43803  223 2050 11544.0000 7147.68313  38.1%  1400 6824s
 16473  5629 7474.29125  188 2185 11544.0000 7147.68313  38.1%  1400 6848s
 16474  5630 7147.68313   66 2354 11544.0000 7147.68313  38.1%  1400 6869s
 16475  5631 8413.05253  120 2480 11544.0000 7147.76020  38.1%  1400 6898s
 16476  5631 7147.76020   76 2793 11544.0000 7147.76020  38.1%  1400 6912s
 16477  5632 7147.76020   29 3090 11544.0000 7147.76020  38.1%  1400 6929s
 16478  5633 7147.76020   91 2992 11544.0000 7147.76020  38.1%  1399 6942s
 16479  5633 7269.86176  119 3457 11544.0000 7147.76020  38.1%  1399 6951s
 16480  5634 9783.12316 1023 3560 11544.0000 7147.76020  38.1%  1399 6959s
 16481  5635 7147.76020  227 3455 11544.0000 7147.76020  38.1%  1399 6966s
 16483  5636 10822.0628  298 3494 11544.0000 7148.30058  38.1%  1399 6970s
 16488  5639 7148.40114  101 3576 11544.0000 7148.40114  38.1%  1399 6987s
 16489  5640 7151.67461   71 3662 11544.0000 7151.67461  38.0%  1398 6994s
 16490  5641 8670.38708  168 3371 11544.0000 7152.20310  38.0%  1398 6997s
 16493  5643 7353.19389  165 3525 11544.0000 7152.33380  38.0%  1398 7000s
 16495  5644 7152.33643  105 3522 11544.0000 7152.33643  38.0%  1398 7016s
 16496  5645 8991.76388  242 3471 11544.0000 7155.12188  38.0%  1398 7023s
 16497  5645 7156.20271  103 3409 11544.0000 7156.20271  38.0%  1398 7028s
 16499  5647 7156.35386   27 3493 11544.0000 7156.35386  38.0%  1398 7030s
 16503  5649 7156.36310   41 3577 11544.0000 7156.36310  38.0%  1397 7070s
 16504  5650 7158.48734   63 3406 11544.0000 7158.48734  38.0%  1397 7075s
 16509  5653 7158.90886   42 3350 11544.0000 7158.90886  38.0%  1397 7109s
H16509  5369                    11543.000000 7160.13860  38.0%  1397 7111s
 16514  5373 7160.56289   34 3364 11543.0000 7160.56289  38.0%  1396 7115s
 16516  5374 7160.56665   53 3350 11543.0000 7160.56665  38.0%  1396 7148s
 16517  5375 7982.07689  566 3329 11543.0000 7163.72123  37.9%  1396 7173s
 16518  5375 7164.24743  104 3417 11543.0000 7164.24743  37.9%  1396 7181s
 16522  5378 8287.00702  219 3389 11543.0000 7164.52348  37.9%  1396 7185s
 16523  5379 11246.4601  415 3378 11543.0000 7164.52353  37.9%  1396 7217s
 16524  5379 10296.4109  217 3529 11543.0000 7167.51482  37.9%  1396 7223s
 16525  5380 10306.0487 1144 3439 11543.0000 7168.17361  37.9%  1395 7225s
 16528  5382 10834.7156  329 3507 11543.0000 7168.25600  37.9%  1395 7255s
 16529  5383 7171.23328  127 3410 11543.0000 7171.23328  37.9%  1395 7261s
 16533  5385 9644.84321  292 3342 11543.0000 7171.70725  37.9%  1395 7265s
 16534  5386 7171.70725  144 3342 11543.0000 7171.70725  37.9%  1395 7297s
 16535  5387 7173.66839   33 3423 11543.0000 7173.66839  37.9%  1395 7302s
 16538  5389 7174.19091   52 3539 11543.0000 7174.19091  37.8%  1394 7305s
 16540  5390 9711.22616  378 3500 11543.0000 7174.21565  37.8%  1394 7352s
 16541  5391 7176.84697  104 3480 11543.0000 7176.84697  37.8%  1394 7361s
 16542  5391 7618.84044  130 3535 11543.0000 7177.37478  37.8%  1394 7365s
 16546  5394 7177.62550   64 3582 11543.0000 7177.62550  37.8%  1394 7370s
 16547  5395 9232.43827  324 3603 11543.0000 7177.62559  37.8%  1394 7424s
 16548  5395 8197.12100  246 3669 11543.0000 7180.86526  37.8%  1394 7435s
 16549  5396 8428.48742  232 3639 11543.0000 7181.59213  37.8%  1393 7440s
 16553  5399 7181.72435   70 3613 11543.0000 7181.72435  37.8%  1393 7497s
H16553  5128                    11533.000000 7184.14555  37.7%  1393 7524s
 16554  5128 8163.48297  196 3499 11533.0000 7184.14555  37.7%  1393 7546s
 16555  5129 7184.44972   61 3463 11533.0000 7184.44972  37.7%  1393 7566s
 16560  5132 8688.58340  711 3452 11533.0000 7184.50823  37.7%  1393 7602s
 16561  5133 11413.6221  439 3385 11533.0000 7187.30951  37.7%  1392 7608s
 16562  5134 10097.0888  325 3394 11533.0000 7188.31151  37.7%  1392 7612s
 16567  5137 8022.21490  197 3386 11533.0000 7188.62405  37.7%  1392 7615s
 16568  5138 7188.62471   34 3421 11533.0000 7188.62471  37.7%  1392 7648s
 16569  5138 8146.98422  233 3418 11533.0000 7192.22739  37.6%  1392 7653s
 16570  5139 8131.49423  698 3496 11533.0000 7193.10388  37.6%  1392 7656s
 16575  5142 8413.05253  120 3516 11533.0000 7193.26978  37.6%  1391 7694s
 16576  5143 7194.88528   76 3458 11533.0000 7194.88528  37.6%  1391 7701s
 16578  5144 7195.45615   91 3609 11533.0000 7195.45615  37.6%  1391 7705s
 16581  5146 7195.47703  227 3515 11533.0000 7195.47703  37.6%  1391 7748s
 16582  5147 7728.48246   90 3408 11533.0000 7198.32638  37.6%  1391 7753s
 16583  5148 10822.0628  298 3273 11533.0000 7199.08807  37.6%  1391 7755s
 16587  5150 7549.96354  362 3308 11533.0000 7199.26049  37.6%  1390 7790s
 16589  5152 7203.65571   71 3584 11533.0000 7203.65571  37.5%  1390 7799s
 16590  5152 8670.38708  168 3417 11533.0000 7203.83169  37.5%  1390 7800s
 16593  5154 7353.19389  165 3469 11533.0000 7203.86920  37.5%  1390 7836s
 16594  5155 7757.93488  476 3352 11533.0000 7205.70180  37.5%  1390 7843s
 16595  5156 7206.19178  105 3289 11533.0000 7206.19178  37.5%  1390 7847s
 16597  5157 7206.54318  103 3468 11533.0000 7206.54318  37.5%  1389 7850s
 16600  5159 7795.21000  263 3435 11533.0000 7206.55256  37.5%  1389 7899s
 16601  5160 7209.09635  187 3438 11533.0000 7209.09635  37.5%  1389 7908s
 16602  5160 7210.23094  219 3464 11533.0000 7210.23094  37.5%  1389 7913s
 16603  5161 7210.60736   41 3388 11533.0000 7210.60736  37.5%  1389 7915s
 16608  5164 7483.82225  169 3595 11533.0000 7210.79251  37.5%  1388 7935s
 16609  5165 7212.90177   42 3406 11533.0000 7212.90177  37.5%  1388 7942s
 16610  5166 9901.79814 1060 3402 11533.0000 7213.48873  37.5%  1388 7945s
 16616  5170 7213.68187   53 3345 11533.0000 7213.68187  37.5%  1388 7968s
 16617  5170 7982.07689  566 3440 11533.0000 7216.64815  37.4%  1388 7977s
 16618  5171 7217.42518  104 3475 11533.0000 7217.42518  37.4%  1388 7981s
 16623  5174 11246.4601  415 3465 11533.0000 7217.53530  37.4%  1387 8002s
 16624  5175 10296.4109  217 3484 11533.0000 7219.60147  37.4%  1387 8006s
 16629  5178 7219.92677  127 3540 11533.0000 7219.92677  37.4%  1387 8034s
 16630  5179 7220.63450   15 3321 11533.0000 7220.63450  37.4%  1387 8037s
 16633  5181 9644.84321  292 3547 11533.0000 7220.97335  37.4%  1386 8040s
 16635  5182 7220.98445   33 3539 11533.0000 7220.98445  37.4%  1386 8064s
 16636  5183 9010.27927  298 3310 11533.0000 7222.35801  37.4%  1386 8067s
 16638  5184 7222.95832   52 3360 11533.0000 7222.95832  37.4%  1386 8070s
 16642  5187 7618.84044  130 3353 11533.0000 7222.98990  37.4%  1386 8094s
 16643  5188 7224.38194  273 3262 11533.0000 7224.38194  37.4%  1386 8099s
 16644  5188 7224.66185  121 3346 11533.0000 7224.66185  37.4%  1385 8100s
 16648  5191 8197.12100  246 3376 11533.0000 7224.78439  37.4%  1385 8127s
 16649  5192 8428.48742  232 3307 11533.0000 7226.41228  37.3%  1385 8130s
 16654  5195 8163.48297  196 3409 11533.0000 7226.79648  37.3%  1385 8159s
 16655  5196 7227.97075   61 3530 11533.0000 7227.97075  37.3%  1385 8162s
 16657  5197 9488.45689  350 3523 11533.0000 7228.55558  37.3%  1384 8165s
 16661  5200 11413.6221  439 3551 11533.0000 7228.58877  37.3%  1384 8191s
 16662  5200 10097.0888  325 3541 11533.0000 7230.11443  37.3%  1384 8232s
 16664  5202 7230.32504   28 3519 11533.0000 7230.32504  37.3%  1384 8235s
 16668  5204 7230.35759   34 3498 11533.0000 7230.35759  37.3%  1383 8261s
 16669  5205 8146.98422  233 3438 11533.0000 7231.67041  37.3%  1383 8265s
 16675  5209 8413.05253  120 3378 11533.0000 7231.92082  37.3%  1383 8294s
 16676  5210 7233.97239   76 3371 11533.0000 7233.97239  37.3%  1383 8298s
 16678  5211 7234.50557   91 3522 11533.0000 7234.50557  37.3%  1383 8300s
 16683  5214 10822.0628  298 3529 11533.0000 7234.56395  37.3%  1382 8325s
 16684  5215 7236.36139   38 3413 11533.0000 7236.36139  37.3%  1382 8331s
 16686  5216 7236.97103   78 3469 11533.0000 7236.97103  37.2%  1382 8335s
 16688  5218 7236.98205  101 3489 11533.0000 7236.98205  37.2%  1382 8361s
 16690  5219 8670.38708  168 3509 11533.0000 7238.37430  37.2%  1382 8365s
 16696  5223 8991.76388  242 3623 11533.0000 7238.46687  37.2%  1381 8393s
 16697  5224 7239.40095  103 3388 11533.0000 7239.40095  37.2%  1381 8396s
 16701  5226 7239.59334  187 3565 11533.0000 7239.59334  37.2%  1381 8400s
 16705  5229 7239.59992  271 3613 11533.0000 7239.59992  37.2%  1380 8426s
 16706  5230 10232.9114  362 3576 11533.0000 7241.68286  37.2%  1380 8430s
 16712  5234 7891.21218  283 3710 11533.0000 7242.39421  37.2%  1380 8459s
 16713  5234 7484.56168  188 3494 11533.0000 7244.37233  37.2%  1380 8464s
 16714  5235 7244.59346   34 3574 11533.0000 7244.59346  37.2%  1380 8466s
 16718  5238 7244.66553  104 3588 11533.0000 7244.66553  37.2%  1379 8491s
 16721  5240 8512.26621  131 3707 11533.0000 7245.71998  37.2%  1379 8495s
 16725  5242 10306.0487 1144 3661 11533.0000 7245.74450  37.2%  1379 8520s
 16731  5246 8429.06189  263 3604 11533.0000 7246.16826  37.2%  1378 8548s
 16732  5247 7246.78811   76 3533 11533.0000 7246.78811  37.2%  1378 8550s
 16737  5250 10044.5191 1091 3575 11533.0000 7246.94451  37.2%  1378 8577s
 16738  5251 7247.52328   52 3490 11533.0000 7247.52328  37.2%  1378 8580s
 16743  5254 7247.95569  273 3488 11533.0000 7247.95569  37.2%  1377 8607s
 16745  5256 7746.61035  198 3404 11533.0000 7248.55899  37.1%  1377 8610s
 16749  5258 8428.48742  232 3510 11533.0000 7248.64782  37.1%  1377 8634s
 16750  5259 8041.21236  146 3606 11533.0000 7249.11935  37.1%  1377 8637s
 16753  5261 7249.38026   70 3665 11533.0000 7249.38026  37.1%  1376 8640s
 16755  5262 7249.38475   61 3690 11533.0000 7249.38475  37.1%  1376 8661s
 16758  5264 7262.16523  308 3729 11533.0000 7250.09969  37.1%  1376 8665s
 16761  5266 11413.6221  439 3751 11533.0000 7250.12131  37.1%  1376 8691s
 16763  5268 7250.95240   82 3712 11533.0000 7250.95240  37.1%  1376 8695s
 16767  5270 8022.21490  197 3723 11533.0000 7251.00335  37.1%  1375 8721s
 16770  5272 8131.49423  698 3661 11533.0000 7252.00103  37.1%  1375 8725s
 16774  5275 7252.01319   66 3672 11533.0000 7252.01319  37.1%  1375 8751s
 16776  5276 7252.96637   76 3663 11533.0000 7252.96637  37.1%  1375 8755s
 16780  5279 9783.12316 1023 3635 11533.0000 7253.05433  37.1%  1374 8781s
 16782  5280 7728.48246   90 3593 11533.0000 7255.09196  37.1%  1374 8786s
 16787  5284 7549.96354  362 3596 11533.0000 7255.24443  37.1%  1374 8813s
 16788  5284 7256.12553  101 3605 11533.0000 7256.12553  37.1%  1374 8816s
 16792  5287 7256.32649   67 3682 11533.0000 7256.32649  37.1%  1373 8842s
 16793  5288 7353.19389  165 3521 11533.0000 7257.70523  37.1%  1373 8845s
 16798  5291 9048.44014  294 3593 11533.0000 7257.95279  37.1%  1373 8872s
 16802  5294 7258.10399  219 3610 11533.0000 7258.10399  37.1%  1372 8900s
 16803  5294 7258.73318   41 3500 11533.0000 7258.73318  37.1%  1372 8907s
 16805  5296 7258.96935  271 3525 11533.0000 7258.96935  37.1%  1372 8910s
 16810  5299 9901.79814 1060 3632 11533.0000 7259.00771  37.1%  1372 8935s
 16812  5300 7891.21218  283 3658 11533.0000 7259.59510  37.1%  1372 8940s
 16818  5304 7259.73192  104 3832 11533.0000 7259.73192  37.1%  1371 8968s
 16819  5305 11176.3655  341 3706 11533.0000 7260.36930  37.0%  1371 8977s
 16823  5308 11246.4601  415 3825 11533.0000 7260.53030  37.0%  1371 9003s
 16824  5308 10296.4109  217 3576 11533.0000 7261.29492  37.0%  1371 9009s
 16825  5309 10306.0487 1144 3714 11533.0000 7261.41828  37.0%  1371 9011s
 16830  5312 7261.46475   15 3753 11533.0000 7261.46475  37.0%  1370 9038s
 16831  5313 8429.06189  263 3804 11533.0000 7261.95234  37.0%  1370 9354s
 16832  5314 7262.05813   76 3819 11533.0000 7262.05813  37.0%  1370 9393s
 16837  5317 10044.5191 1091 3836 11533.0000 7262.10958  37.0%  1370 9423s
 16838  5318 7262.62643   52 3774 11533.0000 7262.62643  37.0%  1370 9425s
 16842  5320 7618.84044  130 3813 11533.0000 7262.89560  37.0%  1369 9455s
 16844  5322 7264.80564  121 3782 11533.0000 7264.80564  37.0%  1369 9460s
 16849  5325 8428.48742  232 3871 11533.0000 7265.10085  37.0%  1369 9492s
 16851  5326 8050.87636  219 3818 11533.0000 7266.25227  37.0%  1368 9496s
 16854  5328 8163.48297  196 3752 11533.0000 7266.27783  37.0%  1368 9524s
 16855  5329 7267.25526   61 3712 11533.0000 7267.25526  37.0%  1368 9527s
 16858  5331 7267.60370  308 3729 11533.0000 7267.60370  37.0%  1368 9530s
 16860  5332 8688.58340  711 3740 11533.0000 7267.60707  37.0%  1368 9558s
 16861  5333 11413.6221  439 3735 11533.0000 7268.42733  37.0%  1368 9561s
 16865  5336 7268.54152   18 3844 11533.0000 7268.54152  37.0%  1367 9590s
 16869  5338 8146.98422  233 3868 11533.0000 7269.36784  37.0%  1367 9595s
 16872  5340 7269.37247  223 3889 11533.0000 7269.37247  37.0%  1367 9623s
 16873  5341 7474.29125  188 3724 11533.0000 7269.76331  37.0%  1367 9628s
 16874  5342 7269.94610   66 3836 11533.0000 7269.94610  37.0%  1367 9630s
 16877  5344 7270.00525   29 3939 11533.0000 7270.00525  37.0%  1366 9660s
 16883  5348 10822.0628  298 3770 11533.0000 7270.93720  37.0%  1366 9665s
 16884  5348 7270.93789   38 3783 11533.0000 7270.93789  37.0%  1366 9693s
 16885  5349 7655.98783  171 3762 11533.0000 7271.28975  37.0%  1366 9696s
 16891  5353 7271.60546  107 3960 11533.0000 7271.60546  36.9%  1365 9729s
 16892  5354 7272.03546   67 3763 11533.0000 7272.03546  36.9%  1365 9731s
 16894  5355 7757.93488  476 3843 11533.0000 7272.87260  36.9%  1365 9735s
 16897  5357 7272.89279  103 3794 11533.0000 7272.89279  36.9%  1365 9764s
 16898  5358 9048.44014  294 3725 11533.0000 7273.56416  36.9%  1365 9766s
 16902  5360 7273.70298  219 3856 11533.0000 7273.70298  36.9%  1364 9793s
 16903  5361 7274.42549   41 3841 11533.0000 7274.42549  36.9%  1364 9796s
 16907  5364 11286.9001  150 4006 11533.0000 7274.65291  36.9%  1364 9823s
 16908  5364 7483.82225  169 3857 11533.0000 7275.75340  36.9%  1364 9826s
 16913  5368 7484.56168  188 3950 11533.0000 7275.97164  36.9%  1363 9854s
 16914  5368 7276.28815   34 3694 11533.0000 7276.28815  36.9%  1363 9856s
 16921  5373 8512.26621  131 3885 11533.0000 7276.61547  36.9%  1363 9887s
 16923  5374 11246.4601  415 3823 11533.0000 7277.05298  36.9%  1363 9890s
 16926  5376 7277.11459   54 3821 11533.0000 7277.11459  36.9%  1362 9918s
 16927  5377 8637.66509  154 3814 11533.0000 7278.05332  36.9%  1362 9921s
 16932  5380 7278.33744   76 3785 11533.0000 7278.33744  36.9%  1362 9951s
 16934  5382 7279.04259  144 3718 11533.0000 7279.04259  36.9%  1362 9955s
 16938  5384 7279.10246   52 3740 11533.0000 7279.10246  36.9%  1361 9983s
 16939  5385 8153.69234  185 3774 11533.0000 7280.21784  36.9%  1361 9986s
 16943  5388 7280.74104  273 3905 11533.0000 7280.74104  36.9%  1361 9990s

Cutting planes:
  Gomory: 15
  Cover: 1175
  Implied bound: 2
  Projected implied bound: 2
  Clique: 239
  MIR: 168
  StrongCG: 203
  Flow cover: 2276
  GUB cover: 236
  Inf proof: 1
  Zero half: 348
  RLT: 883
  Relax-and-lift: 23
  BQP: 41
  PSD: 5

Explored 16944 nodes (23668959 simplex iterations) in 10002.13 seconds (12799.32 work units)
Thread count was 32 (of 64 available processors)

Solution count 10: 11533 11543 11544 ... 11616

Time limit reached
Best objective 1.153300000000e+04, best bound 7.281000000000e+03, gap 36.8681%
Solved c101_Random2 -> /project2/ssuen_1733/output/v4_exact_weekly_fairness_w10_l100_mad/c101_Random2.pkl / /project2/ssuen_1733/output/v4_exact_weekly_fairness_w10_l100_mad/c101_Random2.json / /project2/ssuen_1733/output/v4_exact_weekly_fairness_w10_l100_mad/c101_Random2_running_synopsis.json
[Mon Sep 28 12:04:28 PDT 2026] Finished run_single_instance for c101_Random2
