Using Python:
Python 3.10.18
Checking core dependencies:
numpy: 2.2.6
gurobi: (12, 0, 3)
[Mon Sep 28 09:17:16 PDT 2026] Starting run_single_instance on a01-05.hpc.usc.edu for c101_Even
Set parameter TokenServer to value "hpc-licenses.hpcc.usc.edu"
Added workload fairness penalty (mean_absolute_deviation) to objective with weight 10.0
Added weekly leadership day fairness penalty (mean_absolute_deviation) to objective with weight 100.0
Set parameter TimeLimit to value 10000
Set parameter Seed to value 42
Set parameter OutputFlag to value 1
Gurobi Optimizer version 12.0.3 build v12.0.3rc0 (linux64 - "Rocky Linux 8.10 (Green Obsidian)")

CPU model: AMD EPYC 7513 32-Core Processor, instruction set [SSE2|AVX|AVX2]
Thread count: 64 physical cores, 64 logical processors, using up to 32 threads

Non-default parameters:
TimeLimit  10000
Seed  42

Optimize a model with 985350 rows, 728450 columns and 6946650 nonzeros
Model fingerprint: 0x74c0cc34
Variable types: 200 continuous, 728250 integer (727750 binary)
Coefficient statistics:
  Matrix range     [2e-02, 1e+03]
  Objective range  [1e+00, 1e+02]
  Bounds range     [1e+00, 5e+01]
  RHS range        [1e+00, 1e+03]
Presolve removed 957850 rows and 701956 columns
Presolve time: 1.50s
Presolved: 27500 rows, 26494 columns, 207050 nonzeros
Variable types: 100 continuous, 26394 integer (26250 binary)
Performing another presolve...
Presolve removed 3050 rows and 300 columns
Presolve time: 0.37s
Deterministic concurrent LP optimizer: primal and dual simplex
Showing primal log only...


Root simplex log...

Iteration    Objective       Primal Inf.    Dual Inf.      Time
   17749    1.2643280e+04   0.000000e+00   1.427170e+06      5s
   50216    6.3638375e+03   0.000000e+00   1.565554e+07     10s
Concurrent spin time: 0.00s

Solved with dual simplex

Root simplex log...

Iteration    Objective       Primal Inf.    Dual Inf.      Time
   25425    4.3113915e+03   0.000000e+00   0.000000e+00     12s

Root relaxation: objective 4.311391e+03, 25425 iterations, 8.63 seconds (10.86 work units)
Total elapsed time = 12.46s (DegenMoves)

    Nodes    |    Current Node    |     Objective Bounds      |     Work
 Expl Unexpl |  Obj  Depth IntInf | Incumbent    BestBd   Gap | It/Node Time

     0     0 4311.39149    0 1414          - 4311.39149      -     -   12s
H    0     0                    6632871.0000 4405.97418   100%     -   55s
     0     0 4405.97418    0 1627 6632871.00 4405.97418   100%     -   59s
H    0     0                    139771.00000 4405.97418  96.8%     -   59s
H    0     0                    139677.00000 4405.97418  96.8%     -   59s
H    0     0                    139543.00000 4405.97418  96.8%     -   59s
H    0     0                    139043.00000 4405.97418  96.8%     -   59s
H    0     0                    133643.00000 4405.97418  96.7%     -   59s
H    0     0                    131073.00000 4405.97418  96.6%     -   59s
H    0     0                    74173.000000 4405.97418  94.1%     -   59s
H    0     0                    73961.000000 4405.97418  94.0%     -   59s
H    0     0                    73861.000000 4405.97418  94.0%     -   59s
H    0     0                    73859.000000 4405.97418  94.0%     -   59s
H    0     0                    73108.000000 4405.97418  94.0%     -   59s
H    0     0                    68859.000000 4405.97418  93.6%     -   59s
H    0     0                    68391.000000 4405.97418  93.6%     -   59s
H    0     0                    67185.000000 4405.97418  93.4%     -   59s
H    0     0                    66982.000000 4405.97418  93.4%     -   59s
H    0     0                    66976.000000 4405.97418  93.4%     -   59s
H    0     0                    66529.000000 4405.97418  93.4%     -   59s
H    0     0                    66003.000000 4405.97418  93.3%     -   59s
H    0     0                    64354.000000 4405.97418  93.2%     -   59s
H    0     0                    64341.000000 4405.97418  93.2%     -   59s
H    0     0                    64198.000000 4405.97418  93.1%     -   60s
H    0     0                    64190.000000 4405.97418  93.1%     -   60s
H    0     0                    63308.000000 4405.97418  93.0%     -   60s
H    0     0                    59999.000000 4405.97418  92.7%     -   60s
H    0     0                    59957.000000 4405.97418  92.7%     -   60s
H    0     0                    58907.000000 4405.97418  92.5%     -   61s
H    0     0                    58539.000000 4405.97418  92.5%     -   61s
H    0     0                    58302.000000 4405.97418  92.4%     -   61s
H    0     0                    56796.000000 4405.97418  92.2%     -   61s
H    0     0                    56730.000000 4405.97418  92.2%     -   61s
H    0     0                    55678.000000 4405.97418  92.1%     -   61s
H    0     0                    55597.000000 4405.97418  92.1%     -   61s
H    0     0                    55584.000000 4405.97418  92.1%     -   61s
     0     0 4405.97418    0 1567 55584.0000 4405.97418  92.1%     -   64s
     0     0 4407.54723    0 1546 55584.0000 4407.54723  92.1%     -   65s
     0     0 4407.86100    0 1517 55584.0000 4407.86100  92.1%     -   66s
     0     0 4407.86100    0 1495 55584.0000 4407.86100  92.1%     -   66s
     0     0 4430.40408    0 1614 55584.0000 4430.40408  92.0%     -   70s
H    0     0                    55554.000000 4430.58088  92.0%     -   70s
H    0     0                    55464.000000 4430.58088  92.0%     -   70s
H    0     0                    54041.000000 4430.58088  91.8%     -   70s
H    0     0                    53994.000000 4430.58088  91.8%     -   70s
H    0     0                    53989.000000 4430.58088  91.8%     -   70s
H    0     0                    48381.000000 4430.58088  90.8%     -   71s
H    0     0                    47701.000000 4430.58088  90.7%     -   73s
H    0     0                    46514.000000 4430.58088  90.5%     -   73s
H    0     0                    46419.000000 4430.58088  90.5%     -   73s
H    0     0                    46418.000000 4430.58088  90.5%     -   73s
H    0     0                    46289.000000 4430.58088  90.4%     -   73s
H    0     0                    45898.000000 4430.58088  90.3%     -   74s
H    0     0                    45749.000000 4430.58088  90.3%     -   74s
H    0     0                    45687.000000 4430.58088  90.3%     -   74s
H    0     0                    45686.000000 4430.58088  90.3%     -   75s
H    0     0                    45664.000000 4430.58088  90.3%     -   75s
H    0     0                    45591.000000 4430.58088  90.3%     -   75s
     0     0 4432.71140    0 1567 45591.0000 4432.71140  90.3%     -   77s
     0     0 4432.75840    0 1572 45591.0000 4432.75840  90.3%     -   77s
     0     0 4432.75960    0 1556 45591.0000 4432.75960  90.3%     -   77s
     0     0 4511.52975    0 1826 45591.0000 4511.52975  90.1%     -   86s
H    0     0                    45583.000000 4512.01831  90.1%     -   86s
H    0     0                    45564.000000 4512.01831  90.1%     -   86s
H    0     0                    45241.000000 4512.01831  90.0%     -   86s
H    0     0                    44307.000000 4512.01831  89.8%     -   86s
H    0     0                    43683.000000 4512.01831  89.7%     -   86s
H    0     0                    42515.000000 4512.01831  89.4%     -   86s
H    0     0                    42471.000000 4512.01831  89.4%     -   86s
     0     0 4516.92157    0 1804 42471.0000 4516.92157  89.4%     -   88s
     0     0 4517.12132    0 1799 42471.0000 4517.12132  89.4%     -   89s
     0     0 4517.12132    0 1800 42471.0000 4517.12132  89.4%     -   89s
     0     0 4653.28932    0 1856 42471.0000 4653.28932  89.0%     -   97s
     0     0 4658.01487    0 1937 42471.0000 4658.01487  89.0%     -   99s
     0     0 4658.23318    0 1958 42471.0000 4658.23318  89.0%     -   99s
     0     0 4658.47140    0 1970 42471.0000 4658.47140  89.0%     -   99s
     0     0 4658.47721    0 1983 42471.0000 4658.47721  89.0%     -   99s
     0     0 4763.30643    0 1958 42471.0000 4763.30643  88.8%     -  107s
H    0     0                    42470.000000 4763.31843  88.8%     -  107s
H    0     0                    41722.000000 4763.31843  88.6%     -  107s
H    0     0                    40973.000000 4763.31843  88.4%     -  108s
H    0     0                    40952.000000 4763.31843  88.4%     -  108s
     0     0 4768.24753    0 2072 40952.0000 4768.24753  88.4%     -  110s
     0     0 4768.73787    0 1984 40952.0000 4768.73787  88.4%     -  111s
     0     0 4768.75331    0 1991 40952.0000 4768.75331  88.4%     -  111s
     0     0 4867.34029    0 2009 40952.0000 4867.34029  88.1%     -  116s
H    0     0                    40680.000000 4867.38202  88.0%     -  117s
H    0     0                    40632.000000 4867.38202  88.0%     -  117s
H    0     0                    40627.000000 4867.38202  88.0%     -  117s
H    0     0                    40599.000000 4867.38202  88.0%     -  117s
H    0     0                    40557.000000 4867.38202  88.0%     -  117s
H    0     0                    40526.000000 4867.38202  88.0%     -  117s
H    0     0                    40336.000000 4867.38202  87.9%     -  117s
H    0     0                    40318.000000 4867.38202  87.9%     -  117s
H    0     0                    40265.000000 4867.38202  87.9%     -  117s
H    0     0                    40194.000000 4867.38202  87.9%     -  117s
     0     0 4868.72932    0 1982 40194.0000 4868.72932  87.9%     -  119s
     0     0 4868.99327    0 1983 40194.0000 4868.99327  87.9%     -  119s
     0     0 4868.99511    0 2004 40194.0000 4868.99511  87.9%     -  119s
     0     0 4925.78877    0 1988 40194.0000 4925.78877  87.7%     -  125s
H    0     0                    40002.000000 4925.78877  87.7%     -  125s
     0     0 4928.61460    0 2002 40002.0000 4928.61460  87.7%     -  127s
     0     0 4928.81109    0 2014 40002.0000 4928.81109  87.7%     -  128s
     0     0 4928.83414    0 1970 40002.0000 4928.83414  87.7%     -  128s
     0     0 4999.89373    0 2105 40002.0000 4999.89373  87.5%     -  134s
H    0     0                    39796.000000 4999.90311  87.4%     -  134s
H    0     0                    39787.000000 4999.90311  87.4%     -  134s
H    0     0                    39759.000000 4999.90311  87.4%     -  134s
H    0     0                    39757.000000 4999.90311  87.4%     -  134s
H    0     0                    39711.000000 4999.90311  87.4%     -  134s
H    0     0                    39706.000000 4999.90311  87.4%     -  134s
H    0     0                    39624.000000 4999.90311  87.4%     -  134s
     0     0 5003.28898    0 2108 39624.0000 5003.28898  87.4%     -  136s
     0     0 5003.36360    0 2087 39624.0000 5003.36360  87.4%     -  137s
     0     0 5035.51502    0 2215 39624.0000 5035.51502  87.3%     -  140s
H    0     0                    38720.000000 5035.57475  87.0%     -  141s
H    0     0                    38054.000000 5035.57475  86.8%     -  142s
H    0     0                    37608.000000 5035.57475  86.6%     -  142s
     0     0 5035.90444    0 2228 37608.0000 5035.90444  86.6%     -  143s
     0     0 5035.97336    0 2207 37608.0000 5035.97336  86.6%     -  144s
     0     0 5059.30544    0 2202 37608.0000 5059.30544  86.5%     -  147s
H    0     0                    37568.000000 5059.31333  86.5%     -  148s
H    0     0                    37563.000000 5059.31333  86.5%     -  148s
H    0     0                    36889.000000 5059.31333  86.3%     -  151s
H    0     0                    36861.000000 5059.31333  86.3%     -  151s
H    0     0                    36792.000000 5059.31333  86.2%     -  152s
H    0     0                    36773.000000 5059.31333  86.2%     -  153s
H    0     0                    36667.000000 5059.31333  86.2%     -  153s
H    0     0                    36573.000000 5059.31333  86.2%     -  155s
H    0     0                    35766.000000 5059.31333  85.9%     -  155s
H    0     0                    35334.000000 5059.31333  85.7%     -  155s
H    0     0                    35240.000000 5059.31333  85.6%     -  157s
     0     0 5059.73072    0 2245 35240.0000 5059.73072  85.6%     -  160s
     0     0 5059.73124    0 2252 35240.0000 5059.73124  85.6%     -  161s
     0     0 5079.18491    0 2046 35240.0000 5079.18491  85.6%     -  164s
H    0     0                    35212.000000 5079.21946  85.6%     -  164s
H    0     0                    34719.000000 5079.21946  85.4%     -  164s
H    0     0                    34673.000000 5079.21946  85.4%     -  164s
H    0     0                    34431.000000 5079.21946  85.2%     -  164s
H    0     0                    34008.000000 5079.21946  85.1%     -  164s
H    0     0                    33911.000000 5079.21946  85.0%     -  164s
     0     0 5082.95232    0 2176 33911.0000 5082.95232  85.0%     -  167s
     0     0 5083.45616    0 2197 33911.0000 5083.45616  85.0%     -  168s
     0     0 5083.51933    0 2212 33911.0000 5083.51933  85.0%     -  168s
     0     0 5103.23932    0 2073 33911.0000 5103.23932  85.0%     -  170s
     0     0 5104.19847    0 2168 33911.0000 5104.19847  84.9%     -  171s
     0     0 5104.26403    0 2116 33911.0000 5104.26403  84.9%     -  172s
     0     0 5105.31158    0 2100 33911.0000 5105.31158  84.9%     -  173s
H    0     0                    33877.000000 5105.33915  84.9%     -  173s
H    0     0                    33335.000000 5105.33915  84.7%     -  173s
H    0     0                    32646.000000 5105.33915  84.4%     -  173s
H    0     0                    32604.000000 5105.33915  84.3%     -  173s
     0     0 5105.45630    0 2145 32604.0000 5105.45630  84.3%     -  174s
     0     0 5106.48375    0 2130 32604.0000 5106.48375  84.3%     -  175s
     0     0 5106.54862    0 2114 32604.0000 5106.54862  84.3%     -  176s
     0     0 5108.94983    0 2065 32604.0000 5108.94983  84.3%     -  177s
     0     0 5109.00380    0 2093 32604.0000 5109.00380  84.3%     -  178s
     0     0 5113.08718    0 2106 32604.0000 5113.08718  84.3%     -  180s
     0     0 5113.14064    0 2175 32604.0000 5113.14064  84.3%     -  180s
     0     0 5113.49443    0 2185 32604.0000 5113.49443  84.3%     -  181s
     0     0 5113.81112    0 2185 32604.0000 5113.81112  84.3%     -  181s
     0     0 5113.81112    0 2086 32604.0000 5113.81112  84.3%     -  182s
     0     0 5113.81112    0 2085 32604.0000 5113.81112  84.3%     -  182s
H    0     0                    31988.000000 5114.32890  84.0%     -  192s
H    0     0                    31978.000000 5114.32890  84.0%     -  192s
     0     2 5114.32890    0 2064 31978.0000 5114.32890  84.0%     -  194s
     1     4 5114.32890    1 2086 31978.0000 5114.32890  84.0%   732  207s
     3     8 5114.32890    2 2043 31978.0000 5114.32890  84.0%  5766  224s
     7    16 5114.41871    3 2090 31978.0000 5114.32890  84.0%  7227  245s
    15    32 5114.79776    4 2131 31978.0000 5114.63788  84.0%  7210  258s
H   31    62                    31755.000000 5114.79776  83.9%  6905  294s
H   61    93                    30453.000000 5114.83153  83.2%  9146  316s
H   64    93                    30314.000000 5116.01008  83.1%  8926  316s
H   72    93                    29841.000000 5116.01008  82.9%  8065  316s
H   85    93                    29785.000000 5116.01008  82.8%  7013  316s
    92   183 5116.01008    7 2130 29785.0000 5116.01008  82.8%  6586  398s
H  182   215                    28471.000000 5116.01008  82.0%  4128  420s
H  188   215                    27764.000000 5116.01008  81.6%  4058  420s
H  189   215                    26398.000000 5116.01008  80.6%  4073  420s
H  196   215                    24848.000000 5116.01008  79.4%  4014  420s
   214   326 5116.90247   11 2201 24848.0000 5116.01008  79.4%  3817  451s
H  325   432                    23813.000000 5116.01008  78.5%  3269  477s
H  340   432                    23613.000000 5116.01008  78.3%  3293  477s
H  345   432                    23524.000000 5116.01008  78.3%  3322  477s
H  363   432                    22902.000000 5116.01008  77.7%  3367  477s
H  403   432                    22753.000000 5116.01008  77.5%  3188  477s
   431   535 5118.82633   17 2227 22753.0000 5116.01008  77.5%  3068  503s
   534   634 5119.23199   18 2259 22753.0000 5116.01008  77.5%  2820  527s
H  538   634                    22730.000000 5116.01008  77.5%  2811  527s
H  539   634                    22621.000000 5116.01008  77.4%  2809  527s
H  546   634                    22467.000000 5116.01008  77.2%  2776  527s
H  553   634                    21867.000000 5116.01008  76.6%  2761  527s
H  601   634                    21187.000000 5116.01008  75.9%  2691  527s
H  623   634                    20759.000000 5116.01008  75.4%  2636  527s
   633   723 5122.54590   21 2236 20759.0000 5116.01008  75.4%  2614  553s
   722   824 5283.08673   23 2159 20759.0000 5116.01008  75.4%  2514  574s
H  723   824                    20747.000000 5116.01008  75.3%  2510  574s
H  725   824                    20723.000000 5116.01008  75.3%  2507  574s
H  734   824                    20657.000000 5116.01008  75.2%  2486  574s
H  738   824                    20065.000000 5116.01008  74.5%  2482  574s
H  761   824                    19412.000000 5116.01008  73.6%  2482  574s
H  823   920                    19388.000000 5116.01008  73.6%  2371  598s
H  919  1014                    19370.000000 5116.01008  73.6%  2287  622s
H  923  1014                    19358.000000 5116.01008  73.6%  2279  622s
H  926  1014                    19340.000000 5116.01008  73.5%  2276  622s
H  957  1014                    19333.000000 5116.01008  73.5%  2240  622s
H  966  1014                    18930.000000 5116.01008  73.0%  2239  622s
H 1013  1115                    17722.000000 5116.01008  71.1%  2202  644s
H 1114  1217                    17713.000000 5116.01008  71.1%  2145  669s
H 1125  1217                    17664.000000 5116.01008  71.0%  2137  669s
H 1161  1217                    17527.000000 5116.01008  70.8%  2128  669s
H 1220  1288                    17517.000000 5116.01008  70.8%  2070  693s
H 1223  1288                    17037.000000 5116.01008  70.0%  2070  693s
H 1226  1288                    16945.000000 5116.01008  69.8%  2073  693s
H 1232  1288                    16942.000000 5116.01008  69.8%  2066  693s
H 1238  1288                    16890.000000 5116.01008  69.7%  2071  693s
H 1243  1288                    16878.000000 5116.01008  69.7%  2080  693s
H 1245  1288                    16854.000000 5116.01008  69.6%  2080  693s
H 1254  1288                    16845.000000 5116.01008  69.6%  2077  693s
H 1261  1288                    16740.000000 5116.01008  69.4%  2071  693s
  1291  1397 5140.45609   41 2295 16740.0000 5116.01008  69.4%  2076  715s
H 1306  1397                    16705.000000 5116.01008  69.4%  2059  715s
H 1339  1397                    16688.000000 5116.01008  69.3%  2046  715s
H 1362  1397                    16173.000000 5116.01008  68.4%  2046  715s
H 1400  1491                    15859.000000 5116.01008  67.7%  2031  739s
H 1403  1491                    15560.000000 5116.01008  67.1%  2030  739s
H 1457  1491                    15460.000000 5116.01008  66.9%  2017  739s
H 1494  1605                    15366.000000 5116.01008  66.7%  2010  763s
H 1498  1605                    14891.000000 5116.01008  65.6%  2014  763s
H 1542  1605                    14805.000000 5116.01008  65.4%  1996  763s
H 1568  1605                    14791.000000 5116.01008  65.4%  1994  763s
H 1587  1605                    14496.000000 5116.01008  64.7%  1989  763s
H 1608  1767                    14484.000000 5116.01008  64.7%  1977  783s
H 1772  1887                    14140.000000 5116.01008  63.8%  1912  808s
H 1866  1887                    13906.000000 5116.01008  63.2%  1885  808s
  1892  2069 5168.95317   60 2076 13906.0000 5116.01008  63.2%  1872  830s
H 2074  2196                    13871.000000 5116.01008  63.1%  1807  858s
H 2080  2196                    13846.000000 5116.01008  63.1%  1804  858s
H 2096  2196                    13805.000000 5116.01008  62.9%  1798  858s
H 2099  2196                    13774.000000 5116.01008  62.9%  1798  858s
H 2110  2196                    13730.000000 5116.01008  62.7%  1800  858s
H 2151  2196                    13641.000000 5116.01008  62.5%  1794  858s
H 2176  2196                    13218.000000 5116.01008  61.3%  1787  858s
  2201  2326 5181.36873   69 2089 13218.0000 5116.01008  61.3%  1785  890s
H 2205  2326                    13199.000000 5116.01008  61.2%  1784  890s
H 2210  2326                    13168.000000 5116.01008  61.1%  1788  890s
H 2333  2493                    13022.000000 5116.01008  60.7%  1792  917s
H 2371  2493                    13019.000000 5116.01008  60.7%  1800  917s
H 2374  2493                    12974.000000 5116.01008  60.6%  1807  917s
H 2500  2578                    12759.000000 5116.01008  59.9%  1778  943s
H 2505  2578                    12744.000000 5116.01008  59.9%  1776  943s
H 2536  2578                    12728.000000 5116.01008  59.8%  1783  943s
H 2557  2578                    12637.000000 5116.01008  59.5%  1778  943s
H 2585  2740                    12628.000000 5116.01008  59.5%  1770  973s
H 2594  2740                    12514.000000 5116.01008  59.1%  1769  973s
H 2605  2740                    12505.000000 5116.01008  59.1%  1770  973s
H 2707  2740                    12502.000000 5116.01008  59.1%  1763  973s
H 2720  2740                    12427.000000 5116.01008  58.8%  1771  973s
  2747  2880 5215.52157   90 2184 12427.0000 5116.01008  58.8%  1767 1004s
  2889  3032 5243.46576   93 2180 12427.0000 5116.01008  58.8%  1792 1038s
H 2892  3032                    12422.000000 5116.01008  58.8%  1793 1038s
H 2906  3032                    12413.000000 5116.01008  58.8%  1797 1038s
H 2909  3032                    12394.000000 5116.01008  58.7%  1800 1038s
H 2931  3032                    12383.000000 5116.01008  58.7%  1813 1038s
  3041  3175 5285.45564   95 2022 12383.0000 5116.01008  58.7%  1808 1071s
  3190  3340 5329.27373   96 2127 12383.0000 5116.01008  58.7%  1835 1106s
H 3191  3340                    12374.000000 5116.01008  58.7%  1834 1106s
H 3214  3340                    12338.000000 5116.01008  58.5%  1852 1106s
H 3355  3451                    12134.000000 5116.01008  57.8%  1842 1142s
H 3362  3451                    12105.000000 5116.01008  57.7%  1847 1142s
H 3401  3451                    12096.999979 5116.01008  57.7%  1854 1142s
  3466  3673 5349.60131   99 2075 12097.0000 5116.01008  57.7%  1842 1177s
H 3536  3673                    12031.000000 5116.01008  57.5%  1837 1177s
  3688  3873 5380.09635  104 2094 12031.0000 5116.01008  57.5%  1827 1215s
  3888  3905 5417.04401  107 2011 12031.0000 5116.01008  57.5%  1838 1243s
H 3890  3905                    12026.000000 5116.01008  57.5%  1837 1243s
H 3893  3905                    12024.000000 5116.01008  57.5%  1837 1243s
H 3911  3905                    12015.000000 5116.01008  57.4%  1841 1243s
H 3915  3905                    12001.000000 5116.01008  57.4%  1841 1243s
H 3919  3905                    12000.000000 5116.01008  57.4%  1841 1243s
  3920  4090 5447.94367  108 2020 12000.0000 5116.01008  57.4%  1842 1285s
  4105  4122 5507.72884  110 1893 12000.0000 5116.01008  57.4%  1863 1315s
H 4112  4122                    11996.000000 5116.01008  57.4%  1866 1315s
H 4113  4122                    11987.000000 5116.01008  57.3%  1866 1315s
H 4137  4261                    11933.000000 5116.01008  57.1%  1868 1361s
H 4161  4261                    11885.999987 5116.01008  57.0%  1867 1361s
H 4297  4293                    11862.000000 5116.01008  56.9%  1862 1394s
H 4314  4293                    11855.000000 5116.01008  56.8%  1876 1394s
H 4317  4293                    11852.000000 5116.01008  56.8%  1876 1394s
  4329  4631 5632.52503  113 1993 11852.0000 5116.01008  56.8%  1877 1439s
H 4372  4631                    11842.000000 5116.01008  56.8%  1870 1439s
H 4608  4631                    11839.000000 5116.01008  56.8%  1855 1439s
  4671  4663 5705.18718  119 1892 11839.0000 5116.01008  56.8%  1841 1472s
H 4680  4663                    11835.000000 5116.01008  56.8%  1843 1472s
  4703  5037 5819.19168  119 1903 11835.0000 5116.01008  56.8%  1845 1518s
H 4741  5037                    11826.000000 5116.01008  56.7%  1840 1518s
  5077  5353 5773.85447  122 1880 11826.0000 5116.01008  56.7%  1800 1564s
H 5112  5353                    11820.000000 5116.01008  56.7%  1798 1564s
H 5397  5634                    11762.000000 5116.01008  56.5%  1779 1615s
H 5400  5634                    11747.000000 5116.01008  56.4%  1779 1615s
H 5405  5634                    11723.000000 5116.01008  56.4%  1779 1615s
H 5462  5634                    11704.999954 5116.01008  56.3%  1778 1615s
H 5521  5634                    11681.000000 5116.01008  56.2%  1778 1615s
H 5682  5666                    11675.000000 5116.01008  56.2%  1746 1655s
H 5685  5666                    11672.000000 5116.01008  56.2%  1746 1655s
  5714  6167 5922.94404  128 1851 11672.0000 5116.01008  56.2%  1750 1701s
  6220  6198 6100.01314  134 1697 11672.0000 5116.01008  56.2%  1698 1741s
H 6221  6198                    11670.000000 5116.01008  56.2%  1698 1741s
  6253  6813 6103.76113  134 1751 11670.0000 5116.01008  56.2%  1700 1789s
  6875  7412 6328.68216  141 1627 11670.0000 5116.01008  56.2%  1630 1837s
H 6921  7412                    11658.000000 5116.01008  56.1%  1629 1837s
H 7539  7742                    11647.000000 5116.01008  56.1%  1561 1893s
H 7546  7724                    11588.000000 5116.01008  55.9%  1562 1893s
H 7678  7645                    11424.000000 5116.01008  55.2%  1563 1893s
  7960  8027 6655.61292  154 1527 11424.0000 5116.01008  55.2%  1528 1948s
  8452  8583 6938.28646  159 1315 11424.0000 5116.01008  55.2%  1520 2002s
H 9059  8609                    11414.000000 5116.01008  55.2%  1494 2049s
H 9060  8609                    11407.000000 5116.01008  55.2%  1494 2049s
H 9076  8609                    11401.000000 5116.01008  55.1%  1496 2049s
  9091  9084 7065.11855  180 1252 11401.0000 5116.01008  55.1%  1497 2110s
  9674  9650 7360.30381  211 1193 11401.0000 5116.01008  55.1%  1482 2167s
H10348  9672                    11385.000000 5116.01008  55.1%  1456 2228s
H10356  9663                    11359.000000 5116.01008  55.0%  1457 2228s
H10384  9658                    11334.000000 5116.01008  54.9%  1459 2228s
 10388 10115 infeasible  260      11334.0000 5116.01008  54.9%  1459 2287s
 10938 10568 5259.90008   48 2098 11334.0000 5116.01008  54.9%  1450 2348s
H11410 10595                    11330.000000 5116.01008  54.8%  1455 2401s
H11427 10537                    11265.000000 5116.01008  54.6%  1456 2401s
H11443 10894                    11247.000000 5116.01008  54.5%  1458 2465s
H11448 10893                    11241.000000 5116.01008  54.5%  1458 2465s
H11449 10853                    11160.000000 5116.01008  54.2%  1458 2465s
H11821 11547                    11140.000000 5116.01008  54.1%  1452 2531s
 12650 12179 5769.83067   72 1866 11140.0000 5116.01008  54.1%  1429 2599s
 13385 12630 6067.16716   82 1661 11140.0000 5116.01008  54.1%  1417 2673s
H13396 12622                    11132.000000 5116.01008  54.0%  1417 2673s
H13664 12619                    11122.000000 5116.01008  54.0%  1413 2673s
 13915 12619 6575.50373   94 12834 11122.0000 5116.01008  54.0%  1404 2727s
H13916 11989                    11114.000000 5116.01008  54.0%  1404 2766s
 13918 11990 5277.86159   17 1535 11114.0000 5116.01008  54.0%  1403 2770s
 13919 11991 6159.14401   51 1563 11114.0000 5116.01008  54.0%  1403 2777s
 13920 11991 5634.29439   95 1676 11114.0000 5116.01008  54.0%  1403 2786s
 13921 11992 7248.79262  145 1815 11114.0000 5116.01008  54.0%  1403 2794s
H13921 11392                    11113.000000 5193.61712  53.3%  1403 2803s
 13923 11393 7533.13351  384 2092 11113.0000 5203.07996  53.2%  1403 2805s
 13928 11397 5601.63342   30 2116 11113.0000 5205.05194  53.2%  1402 2831s
 13929 11397 6155.56130  127 1998 11113.0000 5322.47589  52.1%  1402 2839s
 13930 11398 5889.99341  151 1994 11113.0000 5340.55290  51.9%  1402 2843s
 13931 11399 7682.87205  286 1958 11113.0000 5344.11633  51.9%  1402 2845s
 13935 11401 6440.45794  107 1958 11113.0000 5345.80168  51.9%  1402 2867s
 13936 11402 7371.40698  166 2016 11113.0000 5438.78043  51.1%  1402 2875s
 13938 11403 8081.51812  211 2031 11113.0000 5463.11633  50.8%  1401 2880s
 13944 11407 5468.63087   25 2046 11113.0000 5463.49229  50.8%  1401 2907s
 13945 11408 10194.7283  342 2046 11113.0000 5570.36002  49.9%  1401 2915s
 13947 11409 6027.46960   75 1947 11113.0000 5589.08840  49.7%  1401 2920s
 13955 11415 7841.31703  116 1998 11113.0000 5590.84091  49.7%  1400 2946s
 13956 11415 6999.12524  192 1957 11113.0000 5703.00842  48.7%  1400 2954s
 13957 11416 7574.91067  254 2037 11113.0000 5741.04969  48.3%  1400 2960s
 13961 11419 8214.58760  391 2033 11113.0000 5751.90117  48.2%  1399 2965s
 13966 11422 6449.92510  187 2051 11113.0000 5751.94515  48.2%  1399 2989s
 13967 11423 6284.62188   72 1966 11113.0000 5841.82473  47.4%  1399 3025s
 13969 11424 6090.48268  127 2038 11113.0000 5888.30916  47.0%  1398 3033s
 13971 11425 5892.13567   34 2082 11113.0000 5892.13567  47.0%  1398 3035s
 13974 11427 7041.19390  103 2069 11113.0000 5896.21237  46.9%  1398 3059s
 13975 11428 7274.57050  178 1994 11113.0000 6004.13077  46.0%  1398 3067s
 13976 11429 7384.32725  124 2084 11113.0000 6047.48047  45.6%  1398 3074s
 13977 11429 6207.33270   63 2089 11113.0000 6059.05859  45.5%  1398 3077s
 13979 11431 9931.73067  368 2100 11113.0000 6062.27551  45.4%  1397 3080s
 13984 11434 6856.50406  104 2159 11113.0000 6062.70792  45.4%  1397 3107s
 13985 11435 6159.88603   40 2014 11113.0000 6159.88603  44.6%  1397 3115s
 13986 11435 6557.34485   99 1996 11113.0000 6196.05766  44.2%  1397 3120s
 13988 11437 6206.85430   65 2101 11113.0000 6206.85430  44.1%  1396 3125s
 13994 11441 6207.72220   12 2093 11113.0000 6207.72220  44.1%  1396 3151s
 13995 11441 9281.86953  168 2129 11113.0000 6291.10984  43.4%  1396 3160s
 13996 11442 9885.72800  274 2213 11113.0000 6312.44465  43.2%  1396 3165s
 13998 11443 6337.42001  147 2207 11113.0000 6321.68645  43.1%  1395 3170s
 14002 11446 6322.31715    8 2184 11113.0000 6322.31715  43.1%  1395 3195s
 14003 11447 6390.91954   30 2173 11113.0000 6390.91954  42.5%  1395 3204s
 14004 11447 7852.86230  118 2307 11113.0000 6406.10458  42.4%  1395 3208s
 14005 11448 6410.36392   20 2227 11113.0000 6410.36392  42.3%  1395 3210s
 14010 11451 6412.73621   77 2316 11113.0000 6412.73621  42.3%  1394 3239s
 14011 11452 7567.18201  265 2246 11113.0000 6479.44007  41.7%  1394 3249s
 14012 11453 7427.58088  213 2254 11113.0000 6494.70911  41.6%  1394 3254s
 14013 11453 6500.21036   18 2212 11113.0000 6500.21036  41.5%  1394 3257s
 14015 11455 6575.50373   94 2171 11113.0000 6502.35722  41.5%  1394 3260s
 14020 11458 6539.06836   95 2306 11113.0000 6539.06836  41.2%  1393 3273s
 14021 11459 7248.79262  145 2221 11113.0000 6548.89628  41.1%  1393 3276s
 14028 11463 6551.25488   30 2349 11113.0000 6551.25488  41.0%  1392 3283s
 14029 11464 6585.02508  127 2419 11113.0000 6585.02508  40.7%  1392 3291s
 14031 11465 7682.87205  286 2341 11113.0000 6594.95234  40.7%  1392 3296s
 14040 11471 6595.59405   61 2414 11113.0000 6595.59405  40.6%  1391 3303s
 14041 11472 9260.03264  139 2393 11113.0000 6637.61203  40.3%  1391 3312s
 14042 11473 6643.00686   94 2326 11113.0000 6643.00686  40.2%  1391 3315s
 14047 11476 6645.80132   75 2343 11113.0000 6645.80132  40.2%  1391 3344s
 14048 11477 6677.00908   32 2392 11113.0000 6677.00908  39.9%  1390 3352s
 14049 11477 6684.83892    7 2353 11113.0000 6684.83892  39.8%  1390 3357s
 14052 11479 6687.85888   70 2361 11113.0000 6687.85888  39.8%  1390 3360s
 14055 11481 7841.31703  116 2384 11113.0000 6687.88278  39.8%  1390 3386s
 14056 11482 6999.12524  192 2389 11113.0000 6726.13125  39.5%  1390 3396s
 14057 11483 7574.91067  254 2387 11113.0000 6737.57769  39.4%  1390 3401s
 14059 11484 6742.60170   91 2293 11113.0000 6742.60170  39.3%  1389 3405s
 14064 11487 6743.35761   68 2387 11113.0000 6743.35761  39.3%  1389 3434s
 14065 11488 6777.43450  103 2423 11113.0000 6777.43450  39.0%  1389 3444s
 14066 11489 6792.00382  187 2525 11113.0000 6792.00382  38.9%  1389 3451s
 14068 11490 6796.58495   19 2523 11113.0000 6796.58495  38.8%  1388 3455s
H14072 10916                    11111.000000 6819.47269  38.6%  1388 3468s
 14074 10917 7041.19390  103 2491 11111.0000 6824.26660  38.6%  1388 3474s
 14075 10918 7274.57050  178 2605 11111.0000 6825.30047  38.6%  1388 3476s
 14080 10921 7845.10473  272 2571 11111.0000 6825.63232  38.6%  1387 3500s
 14081 10922 6848.57356  101 2499 11111.0000 6848.57356  38.4%  1387 3508s
 14082 10922 6852.44807   49 2459 11111.0000 6852.44807  38.3%  1387 3512s
 14084 10924 6856.50406  104 2379 11111.0000 6854.57499  38.3%  1387 3515s
 14087 10926 10235.7006  135 2451 11111.0000 6854.77862  38.3%  1387 3540s
 14088 10926 6878.40379   65 2434 11111.0000 6878.40379  38.1%  1386 3550s
 14089 10927 6884.89558   97 2411 11111.0000 6884.89558  38.0%  1386 3555s
 14092 10929 6888.58186   71 2389 11111.0000 6888.58186  38.0%  1386 3560s
 14095 10931 9281.86953  168 2427 11111.0000 6888.72898  38.0%  1386 3584s
 14096 10932 9885.72800  274 2466 11111.0000 6916.14184  37.8%  1386 3594s
 14097 10932 6922.19697   94 2469 11111.0000 6922.19697  37.7%  1386 3598s
 14098 10933 6924.57091  147 2465 11111.0000 6924.57091  37.7%  1386 3601s
 14103 10936 6925.24048   30 2428 11111.0000 6925.24048  37.7%  1385 3627s
H14103 10386                    11107.000000 6948.32468  37.4%  1385 3636s
H14103  9863                    11104.000000 6948.32468  37.4%  1385 3637s
 14105  9865 6956.09829   20 2626 11104.0000 6956.09829  37.4%  1385 3642s
 14107  9866 9120.57047  238 2590 11104.0000 6958.00175  37.3%  1385 3645s
 14112  9869 7427.58088  213 2611 11104.0000 6958.27422  37.3%  1384 3670s
 14113  9870 6978.75677   18 2535 11104.0000 6978.75677  37.2%  1384 3679s
 14114  9871 7854.48164  308 2573 11104.0000 6982.85355  37.1%  1384 3683s
 14115  9871 6983.68263   94 2562 11104.0000 6983.68263  37.1%  1384 3685s
 14122  9876 9351.22417  213 2595 11104.0000 6983.97461  37.1%  1383 3708s
 14123  9877 7533.13351  384 2672 11104.0000 6995.76811  37.0%  1383 3718s
 14124  9877 6997.35527   94 2623 11104.0000 6997.35527  37.0%  1383 3721s
 14131  9882 7682.87205  286 2798 11104.0000 6998.20947  37.0%  1382 3747s
 14132  9883 7007.54074   41 2838 11104.0000 7007.54074  36.9%  1382 3754s
 14133  9883 7279.68033  137 2835 11104.0000 7008.42022  36.9%  1382 3756s
 14138  9887 8081.51812  211 2817 11104.0000 7008.82050  36.9%  1382 3783s
 14139  9887 7017.38168  109 2844 11104.0000 7017.38168  36.8%  1381 3834s
 14140  9888 7019.55144   61 2891 11104.0000 7019.55144  36.8%  1381 3846s
 14145  9891 10194.7283  342 3003 11104.0000 7020.60843  36.8%  1381 3850s
 14146  9892 8598.29296  471 3014 11104.0000 7020.60878  36.8%  1381 3876s
 14147  9893 7027.81513   75 2756 11104.0000 7027.81513  36.7%  1381 3881s
 14149  9894 7029.31460    7 2795 11104.0000 7029.31460  36.7%  1381 3885s
 14155  9898 7841.31703  116 2918 11104.0000 7029.47383  36.7%  1380 3911s
 14156  9899 7035.61441  192 2748 11104.0000 7035.61441  36.6%  1380 3917s
 14158  9900 7733.27319  191 2847 11104.0000 7038.62037  36.6%  1380 3921s
 14163  9903 7734.27589  188 2950 11104.0000 7038.99050  36.6%  1379 3950s
 14164  9904 7044.11367   68 2697 11104.0000 7044.11367  36.6%  1379 3955s
 14170  9908 7045.83094   59 2894 11104.0000 7045.83094  36.5%  1378 3985s
 14171  9909 7055.94933   34 2689 11104.0000 7055.94933  36.5%  1378 3992s
 14172  9909 7058.45493   34 2746 11104.0000 7058.45493  36.4%  1378 3996s
 14178  9913 7059.93098   32 2946 11104.0000 7059.93098  36.4%  1378 4024s
 14179  9914 9931.73067  368 2793 11104.0000 7072.38136  36.3%  1378 4033s
 14180  9915 7845.10473  272 2729 11104.0000 7074.25188  36.3%  1377 4036s
 14186  9919 7075.01513   99 2914 11104.0000 7075.01513  36.3%  1377 4060s
 14187  9919 10235.7006  135 2827 11104.0000 7083.95844  36.2%  1377 4067s
 14188  9920 7087.02024   65 2860 11104.0000 7087.02024  36.2%  1377 4071s
 14195  9925 9281.86953  168 2921 11104.0000 7087.67070  36.2%  1376 4095s
 14196  9925 9885.72800  274 2661 11104.0000 7094.72140  36.1%  1376 4102s
 14197  9926 7095.70735   94 2658 11104.0000 7095.70735  36.1%  1376 4105s
 14203  9930 7096.70146   30 2979 11104.0000 7096.70146  36.1%  1375 4132s
 14204  9931 7852.86230  118 2703 11104.0000 7100.73062  36.1%  1375 4137s
 14206  9932 7102.10245   14 2998 11104.0000 7102.10245  36.0%  1375 4140s
 14210  9935 7102.15222   77 2959 11104.0000 7102.15222  36.0%  1375 4166s
 14211  9935 7567.18201  265 3124 11104.0000 7107.35672  36.0%  1374 4172s
 14213  9937 7109.66428   18 3225 11104.0000 7109.66428  36.0%  1374 4175s
 14217  9939 8559.89006  212 3197 11104.0000 7109.72464  36.0%  1374 4201s
 14218  9940 7117.46463   17 3221 11104.0000 7117.46463  35.9%  1374 4208s
 14219  9941 7119.69778   51 3078 11104.0000 7119.69778  35.9%  1374 4212s
 14222  9943 9351.22417  213 3328 11104.0000 7120.58642  35.9%  1373 4215s
 14224  9944 7120.59000   94 3337 11104.0000 7120.59000  35.9%  1373 4239s
 14225  9945 7125.73106   78 3067 11104.0000 7125.73106  35.8%  1373 4246s
 14227  9946 7127.21283  180 3315 11104.0000 7127.21283  35.8%  1373 4250s
 14232  9949 7127.33596   41 3272 11104.0000 7127.33596  35.8%  1372 4276s
 14233  9950 7279.68033  137 3134 11104.0000 7132.65687  35.8%  1372 4281s
 14236  9952 7371.40698  166 3284 11104.0000 7134.01834  35.8%  1372 4285s
 14240  9955 7134.18501   61 3413 11104.0000 7134.18501  35.8%  1372 4311s
 14241  9955 9260.03264  139 3255 11104.0000 7139.44574  35.7%  1372 4317s
 14242  9956 7140.94363   94 3274 11104.0000 7140.94363  35.7%  1372 4320s
 14248  9960 7141.26072   32 3297 11104.0000 7141.26072  35.7%  1371 4347s
 14249  9961 7151.76365    7 3146 11104.0000 7151.76365  35.6%  1371 4355s
 14252  9963 7154.79642   70 3426 11104.0000 7154.79642  35.6%  1371 4360s
 14259  9967 7154.90530   91 3394 11104.0000 7154.90530  35.6%  1370 4386s
 14260  9968 7689.99750  244 3269 11104.0000 7162.55292  35.5%  1370 4393s
 14261  9969 8214.58760  391 3131 11104.0000 7163.50225  35.5%  1370 4395s
 14267  9973 7164.04016   72 3300 11104.0000 7164.04016  35.5%  1369 4424s
 14268  9973 7169.22765   19 3081 11104.0000 7169.22765  35.4%  1369 4429s
 14269  9974 7170.08160  127 3067 11104.0000 7170.08160  35.4%  1369 4431s
 14275  9978 7274.57050  178 3269 11104.0000 7170.46214  35.4%  1368 4459s
 14276  9979 7384.32725  124 3120 11104.0000 7174.24428  35.4%  1368 4465s
 14279  9981 9931.73067  368 3233 11104.0000 7175.96689  35.4%  1368 4470s
 14284  9984 7176.01236  104 3332 11104.0000 7176.01236  35.4%  1367 4496s
 14285  9985 7179.86506   40 3050 11104.0000 7179.86506  35.3%  1367 4500s
 14289  9987 7180.94186   97 3328 11104.0000 7180.94186  35.3%  1367 4505s
 14291  9989 10754.5617  402 3311 11104.0000 7180.94370  35.3%  1367 4531s
 14292  9989 7187.79694   71 3373 11104.0000 7187.79694  35.3%  1367 4537s
 14293  9990 7189.47359   36 3221 11104.0000 7189.47359  35.3%  1367 4541s
 14298  9993 7189.97777  147 3227 11104.0000 7189.97777  35.2%  1366 4568s
 14299  9994 7194.97325   21 3242 11104.0000 7194.97325  35.2%  1366 4572s
 14301  9995 7195.71173   78 3138 11104.0000 7195.71173  35.2%  1366 4575s
 14306  9999 7195.77987   14 3183 11104.0000 7195.77987  35.2%  1365 4601s
 14307  9999 9120.57047  238 3322 11104.0000 7198.93486  35.2%  1365 4605s
 14315 10005 7199.68573   94 3339 11104.0000 7199.68573  35.2%  1365 4634s
 14316 10005 7202.38263   18 3276 11104.0000 7202.38263  35.1%  1364 4644s
 14317 10006 8559.89006  212 3325 11104.0000 7203.39525  35.1%  1364 4646s
 14321 10009 7248.79262  145 3505 11104.0000 7203.66433  35.1%  1364 4672s
 14322 10009 9351.22417  213 3287 11104.0000 7206.99779  35.1%  1364 4677s
 14324 10011 7207.70414   94 3349 11104.0000 7207.70414  35.1%  1364 4680s
 14327 10013 7207.76711  180 3464 11104.0000 7207.76711  35.1%  1363 4705s
H14327  9506                    11101.000000 7209.91991  35.1%  1363 4711s
H14327  9023                    11100.000000 7209.91991  35.0%  1363 4714s
 14328  9023 7209.91991   30 3298 11100.0000 7209.91991  35.0%  1363 4716s
 14331  9025 7682.87205  286 3256 11100.0000 7210.64804  35.0%  1363 4720s
 14334  9027 10997.8111  155 3376 11100.0000 7210.67935  35.0%  1363 4744s
 14335  9028 7213.26893  107 3187 11100.0000 7213.26893  35.0%  1363 4748s
 14336  9029 7371.40698  166 3240 11100.0000 7213.86534  35.0%  1363 4751s
 14341  9032 9260.03264  139 3196 11100.0000 7213.98324  35.0%  1362 4777s
H14341  8574                    11094.000000 7219.35286  34.9%  1362 4787s
H14341  8138                    11092.000000 7219.35286  34.9%  1362 4787s
 14342  8139 7219.35286   94 3261 11092.0000 7219.35286  34.9%  1362 4791s
 14346  8141 8598.29296  471 3122 11092.0000 7220.46518  34.9%  1362 4795s
 14349  8143 7220.47668    7 3130 11092.0000 7220.47668  34.9%  1361 4819s
 14350  8144 7224.58338   44 3322 11092.0000 7224.58338  34.9%  1361 4824s
 14351  8145 7225.72189   40 3357 11092.0000 7225.72189  34.9%  1361 4827s
 14355  8147 7841.31703  116 3452 11092.0000 7226.09778  34.9%  1361 4830s
 14357  8149 7574.91067  254 3408 11092.0000 7226.10078  34.9%  1361 4855s
 14358  8149 7733.27319  191 3224 11092.0000 7229.75233  34.8%  1360 4877s
 14360  8151 7689.99750  244 3319 11092.0000 7231.22904  34.8%  1360 4880s
 14365  8154 7233.63642  103 3228 11092.0000 7233.63642  34.8%  1360 4887s
 14367  8155 7234.77615   72 3173 11092.0000 7234.77615  34.8%  1360 4891s
 14372  8159 7234.85020   34 3240 11092.0000 7234.85020  34.8%  1359 4916s
 14373  8159 7238.24129   32 3266 11092.0000 7238.24129  34.7%  1359 4921s
 14378  8163 7239.46464   32 3380 11092.0000 7239.46464  34.7%  1359 4925s
 14379  8163 9931.73067  368 3362 11092.0000 7239.46508  34.7%  1358 4952s
 14380  8164 7845.10473  272 3346 11092.0000 7244.85361  34.7%  1358 4957s
 14381  8165 7245.81582  101 3321 11092.0000 7245.81582  34.7%  1358 4960s
 14385  8167 7246.13339   40 3234 11092.0000 7246.13339  34.7%  1358 4990s
 14386  8168 7250.13628   99 3437 11092.0000 7250.13628  34.6%  1358 4995s
 14389  8170 7251.62250   97 3518 11092.0000 7251.62250  34.6%  1357 5000s
 14393  8173 7251.68394   36 3368 11092.0000 7251.68394  34.6%  1357 5028s
 14394  8173 7254.10551   12 3557 11092.0000 7254.10551  34.6%  1357 5033s
 14395  8174 9281.86953  168 3687 11092.0000 7254.51761  34.6%  1357 5035s
 14399  8177 7254.61546   21 3592 11092.0000 7254.61546  34.6%  1357 5064s
 14400  8177 7825.95570  267 3351 11092.0000 7257.94448  34.6%  1356 5137s
 14401  8178 7258.47276   78 3444 11092.0000 7258.47276  34.6%  1356 5140s
 14405  8181 7258.61220   20 3544 11092.0000 7258.61220  34.6%  1356 5167s
 14406  8181 7261.44449   14 3406 11092.0000 7261.44449  34.5%  1356 5173s
 14407  8182 9120.57047  238 3439 11092.0000 7262.03705  34.5%  1356 5175s
 14412  8185 7427.58088  213 3709 11092.0000 7262.20317  34.5%  1355 5202s
 14413  8186 7264.44638   18 3437 11092.0000 7264.44638  34.5%  1355 5205s
 14420  8191 7265.23775   95 3592 11092.0000 7265.23775  34.5%  1355 5233s
 14421  8191 7268.51872  145 3480 11092.0000 7268.51872  34.5%  1354 5241s
 14422  8192 9351.22417  213 3452 11092.0000 7270.29507  34.5%  1354 5245s
 14427  8195 7270.83461  180 3401 11092.0000 7270.83461  34.4%  1354 5270s
 14429  8197 7273.59326  127 3393 11092.0000 7273.59326  34.4%  1354 5275s
 14432  8199 7273.72321   41 3285 11092.0000 7273.72321  34.4%  1353 5302s
 14433  8199 7279.68033  137 3362 11092.0000 7275.87490  34.4%  1353 5306s
 14437  8202 7542.12775  387 3361 11092.0000 7276.56471  34.4%  1353 5310s
 14438  8203 8081.51812  211 3405 11092.0000 7276.56500  34.4%  1353 5335s
 14440  8204 7280.82196   61 3503 11092.0000 7280.82196  34.4%  1353 5341s
 14445  8207 10194.7283  342 3489 11092.0000 7281.10631  34.4%  1352 5370s
 14447  8209 7283.51485   75 3467 11092.0000 7283.51485  34.3%  1352 5376s
 14452  8212 7283.82687   70 3410 11092.0000 7283.82687  34.3%  1352 5403s
 14453  8213 7285.93302   75 3423 11092.0000 7285.93302  34.3%  1351 5407s
 14455  8214 7841.31703  116 3435 11092.0000 7286.63916  34.3%  1351 5410s
 14460  8217 7689.99750  244 3435 11092.0000 7286.76768  34.3%  1351 5436s
 14461  8218 8214.58760  391 3253 11092.0000 7289.75478  34.3%  1351 5441s
 14464  8220 7290.34530   68 3585 11092.0000 7290.34530  34.3%  1350 5445s
 14466  8221 7290.34700  187 3578 11092.0000 7290.34700  34.3%  1350 5469s
 14467  8222 7291.97229   72 3345 11092.0000 7291.97229  34.3%  1350 5472s
 14470  8224 7292.29825   59 3622 11092.0000 7292.29825  34.3%  1350 5475s
 14473  8226 7292.30476   32 3621 11092.0000 7292.30476  34.3%  1350 5501s
 14475  8227 7293.13959  178 3494 11092.0000 7293.13959  34.2%  1349 5505s
 14480  8231 7845.10473  272 3593 11092.0000 7293.18769  34.2%  1349 5531s
 14483  8233 7808.38360  147 3345 11092.0000 7294.38512  34.2%  1349 5535s
 14486  8235 7294.41083   99 3356 11092.0000 7294.41083  34.2%  1348 5561s
 14487  8235 10235.7006  135 3295 11092.0000 7296.60541  34.2%  1348 5566s
 14490  8237 7297.57582   24 3605 11092.0000 7297.57582  34.2%  1348 5570s
 14493  8239 7297.60266   36 3588 11092.0000 7297.60266  34.2%  1348 5595s
 14495  8241 9281.86953  168 3461 11092.0000 7300.40789  34.2%  1348 5601s
 14499  8243 7300.55324   21 3808 11092.0000 7300.55324  34.2%  1347 5627s
 14500  8244 7825.95570  267 3658 11092.0000 7302.75510  34.2%  1347 5633s
 14501  8245 7303.66089   78 3608 11092.0000 7303.66089  34.2%  1347 5636s
 14507  8249 9120.57047  238 3778 11092.0000 7303.80129  34.2%  1346 5662s
 14508  8249 7305.81829   50 3665 11092.0000 7305.81829  34.1%  1346 5666s
 14510  8251 7306.57404   77 3550 11092.0000 7306.57404  34.1%  1346 5670s
 14514  8253 7854.48164  308 3630 11092.0000 7306.62481  34.1%  1346 5696s
 14515  8254 7309.26450   94 3524 11092.0000 7309.26450  34.1%  1346 5701s
 14517  8255 8559.89006  212 3816 11092.0000 7310.35152  34.1%  1346 5705s
 14522  8259 9351.22417  213 3684 11092.0000 7310.44528  34.1%  1345 5732s
 14523  8259 7533.13351  384 3798 11092.0000 7311.85478  34.1%  1345 5735s
 14529  8263 7312.19632  127 3519 11092.0000 7312.19632  34.1%  1344 5764s
 14530  8264 7313.59116  151 3732 11092.0000 7313.59116  34.1%  1344 5767s
 14532  8265 7314.23477   41 3837 11092.0000 7314.23477  34.1%  1344 5770s
 14536  8268 7371.40698  166 3897 11092.0000 7314.29359  34.1%  1344 5797s
 14538  8269 8081.51812  211 3794 11092.0000 7315.98568  34.0%  1344 5801s
 14545  8274 10194.7283  342 3817 11092.0000 7316.26699  34.0%  1343 5830s
 14547  8275 7318.59152   75 3627 11092.0000 7318.59152  34.0%  1343 5836s
 14553  8279 7318.68372   75 3785 11092.0000 7318.68372  34.0%  1342 5863s
 14554  8280 7320.59444   64 3651 11092.0000 7320.59444  34.0%  1342 5866s
 14558  8283 7733.27319  191 3875 11092.0000 7321.22547  34.0%  1342 5870s
 14560  8284 7689.99750  244 3864 11092.0000 7321.22958  34.0%  1342 5895s
 14563  8286 7734.27589  188 3591 11092.0000 7322.42275  34.0%  1341 5900s
 14568  8289 7322.47384   19 3648 11092.0000 7322.47384  34.0%  1341 5926s
 14569  8290 7323.88220  127 3670 11092.0000 7323.88220  34.0%  1341 5930s
 14576  8295 7384.32725  124 3722 11092.0000 7324.38810  34.0%  1340 5959s
 14577  8295 7325.28646   63 3597 11092.0000 7325.28646  34.0%  1340 5962s
 14579  8297 9931.73067  368 3709 11092.0000 7325.86691  34.0%  1340 5966s
 14583  8299 7808.38360  147 3844 11092.0000 7326.01033  34.0%  1339 5992s
 14584  8300 7327.38778  104 3576 11092.0000 7327.38778  33.9%  1339 5995s
 14592  8305 7327.77004   71 3934 11092.0000 7327.77004  33.9%  1339 6024s
 14593  8306 7329.83858   36 3745 11092.0000 7329.83858  33.9%  1339 6028s
 14594  8307 7330.52864   12 3787 11092.0000 7330.52864  33.9%  1338 6031s
 14601  8311 7330.70130   78 3768 11092.0000 7330.70130  33.9%  1338 6059s
 14602  8312 7331.90648    8 3808 11092.0000 7331.90648  33.9%  1338 6063s
 14604  8313 7852.86230  118 3977 11092.0000 7332.12396  33.9%  1338 6065s
 14609  8317 7332.17703   41 4014 11092.0000 7332.17703  33.9%  1337 6093s
 14610  8317 7333.29100   77 3621 11092.0000 7333.29100  33.9%  1337 6097s
 14613  8319 7333.72233   18 3877 11092.0000 7333.72233  33.9%  1337 6100s
 14616  8321 7333.73901   18 3841 11092.0000 7333.73901  33.9%  1336 6123s
 14617  8322 8559.89006  212 3721 11092.0000 7334.44912  33.9%  1336 6125s
 14623  8326 7533.13351  384 3768 11092.0000 7334.70372  33.9%  1336 6155s
 14625  8327 7336.42774   78 3837 11092.0000 7336.42774  33.9%  1336 6161s
 14629  8330 7336.52021  127 3691 11092.0000 7336.52021  33.9%  1335 6189s
 14630  8331 7337.47407  151 3874 11092.0000 7337.47407  33.8%  1335 6191s
 14633  8333 7338.10590  137 3803 11092.0000 7338.10590  33.8%  1335 6195s
 14635  8334 7338.12588  107 3878 11092.0000 7338.12588  33.8%  1335 6222s
H14635  7905                    11084.000000 7339.45907  33.8%  1335 6225s
H14635  7498                    11071.000000 7339.45907  33.7%  1335 6225s
 14639  7501 7340.09272  109 4118 11071.0000 7340.09272  33.7%  1334 6230s
H14641  7115                    11066.000000 7340.11103  33.7%  1334 6257s
H14642  6748                    11059.000000 7341.91863  33.6%  1334 6260s
 14646  6750 8598.29296  471 3882 11059.0000 7342.58764  33.6%  1334 6265s
 14649  6752 7342.60177    7 3953 11059.0000 7342.60177  33.6%  1333 6293s
 14650  6753 7343.93646   44 3792 11059.0000 7343.93646  33.6%  1333 6297s
 14653  6755 7344.30955   75 3807 11059.0000 7344.30955  33.6%  1333 6300s
 14655  6756 7841.31703  116 3768 11059.0000 7344.31570  33.6%  1333 6327s
 14657  6758 7574.91067  254 3612 11059.0000 7345.68254  33.6%  1333 6331s
H14660  6409                    11056.000000 7345.73813  33.6%  1332 6358s
H14660  6076                    11048.000000 7345.73813  33.5%  1332 6358s
H14660  5760                    11038.000000 7345.73813  33.5%  1332 6358s
 14662  5761 7347.34288   54 3713 11038.0000 7347.34288  33.4%  1332 6362s
 14664  5762 7348.03243   68 3838 11038.0000 7348.03243  33.4%  1332 6365s
 14667  5764 7348.04757   72 3891 11038.0000 7348.04757  33.4%  1332 6392s
 14668  5765 7349.27618   19 3782 11038.0000 7349.27618  33.4%  1332 6395s
 14672  5768 7349.88432   34 3910 11038.0000 7349.88432  33.4%  1331 6400s
 14674  5769 7349.88714  103 3907 11038.0000 7349.88714  33.4%  1331 6427s
 14675  5770 7350.70811  178 3738 11038.0000 7350.70811  33.4%  1331 6431s
 14679  5772 9931.73067  368 3849 11038.0000 7351.43974  33.4%  1331 6435s
 14681  5774 7351.44128  101 3745 11038.0000 7351.44128  33.4%  1330 6462s
 14684  5777 7352.22227  104 12834 11038.0000 7352.22227  33.4%  1389 6465s
 14686  5778 7352.22227   99 1323 11038.0000 7352.22227  33.4%  1389 6506s
 14687  5779 10235.7006  135 1516 11038.0000 7352.22227  33.4%  1389 6511s
 14688  5780 7352.22227   65 1457 11038.0000 7352.22227  33.4%  1389 6522s
 14689  5780 7352.22227   97 1658 11038.0000 7352.22227  33.4%  1389 6533s
 14690  5781 7352.22227   24 1925 11038.0000 7352.22227  33.4%  1389 6547s
 14691  5782 10754.5617  402 2131 11038.0000 7352.25159  33.4%  1389 6562s
 14692  5782 7352.61949   71 2292 11038.0000 7352.61949  33.4%  1389 6576s
 14693  5783 7352.61949   36 2506 11038.0000 7352.61949  33.4%  1388 6590s
 14694  5784 7352.61949   12 2651 11038.0000 7352.61949  33.4%  1388 6603s
 14695  5784 9281.86953  168 2908 11038.0000 7352.70746  33.4%  1388 6618s
 14696  5785 9885.72800  274 3040 11038.0000 7352.70746  33.4%  1388 6630s
 14697  5786 7352.75917   94 3148 11038.0000 7352.75917  33.4%  1388 6641s
 14698  5786 7352.75917  147 3343 11038.0000 7352.75917  33.4%  1388 6649s
 14699  5787 7352.75917   21 3484 11038.0000 7352.75917  33.4%  1388 6654s
 14700  5788 7825.95570  267 3499 11038.0000 7352.75917  33.4%  1388 6658s
 14701  5788 7352.75917   78 3597 11038.0000 7352.75917  33.4%  1388 6662s
 14703  5790 7352.90755   30 3665 11038.0000 7352.90755  33.4%  1388 6665s
 14706  5792 7352.94651   14 3719 11038.0000 7352.94651  33.4%  1387 6679s
 14707  5792 9120.57047  238 3365 11038.0000 7354.85163  33.4%  1387 6683s
 14708  5793 7355.38314   50 3338 11038.0000 7355.38314  33.4%  1387 6686s
 14712  5796 7427.58088  213 3313 11038.0000 7355.47129  33.4%  1387 6711s
 14714  5797 7854.48164  308 3247 11038.0000 7357.04098  33.3%  1387 6716s
 14718  5800 7357.10911   17 3304 11038.0000 7357.10911  33.3%  1386 6745s
 14720  5801 7359.36160   95 3352 11038.0000 7359.36160  33.3%  1386 6750s
 14724  5804 7359.41562   94 3292 11038.0000 7359.41562  33.3%  1386 6778s
 14725  5804 7360.80508   78 3356 11038.0000 7360.80508  33.3%  1385 6781s
 14728  5806 7361.52136   30 3279 11038.0000 7361.52136  33.3%  1385 6785s
 14730  5808 7361.52888  151 3278 11038.0000 7361.52888  33.3%  1385 6812s
 14731  5808 7682.87205  286 3235 11038.0000 7363.69770  33.3%  1385 6851s
 14732  5809 7364.13575   41 3342 11038.0000 7364.13575  33.3%  1385 6856s
 14738  5813 8081.51812  211 3462 11038.0000 7364.26615  33.3%  1384 6885s
 14740  5814 7366.62038   61 3383 11038.0000 7366.62038  33.3%  1384 6890s
 14744  5817 7366.76064   25 3392 11038.0000 7366.76064  33.3%  1384 6919s
 14745  5818 10194.7283  342 3507 11038.0000 7369.63929  33.2%  1384 6923s
 14746  5818 8598.29296  471 3528 11038.0000 7370.08851  33.2%  1384 6925s
 14749  5820 7370.20106    7 3562 11038.0000 7370.20106  33.2%  1383 6954s
 14750  5821 7372.97116   44 3594 11038.0000 7372.97116  33.2%  1383 6958s
 14751  5822 7373.53526   40 3743 11038.0000 7373.53526  33.2%  1383 6960s
 14755  5824 7841.31703  116 3780 11038.0000 7373.70189  33.2%  1383 6988s
 14756  5825 7375.74941  192 3462 11038.0000 7375.74941  33.2%  1383 6994s
 14757  5826 7574.91067  254 3532 11038.0000 7376.22324  33.2%  1382 6996s
 14762  5829 7376.54840   54 3541 11038.0000 7376.54840  33.2%  1382 7026s
 14763  5830 7734.27589  188 3577 11038.0000 7379.70282  33.1%  1382 7032s
 14764  5830 7380.92551   68 3511 11038.0000 7380.92551  33.1%  1382 7035s
 14770  5834 7381.19425   59 3587 11038.0000 7381.19425  33.1%  1381 7065s
 14772  5836 7383.47155   34 3693 11038.0000 7383.47155  33.1%  1381 7070s
 14777  5839 7383.61301   63 3711 11038.0000 7383.61301  33.1%  1381 7100s
 14778  5840 7387.21555   32 3577 11038.0000 7387.21555  33.1%  1381 7105s
 14781  5842 7388.23302  101 3741 11038.0000 7388.23302  33.1%  1380 7110s
 14784  5844 7388.24005  104 3846 11038.0000 7388.24005  33.1%  1380 7138s
 14785  5844 7391.21796   40 3382 11038.0000 7391.21796  33.0%  1380 7143s
 14786  5845 7391.65421   99 3539 11038.0000 7391.65421  33.0%  1380 7145s
 14790  5848 7391.77221   24 3622 11038.0000 7391.77221  33.0%  1379 7174s
 14791  5848 10754.5617  402 3623 11038.0000 7393.61004  33.0%  1379 7178s
 14792  5849 7394.10957   71 3558 11038.0000 7394.10957  33.0%  1379 7180s
 14796  5852 9885.72800  274 3647 11038.0000 7394.27717  33.0%  1379 7210s
 14798  5853 7396.73452  147 3350 11038.0000 7396.73452  33.0%  1379 7216s
 14803  5856 7396.88112   30 3392 11038.0000 7396.88112  33.0%  1378 7247s
 14804  5857 7852.86230  118 3434 11038.0000 7398.83997  33.0%  1378 7250s
 14808  5860 7399.37915   50 3513 11038.0000 7399.37915  33.0%  1378 7280s
 14809  5860 7400.79295   41 3357 11038.0000 7400.79295  33.0%  1378 7286s
 14814  5864 7854.48164  308 3508 11038.0000 7401.24599  32.9%  1377 7314s
 14815  5864 7401.78500   94 3475 11038.0000 7401.78500  32.9%  1377 7316s
 14820  5868 7401.93290   95 3507 11038.0000 7401.93290  32.9%  1377 7343s
 14821  5868 7403.10355  145 3441 11038.0000 7403.10355  32.9%  1377 7350s
 14826  5872 7624.28336  127 3552 11038.0000 7403.57673  32.9%  1376 7377s
 14827  5872 7404.44586  180 3456 11038.0000 7404.44586  32.9%  1376 7382s
 14829  5874 7404.70457  127 3593 11038.0000 7404.70457  32.9%  1376 7385s
 14832  5876 7404.71224   41 3530 11038.0000 7404.71224  32.9%  1375 7411s
 14833  5876 7407.45369  137 3368 11038.0000 7407.45369  32.9%  1375 7466s
 14834  5877 10997.8111  155 3288 11038.0000 7407.74019  32.9%  1375 7470s
 14839  5880 7407.96762  109 3293 11038.0000 7407.96762  32.9%  1375 7496s
 14841  5882 9260.03264  139 3345 11038.0000 7409.27782  32.9%  1375 7501s
 14847  5886 7409.37617   75 3481 11038.0000 7409.37617  32.9%  1374 7528s
 14848  5886 7411.20204   32 3495 11038.0000 7411.20204  32.9%  1374 7532s
 14850  5888 7411.82676   44 3520 11038.0000 7411.82676  32.9%  1374 7535s
 14855  5891 7841.31703  116 3592 11038.0000 7411.88116  32.9%  1373 7563s
 14856  5892 7413.88326  192 3301 11038.0000 7413.88326  32.8%  1373 7567s
 14858  5893 7733.27319  191 3376 11038.0000 7414.34431  32.8%  1373 7570s
 14862  5896 7414.43866   54 3362 11038.0000 7414.43866  32.8%  1373 7597s
 14863  5896 7734.27589  188 3277 11038.0000 7415.65354  32.8%  1373 7600s
 14868  5900 7416.19554   19 3412 11038.0000 7416.19554  32.8%  1372 7630s
 14870  5901 7417.22441   59 3449 11038.0000 7417.22441  32.8%  1372 7635s
 14875  5904 7417.30179  178 3377 11038.0000 7417.30179  32.8%  1372 7663s
 14876  5905 7419.08395  124 3285 11038.0000 7419.08395  32.8%  1371 7667s
 14878  5906 7419.81022   32 3353 11038.0000 7419.81022  32.8%  1371 7670s
 14882  5909 7419.85193   49 3334 11038.0000 7419.85193  32.8%  1371 7697s
 14883  5910 7808.38360  147 3418 11038.0000 7421.42032  32.8%  1371 7701s
 14888  5913 7421.76747   65 3483 11038.0000 7421.76747  32.8%  1370 7729s
 14889  5914 7422.76561   97 3498 11038.0000 7422.76561  32.8%  1370 7732s
 14893  5916 7423.32597   36 3493 11038.0000 7423.32597  32.7%  1370 7735s
 14895  5918 9281.86953  168 3473 11038.0000 7423.33062  32.7%  1370 7761s
 14897  5919 7424.53643   94 3534 11038.0000 7424.53643  32.7%  1369 7766s
 14902  5922 7424.65198    8 3539 11038.0000 7424.65198  32.7%  1369 7794s
 14903  5923 7425.54549   30 3514 11038.0000 7425.54549  32.7%  1369 7796s
 14908  5926 7425.91392   50 3559 11038.0000 7425.91392  32.7%  1368 7803s
 14909  5927 7427.01857   41 3460 11038.0000 7427.01857  32.7%  1368 7807s
 14913  5930 7427.28470   18 3625 11038.0000 7427.28470  32.7%  1368 7810s
 14915  5931 7427.90679   94 3312 11038.0000 7427.90679  32.7%  1368 7816s
 14921  5935 7428.18622  145 3566 11038.0000 7428.18622  32.7%  1367 7823s
 14922  5936 9351.22417  213 3435 11038.0000 7429.80532  32.7%  1367 7827s
 14924  5937 7430.28350   94 3577 11038.0000 7430.28350  32.7%  1367 7830s
 14928  5940 7430.97893   30 3505 11038.0000 7430.97893  32.7%  1367 7837s
 14932  5942 7431.28085   41 3659 11038.0000 7431.28085  32.7%  1366 7864s
 14933  5943 7432.01557  137 3521 11038.0000 7432.01557  32.7%  1366 7867s
 14936  5945 7432.31556  166 3586 11038.0000 7432.31556  32.7%  1366 7870s
 14938  5946 8081.51812  211 3623 11038.0000 7432.31905  32.7%  1366 7896s
 14940  5948 7433.33550   61 3670 11038.0000 7433.33550  32.7%  1366 7900s
 14944  5950 7433.41011   25 3664 11038.0000 7433.41011  32.7%  1365 7927s
 14946  5952 8598.29296  471 3565 11038.0000 7433.86815  32.7%  1365 7930s
 14948  5953 7433.88119   32 3656 11038.0000 7433.88119  32.7%  1365 7956s
 14953  5956 7434.48855   75 3531 11038.0000 7434.48855  32.6%  1364 7960s
 14955  5958 7841.31703  116 3548 11038.0000 7434.49012  32.6%  1364 7986s
 14957  5959 7574.91067  254 3611 11038.0000 7435.07166  32.6%  1364 7990s
 14961  5962 8214.58760  391 3593 11038.0000 7435.14229  32.6%  1364 8017s
 14963  5963 7734.27589  188 3568 11038.0000 7435.73917  32.6%  1363 8020s
 14968  5966 7435.76641   19 3612 11038.0000 7435.76641  32.6%  1363 8047s
 14969  5967 7436.48893  127 3539 11038.0000 7436.48893  32.6%  1363 8050s
 14973  5970 7436.65128   32 3588 11038.0000 7436.65128  32.6%  1363 8077s
 14975  5971 7437.28584  178 3601 11038.0000 7437.28584  32.6%  1362 8080s
 14980  5974 7845.10473  272 3685 11038.0000 7437.32635  32.6%  1362 8107s
 14981  5975 7438.12857  101 3641 11038.0000 7438.12857  32.6%  1362 8110s
 14987  5979 10235.7006  135 3692 11038.0000 7438.45809  32.6%  1361 8138s
 14988  5980 7439.11216   65 3626 11038.0000 7439.11216  32.6%  1361 8140s
 14992  5982 7439.44231   71 3731 11038.0000 7439.44231  32.6%  1361 8168s
 14993  5983 7439.93043   36 3629 11038.0000 7439.93043  32.6%  1361 8170s
 14999  5987 7440.25698   21 3733 11038.0000 7440.25698  32.6%  1360 8197s
 15001  5988 7440.83202   78 3591 11038.0000 7440.83202  32.6%  1360 8200s
 15005  5991 7440.86986   20 3584 11038.0000 7440.86986  32.6%  1360 8205s
 15007  5992 9120.57047  238 3718 11038.0000 7442.02910  32.6%  1359 8210s
 15012  5996 7442.09489  213 3737 11038.0000 7442.09489  32.6%  1359 8236s
 15015  5998 7442.71090   94 3670 11038.0000 7442.71090  32.6%  1359 8240s
 15019  6000 7442.72744   51 3689 11038.0000 7442.72744  32.6%  1358 8265s
 15021  6002 7443.42697  145 3839 11038.0000 7443.42697  32.6%  1358 8271s
 15027  6006 7443.51751  180 3825 11038.0000 7443.51751  32.6%  1358 8277s
 15028  6006 7444.31935   30 3806 11038.0000 7444.31935  32.6%  1358 8280s
 15032  6009 7444.43002   41 3814 11038.0000 7444.43002  32.6%  1357 8285s
 15034  6010 10997.8111  155 3721 11038.0000 7445.67376  32.5%  1357 8290s
 15038  6013 8081.51812  211 3473 11038.0000 7446.36657  32.5%  1357 8296s
 15042  6016 7446.60910   94 3669 11038.0000 7446.60910  32.5%  1356 8325s
 15044  6017 7447.40180   25 3654 11038.0000 7447.40180  32.5%  1356 8330s
 15048  6020 7447.45685   32 3722 11038.0000 7447.45685  32.5%  1356 8335s
 15053  6023 7447.69609   75 3614 11038.0000 7447.69609  32.5%  1355 8342s
 15054  6024 7448.91891   64 3646 11038.0000 7448.91891  32.5%  1355 8346s
 15060  6028 7689.99750  244 3551 11038.0000 7449.16268  32.5%  1355 8352s
 15062  6029 7449.82121   54 3565 11038.0000 7449.82121  32.5%  1354 8356s
 15066  6032 7449.91963  187 3694 11038.0000 7449.91963  32.5%  1354 8383s
 15067  6032 7450.06984   72 3764 11038.0000 7450.06984  32.5%  1354 8385s
 15074  6037 7450.10614  103 3771 11038.0000 7450.10614  32.5%  1353 8411s
 15078  6040 7450.34801   32 3676 11038.0000 7450.34801  32.5%  1353 8438s
 15079  6040 9931.73067  368 3718 11038.0000 7450.37556  32.5%  1353 8440s
 15083  6043 7808.38360  147 3826 11038.0000 7450.40384  32.5%  1353 8467s
H15083  5734                    11036.000000 7450.77117  32.5%  1353 8472s
 15085  5735 7450.81475   40 3714 11036.0000 7450.81475  32.5%  1352 8475s
 15089  5738 7450.83844   97 3682 11036.0000 7450.83844  32.5%  1352 8502s
 15091  5739 10754.5617  402 3724 11036.0000 7451.26706  32.5%  1352 8505s
 15094  5741 7451.28780   12 3694 11036.0000 7451.28780  32.5%  1352 8532s
H15094  5447                    11025.000000 7451.62878  32.4%  1352 8535s
 15095  5448 9281.86953  168 3539 11025.0000 7451.62878  32.4%  1352 8545s
 15099  5451 7451.73995   21 3732 11025.0000 7451.73995  32.4%  1351 8572s
 15102  5453 7452.00890    8 3746 11025.0000 7452.00890  32.4%  1351 8575s
 15104  5454 7852.86230  118 3764 11025.0000 7452.00985  32.4%  1351 8600s
 15111  5459 7567.18201  265 3637 11025.0000 7452.56422  32.4%  1350 8628s
 15112  5459 7452.91616  213 3620 11025.0000 7452.91616  32.4%  1350 8631s
 15116  5462 7453.16302   18 3821 11025.0000 7453.16302  32.4%  1350 8660s
 15122  5466 9351.22417  213 3866 11025.0000 7453.82903  32.4%  1349 8690s
 15125  5468 7454.99830   78 3840 11025.0000 7454.99830  32.4%  1349 8695s
 15130  5471 7455.02628  151 3958 11025.0000 7455.02628  32.4%  1348 8722s
 15131  5472 7682.87205  286 3723 11025.0000 7455.57932  32.4%  1348 8733s
 15133  5473 7455.76088  137 3932 11025.0000 7455.76088  32.4%  1348 8735s
 15137  5476 7542.12775  387 3947 11025.0000 7455.77001  32.4%  1348 8761s
 15143  5480 10593.1839  317 3810 11025.0000 7455.96040  32.4%  1347 8791s
 15144  5481 7456.37025   25 3844 11025.0000 7456.37025  32.4%  1347 8803s
 15145  5481 10194.7283  342 3846 11025.0000 7456.44647  32.4%  1347 8805s
 15148  5483 7456.46531   32 3859 11025.0000 7456.46531  32.4%  1347 8829s
 15149  5484 7456.64047    7 3767 11025.0000 7456.64047  32.4%  1347 8831s
 15154  5487 7456.68748   64 3803 11025.0000 7456.68748  32.4%  1346 8858s
 15155  5488 7841.31703  116 3875 11025.0000 7457.05027  32.4%  1346 8896s
 15158  5490 7733.27319  191 3944 11025.0000 7457.32608  32.4%  1346 8900s
 15160  5491 7689.99750  244 3891 11025.0000 7457.32927  32.4%  1346 8925s
 15162  5493 7457.81158   54 3808 11025.0000 7457.81158  32.4%  1346 8931s
 15165  5495 7457.84056  103 3843 11025.0000 7457.84056  32.4%  1345 8956s
 15169  5497 7458.12213  127 3964 11025.0000 7458.12213  32.4%  1345 8986s
 15171  5499 7458.74381   34 3755 11025.0000 7458.74381  32.3%  1345 8990s
 15176  5502 7458.89234  124 3904 11025.0000 7458.89234  32.3%  1344 9017s
 15180  5505 7845.10473  272 3862 11025.0000 7459.08219  32.3%  1344 9045s
 15186  5509 7459.99370   99 3664 11025.0000 7459.99370  32.3%  1343 9073s
 15187  5509 10235.7006  135 3574 11025.0000 7460.83603  32.3%  1343 9075s
 15192  5513 7460.93763   71 3749 11025.0000 7460.93763  32.3%  1343 9100s
 15193  5513 7461.55570   36 3593 11025.0000 7461.55570  32.3%  1343 9105s
 15197  5516 7461.69090   94 3608 11025.0000 7461.69090  32.3%  1342 9129s
 15198  5517 7462.49729  147 3543 11025.0000 7462.49729  32.3%  1342 9131s
 15201  5519 7463.22706   78 3758 11025.0000 7463.22706  32.3%  1342 9135s
 15203  5520 7463.23255   30 3774 11025.0000 7463.23255  32.3%  1342 9158s
 15204  5521 7852.86230  118 3583 11025.0000 7464.32722  32.3%  1342 9161s
 15209  5524 7464.90851   41 3747 11025.0000 7464.90851  32.3%  1341 9165s
 15213  5527 7464.91878   18 3747 11025.0000 7464.91878  32.3%  1341 9190s
 15216  5529 7466.11412   18 3877 11025.0000 7466.11412  32.3%  1341 9195s
 15219  5531 7466.13864   51 3857 11025.0000 7466.13864  32.3%  1341 9221s
 15221  5532 7466.97205  145 3644 11025.0000 7466.97205  32.3%  1340 9225s
 15224  5534 7467.00827   94 3635 11025.0000 7467.00827  32.3%  1340 9253s
 15226  5535 7624.28336  127 3717 11025.0000 7467.80299  32.3%  1340 9255s
 15230  5538 7467.83890  151 3714 11025.0000 7467.83890  32.3%  1340 9282s
 15234  5541 10997.8111  155 3743 11025.0000 7468.12023  32.3%  1339 9309s
 15235  5541 7469.01341  107 3601 11025.0000 7469.01341  32.3%  1339 9312s
 15240  5545 7469.23833   61 3645 11025.0000 7469.23833  32.3%  1339 9340s
 15244  5547 7470.25759   25 3718 11025.0000 7470.25759  32.2%  1338 9345s
 15245  5548 10194.7283  342 3769 11025.0000 7470.25780  32.2%  1338 9370s
 15250  5551 7470.50911   44 3940 11025.0000 7470.50911  32.2%  1338 9399s
 15251  5552 7470.55221   40 3821 11025.0000 7470.55221  32.2%  1338 9402s
 15253  5553 7470.55534   75 3808 11025.0000 7470.55534  32.2%  1338 9427s
 15255  5555 7841.31703  116 3842 11025.0000 7470.56084  32.2%  1337 9452s
 15258  5557 7733.27319  191 3746 11025.0000 7470.65318  32.2%  1337 9455s
 15259  5557 7470.65332   91 3750 11025.0000 7470.65332  32.2%  1337 9479s
 15260  5558 7689.99750  244 3598 11025.0000 7471.03505  32.2%  1337 9480s
 15267  5563 7471.16389   72 3750 11025.0000 7471.16389  32.2%  1336 9508s
 15270  5565 7471.24909   59 3701 11025.0000 7471.24909  32.2%  1336 9510s
 15273  5567 7471.25281   32 3781 11025.0000 7471.25281  32.2%  1336 9535s
 15274  5567 7471.26377  103 3777 11025.0000 7471.26377  32.2%  1336 9590s
 15276  5569 7471.26713  124 3778 11025.0000 7471.26713  32.2%  1336 9618s
 15278  5570 7471.27628   32 3772 11025.0000 7471.27628  32.2%  1335 9645s
 15283  5573 7808.38360  147 3724 11025.0000 7471.35317  32.2%  1335 9671s
 15288  5577 7471.47122   65 3709 11025.0000 7471.47122  32.2%  1334 9697s
 15293  5581 7471.55774   36 1323 11025.0000 7471.55774  32.2%  1365 9740s
 15295  5583 9281.86953  168 1528 11025.0000 7471.55774  32.2%  1365 9754s
 15296  5583 9885.72800  274 1663 11025.0000 7471.55774  32.2%  1365 9765s
 15297  5584 7471.55774   94 2004 11025.0000 7471.55774  32.2%  1365 9781s
 15298  5585 7471.55830  147 2023 11025.0000 7471.55830  32.2%  1365 9794s
 15299  5585 7471.55830   21 2287 11025.0000 7471.55830  32.2%  1365 9808s
 15300  5586 7825.95570  267 2285 11025.0000 7471.55830  32.2%  1365 9820s
 15301  5587 7471.55830   78 2533 11025.0000 7471.55830  32.2%  1364 9832s
 15302  5587 7471.65110    8 2696 11025.0000 7471.65110  32.2%  1364 9844s
 15303  5588 7471.65110   30 2864 11025.0000 7471.65110  32.2%  1364 9855s
 15304  5589 7852.86230  118 2973 11025.0000 7471.65110  32.2%  1364 9864s
 15305  5589 7471.65110   20 3159 11025.0000 7471.65110  32.2%  1364 9873s
 15306  5590 7471.65110   14 3317 11025.0000 7471.65110  32.2%  1364 9881s
 15307  5591 9120.57047  238 3452 11025.0000 7471.65110  32.2%  1364 9886s
 15308  5591 7471.81941   50 3653 11025.0000 7471.81941  32.2%  1364 9890s
 15313  5595 7471.83344   18 3763 11025.0000 7471.83344  32.2%  1363 9895s
 15315  5596 7471.83344   94 3881 11025.0000 7471.83344  32.2%  1363 9910s
 15322  5601 9351.22417  213 3718 11025.0000 7472.42075  32.2%  1363 9940s
 15327  5604 7473.11342  180 3550 11025.0000 7473.11342  32.2%  1362 9969s
 15328  5605 7474.16242   30 3630 11025.0000 7474.16242  32.2%  1362 9971s
 15333  5608 7474.25115  137 3585 11025.0000 7474.25115  32.2%  1362 9999s

Cutting planes:
  Learned: 1
  Gomory: 27
  Cover: 1076
  Implied bound: 5
  Projected implied bound: 2
  Clique: 146
  MIR: 114
  StrongCG: 195
  Flow cover: 2199
  GUB cover: 188
  Zero half: 333
  RLT: 653
  Relax-and-lift: 13
  BQP: 17
  PSD: 7

Explored 15333 nodes (21195333 simplex iterations) in 10000.10 seconds (12773.41 work units)
Thread count was 32 (of 64 available processors)

Solution count 10: 11025 11036 11038 ... 11092

Time limit reached
Best objective 1.102500000000e+04, best bound 7.475000000000e+03, gap 32.1995%
Solved c101_Even -> /project2/ssuen_1733/output/v4_exact_weekly_fairness_w10_l100_mad/c101_Even.pkl / /project2/ssuen_1733/output/v4_exact_weekly_fairness_w10_l100_mad/c101_Even.json / /project2/ssuen_1733/output/v4_exact_weekly_fairness_w10_l100_mad/c101_Even_running_synopsis.json
[Mon Sep 28 12:04:29 PDT 2026] Finished run_single_instance for c101_Even
