Using Python:
Python 3.10.18
Checking core dependencies:
numpy: 2.2.6
gurobi: (12, 0, 3)
[Mon Sep 28 09:17:19 PDT 2026] Starting run_single_instance on a01-03.hpc.usc.edu for rc101_Random2
Set parameter TokenServer to value "hpc-licenses.hpcc.usc.edu"
Added workload fairness penalty (mean_absolute_deviation) to objective with weight 10.0
Added weekly leadership day fairness penalty (mean_absolute_deviation) to objective with weight 100.0
Set parameter TimeLimit to value 10000
Set parameter Seed to value 42
Set parameter OutputFlag to value 1
Gurobi Optimizer version 12.0.3 build v12.0.3rc0 (linux64 - "Rocky Linux 8.10 (Green Obsidian)")

CPU model: AMD EPYC 7513 32-Core Processor, instruction set [SSE2|AVX|AVX2]
Thread count: 64 physical cores, 64 logical processors, using up to 32 threads

Non-default parameters:
TimeLimit  10000
Seed  42

Optimize a model with 1005850 rows, 728450 columns and 6967150 nonzeros
Model fingerprint: 0x84436db3
Variable types: 200 continuous, 728250 integer (727750 binary)
Coefficient statistics:
  Matrix range     [2e-02, 1e+03]
  Objective range  [1e+00, 1e+02]
  Bounds range     [1e+00, 5e+01]
  RHS range        [1e+00, 1e+03]
Presolve removed 978450 rows and 702054 columns
Presolve time: 1.15s
Presolved: 27400 rows, 26396 columns, 206050 nonzeros
Variable types: 100 continuous, 26296 integer (26150 binary)
Performing another presolve...
Presolve removed 2850 rows and 200 columns
Presolve time: 0.71s
Deterministic concurrent LP optimizer: primal and dual simplex
Showing primal log only...


Root simplex log...

Iteration    Objective       Primal Inf.    Dual Inf.      Time
   17231    1.2275006e+04   0.000000e+00   1.130395e+07      5s
   46320    6.4842843e+03   0.000000e+00   1.898177e+06     10s
Concurrent spin time: 0.00s

Solved with dual simplex

Root simplex log...

Iteration    Objective       Primal Inf.    Dual Inf.      Time
   20778    5.4156863e+03   0.000000e+00   0.000000e+00     11s

Root relaxation: objective 5.415686e+03, 20778 iterations, 6.49 seconds (9.35 work units)
Total elapsed time = 10.56s (DegenMoves)

    Nodes    |    Current Node    |     Objective Bounds      |     Work
 Expl Unexpl |  Obj  Depth IntInf | Incumbent    BestBd   Gap | It/Node Time

     0     0 5415.68633    0 1339          - 5415.68633      -     -   11s
     0     0 5499.62645    0 1458          - 5499.62645      -     -   51s
     0     0 5499.62645    0 1440          - 5499.62645      -     -   53s
     0     0 5499.62645    0 1434          - 5499.62645      -     -   53s
     0     0 5499.62645    0 1442          - 5499.62645      -     -   53s
     0     0 5499.62645    0 1441          - 5499.62645      -     -   54s
     0     0 5524.26118    0 1552          - 5524.26118      -     -   56s
     0     0 5525.65322    0 1511          - 5525.65322      -     -   57s
     0     0 5525.65718    0 1541          - 5525.65718      -     -   57s
     0     0 5592.17521    0 1637          - 5592.17521      -     -   62s
     0     0 5593.68345    0 1585          - 5593.68345      -     -   62s
     0     0 5593.74996    0 1588          - 5593.74996      -     -   62s
     0     0 5593.75402    0 1610          - 5593.75402      -     -   63s
     0     0 5634.50793    0 1595          - 5634.50793      -     -   67s
     0     0 5647.35767    0 1651          - 5647.35767      -     -   69s
     0     0 5647.40566    0 1629          - 5647.40566      -     -   70s
     0     0 5647.44992    0 1619          - 5647.44992      -     -   70s
     0     0 5647.45109    0 1623          - 5647.45109      -     -   70s
     0     0 5732.66164    0 1709          - 5732.66164      -     -   76s
     0     0 5734.59653    0 1688          - 5734.59653      -     -   76s
     0     0 5734.71389    0 1686          - 5734.71389      -     -   77s
     0     0 5734.71721    0 1720          - 5734.71721      -     -   77s
     0     0 5850.10852    0 1824          - 5850.10852      -     -   83s
     0     0 5851.88351    0 1766          - 5851.88351      -     -   84s
     0     0 5851.96309    0 1755          - 5851.96309      -     -   85s
     0     0 5943.29597    0 1831          - 5943.29597      -     -   89s
     0     0 5946.39070    0 1946          - 5946.39070      -     -   90s
     0     0 5946.44461    0 1921          - 5946.44461      -     -   91s
     0     0 5994.60215    0 1931          - 5994.60215      -     -   94s
     0     0 5997.10676    0 1920          - 5997.10676      -     -   95s
     0     0 6025.10815    0 1871          - 6025.10815      -     -   98s
     0     0 6025.89215    0 1858          - 6025.89215      -     -   99s
     0     0 6025.89577    0 1846          - 6025.89577      -     -   99s
     0     0 6048.77633    0 1876          - 6048.77633      -     -  102s
     0     0 6049.73108    0 1934          - 6049.73108      -     -  102s
     0     0 6049.87356    0 1976          - 6049.87356      -     -  103s
     0     0 6078.57141    0 1939          - 6078.57141      -     -  105s
     0     0 6079.03498    0 1936          - 6079.03498      -     -  106s
     0     0 6079.03952    0 1948          - 6079.03952      -     -  106s
     0     0 6105.85747    0 1968          - 6105.85747      -     -  109s
     0     0 6105.97501    0 1984          - 6105.97501      -     -  109s
     0     0 6122.64910    0 2034          - 6122.64910      -     -  112s
     0     0 6123.14428    0 1996          - 6123.14428      -     -  113s
     0     0 6123.18312    0 2021          - 6123.18312      -     -  113s
     0     0 6129.29331    0 1943          - 6129.29331      -     -  115s
     0     0 6129.55775    0 1939          - 6129.55775      -     -  115s
     0     0 6129.57784    0 1947          - 6129.57784      -     -  116s
     0     0 6135.99803    0 1929          - 6135.99803      -     -  118s
     0     0 6136.40191    0 1946          - 6136.40191      -     -  118s
     0     0 6136.49746    0 2006          - 6136.49746      -     -  119s
     0     0 6141.02146    0 2013          - 6141.02146      -     -  120s
     0     0 6141.24536    0 2011          - 6141.24536      -     -  121s
     0     0 6141.24565    0 1976          - 6141.24565      -     -  121s
     0     0 6147.48880    0 1990          - 6147.48880      -     -  123s
     0     0 6147.63652    0 2038          - 6147.63652      -     -  123s
     0     0 6152.51527    0 1924          - 6152.51527      -     -  125s
     0     0 6152.64393    0 1979          - 6152.64393      -     -  126s
     0     0 6154.59234    0 1994          - 6154.59234      -     -  127s
     0     0 6154.66299    0 2002          - 6154.66299      -     -  127s
     0     0 6157.22458    0 1932          - 6157.22458      -     -  129s
     0     0 6157.29822    0 1929          - 6157.29822      -     -  129s
     0     0 6160.93671    0 1900          - 6160.93671      -     -  130s
     0     0 6161.64528    0 2035          - 6161.64528      -     -  131s
     0     0 6161.66453    0 2006          - 6161.66453      -     -  132s
     0     0 6165.00608    0 1955          - 6165.00608      -     -  133s
     0     0 6165.12506    0 1986          - 6165.12506      -     -  134s
     0     0 6174.52360    0 1931          - 6174.52360      -     -  136s
     0     0 6175.21636    0 1960          - 6175.21636      -     -  137s
     0     0 6175.21636    0 1939          - 6175.21636      -     -  138s
     0     0 6188.24952    0 1944          - 6188.24952      -     -  140s
     0     0 6188.38481    0 1996          - 6188.38481      -     -  141s
     0     0 6190.95816    0 1993          - 6190.95816      -     -  142s
     0     0 6190.97281    0 2013          - 6190.97281      -     -  142s
     0     0 6191.59298    0 1931          - 6191.59298      -     -  143s
     0     0 6191.98938    0 1947          - 6191.98938      -     -  143s
     0     0 6191.98938    0 1967          - 6191.98938      -     -  144s
     0     0 6191.98938    0 1958          - 6191.98938      -     -  144s
H    0     0                    6473311.0000 6192.12038   100%     -  153s
H    0     0                    158135.00000 6192.12038  96.1%     -  153s
H    0     0                    157921.00000 6192.12038  96.1%     -  153s
H    0     0                    157866.00000 6192.12038  96.1%     -  153s
H    0     0                    157735.00000 6192.12038  96.1%     -  153s
H    0     0                    157213.00000 6192.12038  96.1%     -  153s
H    0     0                    154051.00000 6192.12038  96.0%     -  153s
H    0     0                    154042.00000 6192.12038  96.0%     -  153s
H    0     0                    153984.00000 6192.12038  96.0%     -  153s
H    0     0                    123718.00000 6192.12038  95.0%     -  153s
H    0     0                    81103.000000 6192.12038  92.4%     -  153s
H    0     0                    79925.000000 6192.12038  92.3%     -  153s
H    0     0                    68102.000000 6192.12038  90.9%     -  153s
H    0     0                    67797.000000 6192.12038  90.9%     -  153s
H    0     0                    63117.000000 6192.12038  90.2%     -  154s
H    0     0                    62502.000000 6192.12038  90.1%     -  154s
H    0     0                    60977.000000 6192.12038  89.8%     -  154s
H    0     0                    60139.000000 6192.12038  89.7%     -  154s
H    0     0                    60118.000000 6192.12038  89.7%     -  154s
H    0     0                    58576.000000 6192.12038  89.4%     -  154s
H    0     0                    58382.000000 6192.12038  89.4%     -  154s
H    0     0                    57985.000000 6192.12038  89.3%     -  154s
H    0     0                    57331.000000 6192.12038  89.2%     -  154s
H    0     0                    57199.000000 6192.12038  89.2%     -  154s
H    0     0                    57179.000000 6192.12038  89.2%     -  154s
H    0     0                    57144.000000 6192.12038  89.2%     -  154s
H    0     2                    56099.000000 6192.12038  89.0%     -  156s
     0     2 6192.12038    0 1957 56099.0000 6192.12038  89.0%     -  156s
H    1     4                    56089.000000 6192.53829  89.0%   356  168s
     3     8 6196.28012    2 1979 56089.0000 6196.28012  89.0%  5658  174s
     7    16 6196.85251    3 1926 56089.0000 6196.28033  89.0%  4598  199s
    15    32 6196.92003    4 1922 56089.0000 6196.85251  89.0%  6145  210s
    31    53 6197.09797    5 1959 56089.0000 6197.09797  89.0%  5722  245s
H   52    85                    53105.000000 6197.09797  88.3%  7378  269s
H   56    85                    45520.000000 6197.36457  86.4%  7168  269s
H   73    85                    43980.000000 6197.36457  85.9%  6574  269s
H   84   229                    43912.000000 6197.36457  85.9%  5829  321s
H  228   326                    43876.000000 6197.56611  85.9%  3005  342s
H  230   326                    43785.000000 6197.56611  85.8%  3019  342s
H  232   326                    43674.000000 6197.56611  85.8%  3049  342s
H  234   326                    43028.000000 6197.56611  85.6%  3064  342s
H  239   326                    39777.000000 6197.56611  84.4%  3015  342s
H  250   326                    39567.000000 6197.56611  84.3%  2935  342s
H  287   326                    39307.000000 6197.56611  84.2%  2870  342s
   325   435 6201.39341   13 2040 39307.0000 6197.56611  84.2%  2782  363s
H  434   523                    38243.000000 6197.56611  83.8%  2406  382s
H  437   523                    38221.000000 6197.56611  83.8%  2433  382s
H  454   523                    37751.000000 6197.56611  83.6%  2394  382s
H  475   523                    37514.000000 6197.56611  83.5%  2369  382s
H  509   523                    37472.000000 6197.56611  83.5%  2287  382s
H  511   523                    37229.000000 6197.56611  83.4%  2285  382s
   522   619 6203.28854   15 2133 37229.0000 6197.56611  83.4%  2254  400s
H  618   704                    36310.000000 6197.56611  82.9%  2129  419s
H  630   704                    36097.000000 6197.56611  82.8%  2125  419s
H  650   704                    35817.000000 6197.56611  82.7%  2101  419s
   703   804 6266.79377   17 2012 35817.0000 6197.56611  82.7%  2038  436s
H  803   835                    32586.000000 6197.56611  81.0%  1927  448s
H  805   835                    30322.000000 6197.56611  79.6%  1935  448s
H  813   835                    30192.000000 6197.56611  79.5%  1923  448s
H  832   835                    29969.000000 6197.56611  79.3%  1895  448s
   834   934 6293.00686   18 2075 29969.0000 6197.56611  79.3%  1898  460s
H  933   965                    28816.000000 6197.56611  78.5%  1820  473s
H  935   965                    26850.000000 6197.56611  76.9%  1817  473s
   964  1071 6436.88472   20 2035 26850.0000 6197.56611  76.9%  1818  492s
H 1070  1103                    25771.000000 6197.56611  76.0%  1770  503s
H 1072  1103                    25450.000000 6197.56611  75.6%  1767  503s
H 1080  1103                    25244.000000 6197.56611  75.4%  1757  503s
  1102  1133 6296.93979   20 2091 25244.0000 6197.56611  75.4%  1761  522s
H 1104  1133                    24546.000000 6197.56611  74.8%  1764  522s
H 1108  1133                    24535.000000 6197.56611  74.7%  1762  522s
H 1112  1133                    24394.000000 6197.56611  74.6%  1763  522s
H 1117  1133                    24349.000000 6197.56611  74.5%  1765  522s
H 1132  1165                    23836.000000 6197.56611  74.0%  1758  534s
H 1133  1165                    23590.000000 6197.56611  73.7%  1757  534s
H 1134  1165                    23416.000000 6197.56611  73.5%  1755  534s
H 1150  1165                    23208.000000 6197.56611  73.3%  1753  534s
H 1159  1165                    23019.000000 6197.56611  73.1%  1746  534s
H 1164  1272                    22856.000000 6197.56611  72.9%  1740  550s
H 1166  1272                    22782.000000 6197.56611  72.8%  1740  550s
H 1168  1272                    22470.000000 6197.56611  72.4%  1744  550s
  1271  1304 6243.90894   23 2105 22470.0000 6197.56611  72.4%  1685  562s
H 1272  1304                    21373.000000 6197.56611  71.0%  1684  562s
H 1273  1304                    20085.000000 6197.56611  69.1%  1683  562s
H 1279  1304                    19667.000000 6197.56611  68.5%  1677  562s
H 1303  1412                    19556.000000 6197.56611  68.3%  1669  580s
H 1306  1412                    19353.000000 6197.56611  68.0%  1667  580s
H 1307  1412                    19316.000000 6197.56611  67.9%  1666  580s
H 1361  1412                    19272.000000 6197.56611  67.8%  1642  580s
H 1411  1447                    19221.000000 6197.56611  67.8%  1615  593s
H 1415  1447                    19097.000000 6197.56611  67.5%  1611  593s
H 1416  1447                    19020.000000 6197.56611  67.4%  1610  593s
H 1418  1447                    18927.000000 6197.56611  67.3%  1609  593s
H 1422  1447                    18495.000000 6197.56611  66.5%  1610  593s
H 1428  1447                    18487.000000 6197.56611  66.5%  1612  593s
H 1433  1447                    18155.000000 6197.56611  65.9%  1608  593s
H 1441  1447                    17989.000000 6197.56611  65.5%  1613  593s
H 1446  1612                    17958.000000 6197.56611  65.5%  1610  613s
H 1611  1643                    17711.000000 6197.56611  65.0%  1559  630s
H 1612  1643                    17214.000000 6197.56611  64.0%  1559  630s
H 1613  1643                    17154.000000 6197.56611  63.9%  1558  630s
H 1628  1643                    17046.000000 6197.56611  63.6%  1552  630s
  1642  1797 6243.24732   36 2103 17046.0000 6197.56611  63.6%  1552  653s
H 1796  1836                    16870.000000 6197.56611  63.3%  1529  672s
H 1802  1836                    16254.000000 6197.56611  61.9%  1525  672s
  1835  1986 6217.46228   43 2025 16254.0000 6197.56611  61.9%  1528  696s
H 1985  2090                    15999.000000 6197.56611  61.3%  1517  718s
H 1987  2090                    15987.000000 6197.56611  61.2%  1519  718s
H 1992  2090                    15962.000000 6197.56611  61.2%  1517  718s
H 2035  2090                    15937.000000 6197.56611  61.1%  1505  718s
H 2053  2090                    15919.000000 6197.56611  61.1%  1505  718s
H 2065  2090                    15794.000000 6197.56611  60.8%  1500  718s
  2089  2280 6218.94562   45 1987 15794.0000 6197.56611  60.8%  1494  744s
H 2279  2325                    15230.000000 6197.56611  59.3%  1457  763s
H 2290  2325                    15159.000000 6197.56611  59.1%  1454  763s
  2324  2489 6254.64087   63 2012 15159.0000 6197.56611  59.1%  1455  784s
H 2488  2550                    15027.000000 6197.56611  58.8%  1446  809s
H 2490  2550                    14934.000000 6197.56611  58.5%  1449  809s
H 2492  2550                    14826.000000 6197.56611  58.2%  1449  809s
H 2506  2550                    14822.000000 6197.56611  58.2%  1452  809s
H 2549  2718                    14734.000000 6197.56611  57.9%  1468  836s
H 2717  2758                    14694.000000 6197.56611  57.8%  1466  854s
H 2721  2758                    14592.000000 6197.56611  57.5%  1468  854s
H 2734  2758                    14508.000000 6197.56611  57.3%  1471  854s
  2757  2910 6283.04615   70 2057 14508.0000 6197.56611  57.3%  1469  880s
  2909  3084 6321.61878   73 2076 14508.0000 6197.56611  57.3%  1487  908s
  3085  3276 6361.72174   77 2061 14508.0000 6197.56611  57.3%  1488  935s
H 3277  3308                    14504.000000 6197.56611  57.3%  1489  958s
H 3278  3308                    14102.000000 6197.56611  56.1%  1490  958s
H 3280  3308                    14055.000000 6197.56611  55.9%  1491  958s
H 3309  3381                    14051.000000 6197.56611  55.9%  1491  985s
H 3337  3381                    14025.000000 6197.56611  55.8%  1495  985s
  3382  3516 6418.32486   81 1956 14025.0000 6197.56611  55.8%  1507 1018s
  3517  3700 6483.26704   83 1959 14025.0000 6197.56611  55.8%  1546 1049s
  3701  3930 6496.85440   84 2035 14025.0000 6197.56611  55.8%  1558 1079s
H 3876  3930                    14024.000000 6197.56611  55.8%  1552 1079s
  3931  4211 6527.64485   85 2117 14024.0000 6197.56611  55.8%  1546 1113s
H 3951  4211                    14022.000000 6197.56611  55.8%  1547 1113s
  4212  4546 6592.68654   88 1982 14022.0000 6197.56611  55.8%  1530 1145s
  4547  4912 6680.60655   91 1908 14022.0000 6197.56611  55.8%  1494 1182s
  4915  4944 6757.96529   95 1934 14022.0000 6197.56611  55.8%  1452 1208s
H 4918  4944                    14008.000000 6197.56611  55.8%  1452 1208s
H 4934  4944                    13996.000000 6197.56611  55.7%  1450 1208s
H 4947  4979                    13963.000000 6197.56611  55.6%  1448 1241s
H 4949  4979                    13953.000000 6197.56611  55.6%  1448 1241s
H 4950  4979                    13911.000000 6197.56611  55.4%  1449 1241s
H 4954  4979                    13853.000000 6197.56611  55.3%  1450 1241s
H 4956  4979                    13809.000000 6197.56611  55.1%  1451 1241s
  4982  5258 6798.58874   96 1870 13809.0000 6197.56611  55.1%  1453 1280s
  5261  5855 6913.26611  100 1738 13809.0000 6197.56611  55.1%  1433 1315s
  5858  5887 7016.43418  103 1813 13809.0000 6197.56611  55.1%  1354 1343s
H 5860  5887                    13805.000000 6197.56611  55.1%  1354 1343s
H 5868  5887                    13799.000000 6197.56611  55.1%  1354 1343s
  5890  6389 7022.59467  104 1647 13799.0000 6197.56611  55.1%  1354 1378s
  6398  7029 7088.04213  106 1615 13799.0000 6197.56611  55.1%  1312 1414s
  7046  7316 7177.97654  108 1671 13799.0000 6197.56611  55.1%  1254 1455s
H 7051  7316                    13418.000000 6197.56611  53.8%  1255 1455s
H 7133  7316                    13369.000000 6197.56611  53.6%  1250 1455s
H 7174  7316                    13281.000000 6197.56611  53.3%  1245 1455s
H 7211  7316                    12894.000000 6197.56611  51.9%  1241 1455s
  7354  8066 7211.92451  109 1669 12894.0000 6197.56611  51.9%  1228 1491s
  8169  8686 7336.49866  112 1510 12894.0000 6200.33529  51.9%  1167 1533s
  8949  8718 7457.15105  118 1561 12894.0000 6200.33529  51.9%  1122 1566s
H 8951  8718                    12850.000000 6200.33529  51.7%  1122 1566s
H 8953  8718                    12817.000000 6200.33529  51.6%  1122 1566s
H 8958  8716                    12812.000000 6200.33529  51.6%  1123 1566s
H 8976  8709                    12770.000000 6200.33529  51.4%  1125 1566s
H 8981  9238                    12744.000000 6200.33529  51.3%  1126 1611s
H 8985  9238                    12743.000000 6200.33529  51.3%  1126 1611s
H 8988  9236                    12715.000000 6200.33529  51.2%  1127 1611s
H 9115  9236                    12701.999992 6200.33529  51.2%  1116 1611s
H 9149  9236                    12692.000000 6200.33529  51.1%  1117 1611s
H 9341  9236                    12674.000000 6200.33529  51.1%  1109 1611s
H 9464  9235                    12657.000000 6200.33529  51.0%  1106 1611s
  9560  9790 7570.89403  121 1450 12657.0000 6200.33529  51.0%  1100 1658s
 10184 10246 7711.18054  124 1424 12657.0000 6200.33529  51.0%  1088 1709s
H10701 10414                    12646.000000 6200.33529  51.0%  1089 1755s
H10706 10414                    12629.000000 6200.33529  50.9%  1090 1755s
H10709 10405                    12527.000000 6200.33529  50.5%  1090 1755s
 10871 10899 7911.20904  129 1447 12527.0000 6200.33529  50.5%  1090 1808s
 11404 10926 8168.07916  150 1172 12527.0000 6200.33529  50.5%  1091 1846s
H11406 10926                    12525.000000 6200.33529  50.5%  1091 1846s
H11408 10926                    12512.000000 6200.33529  50.4%  1091 1846s
H11436 11405                    12501.000000 6200.33529  50.4%  1094 1898s
H11633 11405                    12497.000000 6200.33529  50.4%  1088 1898s
H11647 11401                    12480.000000 6200.33529  50.3%  1090 1898s
H11727 11397                    12460.000000 6200.33529  50.2%  1086 1898s
H11828 11397                    12448.000000 6200.33529  50.2%  1085 1898s
 11923 11962 8452.21831  159 1154 12448.0000 6200.33529  50.2%  1088 1951s
 12566 12488 8664.88336  172 1177 12448.0000 6200.33529  50.2%  1083 2010s
 13140 12489 9692.25057  548 12858 12448.0000 6201.38823  50.2%  1084 2053s
H13141 11865                    12434.000000 6201.38823  50.1%  1084 2089s
 13143 11866 6327.34407   19 1424 12434.0000 6201.38823  50.1%  1084 2092s
 13144 11867 6582.76628   66 1418 12434.0000 6201.38823  50.1%  1084 2099s
 13145 11867 8194.76135  233 1638 12434.0000 6201.38823  50.1%  1084 2107s
 13146 11868 10903.5117  863 1926 12434.0000 6203.79423  50.1%  1084 2116s
 13147 11869 6390.41446   79 1961 12434.0000 6261.93668  49.6%  1083 2122s
 13149 11870 9122.18456  461 1985 12434.0000 6281.06376  49.5%  1083 2126s
H13155 11280                    12404.000000 6283.36827  49.3%  1083 2146s
 13157 11281 9038.36928  490 1904 12404.0000 6362.68266  48.7%  1083 2155s
 13163 11285 8571.01254  284 1995 12404.0000 6371.52394  48.6%  1082 2184s
 13164 11286 8109.07340  232 2123 12404.0000 6426.19534  48.2%  1082 2191s
 13166 11287 10285.8316  793 1984 12404.0000 6445.91417  48.0%  1082 2195s
 13170 11290 6971.87905   92 1983 12404.0000 6446.53141  48.0%  1082 2222s
 13171 11291 11067.9196  901 2085 12404.0000 6528.59466  47.4%  1081 2230s
 13173 11292 9000.54976  420 2072 12404.0000 6551.80575  47.2%  1081 2235s
 13178 11295 8978.52812  370 2121 12404.0000 6552.55565  47.2%  1081 2261s
 13179 11296 9440.55774  207 2129 12404.0000 6619.89422  46.6%  1081 2268s
 13180 11297 10233.0608  225 2192 12404.0000 6643.33587  46.4%  1081 2271s
 13185 11300 6649.51284   29 2021 12404.0000 6649.51284  46.4%  1080 2275s
 13186 11301 8246.83150  212 2030 12404.0000 6649.51288  46.4%  1080 2301s
 13187 11301 8811.85411  295 2078 12404.0000 6716.98688  45.8%  1080 2334s
 13188 11302 7727.62734   78 1959 12404.0000 6737.39319  45.7%  1080 2344s
 13189 11303 8749.94186  285 2069 12404.0000 6747.07355  45.6%  1080 2346s
 13194 11306 10664.8837  279 2071 12404.0000 6751.62223  45.6%  1080 2374s
 13195 11307 11693.6319  140 2198 12404.0000 6812.89128  45.1%  1080 2382s
 13196 11307 10820.9523  241 2213 12404.0000 6826.88551  45.0%  1079 2385s
 13202 11311 10849.5797  291 2252 12404.0000 6831.77883  44.9%  1079 2390s
 13204 11313 10251.7690  695 2212 12404.0000 6831.80537  44.9%  1079 2414s
 13205 11313 8198.77190  254 2252 12404.0000 6884.18037  44.5%  1079 2421s
 13207 11315 7361.31124  110 2150 12404.0000 6893.76903  44.4%  1079 2426s
 13211 11317 12397.3779  281 2121 12404.0000 6894.05131  44.4%  1078 2452s
 13212 11318 10549.7390  720 2334 12404.0000 6939.35019  44.1%  1078 2458s
 13213 11319 8269.73283  211 2327 12404.0000 6967.33902  43.8%  1078 2464s
 13214 11319 6983.33736   19 2428 12404.0000 6983.33736  43.7%  1078 2467s
 13215 11320 6994.39026   13 2281 12404.0000 6994.39026  43.6%  1078 2470s
 13220 11323 7000.29826   65 2241 12404.0000 7000.29826  43.6%  1077 2500s
 13221 11324 7027.05064   62 2257 12404.0000 7027.05064  43.3%  1077 2506s
 13223 11325 8167.34963  142 2225 12404.0000 7032.06571  43.3%  1077 2510s
 13227 11328 7081.91700   54 2251 12404.0000 7032.52161  43.3%  1077 2537s
 13228 11329 9372.78594  467 2366 12404.0000 7065.28117  43.0%  1077 2544s
 13229 11329 8850.58611  426 2502 12404.0000 7069.54677  43.0%  1077 2548s
 13231 11331 10519.2412  338 2545 12404.0000 7071.08537  43.0%  1077 2550s
 13235 11333 7071.20569   32 2499 12404.0000 7071.20569  43.0%  1076 2577s
 13236 11334 8896.77519  438 2367 12404.0000 7087.26887  42.9%  1076 2582s
 13238 11335 9417.12063  585 2406 12404.0000 7089.04511  42.8%  1076 2585s
 13243 11339 7089.12894   19 2437 12404.0000 7089.12894  42.8%  1076 2614s
 13244 11339 7106.07961   66 2327 12404.0000 7106.07961  42.7%  1076 2620s
 13250 11343 7110.01814   12 2396 12404.0000 7110.01814  42.7%  1075 2651s
H13250 10774                    12398.000000 7117.84087  42.6%  1075 2657s
 13252 10776 7119.08509   47 2423 12398.0000 7119.08509  42.6%  1075 2660s
 13257 10779 9038.36928  490 2408 12398.0000 7119.27789  42.6%  1074 2687s
 13258 10780 8171.05125  105 2416 12398.0000 7127.36897  42.5%  1074 2692s
 13260 10781 10657.0008  753 2533 12398.0000 7127.75226  42.5%  1074 2695s
 13264 10784 8109.07340  232 2508 12398.0000 7127.78977  42.5%  1074 2722s
 13265 10784 11170.2956  287 2414 12398.0000 7141.74305  42.4%  1074 2731s
 13269 10787 8209.15793  257 2564 12398.0000 7143.67367  42.4%  1073 2758s
 13270 10788 7152.94959   92 2452 12398.0000 7152.94959  42.3%  1073 2764s
 13271 10788 11067.9196  901 2387 12398.0000 7155.50550  42.3%  1073 2766s
 13275 10791 9167.63744  202 2402 12398.0000 7155.72134  42.3%  1073 2791s
 13276 10792 8361.34092  253 2480 12398.0000 7161.01824  42.2%  1073 2799s
 13277 10792 7162.26780   65 2526 12398.0000 7162.26780  42.2%  1073 2801s
 13282 10796 7162.88179   24 2519 12398.0000 7162.88179  42.2%  1072 2824s
 13283 10796 10796.7477  827 2419 12398.0000 7170.98135  42.2%  1072 2829s
 13284 10797 9745.51694  587 2414 12398.0000 7170.98135  42.2%  1072 2830s
H13288 10258                    12394.000000 7170.98135  42.1%  1072 2854s
H13289  9742                    12381.000000 7173.92210  42.1%  1072 2861s
 13292  9744 10386.8092  775 2483 12381.0000 7173.92210  42.1%  1072 2865s
 13296  9747 10820.9523  241 2529 12381.0000 7173.92210  42.1%  1071 2888s
 13297  9748 7175.77759   20 2556 12381.0000 7175.77759  42.0%  1071 2891s
 13301  9750 8103.26739  100 2612 12381.0000 7175.81950  42.0%  1071 2916s
 13302  9751 10849.5797  291 2487 12381.0000 7182.51775  42.0%  1071 2928s
 13304  9752 10251.7690  695 2483 12381.0000 7183.05606  42.0%  1071 2930s
 13307  9754 7361.31124  110 2498 12381.0000 7183.10784  42.0%  1070 2952s
 13308  9755 9811.61856  256 2384 12381.0000 7185.94273  42.0%  1070 2956s
 13315  9760 7186.37482   13 2526 12381.0000 7186.37482  42.0%  1070 2982s
H13315  9269                    12379.000000 7189.14012  41.9%  1070 3055s
 13316  9269 10785.8225  108 2427 12379.0000 7189.14012  41.9%  1070 3126s
 13317  9270 8715.31188  341 2433 12379.0000 7189.37752  41.9%  1070 3140s
 13321  9273 7189.55071   62 2453 12379.0000 7189.55071  41.9%  1069 3165s
 13322  9273 7196.55364   88 2567 12379.0000 7196.55364  41.9%  1069 3170s
 13327  9277 7197.46937   54 2592 12379.0000 7197.46937  41.9%  1069 3194s
 13328  9277 9372.78594  467 2690 12379.0000 7204.51833  41.8%  1069 3199s
 13329  9278 8850.58611  426 2565 12379.0000 7204.51833  41.8%  1069 3200s
 13332  9280 9902.81194  214 2681 12379.0000 7204.51833  41.8%  1068 3224s
 13333  9281 10202.5924  821 2505 12379.0000 7206.78758  41.8%  1068 3227s
 13339  9285 10598.9096  266 2541 12379.0000 7207.00485  41.8%  1068 3253s
 13340  9285 9692.25057  548 2498 12379.0000 7209.38004  41.8%  1068 3256s
 13345  9289 8194.76135  233 2552 12379.0000 7209.75048  41.8%  1067 3282s
 13346  9289 10903.5117  863 2540 12379.0000 7212.68487  41.7%  1067 3285s
 13351  9293 8140.52664  176 2575 12379.0000 7212.69637  41.7%  1067 3312s
 13353  9294 8720.04008  173 2601 12379.0000 7214.51066  41.7%  1067 3315s
 13357  9297 9038.36928  490 2645 12379.0000 7214.51066  41.7%  1066 3341s
 13358  9297 8171.05125  105 2643 12379.0000 7216.27048  41.7%  1066 3345s
 13365  9302 11170.2956  287 2746 12379.0000 7217.09019  41.7%  1066 3372s
 13366  9303 10285.8316  793 2613 12379.0000 7221.07105  41.7%  1066 3375s
 13370  9305 7221.07105   92 2617 12379.0000 7221.07105  41.7%  1065 3399s
 13371  9306 11067.9196  901 2562 12379.0000 7221.07105  41.7%  1065 3402s
 13375  9309 9167.63744  202 2721 12379.0000 7221.22734  41.7%  1065 3405s
 13376  9309 8361.34092  253 2755 12379.0000 7221.22831  41.7%  1065 3431s
 13379  9311 9440.55774  207 2683 12379.0000 7222.74909  41.7%  1065 3435s
 13382  9313 7222.79857   24 2758 12379.0000 7222.79857  41.7%  1064 3460s
 13384  9315 9745.51694  587 2794 12379.0000 7224.74390  41.6%  1064 3465s
 13387  9317 8811.85411  295 2692 12379.0000 7225.02336  41.6%  1064 3492s
 13388  9317 7727.62734   78 2821 12379.0000 7226.70043  41.6%  1064 3495s
 13393  9321 9827.44782  307 2923 12379.0000 7227.14205  41.6%  1064 3522s
 13394  9321 10664.8837  279 2935 12379.0000 7228.94867  41.6%  1063 3526s
 13398  9324 7560.44617   81 2937 12379.0000 7229.30732  41.6%  1063 3553s
 13399  9325 8025.08197  132 2664 12379.0000 7231.83021  41.6%  1063 3556s
 13403  9327 8516.28451  222 2810 12379.0000 7232.05621  41.6%  1063 3583s
 13404  9328 10251.7690  695 2855 12379.0000 7235.23850  41.6%  1063 3587s
 13409  9331 9195.50365  280 2881 12379.0000 7235.38356  41.6%  1062 3612s
 13410  9332 7237.20140  108 2825 12379.0000 7237.20140  41.5%  1062 3615s
 13414  9335 7237.29898   19 2882 12379.0000 7237.29898  41.5%  1062 3640s
 13417  9337 8715.31188  341 2847 12379.0000 7239.27090  41.5%  1062 3645s
 13419  9338 8001.18088  196 2894 12379.0000 7239.30112  41.5%  1061 3671s
 13421  9339 7242.11341   62 2806 12379.0000 7242.11341  41.5%  1061 3675s
 13424  9341 7767.60527  125 2861 12379.0000 7242.29308  41.5%  1061 3701s
 13425  9342 8036.20088  108 2774 12379.0000 7244.13000  41.5%  1061 3705s
 13429  9345 8850.58611  426 2884 12379.0000 7244.34326  41.5%  1061 3733s
 13430  9345 7245.84026   79 2868 12379.0000 7245.84026  41.5%  1061 3735s
 13434  9348 9259.37301  283 2954 12379.0000 7246.04052  41.5%  1060 3761s
 13437  9350 8331.49676  160 2831 12379.0000 7247.67868  41.5%  1060 3765s
 13440  9352 9692.25057  548 2819 12379.0000 7247.69299  41.5%  1060 3790s
 13447  9357 7249.88136   79 2922 12379.0000 7249.88136  41.4%  1059 3819s
 13448  9357 9067.10096  195 2830 12379.0000 7250.77906  41.4%  1059 3823s
 13451  9359 8140.52664  176 2928 12379.0000 7250.88705  41.4%  1059 3825s
 13453  9361 8720.04008  173 2940 12379.0000 7250.89909  41.4%  1059 3849s
 13454  9361 7252.20512  140 2879 12379.0000 7252.20512  41.4%  1059 3852s
 13458  9364 8171.05125  105 2977 12379.0000 7252.46767  41.4%  1058 3877s
 13459  9365 8658.49340  209 2992 12379.0000 7253.82791  41.4%  1058 3880s
 13465  9369 11170.2956  287 3036 12379.0000 7254.18115  41.4%  1058 3907s
 13466  9369 10285.8316  793 2844 12379.0000 7255.16508  41.4%  1058 3910s
 13471  9373 11067.9196  901 2892 12379.0000 7255.20238  41.4%  1057 3936s
 13473  9374 9000.54976  420 2955 12379.0000 7255.93109  41.4%  1057 3940s
 13476  9376 8361.34092  253 2978 12379.0000 7255.97268  41.4%  1057 3965s
 13482  9380 7257.15465   24 2899 12379.0000 7257.15465  41.4%  1057 3995s
 13487  9383 8811.85411  295 3034 12379.0000 7258.77735  41.4%  1056 4024s
 13488  9384 7727.62734   78 2867 12379.0000 7260.56582  41.3%  1056 4027s
 13492  9387 10386.8092  775 3055 12379.0000 7260.56582  41.3%  1056 4053s
 13493  9387 9827.44782  307 2931 12379.0000 7261.42621  41.3%  1056 4056s
 13498  9391 7560.44617   81 3044 12379.0000 7261.42621  41.3%  1055 4082s
 13500  9392 10356.2860  746 3051 12379.0000 7262.16786  41.3%  1055 4085s
 13504  9395 10251.7690  695 3071 12379.0000 7262.22300  41.3%  1055 4110s
 13507  9397 7361.31124  110 3075 12379.0000 7263.84694  41.3%  1055 4115s
 13508  9397 9811.61856  256 3076 12379.0000 7263.84694  41.3%  1054 4140s
 13513  9401 8269.73283  211 3105 12379.0000 7266.78258  41.3%  1054 4169s
 13514  9401 7268.34483   19 2869 12379.0000 7268.34483  41.3%  1054 4173s
 13518  9404 7268.48424   41 2846 12379.0000 7268.48424  41.3%  1054 4199s
 13519  9405 8001.18088  196 3005 12379.0000 7269.23504  41.3%  1054 4201s
 13523  9407 8167.34963  142 3017 12379.0000 7269.41664  41.3%  1053 4228s
 13524  9408 7767.60527  125 2989 12379.0000 7272.15631  41.3%  1053 4231s
 13529  9411 8850.58611  426 3053 12379.0000 7272.15631  41.3%  1053 4256s
 13532  9413 9902.81194  214 3001 12379.0000 7272.15631  41.3%  1053 4260s
 13535  9415 7272.15631   32 3059 12379.0000 7272.15631  41.3%  1052 4285s
 13537  9417 8331.49676  160 3043 12379.0000 7272.15631  41.3%  1052 4290s
 13541  9419 7932.91552  138 3048 12379.0000 7272.15631  41.3%  1052 4314s
 13542  9420 7856.53421   87 2981 12379.0000 7272.25644  41.3%  1052 4316s
 13545  9422 8194.76135  233 3041 12379.0000 7272.26731  41.3%  1052 4340s
 13549  9425 9122.18456  461 2952 12379.0000 7272.83618  41.2%  1051 4368s
 13550  9425 7273.00711   12 2924 12379.0000 7273.00711  41.2%  1051 4370s
 13552  9427 7273.00711   47 2961 12379.0000 7273.00711  41.2%  1051 4395s
 13557  9430 9038.36928  490 3093 12379.0000 7273.67183  41.2%  1051 4421s
 13563  9434 8571.01254  284 3047 12379.0000 7274.22102  41.2%  1050 4447s
 13564  9435 8109.07340  232 2984 12379.0000 7274.82596  41.2%  1050 4450s
H13567  8958                    12377.000000 7274.82596  41.2%  1050 4451s
H13567  8503                    12326.000000 7274.82596  41.0%  1050 4451s
 13568  8503 8690.10705  133 3155 12326.0000 7274.82596  41.0%  1050 4475s
H13568  8071                    12253.000000 7275.49079  40.6%  1050 4476s
 13575  8076 9167.63744  202 3082 12253.0000 7275.65873  40.6%  1049 4502s
H13575  7665                    12218.000000 7276.18062  40.4%  1049 4504s
H13575  7274                    12201.000000 7276.18062  40.4%  1049 4505s
 13580  7277 10233.0608  225 3282 12201.0000 7276.30003  40.4%  1049 4532s
 13582  7279 7277.30879   24 3115 12201.0000 7277.30879  40.4%  1049 4535s
H13585  6910                    12187.000000 7277.34379  40.3%  1049 4562s
H13585  6557                    12159.000000 7277.34379  40.1%  1049 4562s
H13586  6222                    12157.000000 7278.13048  40.1%  1048 4564s
 13587  6223 8811.85411  295 3128 12157.0000 7278.13048  40.1%  1048 4565s
 13591  6226 10349.9457  660 3205 12157.0000 7278.18600  40.1%  1048 4591s
 13594  6228 10664.8837  279 3089 12157.0000 7279.48606  40.1%  1048 4595s
 13596  6229 10820.9523  241 3170 12157.0000 7279.49639  40.1%  1048 4620s
 13597  6230 7280.96052   20 2971 12157.0000 7280.96052  40.1%  1048 4627s
 13602  6233 10849.5797  291 3097 12157.0000 7280.96052  40.1%  1047 4654s
 13603  6234 8516.28451  222 3084 12157.0000 7281.68374  40.1%  1047 4656s
 13609  6238 9195.50365  280 3170 12157.0000 7281.80724  40.1%  1047 4681s
 13613  6240 8269.73283  211 3047 12157.0000 7282.36313  40.1%  1046 4685s
H13613  5920                    12142.000000 7282.36324  40.0%  1046 4710s
 13620  5925 7283.07639   65 3222 12142.0000 7283.07639  40.0%  1046 4738s
 13621  5926 7284.27613   62 3142 12142.0000 7284.27613  40.0%  1046 4741s
 13626  5929 7284.36494   13 3219 12142.0000 7284.36494  40.0%  1045 4767s
 13629  5931 8850.58611  426 3101 12142.0000 7285.19493  40.0%  1045 4770s
 13632  5933 9902.81194  214 3170 12142.0000 7285.22710  40.0%  1045 4796s
 13634  5934 9259.37301  283 3029 12142.0000 7285.96616  40.0%  1045 4800s
 13636  5936 8896.77519  438 3013 12142.0000 7285.97652  40.0%  1045 4826s
 13640  5938 9692.25057  548 3056 12142.0000 7287.11319  40.0%  1044 4830s
 13642  5940 7856.53421   87 3069 12142.0000 7287.11530  40.0%  1044 4854s
 13643  5940 7287.88443   19 2946 12142.0000 7287.88443  40.0%  1044 4857s
H13647  5637                    12138.000000 7288.05604  40.0%  1044 4883s
 13649  5638 9122.18456  461 3117 12138.0000 7288.93352  39.9%  1044 4885s
 13654  5642 7288.98400  140 3140 12138.0000 7288.98400  39.9%  1043 4911s
 13657  5644 9038.36928  490 3198 12138.0000 7289.70942  39.9%  1043 4915s
 13660  5646 10657.0008  753 3194 12138.0000 7289.72780  39.9%  1043 4939s
 13661  5646 7290.86172   39 2990 12138.0000 7290.86172  39.9%  1043 4942s
 13666  5650 10285.8316  793 3178 12138.0000 7291.05740  39.9%  1042 4968s
 13667  5650 9557.68085  214 3015 12138.0000 7291.57400  39.9%  1042 4970s
 13671  5653 11067.9196  901 3184 12138.0000 7291.69277  39.9%  1042 4996s
 13675  5656 9167.63744  202 3150 12138.0000 7292.62342  39.9%  1042 5000s
 13676  5656 8361.34092  253 3139 12138.0000 7292.62347  39.9%  1042 5024s
 13677  5657 7292.81021   65 3054 12138.0000 7292.81021  39.9%  1041 5025s
H13678  5366                    12119.000000 7292.83316  39.8%  1041 5051s
H13678  5089                    12113.000000 7292.83316  39.8%  1041 5051s
H13678  4825                    12112.000000 7292.83316  39.8%  1041 5051s
H13678  4575                    12091.000000 7292.83316  39.7%  1041 5051s
H13678  4337                    12087.000000 7292.83316  39.7%  1041 5051s
 13682  4339 7293.69504   24 3097 12087.0000 7293.69504  39.7%  1041 5055s
 13686  4342 8246.83150  212 3142 12087.0000 7293.71479  39.7%  1041 5081s
H13686  4116                    12077.000000 7293.93688  39.6%  1041 5083s
 13690  4119 7294.02171  103 3158 12077.0000 7294.02171  39.6%  1040 5110s
 13696  4123 10820.9523  241 3404 12077.0000 7295.10717  39.6%  1040 5115s
 13698  4124 7560.44617   81 3393 12077.0000 7295.10899  39.6%  1040 5140s
 13700  4125 10356.2860  746 3124 12077.0000 7296.18468  39.6%  1040 5145s
 13704  4128 10251.7690  695 3203 12077.0000 7296.21251  39.6%  1039 5171s
 13708  4131 9811.61856  256 3365 12077.0000 7296.58130  39.6%  1039 5199s
 13709  4131 9195.50365  280 3334 12077.0000 7297.44516  39.6%  1039 5202s
 13714  4135 7297.76459   19 3332 12077.0000 7297.76459  39.6%  1039 5229s
 13715  4135 7298.00911   13 3268 12077.0000 7298.00911  39.6%  1039 5231s
 13718  4137 7298.04597   41 3301 12077.0000 7298.04597  39.6%  1038 5256s
 13720  4139 7298.56424   65 3279 12077.0000 7298.56424  39.6%  1038 5260s
 13724  4141 7767.60527  125 3291 12077.0000 7298.62431  39.6%  1038 5284s
 13725  4142 8036.20088  108 3257 12077.0000 7299.13634  39.6%  1038 5286s
 13731  4146 10519.2412  338 3214 12077.0000 7299.27332  39.6%  1037 5313s
 13732  4147 9902.81194  214 3213 12077.0000 7300.03646  39.6%  1037 5315s
H13735  3932                    12058.000000 7300.03646  39.5%  1037 5341s
H13740  3740                    12041.000000 7300.67350  39.4%  1069 5352s
H13740  3553                    12000.000000 7300.67350  39.2%  1069 5379s
H13740  3375                    11976.000000 7300.67350  39.0%  1069 5379s
 13741  3375 7932.91552  138 1461 11976.0000 7300.67350  39.0%  1069 5382s
 13742  3376 7856.53421   87 1458 11976.0000 7300.67350  39.0%  1069 5385s
 13743  3377 7300.67350   19 1451 11976.0000 7300.67350  39.0%  1069 5395s
 13744  3377 7300.67350   66 1682 11976.0000 7300.67350  39.0%  1069 5405s
 13745  3378 8194.76135  233 1983 11976.0000 7300.92422  39.0%  1069 5416s
 13746  3379 10903.5117  863 2338 11976.0000 7301.11480  39.0%  1068 5429s
 13747  3379 7301.11480   79 2277 11976.0000 7301.11480  39.0%  1068 5441s
 13748  3380 9067.10096  195 2513 11976.0000 7301.11480  39.0%  1068 5449s
 13749  3381 9122.18456  461 2608 11976.0000 7301.11480  39.0%  1068 5457s
 13750  3381 7301.79810   12 2708 11976.0000 7301.79810  39.0%  1068 5464s
 13751  3382 8140.52664  176 2808 11976.0000 7301.79810  39.0%  1068 5470s
 13752  3383 7301.79810   47 2915 11976.0000 7301.79810  39.0%  1068 5475s
 13754  3384 7301.79810  140 2865 11976.0000 7301.79810  39.0%  1068 5480s
 13760  3388 10657.0008  753 3169 11976.0000 7301.79810  39.0%  1067 5500s
 13763  3390 8571.01254  284 3064 11976.0000 7302.76098  39.0%  1067 5505s
 13765  3391 11170.2956  287 3006 11976.0000 7302.77512  39.0%  1067 5532s
 13767  3393 9557.68085  214 3175 11976.0000 7304.44236  39.0%  1067 5535s
 13770  3395 7304.49073   92 3311 11976.0000 7304.49073  39.0%  1067 5563s
 13771  3395 11067.9196  901 3127 11976.0000 7305.85591  39.0%  1066 5566s
 13775  3398 9167.63744  202 3175 11976.0000 7306.14555  39.0%  1066 5594s
 13776  3399 8361.34092  253 2995 11976.0000 7309.47809  39.0%  1066 5599s
 13777  3399 7309.47809   65 2977 11976.0000 7309.47809  39.0%  1066 5600s
 13781  3402 7309.55997   14 2981 11976.0000 7309.55997  39.0%  1066 5627s
 13782  3403 7311.23058   24 2858 11976.0000 7311.23058  39.0%  1066 5660s
 13788  3407 7727.62734   78 2929 11976.0000 7311.79368  38.9%  1065 5690s
 13790  3408 7314.42317  103 2952 11976.0000 7314.42317  38.9%  1065 5695s
 13794  3411 10664.8837  279 3023 11976.0000 7314.42317  38.9%  1065 5723s
 13795  3411 11693.6319  140 3027 11976.0000 7316.42514  38.9%  1065 5726s
 13799  3414 8025.08197  132 2896 11976.0000 7316.95078  38.9%  1064 5754s
 13800  3415 10356.2860  746 2992 11976.0000 7318.99910  38.9%  1064 5758s
 13802  3416 10849.5797  291 2998 11976.0000 7319.86551  38.9%  1064 5760s
 13806  3419 7319.94702   53 3026 11976.0000 7319.94702  38.9%  1064 5788s
 13807  3419 7361.31124  110 2904 11976.0000 7320.96969  38.9%  1064 5791s
 13812  3423 10549.7390  720 2940 11976.0000 7321.05110  38.9%  1063 5819s
 13813  3423 8269.73283  211 2972 11976.0000 7322.45670  38.9%  1063 5823s
 13815  3425 7322.77014   13 2953 11976.0000 7322.77014  38.9%  1063 5825s
 13816  3425 10785.8225  108 2932 11976.0000 7322.77016  38.9%  1063 5850s
 13822  3429 7323.72438   88 3034 11976.0000 7323.72438  38.8%  1063 5880s
 13823  3430 8167.34963  142 3061 11976.0000 7325.76569  38.8%  1062 5885s
 13829  3434 8850.58611  426 3111 11976.0000 7326.21446  38.8%  1062 5913s
 13830  3435 7327.53157   79 3037 11976.0000 7327.53157  38.8%  1062 5915s
 13835  3438 7328.03249   32 3054 11976.0000 7328.03249  38.8%  1062 5943s
 13836  3439 8896.77519  438 3060 11976.0000 7329.13697  38.8%  1061 5946s
 13841  3442 7932.91552  138 3034 11976.0000 7329.42964  38.8%  1061 5975s
 13842  3443 7856.53421   87 3016 11976.0000 7330.73680  38.8%  1061 6010s
 13850  3448 7331.22310   12 3090 11976.0000 7331.22310  38.8%  1060 6041s
 13855  3451 7332.12159   50 3031 11976.0000 7332.12159  38.8%  1060 6071s
 13861  3455 7333.06221   39 3231 11976.0000 7333.06221  38.8%  1060 6101s
 13867  3459 9557.68085  214 3108 11976.0000 7333.61315  38.8%  1059 6129s
 13868  3460 8690.10705  133 3216 11976.0000 7334.05410  38.8%  1059 6130s
 13873  3463 9000.54976  420 3230 11976.0000 7334.09420  38.8%  1059 6157s
 13874  3464 8307.39533  146 3227 11976.0000 7334.99368  38.8%  1059 6161s
H13878  3291                    11969.000000 7335.23835  38.7%  1058 6188s
 13880  3292 10233.0608  225 3039 11969.0000 7335.56186  38.7%  1058 6190s
 13884  3295 9745.51694  587 3190 11969.0000 7335.66768  38.7%  1058 6216s
 13885  3295 7336.76168   29 3023 11969.0000 7336.76168  38.7%  1058 6220s
 13889  3298 8749.94186  285 3086 11969.0000 7336.95741  38.7%  1057 6246s
 13891  3299 10349.9457  660 3022 11969.0000 7339.47710  38.7%  1057 6251s
 13894  3301 10664.8837  279 3055 11969.0000 7339.53005  38.7%  1057 6275s
 13898  3304 7560.44617   81 2991 11969.0000 7340.43894  38.7%  1057 6303s
 13899  3305 8025.08197  132 3097 11969.0000 7341.36509  38.7%  1057 6305s
 13903  3307 8516.28451  222 3082 11969.0000 7341.73748  38.7%  1056 6331s
 13905  3309 8198.77190  254 3160 11969.0000 7342.60100  38.7%  1056 6335s
 13909  3311 9195.50365  280 3199 11969.0000 7342.61152  38.7%  1056 6361s
 13913  3314 8269.73283  211 3025 11969.0000 7343.48202  38.6%  1056 6389s
 13914  3315 7344.36533   19 3002 11969.0000 7344.36533  38.6%  1056 6392s
 13919  3318 8001.18088  196 2992 11969.0000 7344.59637  38.6%  1055 6418s
 13920  3319 7345.46157   65 3064 11969.0000 7345.46157  38.6%  1055 6420s
 13923  3321 8167.34963  142 3148 11969.0000 7345.55769  38.6%  1055 6444s
 13924  3321 7767.60527  125 2976 11969.0000 7346.76262  38.6%  1055 6449s
 13925  3322 8036.20088  108 3086 11969.0000 7346.80756  38.6%  1055 6450s
 13928  3324 9372.78594  467 3069 11969.0000 7346.82584  38.6%  1054 6473s
 13929  3325 8850.58611  426 3101 11969.0000 7347.24942  38.6%  1054 6475s
 13935  3329 7347.58493   32 3002 11969.0000 7347.58493  38.6%  1054 6501s
 13939  3331 10598.9096  266 3098 11969.0000 7348.41521  38.6%  1054 6528s
 13940  3332 9692.25057  548 3124 11969.0000 7349.48177  38.6%  1054 6530s
 13945  3335 8194.76135  233 3168 11969.0000 7349.68048  38.6%  1053 6558s
 13946  3336 10903.5117  863 3132 11969.0000 7350.55570  38.6%  1053 6562s
 13949  3338 9122.18456  461 3001 11969.0000 7350.83003  38.6%  1053 6565s
 13952  3340 7350.84985   47 3058 11969.0000 7350.84985  38.6%  1053 6590s
 13953  3341 8720.04008  173 3209 11969.0000 7351.88474  38.6%  1053 6596s
 13958  3344 8171.05125  105 3192 11969.0000 7352.20674  38.6%  1052 6622s
 13960  3345 10657.0008  753 3188 11969.0000 7352.87460  38.6%  1052 6625s
 13963  3347 8571.01254  284 3148 11969.0000 7352.92606  38.6%  1052 6652s
 13964  3348 8109.07340  232 3184 11969.0000 7353.16849  38.6%  1052 6660s
 13967  3350 9557.68085  214 3141 11969.0000 7353.20393  38.6%  1052 6686s
 13972  3353 7712.53649  203 3217 11969.0000 7354.01289  38.6%  1051 6714s
 13973  3354 9000.54976  420 2998 11969.0000 7354.77310  38.6%  1051 6754s
 13974  3355 8307.39533  146 3060 11969.0000 7354.83147  38.6%  1051 6755s
H13976  3185                    11955.000000 7354.84587  38.5%  1051 6780s
 13979  3187 9440.55774  207 2994 11955.0000 7355.56295  38.5%  1051 6785s
 13982  3189 7355.58839   24 3079 11955.0000 7355.58839  38.5%  1050 6809s
 13983  3190 10796.7477  827 3278 11955.0000 7355.81995  38.5%  1050 6810s
 13987  3192 8811.85411  295 3221 11955.0000 7355.90076  38.5%  1050 6836s
 13988  3193 7727.62734   78 3101 11955.0000 7357.47190  38.5%  1050 6840s
 13995  3198 11693.6319  140 3175 11955.0000 7357.74493  38.5%  1049 6866s
 13997  3199 7358.92668   20 3198 11955.0000 7358.92668  38.4%  1049 6870s
 14001  3202 8103.26739  100 3290 11955.0000 7358.98103  38.4%  1049 6895s
 14004  3204 10251.7690  695 3145 11955.0000 7359.95431  38.4%  1049 6900s
 14006  3205 7359.96339   53 3260 11955.0000 7359.96339  38.4%  1049 6925s
 14012  3209 10549.7390  720 3174 11955.0000 7360.76561  38.4%  1048 6931s
 14017  3212 8715.31188  341 3279 11955.0000 7362.04394  38.4%  1048 6936s
 14021  3215 7362.68263   62 3250 11955.0000 7362.68263  38.4%  1047 6940s
 14027  3219 7363.68242   54 3341 11955.0000 7363.68242  38.4%  1047 6945s
 14032  3222 9902.81194  214 3337 11955.0000 7365.27809  38.4%  1047 6950s
 14037  3226 8331.49676  160 3440 11955.0000 7365.73108  38.4%  1046 6955s
 14043  3230 7366.48431   19 3435 11955.0000 7366.48431  38.4%  1046 6962s
 14048  3233 9067.10096  195 3469 11955.0000 7366.57213  38.4%  1045 6965s
 14055  3238 7367.72154   50 3474 11955.0000 7367.72154  38.4%  1045 6971s
 14059  3240 8658.49340  209 3421 11955.0000 7368.62103  38.4%  1045 6976s
 14064  3244 8109.07340  232 3483 11955.0000 7369.39688  38.4%  1044 6982s
 14070  3248 7369.54490   92 3553 11955.0000 7369.54490  38.4%  1044 6985s
 14077  3252 7370.01688   65 3545 11955.0000 7370.01688  38.4%  1043 6990s
 14085  3258 7370.50283   29 3578 11955.0000 7370.50283  38.3%  1043 6995s
 14087  3259 8811.85411  295 3489 11955.0000 7371.20448  38.3%  1043 7000s
 14093  3263 9827.44782  307 3441 11955.0000 7372.10970  38.3%  1042 7006s
 14097  3266 7372.39307   20 3509 11955.0000 7372.39307  38.3%  1042 7011s
 14103  3270 8516.28451  222 3506 11955.0000 7372.68061  38.3%  1041 7015s
 14110  3274 7372.96104  108 3449 11955.0000 7372.96104  38.3%  1041 7021s
 14117  3279 8715.31188  341 3407 11955.0000 7373.34603  38.3%  1040 7025s
 14118  3280 7374.20180   41 3299 11955.0000 7374.20180  38.3%  1040 7032s
 14122  3282 7374.32805   88 3376 11955.0000 7374.32805  38.3%  1040 7035s
 14129  3287 8850.58611  426 3517 11955.0000 7375.06987  38.3%  1039 7041s
 14133  3290 10202.5924  821 3533 11955.0000 7375.55707  38.3%  1039 7045s
 14137  3292 8331.49676  160 3515 11955.0000 7376.10396  38.3%  1039 7051s
 14142  3296 7856.53421   87 3576 11955.0000 7376.57206  38.3%  1039 7055s
 14146  3298 10903.5117  863 3605 11955.0000 7377.02828  38.3%  1038 7060s
 14152  3302 7377.30937   47 3601 11955.0000 7377.30937  38.3%  1038 7065s
 14158  3306 8171.05125  105 3540 11955.0000 7377.64438  38.3%  1037 7070s
 14164  3310 8109.07340  232 3552 11955.0000 7378.20688  38.3%  1037 7075s
 14171  3315 11067.9196  901 3554 11955.0000 7378.71920  38.3%  1036 7080s
 14177  3319 7379.20110   65 3626 11955.0000 7379.20110  38.3%  1036 7086s
 14180  3321 10233.0608  225 3433 11955.0000 7379.90289  38.3%  1036 7090s
 14187  3326 8811.85411  295 3563 11955.0000 7380.30630  38.3%  1035 7095s
 14189  3327 8749.94186  285 3525 11955.0000 7380.53884  38.3%  1035 7100s
 14195  3331 11693.6319  140 3536 11955.0000 7380.96989  38.3%  1035 7105s
 14202  3336 10849.5797  291 3629 11955.0000 7381.32461  38.3%  1034 7110s
 14208  3340 9811.61856  256 3713 11955.0000 7381.46423  38.3%  1034 7115s
 14214  3344 7381.78726   19 3574 11955.0000 7381.78726  38.3%  1033 7120s
 14218  3346 7382.16671   41 3606 11955.0000 7382.16671  38.3%  1033 7126s
 14223  3350 8167.34963  142 3741 11955.0000 7382.43046  38.2%  1033 7130s
 14229  3354 8850.58611  426 3638 11955.0000 7382.87115  38.2%  1032 7135s
 14236  3358 8896.77519  438 3696 11955.0000 7383.07335  38.2%  1032 7141s
 14238  3360 9417.12063  585 3667 11955.0000 7383.49808  38.2%  1032 7145s
 14245  3364 8194.76135  233 3737 11955.0000 7383.80662  38.2%  1031 7150s
 14252  3369 7383.96865   47 3754 11955.0000 7383.96865  38.2%  1030 7156s
 14259  3374 8658.49340  209 3749 11955.0000 7384.12369  38.2%  1030 7160s
 14263  3376 8571.01254  284 3864 11955.0000 7384.40973  38.2%  1030 7165s
 14270  3381 7384.94472   92 3567 11955.0000 7384.94472  38.2%  1029 7170s
 14277  3386 7385.24945   65 3554 11955.0000 7385.24945  38.2%  1029 7175s
 14283  3390 10796.7477  827 3600 11955.0000 7385.49871  38.2%  1028 7180s
 14291  3396 10349.9457  660 1461 11955.0000 7385.61046  38.2%  1050 7220s
 14293  3398 9827.44782  307 1487 11955.0000 7385.61046  38.2%  1050 7231s
 14294  3398 10664.8837  279 1677 11955.0000 7385.61046  38.2%  1050 7241s
 14295  3399 11693.6319  140 1909 11955.0000 7385.61046  38.2%  1050 7253s
 14296  3400 10820.9523  241 2019 11955.0000 7385.62073  38.2%  1050 7264s
 14297  3400 7385.62073   20 2297 11955.0000 7385.62073  38.2%  1050 7276s
 14298  3401 7560.44617   81 2468 11955.0000 7385.90565  38.2%  1049 7286s
 14299  3402 8025.08197  132 2591 11955.0000 7385.90565  38.2%  1049 7296s
 14300  3402 10356.2860  746 2826 11955.0000 7385.90565  38.2%  1049 7306s
 14301  3403 8103.26739  100 2994 11955.0000 7385.90565  38.2%  1049 7313s
 14302  3404 10849.5797  291 3036 11955.0000 7385.90565  38.2%  1049 7318s
 14303  3404 8516.28451  222 3089 11955.0000 7385.90565  38.2%  1049 7321s
 14305  3406 8198.77190  254 3364 11955.0000 7385.90565  38.2%  1049 7325s
 14311  3410 11955.0000  281 3510 11955.0000 7385.90565  38.2%  1049 7349s
 14312  3410 10549.7390  720 3459 11955.0000 7387.35400  38.2%  1048 7352s
 14316  3413 10785.8225  108 3599 11955.0000 7387.46690  38.2%  1048 7381s
 14319  3415 8001.18088  196 3503 11955.0000 7388.33668  38.2%  1048 7385s
 14322  3417 7388.33668   88 3589 11955.0000 7388.33668  38.2%  1048 7412s
 14325  3419 8036.20088  108 3709 11955.0000 7388.70344  38.2%  1047 7415s
 14328  3421 9372.78594  467 3725 11955.0000 7388.71447  38.2%  1047 7443s
 14331  3423 10519.2412  338 3797 11955.0000 7389.06601  38.2%  1047 7445s
 14332  3424 9902.81194  214 3813 11955.0000 7389.06656  38.2%  1047 7472s
 14333  3424 10202.5924  821 3569 11955.0000 7389.69870  38.2%  1047 7505s
 14337  3427 8331.49676  160 3634 11955.0000 7389.90387  38.2%  1047 7535s
 14342  3430 7856.53421   87 3599 11955.0000 7390.37600  38.2%  1046 7564s
 14343  3431 7390.48104   19 3670 11955.0000 7390.48104  38.2%  1046 7565s
 14348  3434 9067.10096  195 3729 11955.0000 7390.53018  38.2%  1046 7593s
 14349  3435 9122.18456  461 3574 11955.0000 7390.99361  38.2%  1046 7596s
 14353  3438 8720.04008  173 3556 11955.0000 7391.05108  38.2%  1045 7624s
 14354  3438 7391.41432  140 3603 11955.0000 7391.41432  38.2%  1045 7626s
 14359  3442 8658.49340  209 3721 11955.0000 7391.50740  38.2%  1045 7654s
 14360  3442 10657.0008  753 3530 11955.0000 7392.01217  38.2%  1045 7656s
 14364  3445 8109.07340  232 3613 11955.0000 7392.17591  38.2%  1045 7684s
 14365  3446 11170.2956  287 3590 11955.0000 7393.33661  38.2%  1045 7687s
 14369  3448 8209.15793  257 3556 11955.0000 7393.42085  38.2%  1044 7715s
 14370  3449 7394.05850   92 3463 11955.0000 7394.05850  38.2%  1044 7720s
 14374  3452 8307.39533  146 3432 11955.0000 7394.27250  38.1%  1044 7746s
 14378  3454 8978.52812  370 3543 11955.0000 7394.74551  38.1%  1044 7775s
 14384  3458 9745.51694  587 3564 11955.0000 7395.14904  38.1%  1043 7782s
 14386  3460 8246.83150  212 3660 11955.0000 7395.60624  38.1%  1043 7785s
 14390  3462 7395.63377  103 3684 11955.0000 7395.63377  38.1%  1043 7790s
 14396  3466 10820.9523  241 3652 11955.0000 7396.11402  38.1%  1042 7795s
 14397  3467 7396.47717   20 3543 11955.0000 7396.47717  38.1%  1042 7800s
 14402  3470 10849.5797  291 3635 11955.0000 7396.75782  38.1%  1042 7805s
 14406  3473 7396.92768   53 3699 11955.0000 7396.92768  38.1%  1042 7841s
 14407  3474 7396.95136  110 3673 11955.0000 7396.95136  38.1%  1042 7845s
 14410  3476 7397.42310  108 3456 11955.0000 7397.42310  38.1%  1041 7850s
 14416  3480 10785.8225  108 3671 11955.0000 7397.95244  38.1%  1041 7855s
 14422  3484 7398.27612   88 3715 11955.0000 7398.27612  38.1%  1040 7860s
 14428  3488 9372.78594  467 3777 11955.0000 7398.84055  38.1%  1040 7865s
 14431  3490 10519.2412  338 3682 11955.0000 7399.20593  38.1%  1040 7870s
 14435  3492 7399.82000   32 3815 11955.0000 7399.82000  38.1%  1039 7875s
 14441  3496 7932.91552  138 3783 11955.0000 7400.12533  38.1%  1039 7881s
 14446  3500 10903.5117  863 3689 11955.0000 7400.66750  38.1%  1039 7885s
 14450  3502 7401.28495   12 3556 11955.0000 7401.28495  38.1%  1038 7890s
 14456  3506 9869.55822  228 3609 11955.0000 7401.52245  38.1%  1038 7895s
 14457  3507 9038.36928  490 3488 11955.0000 7401.95992  38.1%  1038 7902s
 14461  3510 7402.08851   39 3666 11955.0000 7402.08851  38.1%  1038 7905s
 14467  3514 9557.68085  214 3606 11955.0000 7402.46595  38.1%  1037 7910s
 14470  3516 7402.71066   92 3533 11955.0000 7402.71066  38.1%  1037 7915s
 14477  3520 7403.08326   65 3682 11955.0000 7403.08326  38.1%  1036 7921s
 14483  3524 10796.7477  827 3687 11955.0000 7403.42134  38.1%  1036 7925s
 14489  3528 8749.94186  285 3628 11955.0000 7403.73966  38.1%  1036 7931s
 14492  3530 10386.8092  775 3577 11955.0000 7404.23149  38.1%  1035 7935s
 14495  3532 11693.6319  140 3686 11955.0000 7404.95850  38.1%  1035 7940s
 14502  3537 10849.5797  291 3660 11955.0000 7405.69113  38.1%  1035 7945s
 14507  3540 7406.30571  110 3657 11955.0000 7406.30571  38.0%  1034 7950s
 14511  3543 11955.0000  281 3615 11955.0000 7407.16005  38.0%  1034 7957s
 14516  3546 10785.8225  108 3639 11955.0000 7407.40725  38.0%  1034 7960s
 14521  3550 7408.04674   62 3775 11955.0000 7408.04674  38.0%  1033 7965s
 14525  3552 8036.20088  108 3743 11955.0000 7408.85212  38.0%  1033 7970s
 14530  3556 7409.43983   79 3747 11955.0000 7409.43983  38.0%  1033 7976s
 14536  3560 8896.77519  438 3878 11955.0000 7409.61775  38.0%  1032 7981s
 14539  3562 10598.9096  266 3785 11955.0000 7409.90355  38.0%  1032 7985s
 14544  3565 7410.38698   66 3785 11955.0000 7410.38698  38.0%  1032 7990s
 14549  3568 9122.18456  461 3718 11955.0000 7410.97865  38.0%  1031 7996s
 14555  3572 7411.19722   50 3746 11955.0000 7411.19722  38.0%  1031 8000s
 14561  3576 7412.17729   39 3978 11955.0000 7412.17729  38.0%  1030 8007s
 14564  3578 8109.07340  232 3828 11955.0000 7412.74235  38.0%  1030 8010s
 14568  3581 8690.10705  133 3886 11955.0000 7413.14345  38.0%  1030 8015s
 14574  3585 8307.39533  146 3963 11955.0000 7413.36767  38.0%  1030 8020s
 14579  3588 9440.55774  207 3813 11955.0000 7413.60779  38.0%  1029 8025s
 14584  3592 9745.51694  587 3688 11955.0000 7414.05846  38.0%  1029 8030s
 14590  3596 7414.40336  103 3763 11955.0000 7414.40336  38.0%  1028 8037s
 14594  3598 10664.8837  279 3786 11955.0000 7414.48646  38.0%  1028 8041s
 14599  3602 8025.08197  132 3784 11955.0000 7414.67784  38.0%  1028 8045s
 14603  3604 8516.28451  222 3760 11955.0000 7414.79864  38.0%  1028 8050s
 14608  3608 9811.61856  256 3910 11955.0000 7415.03177  38.0%  1027 8055s
 14615  3612 7415.35219   13 3936 11955.0000 7415.35219  38.0%  1027 8061s
 14621  3616 7415.63489   62 3897 11955.0000 7415.63489  38.0%  1026 8066s
 14624  3618 7767.60527  125 4018 11955.0000 7415.90736  38.0%  1026 8070s
 14630  3622 7416.12689   79 3994 11955.0000 7416.12689  38.0%  1026 8077s
 14634  3625 9259.37301  283 3990 11955.0000 7416.33567  38.0%  1025 8082s
 14638  3628 9417.12063  585 3906 11955.0000 7416.59326  38.0%  1025 8087s
 14640  3629 9692.25057  548 3920 11955.0000 7416.73240  38.0%  1025 8090s
 14646  3633 10903.5117  863 3959 11955.0000 7416.86125  38.0%  1025 8096s
 14651  3636 8140.52664  176 4083 11955.0000 7417.03547  38.0%  1024 8101s
 14656  3640 9869.55822  228 3993 11955.0000 7417.17129  38.0%  1024 8106s
 14660  3642 10657.0008  753 4151 11955.0000 7417.30883  38.0%  1024 8111s
 14664  3645 8109.07340  232 4062 11955.0000 7417.37837  38.0%  1023 8115s
 14670  3649 7417.46038   92 4081 11955.0000 7417.46038  38.0%  1023 8121s
 14674  3652 8307.39533  146 4119 11955.0000 7417.55207  38.0%  1023 8125s
 14678  3654 8978.52812  370 4065 11955.0000 7417.65339  38.0%  1022 8130s
 14686  3660 8246.83150  212 4065 11955.0000 7417.89336  38.0%  1022 8136s
 14691  3663 10349.9457  660 3905 11955.0000 7418.07823  37.9%  1021 8141s
 14695  3666 11693.6319  140 3970 11955.0000 7418.50670  37.9%  1021 8146s
 14701  3670 8103.26739  100 4054 11955.0000 7418.68382  37.9%  1021 8151s
 14706  3673 7418.77714   53 3980 11955.0000 7418.77714  37.9%  1020 8155s
 14710  3676 7419.10309  108 3924 11955.0000 7419.10309  37.9%  1020 8160s
 14714  3678 7419.25065   19 3987 11955.0000 7419.25065  37.9%  1020 8166s
 14717  3680 8715.31188  341 4090 11955.0000 7419.33218  37.9%  1020 8170s
 14721  3683 7419.43700   62 3941 11955.0000 7419.43700  37.9%  1019 8175s
 14725  3686 8036.20088  108 3970 11955.0000 7419.52114  37.9%  1019 8181s
 14728  3688 9372.78594  467 3985 11955.0000 7419.90438  37.9%  1019 8185s
 14731  3690 10519.2412  338 4024 11955.0000 7420.11055  37.9%  1019 8190s
 14738  3694 9417.12063  585 4051 11955.0000 7420.14149  37.9%  1018 8196s
 14743  3698 7420.34323   19 4026 11955.0000 7420.34323  37.9%  1018 8200s
 14749  3702 9122.18456  461 4037 11955.0000 7420.41188  37.9%  1017 8206s
 14753  3704 8720.04008  173 4118 11955.0000 7420.49537  37.9%  1017 8210s
 14759  3708 8658.49340  209 4046 11955.0000 7420.64899  37.9%  1017 8215s
 14764  3712 8109.07340  232 4132 11955.0000 7420.65751  37.9%  1016 8220s
 14768  3714 8690.10705  133 3996 11955.0000 7420.77396  37.9%  1016 8225s
 14772  3717 7712.53649  203 4031 11955.0000 7420.92074  37.9%  1016 8230s
 14776  3720 8361.34092  253 4056 11955.0000 7421.10270  37.9%  1016 8235s
 14779  3722 9440.55774  207 3958 11955.0000 7421.40510  37.9%  1015 8242s
 14783  3724 10796.7477  827 4064 11955.0000 7421.59460  37.9%  1015 8245s
 14788  3728 7727.62734   78 4032 11955.0000 7421.86491  37.9%  1015 8250s
 14794  3732 10664.8837  279 4075 11955.0000 7421.91345  37.9%  1014 8256s
 14796  3733 10820.9523  241 4074 11955.0000 7422.04976  37.9%  1014 8344s
 14797  3736 7559.11234   34 3033 11955.0000 7422.05910  37.9%  1033 8364s
 14798  3738 7713.75685   35 2809 11955.0000 7422.05910  37.9%  1034 8384s
 14801  3742 7747.07647   36 2888 11955.0000 7437.33124  37.8%  1034 8409s
 14806  3752 7753.08141   37 2835 11955.0000 7437.36540  37.8%  1036 8439s
 14817  3759 7630.54687   37 3128 11955.0000 7475.31724  37.5%  1044 8523s
 14828  3787 7575.72226   37 3059 11955.0000 7475.31724  37.5%  1052 8654s
H14834  3589                    11937.000000 7475.31724  37.4%  1054 8654s
H14841  3402                    11929.000000 7475.31724  37.3%  1056 8654s
 14860  3428 7584.04149   38 2958 11929.0000 7488.89842  37.2%  1084 8693s
 14892  3549 7588.63312   39 2938 11929.0000 7490.74433  37.2%  1100 8782s
 15024  3543 7696.38121   44 2831 11929.0000 7490.74433  37.2%  1121 8825s
H15027  3366                    11916.000000 7490.74433  37.1%  1121 8825s
 15062  3385 7721.45023   45 2756 11916.0000 7490.74433  37.1%  1128 8864s
 15093  3412 7750.47328   46 2526 11916.0000 7490.74433  37.1%  1135 8901s
 15130  3438 7783.05160   47 2630 11916.0000 7490.74433  37.1%  1141 8938s
 15168  3464 7815.39152   48 2643 11916.0000 7490.74433  37.1%  1148 8971s
 15207  3492 7849.49662   49 2738 11916.0000 7490.74433  37.1%  1153 9003s
 15248  3522 7863.13795   50 2752 11916.0000 7490.74433  37.1%  1158 9043s
 15292  3540 7889.58294   51 2593 11916.0000 7490.74433  37.1%  1165 9075s
 15324  3572 7910.75002   52 2625 11916.0000 7490.74433  37.1%  1169 9108s
 15367  3603 7941.01915   53 2586 11916.0000 7490.74433  37.1%  1173 9145s
 15412  3658 7958.31004   54 2583 11916.0000 7490.74433  37.1%  1179 9181s
 15482  3716 7990.49038   56 2626 11916.0000 7490.74433  37.1%  1184 9214s
 15564  3745 7998.72208   60 2527 11916.0000 7490.74433  37.1%  1186 9248s
 15620  3789 8050.95181   62 2623 11916.0000 7490.74433  37.1%  1192 9284s
 15683  3843 8104.59428   64 2521 11916.0000 7490.74433  37.1%  1199 9324s
 15758  3892 8241.43892   68 2413 11916.0000 7490.74433  37.1%  1204 9358s
 15832  3942 8297.49493   71 2249 11916.0000 7490.74433  37.1%  1210 9397s
 15906  4001 8491.73945   74 2132 11916.0000 7490.74433  37.1%  1218 9435s
 15990  4105 8633.70366   77 2027 11916.0000 7490.74433  37.1%  1224 9469s
 16122  4204 8685.22406   85 2005 11916.0000 7490.74433  37.1%  1225 9504s
 16265  4336 8727.24967   91 2037 11916.0000 7490.74433  37.1%  1226 9538s
 16445  4454 8768.94423   99 1837 11916.0000 7490.74433  37.1%  1224 9577s
 16623  4600 8800.11246  108 1861 11916.0000 7490.74433  37.1%  1222 9613s
 16828  4736 8830.03761  120 1809 11916.0000 7490.74433  37.1%  1220 9654s
 17032  4782 8945.22815  126 1844 11916.0000 7490.74433  37.1%  1219 9691s
 17146  5006 8952.59684  129 1823 11916.0000 7490.74433  37.1%  1218 9735s
 17408  5139 9087.14726  139 1672 11916.0000 7490.74433  37.1%  1214 9777s
 17629  5365 9136.89643  149 1587 11916.0000 7490.74433  37.1%  1213 9822s
 17930  5578 9298.71129  159 1535 11916.0000 7490.74433  37.1%  1208 9870s
 18244  5855 9510.70661  167 1449 11916.0000 7490.74433  37.1%  1204 9916s
 18625  6103 9574.84777  179 1442 11916.0000 7490.74433  37.1%  1196 9967s
 19008  6272 9782.33198  190 1482 11916.0000 7490.74433  37.1%  1190 10000s

Cutting planes:
  Gomory: 35
  Cover: 992
  Implied bound: 48
  Clique: 228
  MIR: 470
  StrongCG: 579
  Flow cover: 2644
  GUB cover: 111
  Zero half: 420
  RLT: 921
  Relax-and-lift: 154
  BQP: 19
  PSD: 2

Explored 19315 nodes (22981997 simplex iterations) in 10000.20 seconds (13332.71 work units)
Thread count was 32 (of 64 available processors)

Solution count 10: 11916 11929 11937 ... 12077

Time limit reached
Best objective 1.191600000000e+04, best bound 7.491000000000e+03, gap 37.1349%
Solved rc101_Random2 -> /project2/ssuen_1733/output/v4_exact_weekly_fairness_w10_l100_mad/rc101_Random2.pkl / /project2/ssuen_1733/output/v4_exact_weekly_fairness_w10_l100_mad/rc101_Random2.json / /project2/ssuen_1733/output/v4_exact_weekly_fairness_w10_l100_mad/rc101_Random2_running_synopsis.json
[Mon Sep 28 12:04:31 PDT 2026] Finished run_single_instance for rc101_Random2
