Using Python:
Python 3.10.18
Checking core dependencies:
numpy: 2.2.6
gurobi: (12, 0, 3)
[Mon Sep 28 09:17:15 PDT 2026] Starting run_single_instance on a02-08.hpc.usc.edu for c201_Skewed1
Set parameter TokenServer to value "hpc-licenses.hpcc.usc.edu"
Added workload fairness penalty (mean_absolute_deviation) to objective with weight 10.0
Added weekly leadership day fairness penalty (mean_absolute_deviation) to objective with weight 100.0
Set parameter TimeLimit to value 10000
Set parameter Seed to value 42
Set parameter OutputFlag to value 1
Gurobi Optimizer version 12.0.3 build v12.0.3rc0 (linux64 - "Rocky Linux 8.10 (Green Obsidian)")

CPU model: AMD EPYC 7513 32-Core Processor, instruction set [SSE2|AVX|AVX2]
Thread count: 64 physical cores, 64 logical processors, using up to 32 threads

Non-default parameters:
TimeLimit  10000
Seed  42

Optimize a model with 987850 rows, 728450 columns and 6949150 nonzeros
Model fingerprint: 0x851af1e4
Variable types: 200 continuous, 728250 integer (727750 binary)
Coefficient statistics:
  Matrix range     [2e-02, 1e+03]
  Objective range  [2e+00, 1e+02]
  Bounds range     [1e+00, 5e+01]
  RHS range        [1e+00, 1e+03]
Presolve removed 958450 rows and 700054 columns
Presolve time: 1.16s
Presolved: 29400 rows, 28396 columns, 226050 nonzeros
Variable types: 100 continuous, 28296 integer (28150 binary)
Performing another presolve...
Presolve removed 3250 rows and 251 columns
Presolve time: 0.37s
Deterministic concurrent LP optimizer: primal and dual simplex
Showing primal log only...


Root simplex log...

Iteration    Objective       Primal Inf.    Dual Inf.      Time
   20110    1.1274166e+04   0.000000e+00   2.434652e+06      5s
   44231    6.4957730e+03   0.000000e+00   1.355484e+08     10s
Concurrent spin time: 0.00s

Solved with dual simplex

Root simplex log...

Iteration    Objective       Primal Inf.    Dual Inf.      Time
   24852    4.9362592e+03   0.000000e+00   0.000000e+00     12s

Root relaxation: objective 4.936259e+03, 24852 iterations, 8.98 seconds (12.39 work units)
Total elapsed time = 12.44s (DegenMoves)

    Nodes    |    Current Node    |     Objective Bounds      |     Work
 Expl Unexpl |  Obj  Depth IntInf | Incumbent    BestBd   Gap | It/Node Time

     0     0 4936.25922    0 1504          - 4936.25922      -     -   13s
H    0     0                    6499116.0000 4975.09972   100%     -   56s
     0     0 4975.09972    0 1692 6499116.00 4975.09972   100%     -   58s
H    0     0                    117196.00000 4975.09972  95.8%     -   58s
H    0     0                    116921.00000 4975.09972  95.7%     -   58s
H    0     0                    116702.00000 4975.09972  95.7%     -   58s
H    0     0                    116604.00000 4975.09972  95.7%     -   58s
H    0     0                    82981.000000 4975.09972  94.0%     -   58s
H    0     0                    81575.000000 4975.09972  93.9%     -   58s
H    0     0                    80289.000000 4975.09972  93.8%     -   58s
H    0     0                    71541.000000 4975.09972  93.0%     -   58s
H    0     0                    71225.000000 4975.09972  93.0%     -   58s
H    0     0                    71216.000000 4975.09972  93.0%     -   59s
H    0     0                    68194.000000 4975.09972  92.7%     -   59s
H    0     0                    66087.000000 4975.09972  92.5%     -   59s
H    0     0                    65915.000000 4975.09972  92.5%     -   60s
H    0     0                    65877.000000 4975.09972  92.4%     -   60s
     0     0 4975.09972    0 1643 65877.0000 4975.09972  92.4%     -   63s
     0     0 4976.25546    0 1707 65877.0000 4976.25546  92.4%     -   65s
     0     0 4977.30360    0 1676 65877.0000 4977.30360  92.4%     -   66s
     0     0 4977.33467    0 1650 65877.0000 4977.33467  92.4%     -   66s
     0     0 4977.33467    0 1652 65877.0000 4977.33467  92.4%     -   66s
     0     0 5001.22513    0 1647 65877.0000 5001.22513  92.4%     -   70s
H    0     0                    65835.000000 5001.32220  92.4%     -   71s
H    0     0                    65829.000000 5001.32220  92.4%     -   71s
H    0     0                    65827.000000 5001.32220  92.4%     -   71s
H    0     0                    65773.000000 5001.32220  92.4%     -   71s
H    0     0                    65357.000000 5001.32220  92.3%     -   72s
H    0     0                    64423.000000 5001.32220  92.2%     -   72s
H    0     0                    63824.000000 5001.32220  92.2%     -   72s
H    0     0                    59772.000000 5001.32220  91.6%     -   72s
H    0     0                    59705.000000 5001.32220  91.6%     -   72s
H    0     0                    59528.000000 5001.32220  91.6%     -   72s
H    0     0                    58872.000000 5001.32220  91.5%     -   72s
H    0     0                    58108.000000 5001.32220  91.4%     -   72s
H    0     0                    53199.000000 5001.32220  90.6%     -   72s
H    0     0                    53001.000000 5001.32220  90.6%     -   73s
     0     0 5001.67293    0 1633 53001.0000 5001.67293  90.6%     -   74s
     0     0 5001.67890    0 1591 53001.0000 5001.67890  90.6%     -   74s
     0     0 5081.22210    0 1738 53001.0000 5081.22210  90.4%     -   82s
H    0     0                    52980.000000 5081.25074  90.4%     -   82s
H    0     0                    50386.000000 5081.25074  89.9%     -   82s
H    0     0                    50018.000000 5081.25074  89.8%     -   82s
H    0     0                    49997.000000 5081.25074  89.8%     -   83s
H    0     0                    49995.000000 5081.25074  89.8%     -   83s
H    0     0                    49549.000000 5081.25074  89.7%     -   83s
H    0     0                    48983.000000 5081.25074  89.6%     -   83s
H    0     0                    48403.000000 5081.25074  89.5%     -   83s
H    0     0                    48035.000000 5081.25074  89.4%     -   83s
H    0     0                    48014.000000 5081.25074  89.4%     -   83s
H    0     0                    47986.000000 5081.25074  89.4%     -   83s
H    0     0                    47903.000000 5081.25074  89.4%     -   83s
H    0     0                    47865.000000 5081.25074  89.4%     -   83s
H    0     0                    47537.000000 5081.25074  89.3%     -   83s
H    0     0                    47417.000000 5081.25074  89.3%     -   83s
H    0     0                    46738.000000 5081.25074  89.1%     -   83s
H    0     0                    46305.000000 5081.25074  89.0%     -   83s
H    0     0                    46284.000000 5081.25074  89.0%     -   83s
H    0     0                    46098.000000 5081.25074  89.0%     -   83s
H    0     0                    46096.000000 5081.25074  89.0%     -   83s
H    0     0                    46072.000000 5081.25074  89.0%     -   83s
H    0     0                    46021.000000 5081.25074  89.0%     -   83s
     0     0 5086.77455    0 1686 46021.0000 5086.77455  88.9%     -   86s
     0     0 5087.22556    0 1699 46021.0000 5087.22556  88.9%     -   87s
     0     0 5087.54570    0 1673 46021.0000 5087.54570  88.9%     -   87s
     0     0 5087.54570    0 1673 46021.0000 5087.54570  88.9%     -   87s
     0     0 5125.31181    0 1745 46021.0000 5125.31181  88.9%     -   91s
H    0     0                    45670.000000 5125.33368  88.8%     -   91s
H    0     0                    45600.000000 5125.33368  88.8%     -   91s
H    0     0                    45478.000000 5125.33368  88.7%     -   91s
H    0     0                    45433.000000 5125.33368  88.7%     -   91s
H    0     0                    45391.000000 5125.33368  88.7%     -   91s
     0     0 5125.35302    0 1733 45391.0000 5125.35302  88.7%     -   92s
     0     0 5125.35331    0 1718 45391.0000 5125.35331  88.7%     -   92s
     0     0 5142.13898    0 1807 45391.0000 5142.13898  88.7%     -   96s
H    0     0                    44374.000000 5142.25961  88.4%     -   97s
H    0     0                    43666.000000 5142.25961  88.2%     -   97s
H    0     0                    43312.000000 5142.25961  88.1%     -   97s
H    0     0                    42850.000000 5142.25961  88.0%     -   97s
H    0     0                    42831.000000 5142.25961  88.0%     -   97s
H    0     0                    42429.000000 5142.25961  87.9%     -   97s
H    0     0                    42427.000000 5142.25961  87.9%     -   97s
H    0     0                    40691.000000 5142.25961  87.4%     -   97s
H    0     0                    40683.000000 5142.25961  87.4%     -   97s
H    0     0                    39323.000000 5142.25961  86.9%     -   97s
H    0     0                    39103.000000 5142.25961  86.8%     -   97s
H    0     0                    38492.000000 5142.25961  86.6%     -   97s
H    0     0                    38298.000000 5142.25961  86.6%     -   97s
H    0     0                    38239.000000 5142.25961  86.6%     -   97s
H    0     0                    37955.000000 5142.25961  86.5%     -   97s
H    0     0                    37927.000000 5142.25961  86.4%     -   98s
     0     0 5142.25961    0 1819 37927.0000 5142.25961  86.4%     -   98s
     0     0 5165.07403    0 1853 37927.0000 5165.07403  86.4%     -  102s
H    0     0                    37318.000000 5165.13491  86.2%     -  102s
H    0     0                    37311.000000 5165.13491  86.2%     -  102s
H    0     0                    37305.000000 5165.13491  86.2%     -  102s
H    0     0                    37285.000000 5165.13491  86.1%     -  102s
     0     0 5169.28629    0 1866 37285.0000 5169.28629  86.1%     -  104s
     0     0 5169.63028    0 1868 37285.0000 5169.63028  86.1%     -  104s
     0     0 5169.63112    0 1870 37285.0000 5169.63112  86.1%     -  105s
     0     0 5191.00130    0 1850 37285.0000 5191.00130  86.1%     -  109s
H    0     0                    37266.000000 5191.05632  86.1%     -  109s
H    0     0                    37226.000000 5191.05632  86.1%     -  109s
     0     0 5191.82539    0 1818 37226.0000 5191.82539  86.1%     -  110s
     0     0 5191.82759    0 1818 37226.0000 5191.82759  86.1%     -  110s
     0     0 5206.94853    0 1980 37226.0000 5206.94853  86.0%     -  113s
H    0     0                    37219.000000 5206.98143  86.0%     -  113s
H    0     0                    37205.000000 5206.98143  86.0%     -  114s
H    0     0                    36158.000000 5206.98143  85.6%     -  114s
H    0     0                    36129.000000 5206.98143  85.6%     -  115s
H    0     0                    36077.000000 5206.98143  85.6%     -  115s
H    0     0                    36047.000000 5206.98143  85.6%     -  115s
H    0     0                    35939.000000 5206.98143  85.5%     -  115s
H    0     0                    35750.000000 5206.98143  85.4%     -  115s
H    0     0                    35565.000000 5206.98143  85.4%     -  115s
H    0     0                    35559.000000 5206.98143  85.4%     -  116s
H    0     0                    35283.000000 5206.98143  85.2%     -  116s
H    0     0                    35226.000000 5206.98143  85.2%     -  116s
     0     0 5208.36000    0 1946 35226.0000 5208.36000  85.2%     -  118s
     0     0 5208.37289    0 1897 35226.0000 5208.37289  85.2%     -  118s
     0     0 5231.20470    0 1930 35226.0000 5231.20470  85.1%     -  123s
H    0     0                    35134.000000 5231.37329  85.1%     -  123s
H    0     0                    34520.000000 5231.37329  84.8%     -  124s
H    0     0                    34519.000000 5231.37329  84.8%     -  124s
H    0     0                    34518.000000 5231.37329  84.8%     -  124s
H    0     0                    34447.000000 5231.37329  84.8%     -  124s
H    0     0                    34441.000000 5231.37329  84.8%     -  124s
H    0     0                    34355.000000 5231.37329  84.8%     -  124s
H    0     0                    34262.000000 5231.37329  84.7%     -  124s
H    0     0                    34170.000000 5231.37329  84.7%     -  124s
     0     0 5232.08066    0 2005 34170.0000 5232.08066  84.7%     -  125s
     0     0 5232.09986    0 1919 34170.0000 5232.09986  84.7%     -  125s
     0     0 5257.90860    0 1890 34170.0000 5257.90860  84.6%     -  128s
H    0     0                    33967.000000 5257.99849  84.5%     -  129s
H    0     0                    33959.000000 5257.99849  84.5%     -  129s
H    0     0                    33911.000000 5257.99849  84.5%     -  129s
H    0     0                    33876.000000 5257.99849  84.5%     -  129s
H    0     0                    33752.000000 5257.99849  84.4%     -  129s
H    0     0                    33606.000000 5257.99849  84.4%     -  129s
     0     0 5258.32582    0 1979 33606.0000 5258.32582  84.4%     -  130s
     0     0 5258.32893    0 1974 33606.0000 5258.32893  84.4%     -  130s
     0     0 5283.58552    0 1854 33606.0000 5283.58552  84.3%     -  134s
H    0     0                    33554.000000 5283.59159  84.3%     -  134s
H    0     0                    33005.000000 5283.59159  84.0%     -  134s
H    0     0                    32913.000000 5283.59159  83.9%     -  134s
H    0     0                    32324.000000 5283.59159  83.7%     -  134s
H    0     0                    32240.000000 5283.59159  83.6%     -  134s
     0     0 5283.99002    0 1888 32240.0000 5283.99002  83.6%     -  135s
     0     0 5283.99002    0 1852 32240.0000 5283.99002  83.6%     -  135s
     0     0 5301.29378    0 1922 32240.0000 5301.29378  83.6%     -  139s
H    0     0                    32172.000000 5301.39851  83.5%     -  139s
H    0     0                    32160.000000 5301.39851  83.5%     -  139s
H    0     0                    32140.000000 5301.39851  83.5%     -  139s
H    0     0                    32136.000000 5301.39851  83.5%     -  139s
H    0     0                    32086.000000 5301.39851  83.5%     -  139s
H    0     0                    31646.000000 5301.39851  83.2%     -  140s
     0     0 5301.40337    0 1918 31646.0000 5301.40337  83.2%     -  141s
     0     0 5301.43653    0 1892 31646.0000 5301.43653  83.2%     -  142s
     0     0 5308.11931    0 1902 31646.0000 5308.11931  83.2%     -  144s
     0     0 5308.24920    0 1886 31646.0000 5308.24920  83.2%     -  145s
     0     0 5308.25414    0 1907 31646.0000 5308.25414  83.2%     -  146s
     0     0 5315.06193    0 1838 31646.0000 5315.06193  83.2%     -  149s
H    0     0                    31600.000000 5315.11493  83.2%     -  150s
H    0     0                    31524.000000 5315.11493  83.1%     -  153s
H    0     0                    31425.000000 5315.11493  83.1%     -  157s
H    0     0                    31405.000000 5315.11493  83.1%     -  159s
H    0     0                    31355.000000 5315.11493  83.0%     -  159s
H    0     0                    31177.000000 5315.11493  83.0%     -  160s
H    0     0                    31144.000000 5315.11493  82.9%     -  162s
H    0     0                    31142.000000 5315.11493  82.9%     -  162s
H    0     0                    30917.000000 5315.11493  82.8%     -  162s
H    0     0                    30871.000000 5315.11493  82.8%     -  164s
H    0     0                    30867.000000 5315.11493  82.8%     -  164s
H    0     0                    30827.000000 5315.11493  82.8%     -  165s
     0     0 5315.32012    0 1917 30827.0000 5315.32012  82.8%     -  167s
     0     0 5315.32153    0 1878 30827.0000 5315.32153  82.8%     -  167s
     0     0 5317.21242    0 1943 30827.0000 5317.21242  82.8%     -  169s
H    0     0                    30309.000000 5317.27411  82.5%     -  169s
H    0     0                    30305.000000 5317.27411  82.5%     -  169s
H    0     0                    30245.000000 5317.27411  82.4%     -  169s
H    0     0                    30241.000000 5317.27411  82.4%     -  169s
H    0     0                    29677.000000 5317.27411  82.1%     -  169s
     0     0 5317.27411    0 1946 29677.0000 5317.27411  82.1%     -  170s
     0     0 5319.94839    0 1850 29677.0000 5319.94839  82.1%     -  172s
     0     0 5320.06365    0 1865 29677.0000 5320.06365  82.1%     -  172s
     0     0 5321.23861    0 1889 29677.0000 5321.23861  82.1%     -  174s
H    0     0                    29642.000000 5321.24271  82.0%     -  174s
     0     0 5321.24271    0 1884 29642.0000 5321.24271  82.0%     -  174s
     0     0 5321.30033    0 1908 29642.0000 5321.30033  82.0%     -  175s
     0     0 5321.33096    0 1823 29642.0000 5321.33096  82.0%     -  176s
     0     0 5322.35577    0 1789 29642.0000 5322.35577  82.0%     -  177s
H    0     0                    29640.000000 5322.42761  82.0%     -  177s
H    0     0                    29626.000000 5322.42761  82.0%     -  177s
H    0     0                    29256.000000 5322.42761  81.8%     -  177s
H    0     0                    29220.000000 5322.42761  81.8%     -  177s
     0     0 5322.42761    0 1839 29220.0000 5322.42761  81.8%     -  178s
     0     0 5324.86201    0 1825 29220.0000 5324.86201  81.8%     -  179s
     0     0 5324.95900    0 1861 29220.0000 5324.95900  81.8%     -  180s
     0     0 5324.98356    0 1821 29220.0000 5324.98356  81.8%     -  180s
     0     0 5327.82214    0 1801 29220.0000 5327.82214  81.8%     -  182s
H    0     0                    29190.000000 5327.95911  81.7%     -  182s
     0     0 5328.02785    0 1862 29190.0000 5328.02785  81.7%     -  183s
     0     0 5328.14236    0 1845 29190.0000 5328.14236  81.7%     -  183s
     0     0 5328.14542    0 1852 29190.0000 5328.14542  81.7%     -  184s
     0     0 5330.93242    0 1916 29190.0000 5330.93242  81.7%     -  185s
     0     0 5330.94809    0 1940 29190.0000 5330.94809  81.7%     -  186s
     0     0 5334.59873    0 1900 29190.0000 5334.59873  81.7%     -  187s
H    0     0                    29188.000000 5334.68025  81.7%     -  188s
H    0     0                    29144.000000 5334.68025  81.7%     -  188s
     0     0 5334.73311    0 1886 29144.0000 5334.73311  81.7%     -  188s
     0     0 5334.73779    0 1884 29144.0000 5334.73779  81.7%     -  189s
     0     0 5337.45049    0 1913 29144.0000 5337.45049  81.7%     -  190s
     0     0 5337.59027    0 1951 29144.0000 5337.59027  81.7%     -  191s
     0     0 5337.59392    0 1975 29144.0000 5337.59392  81.7%     -  191s
     0     0 5338.29803    0 2047 29144.0000 5338.29803  81.7%     -  192s
     0     0 5338.47459    0 2032 29144.0000 5338.47459  81.7%     -  193s
     0     0 5339.91074    0 1964 29144.0000 5339.91074  81.7%     -  195s
     0     0 5339.93178    0 1963 29144.0000 5339.93178  81.7%     -  195s
     0     0 5339.93178    0 1966 29144.0000 5339.93178  81.7%     -  196s
H    0     0                    29102.000000 5339.96755  81.7%     -  196s
H    0     0                    29094.000000 5339.96755  81.6%     -  196s
     0     0 5339.96755    0 1953 29094.0000 5339.96755  81.6%     -  196s
     0     0 5339.96755    0 1939 29094.0000 5339.96755  81.6%     -  197s
     0     0 5339.97801    0 1939 29094.0000 5339.97801  81.6%     -  197s
H    0     0                    29090.000000 5339.97801  81.6%     -  201s
     0     2 5340.01893    0 1939 29090.0000 5340.01893  81.6%     -  205s
     1     4 5341.37061    1 1905 29090.0000 5340.01893  81.6%  2519  213s
     3     8 5342.01997    2 1956 29090.0000 5342.01997  81.6%  5318  220s
     7    16 5344.67624    3 1919 29090.0000 5343.63517  81.6%  4438  226s
    15    32 5347.18772    4 1995 29090.0000 5345.03592  81.6%  4069  235s
    31    61 5347.70044    5 1950 29090.0000 5347.20099  81.6%  4018  255s
H   60    93                    28739.000000 5347.70044  81.4%  4455  264s
H   61    93                    28701.000000 5347.86794  81.4%  4387  264s
H   64    93                    28621.000000 5347.86794  81.3%  4219  264s
H   75    93                    28506.000000 5347.86794  81.2%  3929  264s
H   80    93                    28473.000000 5347.86794  81.2%  3775  264s
H   88    93                    28466.000000 5347.86794  81.2%  3557  264s
H   89    93                    28386.000000 5347.86794  81.2%  3529  264s
    92   175 5349.17346    7 1925 28386.0000 5348.10115  81.2%  3441  312s
H  174   246                    28142.000000 5348.10115  81.0%  2803  335s
H  176   246                    28085.000000 5348.10115  81.0%  2793  335s
H  180   246                    27996.000000 5348.10115  80.9%  2808  335s
H  198   246                    27763.000000 5348.10115  80.7%  2918  335s
H  221   246                    26650.000000 5348.10115  79.9%  2790  335s
   245   331 5361.54165   11 1946 26650.0000 5348.10115  79.9%  2719  356s
H  330   363                    26291.000000 5348.10115  79.7%  2640  371s
H  331   363                    25522.000000 5348.10115  79.0%  2635  371s
   362   454 5354.03317   14 1900 25522.0000 5348.10115  79.0%  2622  389s
H  453   485                    24684.000000 5348.10115  78.3%  2552  406s
H  460   485                    24254.000000 5348.10115  77.9%  2561  406s
H  466   485                    24206.000000 5348.10115  77.9%  2544  406s
H  468   485                    23983.000000 5348.10115  77.7%  2537  406s
H  484   563                    23979.000000 5348.10115  77.7%  2543  425s
H  562   595                    23619.000000 5348.10115  77.4%  2483  436s
H  565   595                    23569.000000 5348.10115  77.3%  2479  436s
H  573   595                    23554.000000 5348.10115  77.3%  2471  436s
H  588   595                    23378.000000 5348.10115  77.1%  2477  436s
   594   663 5443.13226   18 1840 23378.0000 5348.10115  77.1%  2475  451s
H  662   695                    23006.000000 5348.10115  76.8%  2442  460s
H  679   695                    22982.000000 5348.10115  76.7%  2429  460s
H  683   695                    22768.000000 5348.10115  76.5%  2421  460s
   694   771 5361.32574   19 1908 22768.0000 5348.10115  76.5%  2408  476s
   770   802 5451.55716   20 1824 22768.0000 5348.10115  76.5%  2413  488s
H  771   802                    22302.000000 5348.10115  76.0%  2410  488s
H  773   802                    22206.000000 5348.10115  75.9%  2405  488s
   801   881 5358.44544   21 1856 22206.0000 5348.10115  75.9%  2385  504s
H  880   913                    21792.000000 5348.10115  75.5%  2351  517s
   912  1004 5492.20478   25 1857 21792.0000 5348.10115  75.5%  2357  536s
H 1003  1035                    21552.000000 5348.10115  75.2%  2319  548s
H 1004  1035                    20725.000000 5348.10115  74.2%  2318  548s
H 1034  1067                    20720.000000 5348.10115  74.2%  2294  565s
H 1036  1067                    20657.000000 5348.10115  74.1%  2295  565s
H 1037  1067                    20572.000000 5348.10115  74.0%  2294  565s
H 1039  1067                    20526.000000 5348.10115  73.9%  2293  565s
H 1048  1067                    20508.000000 5348.10115  73.9%  2322  565s
  1066  1099 5466.77382   27 1916 20508.0000 5348.10115  73.9%  2327  578s
H 1067  1099                    20504.000000 5348.10115  73.9%  2325  578s
H 1068  1099                    20099.000000 5348.10115  73.4%  2325  578s
H 1084  1099                    19683.000000 5348.10115  72.8%  2316  578s
H 1098  1200                    19651.000000 5348.10115  72.8%  2302  596s
  1199  1231 5505.34972   30 1888 19651.0000 5348.10115  72.8%  2268  615s
H 1200  1231                    19419.000000 5348.10115  72.5%  2266  615s
H 1201  1231                    19418.000000 5348.10115  72.5%  2266  615s
H 1203  1231                    18750.000000 5348.10115  71.5%  2265  615s
H 1204  1231                    18710.000000 5348.10115  71.4%  2264  615s
H 1219  1231                    18307.000000 5348.10115  70.8%  2257  615s
H 1230  1341                    18287.000000 5348.10115  70.8%  2251  635s
  1340  1373 5476.05520   32 1856 18287.0000 5348.10115  70.8%  2198  650s
H 1342  1373                    18223.000000 5348.10115  70.7%  2198  650s
H 1344  1373                    18190.000000 5348.10115  70.6%  2196  650s
H 1353  1373                    17713.000000 5348.10115  69.8%  2194  650s
H 1372  1408                    17214.000000 5348.10115  68.9%  2188  670s
H 1373  1408                    16743.000000 5348.10115  68.1%  2187  670s
  1407  1443 5467.58920   33 1838 16743.0000 5348.10115  68.1%  2233  689s
H 1408  1443                    16707.000000 5348.10115  68.0%  2231  689s
H 1412  1443                    16671.000000 5348.10115  67.9%  2232  689s
H 1413  1443                    16144.000000 5348.10115  66.9%  2231  689s
  1442  1551 5363.98279   34 1920 16144.0000 5348.10115  66.9%  2239  710s
  1550  1653 5365.30525   37 1926 16144.0000 5348.10115  66.9%  2233  737s
  1652  1685 5459.32898   39 1848 16144.0000 5348.10115  66.9%  2248  756s
H 1654  1685                    16117.000000 5348.10115  66.8%  2249  756s
H 1657  1685                    15757.000000 5348.10115  66.1%  2249  756s
H 1663  1685                    15725.000000 5348.10115  66.0%  2255  756s
H 1665  1685                    15703.000000 5348.10115  65.9%  2257  756s
H 1671  1685                    15693.000000 5348.10115  65.9%  2257  756s
H 1677  1685                    15652.000000 5348.10115  65.8%  2261  756s
H 1684  1808                    15609.000000 5348.10115  65.7%  2267  780s
H 1807  1840                    15578.000000 5348.10115  65.7%  2249  801s
H 1808  1840                    15533.000000 5348.10115  65.6%  2248  801s
H 1815  1840                    15090.000000 5348.10115  64.6%  2250  801s
  1839  1966 5372.05648   42 1947 15090.0000 5348.10115  64.6%  2253  828s
H 1965  2082                    15066.000000 5348.10115  64.5%  2240  857s
H 1968  2082                    15017.000000 5348.10115  64.4%  2240  857s
H 1971  2082                    15011.000000 5348.10115  64.4%  2240  857s
H 1975  2082                    15009.000000 5348.10115  64.4%  2238  857s
H 1998  2082                    14972.000000 5348.10115  64.3%  2235  857s
H 2072  2082                    14951.000000 5348.10115  64.2%  2222  857s
H 2081  2233                    14924.000000 5348.10115  64.2%  2229  885s
H 2232  2355                    14905.000000 5348.10115  64.1%  2199  911s
H 2247  2355                    14886.000000 5348.10115  64.1%  2199  911s
H 2257  2355                    14882.000000 5348.10115  64.1%  2199  911s
H 2274  2355                    14879.000000 5348.10115  64.1%  2194  911s
  2354  2503 5474.19501   58 1902 14879.0000 5348.10115  64.1%  2196  941s
  2502  2685 5390.61893   59 2008 14879.0000 5348.10115  64.1%  2178  973s
H 2536  2685                    14866.000000 5348.10115  64.0%  2175  973s
H 2684  2795                    14531.000000 5348.10115  63.2%  2142 1003s
H 2697  2795                    14470.000000 5348.10115  63.0%  2139 1003s
H 2737  2795                    14428.000000 5348.10115  62.9%  2131 1003s
H 2740  2795                    14390.000000 5348.10115  62.8%  2129 1003s
H 2794  2982                    14360.000000 5348.10115  62.8%  2126 1036s
H 2814  2982                    14296.000000 5348.10115  62.6%  2121 1036s
H 2820  2982                    13941.000000 5348.10115  61.6%  2120 1036s
H 2981  3193                    13929.000000 5348.10115  61.6%  2107 1073s
H 3192  3408                    13921.000000 5348.10115  61.6%  2083 1109s
H 3229  3408                    13917.000000 5348.10115  61.6%  2081 1109s
  3409  3607 5471.94179   90 1966 13917.0000 5348.10115  61.6%  2061 1148s
H 3608  3709                    13782.000000 5348.10115  61.2%  2055 1186s
H 3611  3709                    13434.000000 5348.10115  60.2%  2055 1186s
H 3698  3709                    13407.000000 5348.10115  60.1%  2069 1186s
  3710  3851 5410.45189   94 1977 13407.0000 5348.10115  60.1%  2076 1227s
  3852  4016 5463.19863   96 2051 13407.0000 5348.10115  60.1%  2110 1268s
H 3889  4016                    13392.000000 5348.10115  60.1%  2112 1268s
  4017  4189 5468.64817   99 2000 13392.0000 5348.10115  60.1%  2130 1312s
  4190  4337 5473.00198  102 2055 13392.0000 5348.10115  60.1%  2155 1362s
H 4265  4337                    13376.000000 5348.10115  60.0%  2189 1362s
H 4329  4337                    13374.000000 5348.10115  60.0%  2196 1362s
H 4338  4414                    13232.000000 5348.10115  59.6%  2200 1408s
H 4340  4414                    13133.000000 5348.10115  59.3%  2202 1408s
H 4344  4414                    13120.000000 5348.10115  59.2%  2206 1408s
H 4364  4414                    13116.000000 5348.10115  59.2%  2221 1408s
H 4379  4414                    12904.000000 5348.10115  58.6%  2225 1408s
  4415  4593 5628.75115  107 1905 12904.0000 5348.10115  58.6%  2242 1457s
H 4417  4593                    12890.000000 5348.10115  58.5%  2243 1457s
H 4438  4593                    12850.000000 5348.10115  58.4%  2253 1457s
  4594  4812 5688.31364  109 1826 12850.0000 5348.10115  58.4%  2266 1507s
H 4788  4812                    12847.000000 5348.10115  58.4%  2268 1507s
  4813  5065 5776.06199  115 1859 12847.0000 5348.10115  58.4%  2271 1557s
H 4928  5065                    12838.000000 5348.10115  58.3%  2289 1557s
H 5041  5065                    12811.000000 5348.10115  58.3%  2263 1557s
  5067  5333 5874.53852  118 1823 12811.0000 5348.10115  58.3%  2264 1612s
  5335  5691 5915.03674  120 1893 12811.0000 5348.10115  58.3%  2261 1666s
H 5354  5691                    12809.000000 5348.10115  58.2%  2265 1666s
H 5398  5691                    12789.000000 5348.10115  58.2%  2273 1666s
H 5693  5922                    12716.000000 5348.10115  57.9%  2216 1719s
H 5698  5922                    12697.000000 5348.10115  57.9%  2217 1719s
H 5711  5922                    12694.000000 5348.10115  57.9%  2220 1719s
H 5726  5922                    12676.000000 5348.10115  57.8%  2221 1719s
H 5728  5922                    12596.000000 5348.10115  57.5%  2222 1719s
  5926  6341 6119.85621  128 1694 12596.0000 5348.10115  57.5%  2186 1776s
H 5996  6341                    12591.000000 5348.10115  57.5%  2193 1776s
  6349  6713 6189.33872  133 1605 12591.0000 5348.10115  57.5%  2136 1836s
H 6408  6713                    12587.000000 5348.10115  57.5%  2139 1836s
H 6459  6713                    12578.000000 5348.10115  57.5%  2148 1836s
  6723  6986 6275.29770  135 1626 12578.0000 5348.10115  57.5%  2108 1894s
H 6873  6986                    12458.000000 5348.10115  57.1%  2119 1894s
  6997  7455 6415.60803  141 1598 12458.0000 5348.10115  57.1%  2101 1953s
  7507  7689 6628.46020  147 1443 12458.0000 5348.10115  57.1%  2034 2013s
H 7600  7689                    12387.000000 5348.10115  56.8%  2052 2014s
H 7763  8082                    12322.000000 5348.10115  56.6%  2024 2083s
H 7787  8082                    12300.000000 5348.10115  56.5%  2027 2083s
H 7799  8082                    12273.000000 5348.10115  56.4%  2027 2083s
  8231  8546 7137.56022  157 1329 12273.0000 5348.10115  56.4%  1962 2152s
H 8667  8546                    12272.000000 5348.10115  56.4%  1933 2152s
  8777  9002 7365.91996  167 1352 12272.0000 5348.10115  56.4%  1914 2224s
H 9265  9002                    12267.000000 5348.10115  56.4%  1882 2224s
  9330  9429 7609.72251  183 1212 12267.0000 5348.10115  56.4%  1877 2301s
H 9688  9429                    12250.000000 5348.10115  56.3%  1872 2301s
  9796  9586 8619.53583  202 1229 12250.0000 5348.10115  56.3%  1866 2372s
H 9908  9586                    12248.000000 5348.10115  56.3%  1859 2372s
H 9929  9586                    12240.000000 5348.10115  56.3%  1859 2372s
H 9941  9586                    12231.000000 5348.10115  56.3%  1861 2372s
 10039 10255 5514.91364   28 1930 12231.0000 5348.10115  56.3%  1870 2455s
H10771 10476                    12210.000000 5349.17681  56.2%  1831 2533s
H10889 10476                    12082.000000 5349.17681  55.7%  1817 2533s
 11022 10850 5937.74288   34 1580 12082.0000 5349.17681  55.7%  1808 2614s
H11240 10850                    12078.000000 5349.17681  55.7%  1799 2614s
 11435 11400 6221.31163   42 1539 12078.0000 5349.17681  55.7%  1790 2704s
 12035 11949 6997.03992   56 1253 12078.0000 5349.17681  55.7%  1772 2791s
H12340 11949                    12036.000000 5349.17681  55.6%  1766 2792s
 12620 13033 7947.50985   89 1260 12036.0000 5349.17681  55.6%  1753 2885s
H12932 13033                    12034.000000 5349.17681  55.5%  1752 2885s
 13729 14320 8469.10268  136 1066 12034.0000 5349.17681  55.5%  1689 2976s
 15078 14321 6223.39480   40 13944 12034.0000 5349.17681  55.5%  1604 3016s
H15079 13605                    12029.000000 5349.17681  55.5%  1604 3062s
 15081 13606 8531.23050  259 1405 12029.0000 5349.17681  55.5%  1603 3068s
 15082 13607 5650.15927   52 1410 12029.0000 5349.17681  55.5%  1603 3072s
 15083 13607 10126.9824  711 1673 12029.0000 5349.17681  55.5%  1603 3081s
 15084 13608 8517.30301  269 1633 12029.0000 5349.17681  55.5%  1603 3090s
 15085 13609 8876.50997  257 1746 12029.0000 5366.73992  55.4%  1603 3096s
 15086 13609 7689.89261  137 1795 12029.0000 5385.23456  55.2%  1603 3100s
 15087 13610 9258.66184  233 1782 12029.0000 5408.20780  55.0%  1603 3105s
 15089 13611 9392.01442  295 1755 12029.0000 5423.63593  54.9%  1603 3110s
 15094 13615 5578.45533   57 1723 12029.0000 5429.82819  54.9%  1602 3142s
 15095 13615 5933.92498  107 1730 12029.0000 5571.13821  53.7%  1602 3152s
 15096 13616 6898.04637   70 1826 12029.0000 5607.44292  53.4%  1602 3159s
 15097 13617 7631.30408  181 1810 12029.0000 5617.39510  53.3%  1602 3162s
 15099 13618 7123.27975   96 1859 12029.0000 5620.12154  53.3%  1601 3165s
 15102 13620 5620.15249   21 1805 12029.0000 5620.15249  53.3%  1601 3187s
 15103 13621 7703.77096   78 2000 12029.0000 5683.45984  52.8%  1601 3195s
 15107 13623 5895.65765   79 1916 12029.0000 5693.37698  52.7%  1601 3200s
 15108 13624 5693.37698   15 1916 12029.0000 5693.37698  52.7%  1601 3226s
 15109 13625 8099.00144  216 1815 12029.0000 5772.92949  52.0%  1600 3234s
 15110 13625 9259.04104  586 1863 12029.0000 5777.43245  52.0%  1600 3237s
 15114 13628 6574.07850  112 1905 12029.0000 5778.52023  52.0%  1600 3240s
 15117 13630 5778.53489   29 1892 12029.0000 5778.53489  52.0%  1600 3269s
 15118 13631 7667.11774  128 1900 12029.0000 5876.55140  51.1%  1599 3278s
 15119 13631 7638.31174  118 1934 12029.0000 5889.65909  51.0%  1599 3283s
 15121 13633 5891.23550  132 1909 12029.0000 5891.23550  51.0%  1599 3285s
 15125 13635 7656.17119  188 1990 12029.0000 5891.40618  51.0%  1599 3314s
 15126 13636 7301.43290  171 1894 12029.0000 5968.09041  50.4%  1599 3356s
 15127 13637 8312.56263  443 1909 12029.0000 5993.44450  50.2%  1599 3362s
 15128 13637 7264.03557   90 1908 12029.0000 5997.24430  50.1%  1598 3365s
 15132 13640 6011.17553   54 1931 12029.0000 6011.17553  50.0%  1598 3395s
 15133 13641 6082.26198   89 1897 12029.0000 6082.26198  49.4%  1598 3405s
 15134 13641 9886.06993  273 1951 12029.0000 6120.32929  49.1%  1598 3414s
 15135 13642 6449.01097  121 2078 12029.0000 6129.58203  49.0%  1598 3418s
 15136 13643 6589.49462   41 1992 12029.0000 6133.22112  49.0%  1598 3421s
 15142 13647 6144.28349  126 1972 12029.0000 6144.28349  48.9%  1597 3450s
 15143 13647 8514.40471  266 1950 12029.0000 6214.72924  48.3%  1597 3461s
 15144 13648 10329.2593  290 2009 12029.0000 6239.04233  48.1%  1597 3469s
 15145 13649 6243.56814  127 1870 12029.0000 6243.56814  48.1%  1597 3472s
 15148 13651 6930.51823   57 1899 12029.0000 6245.71736  48.1%  1596 3475s
 15149 13651 6864.07178  152 1899 12029.0000 6246.77044  48.1%  1596 3504s
 15150 13652 6304.31242   73 2103 12029.0000 6304.31242  47.6%  1596 3514s
 15151 13653 10195.8831  291 1986 12029.0000 6320.01295  47.5%  1596 3519s
 15152 13653 7689.89261  137 2092 12029.0000 6322.20110  47.4%  1596 3522s
 15157 13657 6323.36246  116 1978 12029.0000 6323.36246  47.4%  1595 3525s
 15158 13657 8513.24748  120 2013 12029.0000 6323.36348  47.4%  1595 3553s
 15159 13658 9951.60413  269 2109 12029.0000 6375.38096  47.0%  1595 3563s
 15160 13659 6390.36321   39 1980 12029.0000 6390.36321  46.9%  1595 3569s
 15161 13659 6395.93111   29 2029 12029.0000 6395.93111  46.8%  1595 3572s
 15163 13661 8481.85918  138 2096 12029.0000 6397.72298  46.8%  1595 3575s
 15166 13663 6397.77740   74 2082 12029.0000 6397.77740  46.8%  1594 3604s
 15167 13663 6450.47346   71 2195 12029.0000 6450.47346  46.4%  1594 3617s
 15168 13664 6461.59074  108 2244 12029.0000 6461.59074  46.3%  1594 3623s
 15169 13665 6464.92240   67 2245 12029.0000 6464.92240  46.3%  1594 3627s
H15172 12982                    12028.000000 6465.67034  46.2%  1594 3659s
H15173 12332                    12021.000000 6495.14675  46.0%  1594 3669s
 15174 12333 6798.47519  201 2394 12021.0000 6495.14675  46.0%  1594 3670s
 15175 12334 6843.81046   51 2262 12021.0000 6504.61892  45.9%  1593 3676s
 15176 12334 8426.69463  285 2292 12021.0000 6509.37787  45.8%  1593 3680s
 15178 12336 6512.49087   40 2204 12021.0000 6512.49087  45.8%  1593 3685s
 15184 12340 8517.30301  269 2256 12021.0000 6512.79327  45.8%  1593 3713s
 15185 12340 8876.50997  257 2196 12021.0000 6548.43650  45.5%  1592 3724s
 15186 12341 7689.89261  137 2307 12021.0000 6555.20343  45.5%  1592 3729s
 15187 12342 9258.66184  233 2288 12021.0000 6557.30793  45.5%  1592 3731s
 15191 12344 7239.54411  173 2291 12021.0000 6558.13122  45.4%  1592 3761s
H15191 11725                    11993.000000 6596.27737  45.0%  1592 3773s
H15191 11136                    11992.000000 6596.27737  45.0%  1592 3774s
H15191 10578                    11989.000000 6596.27737  45.0%  1592 3774s
H15191 10047                    11988.000000 6596.27737  45.0%  1592 3774s
 15193 10049 6606.39424  108 2233 11988.0000 6606.39424  44.9%  1592 3781s
 15199 10053 7123.27975   96 2273 11988.0000 6607.86284  44.9%  1591 3785s
 15200 10053 6607.86310   68 2273 11988.0000 6607.86310  44.9%  1591 3811s
 15201 10054 9633.94298  166 2402 11988.0000 6636.84612  44.6%  1591 3821s
 15202 10055 6645.83241   21 2278 11988.0000 6645.83241  44.6%  1591 3827s
 15204 10056 6647.97069  148 2317 11988.0000 6647.97069  44.5%  1590 3831s
 15207 10058 6648.08267   79 2337 11988.0000 6648.08267  44.5%  1590 3862s
 15208 10059 6675.90675   15 2371 11988.0000 6675.90675  44.3%  1590 3875s
 15209 10059 8099.00144  216 2490 11988.0000 6684.16159  44.2%  1590 3881s
 15210 10060 9259.04104  586 2488 11988.0000 6687.62835  44.2%  1590 3885s
 15215 10063 8169.25685  218 2404 11988.0000 6688.84570  44.2%  1589 3917s
 15216 10064 6709.02158   88 2594 11988.0000 6709.02158  44.0%  1589 3928s
 15217 10065 6716.69708   29 2471 11988.0000 6716.69708  44.0%  1589 3934s
 15218 10065 7667.11774  128 2584 11988.0000 6718.82096  44.0%  1589 3937s
 15222 10068 9313.26191  258 2457 11988.0000 6719.50805  43.9%  1589 3940s
 15224 10069 6719.51322  116 2487 11988.0000 6719.51322  43.9%  1588 3964s
 15225 10070 7656.17119  188 2511 11988.0000 6729.78421  43.9%  1588 3976s
 15227 10071 8312.56263  443 2543 11988.0000 6731.85074  43.8%  1588 3980s
H15232  9569                    11987.000000 6732.12960  43.8%  1587 4006s
H15232  9088                    11983.000000 6732.12960  43.8%  1587 4006s
 15234  9089 9886.06993  273 2518 11983.0000 6742.28701  43.7%  1587 4014s
 15235  9090 6743.97537  121 2610 11983.0000 6743.97537  43.7%  1587 4017s
 15238  9092 8778.77438  131 2593 11983.0000 6744.62625  43.7%  1587 4020s
 15240  9093 7079.92954  147 2618 11983.0000 6744.63105  43.7%  1587 4047s
 15241  9094 6755.05494  135 2535 11983.0000 6755.05494  43.6%  1587 4060s
 15243  9095 8514.40471  266 2652 11983.0000 6758.57369  43.6%  1586 4066s
 15246  9097 6758.75942    6 2598 11983.0000 6758.75942  43.6%  1586 4093s
 15247  9098 7591.93431  188 2726 11983.0000 6766.72130  43.5%  1586 4099s
 15248  9098 6930.51823   57 2555 11983.0000 6767.76235  43.5%  1586 4102s
H15252  8643                    11966.000000 6768.40334  43.4%  1585 4131s
H15253  8209                    11929.000000 6776.48906  43.2%  1585 4146s
 15255  8210 7376.98440  230 2814 11929.0000 6778.03095  43.2%  1585 4150s
 15260  8213 6778.65886   39 2835 11929.0000 6778.65886  43.2%  1585 4180s
 15261  8214 6784.86105   29 2517 11929.0000 6784.86105  43.1%  1584 4186s
 15263  8215 8481.85918  138 2696 11929.0000 6785.60946  43.1%  1584 4191s
 15268  8219 6785.85856  108 2750 11929.0000 6785.85856  43.1%  1584 4222s
H15268  7804                    11925.000000 6793.60515  43.0%  1584 4240s
 15269  7804 6793.60515   67 2604 11925.0000 6793.60515  43.0%  1584 4248s
 15270  7805 6795.14348   25 2646 11925.0000 6795.14348  43.0%  1584 4252s
 15274  7808 6798.47519  201 2675 11925.0000 6795.52592  43.0%  1583 4279s
H15274  7415                    11924.000000 6806.82691  42.9%  1583 4288s
 15276  7416 8426.69463  285 2607 11924.0000 6808.95481  42.9%  1583 4291s
 15282  7420 6809.71713   52 2768 11924.0000 6809.71713  42.9%  1582 4324s
H15282  7045                    11923.000000 6816.57683  42.8%  1582 4331s
H15282  6690                    11916.000000 6816.57683  42.8%  1582 4338s
 15283  6691 10126.9824  711 2596 11916.0000 6816.57683  42.8%  1582 4342s
 15284  6691 8517.30301  269 2774 11916.0000 6818.19304  42.8%  1582 4345s
 15290  6695 6818.50385   49 2712 11916.0000 6818.50385  42.8%  1581 4375s
 15291  6696 7239.54411  173 2701 11916.0000 6828.60397  42.7%  1581 4383s
 15292  6697 7396.69544  219 2791 11916.0000 6831.90763  42.7%  1581 4388s
 15294  6698 6832.39324   57 2785 11916.0000 6832.39324  42.7%  1581 4390s
 15298  6701 7252.80795   92 2802 11916.0000 6832.43903  42.7%  1581 4420s
H15298  6362                    11889.000000 6841.10315  42.5%  1581 4434s
 15299  6362 7123.27975   96 2838 11889.0000 6841.10315  42.5%  1581 4437s
 15300  6363 6842.83141   68 2787 11889.0000 6842.83141  42.4%  1580 4441s
 15303  6365 7703.77096   78 2785 11889.0000 6843.58816  42.4%  1580 4445s
 15306  6367 7882.46018  348 2809 11889.0000 6843.61237  42.4%  1580 4474s
 15307  6368 6851.72816   79 2649 11889.0000 6851.72816  42.4%  1580 4482s
 15309  6369 8099.00144  216 2707 11889.0000 6853.82214  42.4%  1580 4486s
 15315  6373 8169.25685  218 2753 11889.0000 6854.06067  42.3%  1579 4517s
 15316  6374 6862.43218   88 2843 11889.0000 6862.43218  42.3%  1579 4574s
 15317  6374 6864.91992   29 2953 11889.0000 6864.91992  42.3%  1579 4586s
 15323  6378 6865.73657   47 3099 11889.0000 6865.73657  42.3%  1578 4619s
 15324  6379 6875.90960  116 2713 11889.0000 6875.90960  42.2%  1578 4626s
 15325  6380 7656.17119  188 2750 11889.0000 6877.96110  42.1%  1578 4630s
 15330  6383 9354.27121  338 3007 11889.0000 6878.77543  42.1%  1577 4664s
 15331  6384 10360.3350  757 2809 11889.0000 6885.46843  42.1%  1577 4671s
 15333  6385 6887.24498   89 2951 11889.0000 6887.24498  42.1%  1577 4675s
 15337  6388 7210.89062  167 2888 11889.0000 6887.37921  42.1%  1577 4705s
 15338  6388 8778.77438  131 2861 11889.0000 6892.81646  42.0%  1577 4712s
 15339  6389 6894.42542   13 2796 11889.0000 6894.42542  42.0%  1576 4715s
 15348  6395 6930.51823   57 2950 11889.0000 6895.12919  42.0%  1575 4748s
 15349  6396 6899.65283  152 2843 11889.0000 6899.65283  42.0%  1575 4754s
 15350  6396 6900.80659   73 2956 11889.0000 6900.80659  42.0%  1575 4757s
 15354  6399 6901.22052  122 3010 11889.0000 6901.22052  42.0%  1575 4760s
 15355  6400 7376.98440  230 3092 11889.0000 6901.22150  42.0%  1575 4789s
 15356  6400 8259.88862  217 2850 11889.0000 6905.99549  41.9%  1575 4796s
 15358  6402 8513.24748  120 2955 11889.0000 6907.10726  41.9%  1574 4800s
 15363  6405 8481.85918  138 2944 11889.0000 6907.28573  41.9%  1574 4831s
 15364  6406 6910.58075  114 2815 11889.0000 6910.58075  41.9%  1574 4837s
 15366  6407 6911.83371   74 2961 11889.0000 6911.83371  41.9%  1574 4841s
 15369  6409 6911.94369   67 2995 11889.0000 6911.94369  41.9%  1573 4870s
 15370  6410 6917.44721   25 2881 11889.0000 6917.44721  41.8%  1573 4877s
 15371  6410 6918.85595    7 3035 11889.0000 6918.85595  41.8%  1573 4880s
 15376  6414 8426.69463  285 3130 11889.0000 6919.33357  41.8%  1573 4912s
 15377  6414 6923.97315   53 3017 11889.0000 6923.97315  41.8%  1573 4918s
 15378  6415 6925.35100   40 3232 11889.0000 6925.35100  41.7%  1572 4921s
 15382  6418 6925.75167   52 3233 11889.0000 6925.75167  41.7%  1572 4953s
 15383  6418 10126.9824  711 3122 11889.0000 6928.98749  41.7%  1572 4958s
 15384  6419 8517.30301  269 3204 11889.0000 6929.93669  41.7%  1572 4961s
 15388  6422 8251.88862  413 3280 11889.0000 6930.20051  41.7%  1571 4992s
 15389  6422 9392.01442  295 3242 11889.0000 6932.83745  41.7%  1571 4996s
 15391  6424 7239.54411  173 3222 11889.0000 6933.88485  41.7%  1571 5000s
 15396  6427 6933.98218   70 3361 11889.0000 6933.98218  41.7%  1571 5030s
 15397  6428 7631.30408  181 3037 11889.0000 6938.22690  41.6%  1570 5035s
 15399  6429 7123.27975   96 3210 11889.0000 6940.13240  41.6%  1570 5041s
 15403  6432 7703.77096   78 3177 11889.0000 6940.23846  41.6%  1570 5071s
 15404  6432 6943.71119  148 2944 11889.0000 6943.71119  41.6%  1570 5077s
 15405  6433 7592.78266  180 2839 11889.0000 6944.37193  41.6%  1570 5080s
 15410  6436 9259.04104  586 2908 11889.0000 6944.62821  41.6%  1569 5111s
 15411  6437 7466.38655   69 2937 11889.0000 6950.18563  41.5%  1569 5120s
 15412  6438 7334.09845  118 3104 11889.0000 6951.46774  41.5%  1569 5125s
 15417  6441 6951.90390   29 3183 11889.0000 6951.90390  41.5%  1568 5157s
 15418  6442 7667.11774  128 3186 11889.0000 6955.79781  41.5%  1568 5162s
 15420  6443 9121.73419  309 3066 11889.0000 6956.99594  41.5%  1568 5166s
 15425  6446 7656.17119  188 3174 11889.0000 6957.05079  41.5%  1568 5197s
 15426  6447 7301.43290  171 3164 11889.0000 6959.30783  41.5%  1568 5202s
 15427  6448 8312.56263  443 3188 11889.0000 6959.87130  41.5%  1567 5205s
 15431  6450 10360.3350  757 3306 11889.0000 6960.14747  41.5%  1567 5236s
 15432  6451 6962.26040   54 3171 11889.0000 6962.26040  41.4%  1567 5240s
 15434  6452 9886.06993  273 3217 11889.0000 6963.41319  41.4%  1567 5245s
 15437  6454 7210.89062  167 3296 11889.0000 6963.46344  41.4%  1566 5276s
 15438  6455 8778.77438  131 3079 11889.0000 6966.83067  41.4%  1566 5282s
 15439  6456 6968.32989   13 3086 11889.0000 6968.32989  41.4%  1566 5286s
 15443  6458 8514.40471  266 3023 11889.0000 6968.75492  41.4%  1566 5290s
 15445  6460 6968.75842  127 3033 11889.0000 6968.75842  41.4%  1566 5319s
 15446  6460 6973.41052    6 3267 11889.0000 6973.41052  41.3%  1565 5325s
 15450  6463 6974.53417   73 3211 11889.0000 6974.53417  41.3%  1565 5358s
 15451  6464 10195.8831  291 3263 11889.0000 6979.72691  41.3%  1565 5364s
 15452  6464 7689.89261  137 3181 11889.0000 6980.60957  41.3%  1565 5366s
 15455  6466 7376.98440  230 3365 11889.0000 6981.03673  41.3%  1565 5370s
 15457  6468 6981.04451  116 3337 11889.0000 6981.04451  41.3%  1564 5397s
 15458  6468 8513.24748  120 3292 11889.0000 6983.37102  41.3%  1564 5402s
 15459  6469 9951.60413  269 3262 11889.0000 6984.80204  41.2%  1564 5405s
 15464  6472 6985.47940  114 3471 11889.0000 6985.47940  41.2%  1564 5439s
 15465  6473 7474.29014  256 3299 11889.0000 6988.60986  41.2%  1564 5444s
 15466  6474 6990.32072   74 3222 11889.0000 6990.32072  41.2%  1563 5448s
 15467  6474 6990.66023   71 3343 11889.0000 6990.66023  41.2%  1563 5450s
 15470  6476 6990.76406   25 3346 11889.0000 6990.76406  41.2%  1563 5481s
 15471  6477 6995.78720    7 3182 11889.0000 6995.78720  41.2%  1563 5486s
 15472  6478 7052.96831  228 3316 11889.0000 6996.81582  41.1%  1563 5490s
 15476  6480 8426.69463  285 3357 11889.0000 6996.98392  41.1%  1562 5520s
 15477  6481 6998.97507   53 3129 11889.0000 6998.97507  41.1%  1562 5526s
 15479  6482 7735.22792  148 3086 11889.0000 6999.81551  41.1%  1562 5530s
 15485  6486 8876.50997  257 3119 11889.0000 6999.90102  41.1%  1562 5561s
 15486  6487 7689.89261  137 2982 11889.0000 7003.67630  41.1%  1561 5567s
 15488  6488 8251.88862  413 3126 11889.0000 7004.09608  41.1%  1561 5571s
 15492  6491 7396.69544  219 3181 11889.0000 7004.14744  41.1%  1561 5601s
 15493  6492 7007.40897  108 3281 11889.0000 7007.40897  41.1%  1561 5607s
 15494  6492 7007.86970   57 3287 11889.0000 7007.86970  41.1%  1561 5610s
 15499  6496 7123.27975   96 3375 11889.0000 7008.03713  41.1%  1560 5640s
 15500  6496 7012.73117   68 3382 11889.0000 7012.73117  41.0%  1560 5665s
 15501  6497 9633.94298  166 3268 11889.0000 7014.06731  41.0%  1560 5670s
 15506  6500 7882.46018  348 3513 11889.0000 7014.63775  41.0%  1559 5703s
 15507  6501 7018.22393   79 3009 11889.0000 7018.22393  41.0%  1559 5710s
 15509  6502 8099.00144  216 3337 11889.0000 7019.52202  41.0%  1559 5716s
 15514  6506 7019.75162  112 3432 11889.0000 7019.75162  41.0%  1559 5747s
 15515  6506 8169.25685  218 3254 11889.0000 7023.15210  40.9%  1559 5753s
 15516  6507 7023.96871   88 3325 11889.0000 7023.96871  40.9%  1558 5756s
 15519  6509 7638.31174  118 3385 11889.0000 7024.53768  40.9%  1558 5760s
 15522  6511 9313.26191  258 3435 11889.0000 7024.54860  40.9%  1558 5790s
 15523  6512 7028.05837   47 3320 11889.0000 7028.05837  40.9%  1558 5797s
 15524  6512 7029.15276  116 3242 11889.0000 7029.15276  40.9%  1558 5800s
 15530  6516 9354.27121  338 3565 11889.0000 7029.62830  40.9%  1557 5835s
 15531  6517 10360.3350  757 3448 11889.0000 7032.35420  40.8%  1557 5841s
 15533  6518 7033.15487   89 3504 11889.0000 7033.15487  40.8%  1557 5845s
 15537  6521 7210.89062  167 3582 11889.0000 7033.22319  40.8%  1556 5876s
 15538  6522 8778.77438  131 3422 11889.0000 7035.05867  40.8%  1556 5881s
 15539  6522 7035.95145   13 3496 11889.0000 7035.95145  40.8%  1556 5885s
 15545  6526 7036.28567  127 3605 11889.0000 7036.28567  40.8%  1556 5917s
H15545  6192                    11852.000000 7039.40063  40.6%  1556 5932s
 15546  6193 7039.40063    6 3477 11852.0000 7039.40063  40.6%  1555 5941s
 15547  6194 7591.93431  188 3561 11852.0000 7040.56641  40.6%  1555 5945s
 15553  6198 7297.75066  293 3631 11852.0000 7041.18936  40.6%  1555 5976s
 15554  6198 7043.45257  122 3489 11852.0000 7043.45257  40.6%  1555 5981s
 15557  6200 7044.42776  116 3574 11852.0000 7044.42776  40.6%  1554 5985s
 15560  6202 7044.43343   39 3643 11852.0000 7044.43343  40.6%  1554 6015s
 15562  6204 7046.83828  152 3495 11852.0000 7046.83828  40.5%  1554 6022s
 15564  6205 7047.19252  114 3640 11852.0000 7047.19252  40.5%  1554 6025s
 15565  6206 7474.29014  256 3641 11852.0000 7047.19365  40.5%  1554 6054s
 15566  6206 7050.06574   74 3453 11852.0000 7050.06574  40.5%  1553 6059s
 15567  6207 7050.99476   71 3387 11852.0000 7050.99476  40.5%  1553 6062s
 15568  6208 7051.56009  108 3493 11852.0000 7051.56009  40.5%  1553 6065s
 15572  6210 7052.96831  228 3728 11852.0000 7051.69810  40.5%  1553 6095s
 15574  6212 7055.11969  201 3564 11852.0000 7055.11969  40.5%  1553 6102s
 15579  6215 7735.22792  148 3659 11852.0000 7055.38359  40.5%  1552 6133s
 15580  6216 7953.30739  373 3381 11852.0000 7057.07224  40.5%  1552 6138s
 15581  6216 8531.23050  259 3455 11852.0000 7057.69921  40.5%  1552 6140s
 15587  6220 9258.66184  233 3667 11852.0000 7057.97370  40.4%  1551 6172s
H15587  5900                    11847.000000 7059.47350  40.4%  1551 6182s
 15588  5901 8251.88862  413 3482 11847.0000 7059.47350  40.4%  1551 6196s
 15589  5902 9392.01442  295 3531 11847.0000 7060.14213  40.4%  1551 6203s
 15593  5904 7060.27915  108 3575 11847.0000 7060.27915  40.4%  1551 6205s
 15594  5905 7060.27933   57 3581 11847.0000 7060.27933  40.4%  1551 6233s
 15595  5906 7062.31081  107 3508 11847.0000 7062.31081  40.4%  1551 6238s
 15596  5906 7062.98345   70 3505 11847.0000 7062.98345  40.4%  1550 6241s
 15601  5910 9633.94298  166 3582 11847.0000 7063.22162  40.4%  1550 6274s
 15602  5910 7066.19869   21 3416 11847.0000 7066.19869  40.4%  1550 6279s
 15603  5911 7703.77096   78 3580 11847.0000 7066.92479  40.3%  1550 6282s
 15608  5914 7067.08857   15 3633 11847.0000 7067.08857  40.3%  1549 6313s
 15609  5915 8099.00144  216 3421 11847.0000 7070.00774  40.3%  1549 6319s
 15610  5916 9259.04104  586 3568 11847.0000 7070.78511  40.3%  1549 6323s
 15612  5917 7334.09845  118 3603 11847.0000 7071.03220  40.3%  1549 6325s
 15615  5919 8169.25685  218 3693 11847.0000 7071.07135  40.3%  1549 6354s
 15616  5920 7074.08647   88 3541 11847.0000 7074.08647  40.3%  1548 6360s
 15618  5921 7667.11774  128 3612 11847.0000 7075.37927  40.3%  1548 6365s
 15623  5924 7075.51113   47 3646 11847.0000 7075.51113  40.3%  1548 6395s
 15624  5925 7077.70167  116 3408 11847.0000 7077.70167  40.3%  1548 6400s
 15625  5926 7656.17119  188 3599 11847.0000 7078.90856  40.2%  1548 6405s
 15631  5930 10360.3350  757 3643 11847.0000 7079.46978  40.2%  1547 6410s
 15633  5931 7079.48080   89 3701 11847.0000 7079.48080  40.2%  1547 6439s
 15634  5932 9886.06993  273 3468 11847.0000 7081.67061  40.2%  1547 6444s
 15635  5932 7082.14088  121 3690 11847.0000 7082.14088  40.2%  1547 6446s
 15639  5935 7082.33807   13 3886 11847.0000 7082.33807  40.2%  1546 6477s
 15640  5936 7084.47499  147 3539 11847.0000 7084.47499  40.2%  1546 6482s
 15641  5936 7084.89099  135 3658 11847.0000 7084.89099  40.2%  1546 6485s
 15646  5940 7085.22479    6 3753 11847.0000 7085.22479  40.2%  1545 6518s
H15646  5634                    11831.000000 7087.63403  40.1%  1545 6538s
 15647  5634 7591.93431  188 3549 11831.0000 7087.63403  40.1%  1545 6543s
 15648  5635 7088.34381   57 3473 11831.0000 7088.34381  40.1%  1545 6548s
 15651  5637 10195.8831  291 3516 11831.0000 7088.50527  40.1%  1545 6550s
 15652  5638 7689.89261  137 3535 11831.0000 7088.50578  40.1%  1545 6579s
 15653  5638 7297.75066  293 3345 11831.0000 7090.75343  40.1%  1545 6583s
 15654  5639 7091.73415  122 3438 11831.0000 7091.73415  40.1%  1545 6587s
 15658  5642 8513.24748  120 3443 11831.0000 7091.99765  40.1%  1544 6620s
 15659  5642 9951.60413  269 3321 11831.0000 7093.82579  40.0%  1544 6625s
 15664  5646 7094.35942  114 3463 11831.0000 7094.35942  40.0%  1544 6657s
 15665  5646 7474.29014  256 3229 11831.0000 7096.47273  40.0%  1544 6663s
 15666  5647 7097.04674   74 3464 11831.0000 7097.04674  40.0%  1544 6666s
 15670  5650 7097.23145   25 3555 11831.0000 7097.23145  40.0%  1543 6696s
 15671  5650 7099.05791    7 3410 11831.0000 7099.05791  40.0%  1543 6700s
 15675  5653 7099.74796   51 3616 11831.0000 7099.74796  40.0%  1543 6705s
 15676  5654 8426.69463  285 3624 11831.0000 7099.74941  40.0%  1543 6732s
 15677  5654 7101.55787   53 3385 11831.0000 7101.55787  40.0%  1542 6738s
 15678  5655 7102.05724   40 3387 11831.0000 7102.05724  40.0%  1542 6741s
 15682  5658 7102.21775   52 3529 11831.0000 7102.21775  40.0%  1542 6773s
 15683  5658 10126.9824  711 3541 11831.0000 7103.66100  40.0%  1542 6777s
 15685  5660 8876.50997  257 3470 11831.0000 7104.12015  40.0%  1542 6780s
 15689  5662 9392.01442  295 3499 11831.0000 7104.21478  40.0%  1541 6811s
 15690  5663 7106.12539   49 3403 11831.0000 7106.12539  39.9%  1541 6816s
 15692  5664 7396.69544  219 3435 11831.0000 7106.91600  39.9%  1541 6820s
 15697  5668 7631.30408  181 3467 11831.0000 7106.96957  39.9%  1540 6850s
H15697  5374                    11809.000000 7109.01115  39.8%  1540 6901s
 15699  5375 7123.27975   96 3474 11809.0000 7110.71701  39.8%  1540 6909s
 15700  5376 7111.15044   68 3564 11809.0000 7111.15044  39.8%  1540 6910s
 15705  5379 7592.78266  180 3716 11809.0000 7111.41036  39.8%  1540 6942s
 15706  5380 7882.46018  348 3481 11809.0000 7112.99131  39.8%  1540 6947s
 15707  5380 7114.01283   79 3515 11809.0000 7114.01283  39.8%  1539 6951s
 15711  5383 7466.38655   69 3653 11809.0000 7114.29617  39.8%  1539 6981s
 15712  5384 7334.09845  118 3523 11809.0000 7115.60397  39.7%  1539 6985s
 15717  5387 7116.24760   29 3706 11809.0000 7116.24760  39.7%  1539 6990s
 15718  5388 7667.11774  128 3691 11809.0000 7116.24782  39.7%  1538 7018s
 15719  5388 7638.31174  118 3481 11809.0000 7117.37788  39.7%  1538 7023s
 15720  5389 9121.73419  309 3593 11809.0000 7117.71277  39.7%  1538 7025s
 15727  5394 8312.56263  443 3667 11809.0000 7117.90628  39.7%  1538 7057s
 15728  5394 7264.03557   90 3625 11809.0000 7119.44772  39.7%  1537 7061s
 15730  5396 9354.27121  338 3747 11809.0000 7120.19531  39.7%  1537 7066s
 15733  5398 7120.26258   89 3830 11809.0000 7120.26258  39.7%  1537 7096s
 15734  5398 9886.06993  273 3543 11809.0000 7122.25511  39.7%  1537 7101s
 15736  5400 7123.15371   41 3729 11809.0000 7123.15371  39.7%  1537 7105s
 15739  5402 7123.24548   13 3711 11809.0000 7123.24548  39.7%  1536 7133s
 15740  5402 7124.34373  147 3577 11809.0000 7124.34373  39.7%  1536 7137s
 15741  5403 7124.72067  135 3680 11809.0000 7124.72067  39.7%  1536 7140s
 15748  5408 7124.94080   57 3707 11809.0000 7124.94080  39.7%  1535 7168s
 15749  5408 7126.10542  152 3609 11809.0000 7126.10542  39.7%  1535 7173s
 15750  5409 7126.58219   73 3649 11809.0000 7126.58219  39.7%  1535 7176s
 15756  5413 8259.88862  217 3695 11809.0000 7126.75973  39.6%  1535 7207s
 15758  5414 8513.24748  120 3728 11809.0000 7127.52522  39.6%  1535 7211s
 15761  5416 7127.55256   29 3714 11809.0000 7127.55256  39.6%  1534 7239s
 15762  5417 7128.35999  152 3625 11809.0000 7128.35999  39.6%  1534 7242s
 15764  5418 7128.97664  114 3520 11809.0000 7128.97664  39.6%  1534 7245s
 15767  5420 7129.03467   71 3681 11809.0000 7129.03467  39.6%  1534 7274s
 15768  5421 7130.70841  108 3522 11809.0000 7130.70841  39.6%  1534 7278s
 15769  5422 7131.04303   67 3662 11809.0000 7131.04303  39.6%  1533 7280s
 15776  5426 8426.69463  285 3693 11809.0000 7131.46071  39.6%  1533 7311s
 15777  5427 7132.84056   53 3502 11809.0000 7132.84056  39.6%  1533 7316s
 15779  5428 7735.22792  148 3584 11809.0000 7133.31599  39.6%  1532 7320s
 15784  5432 8517.30301  269 3544 11809.0000 7133.36127  39.6%  1532 7351s
 15785  5432 8876.50997  257 3441 11809.0000 7134.81366  39.6%  1532 7355s
 15787  5434 9258.66184  233 3327 11809.0000 7135.67519  39.6%  1532 7360s
 15792  5437 7396.69544  219 3344 11809.0000 7135.77525  39.6%  1531 7394s
 15793  5438 7136.23828  108 3514 11809.0000 7136.23828  39.6%  1531 7397s
 15794  5438 7136.43532   57 3438 11809.0000 7136.43532  39.6%  1531 7400s
 15796  5440 7136.45442   70 3486 11809.0000 7136.45442  39.6%  1531 7429s
 15797  5440 7631.30408  181 3355 11809.0000 7137.24696  39.6%  1531 7431s
 15800  5442 7137.56702   68 3460 11809.0000 7137.56702  39.6%  1530 7435s
 15804  5445 7137.58398  148 3432 11809.0000 7137.58398  39.6%  1530 7464s
 15805  5446 7592.78266  180 3209 11809.0000 7139.07607  39.5%  1530 7468s
 15807  5447 7139.46156   79 3407 11809.0000 7139.46156  39.5%  1530 7470s
 15810  5449 9259.04104  586 3475 11809.0000 7139.48507  39.5%  1529 7498s
 15811  5450 7466.38655   69 3272 11809.0000 7140.26454  39.5%  1529 7500s
 15815  5453 8169.25685  218 1547 11809.0000 7140.26454  39.5%  1594 7546s
 15816  5454 7140.26454   88 1483 11809.0000 7140.26454  39.5%  1593 7552s
 15817  5455 7140.26454   29 1400 11809.0000 7140.26454  39.5%  1593 7561s
 15818  5455 7667.11774  128 1733 11809.0000 7140.26454  39.5%  1593 7575s
H15818  5182                    11795.000000 7140.26454  39.5%  1593 7593s
 15820  5184 9121.73419  309 2018 11795.0000 7140.41864  39.5%  1593 7609s
 15821  5184 7140.41864  132 2281 11795.0000 7140.41864  39.5%  1593 7625s
 15822  5185 9313.26191  258 2323 11795.0000 7140.41864  39.5%  1593 7642s
 15823  5186 7140.41864   47 2420 11795.0000 7140.41864  39.5%  1593 7656s
 15824  5186 7140.41864  116 2648 11795.0000 7140.41864  39.5%  1593 7674s
 15825  5187 7656.17119  188 2540 11795.0000 7140.41864  39.5%  1593 7687s
 15826  5188 7301.43290  171 2787 11795.0000 7140.41864  39.5%  1592 7699s
 15827  5188 8312.56263  443 2973 11795.0000 7140.41864  39.5%  1592 7707s
 15828  5189 7264.03557   90 3263 11795.0000 7140.41864  39.5%  1592 7713s
 15829  5190 7140.41864  140 3203 11795.0000 7140.41864  39.5%  1592 7717s
 15830  5190 9354.27121  338 3166 11795.0000 7140.41864  39.5%  1592 7721s
 15832  5192 7140.50095   54 3225 11795.0000 7140.50095  39.5%  1592 7725s
 15837  5195 7210.89062  167 3219 11795.0000 7140.58132  39.5%  1591 7741s
 15838  5196 8778.77438  131 3299 11795.0000 7144.65374  39.4%  1591 7747s
 15840  5197 7145.72992  147 3252 11795.0000 7145.72992  39.4%  1591 7750s
 15843  5199 8514.40471  266 3304 11795.0000 7145.78126  39.4%  1591 7779s
 15844  5200 10329.2593  290 3116 11795.0000 7147.61244  39.4%  1591 7783s
 15846  5201 7147.91912    6 3341 11795.0000 7147.91912  39.4%  1590 7785s
 15849  5203 7147.94816  152 3376 11795.0000 7147.94816  39.4%  1590 7814s
 15850  5204 7149.70591   73 3175 11795.0000 7149.70591  39.4%  1590 7818s
 15852  5205 7689.89261  137 3158 11795.0000 7149.98192  39.4%  1590 7820s
 15855  5207 7376.98440  230 3193 11795.0000 7149.99276  39.4%  1590 7849s
 15856  5208 8259.88862  217 3141 11795.0000 7152.00100  39.4%  1589 7854s
 15857  5208 7152.58603  116 3153 11795.0000 7152.58603  39.4%  1589 7856s
 15861  5211 7152.91545   29 3250 11795.0000 7152.91545  39.4%  1589 7888s
 15862  5212 7154.54678  152 3107 11795.0000 7154.54678  39.3%  1589 7923s
 15863  5212 8481.85918  138 3106 11795.0000 7154.69843  39.3%  1589 7927s
 15866  5214 7154.73548   74 3142 11795.0000 7154.73548  39.3%  1588 7957s
 15867  5215 7157.29944   71 3148 11795.0000 7157.29944  39.3%  1588 7962s
 15869  5216 7157.89330   67 3090 11795.0000 7157.89330  39.3%  1588 7965s
 15873  5219 7157.90754   11 3056 11795.0000 7157.90754  39.3%  1588 7994s
 15874  5220 7159.68715  201 2996 11795.0000 7159.68715  39.3%  1588 7999s
 15875  5220 7160.23394   51 2961 11795.0000 7160.23394  39.3%  1588 8001s
 15879  5223 7735.22792  148 3003 11795.0000 7160.46534  39.3%  1587 8032s
 15880  5224 7953.30739  373 3017 11795.0000 7162.29432  39.3%  1587 8036s
 15886  5228 7689.89261  137 3032 11795.0000 7162.81808  39.3%  1586 8069s
 15887  5228 9258.66184  233 3042 11795.0000 7164.99177  39.3%  1586 8073s
 15888  5229 8251.88862  413 3060 11795.0000 7165.99697  39.2%  1586 8076s
 15893  5232 7166.23355  108 3085 11795.0000 7166.23355  39.2%  1586 8107s
 15894  5233 7168.97560   57 3147 11795.0000 7168.97560  39.2%  1586 8112s
 15895  5234 7169.43321  107 3112 11795.0000 7169.43321  39.2%  1586 8115s
 15898  5236 7252.80795   92 3190 11795.0000 7169.62017  39.2%  1585 8145s
 15900  5237 7170.87626   68 3181 11795.0000 7170.87626  39.2%  1585 8150s
 15904  5240 7171.05418  148 3222 11795.0000 7171.05418  39.2%  1585 8181s
 15905  5240 7592.78266  180 3226 11795.0000 7171.84635  39.2%  1585 8185s
 15909  5243 8099.00144  216 3277 11795.0000 7172.23046  39.2%  1584 8218s
 15910  5244 9259.04104  586 3108 11795.0000 7175.70748  39.2%  1584 8224s
 15911  5244 7466.38655   69 3137 11795.0000 7176.39200  39.2%  1584 8226s
 15915  5247 8169.25685  218 3144 11795.0000 7176.76097  39.2%  1584 8258s
 15916  5248 7181.10100   88 3113 11795.0000 7181.10100  39.1%  1583 8264s
 15917  5248 7182.27627   29 3264 11795.0000 7182.27627  39.1%  1583 8267s
 15920  5250 9121.73419  309 3296 11795.0000 7182.74597  39.1%  1583 8270s
 15922  5252 9313.26191  258 3266 11795.0000 7182.76744  39.1%  1583 8300s
H15922  4987                    11790.000000 7184.33441  39.1%  1583 8341s
H15922  4736                    11785.000000 7184.33441  39.0%  1583 8346s
 15925  4738 7656.17119  188 3309 11785.0000 7185.25186  39.0%  1583 8350s
 15931  4742 10360.3350  757 3301 11785.0000 7185.30900  39.0%  1582 8376s
 15932  4742 7188.51496   54 3235 11785.0000 7188.51496  39.0%  1582 8383s
 15933  4743 7189.39582   89 3284 11785.0000 7189.39582  39.0%  1582 8387s
 15938  4746 8778.77438  131 3255 11785.0000 7189.67825  39.0%  1581 8390s
 15941  4748 7189.69009  135 3299 11785.0000 7189.69009  39.0%  1581 8414s
 15942  4749 7192.90992  126 3165 11785.0000 7192.90992  39.0%  1581 8421s
 15945  4751 7193.98437  127 3260 11785.0000 7193.98437  39.0%  1581 8425s
 15948  4753 7194.02913   57 3267 11785.0000 7194.02913  39.0%  1580 8452s
 15949  4754 7195.20734  152 3029 11785.0000 7195.20734  38.9%  1580 8455s
 15952  4756 7689.89261  137 3336 11785.0000 7196.32227  38.9%  1580 8460s
 15954  4757 7196.33425  122 3346 11785.0000 7196.33425  38.9%  1580 8486s
 15955  4758 7376.98440  230 3155 11785.0000 7198.72890  38.9%  1580 8491s
 15958  4760 8513.24748  120 3247 11785.0000 7199.98053  38.9%  1579 8495s
 15961  4762 7200.01457   29 3272 11785.0000 7200.01457  38.9%  1579 8522s
 15962  4762 7201.37784  152 3042 11785.0000 7201.37784  38.9%  1579 8527s
 15965  4764 7474.29014  256 3118 11785.0000 7201.81089  38.9%  1579 8530s
 15966  4765 7201.81110   74 3137 11785.0000 7201.81110  38.9%  1579 8556s
 15967  4766 7203.87833   71 3049 11785.0000 7203.87833  38.9%  1578 8560s
 15972  4769 7204.38147  228 3253 11785.0000 7204.38147  38.9%  1578 8589s
 15973  4770 7205.85979   11 3287 11785.0000 7205.85979  38.9%  1578 8594s
 15974  4770 7206.26490  201 3221 11785.0000 7206.26490  38.9%  1578 8596s
 15978  4773 7206.41295   40 3251 11785.0000 7206.41295  38.9%  1577 8623s
 15979  4774 7735.22792  148 3236 11785.0000 7207.89464  38.8%  1577 8627s
 15981  4775 8531.23050  259 3266 11785.0000 7208.41793  38.8%  1577 8630s
 15986  4778 7689.89261  137 3335 11785.0000 7208.49124  38.8%  1577 8657s
 15987  4779 9258.66184  233 3205 11785.0000 7209.46614  38.8%  1576 8660s
 15993  4783 7209.67464  108 3305 11785.0000 7209.67464  38.8%  1576 8693s
 15994  4784 7210.72432   57 3211 11785.0000 7210.72432  38.8%  1576 8696s
 15998  4786 7252.80795   92 3378 11785.0000 7211.32393  38.8%  1575 8700s
 16000  4788 7211.33135   68 3422 11785.0000 7211.33135  38.8%  1575 8728s
 16001  4788 9633.94298  166 3179 11785.0000 7212.71856  38.8%  1575 8732s
 16003  4790 7703.77096   78 3371 11785.0000 7213.29379  38.8%  1575 8735s
 16007  4792 7213.33296   79 3398 11785.0000 7213.33296  38.8%  1574 8764s
 16008  4793 7214.69324   15 3150 11785.0000 7214.69324  38.8%  1574 8768s
 16009  4794 8099.00144  216 3139 11785.0000 7215.44750  38.8%  1574 8770s
 16014  4797 7215.70319  112 3158 11785.0000 7215.70319  38.8%  1574 8800s
 16015  4798 8169.25685  218 3000 11785.0000 7217.47016  38.8%  1574 8806s
 16020  4801 9121.73419  309 3258 11785.0000 7217.85011  38.8%  1573 8838s
 16021  4802 7218.99800  132 3101 11785.0000 7218.99800  38.7%  1573 8841s
 16026  4805 7301.43290  171 3147 11785.0000 7219.15042  38.7%  1573 8871s
 16027  4806 8312.56263  443 3297 11785.0000 7221.12640  38.7%  1573 8876s
 16030  4808 9354.27121  338 3344 11785.0000 7221.90871  38.7%  1572 8880s
 16032  4809 7221.92337   54 3367 11785.0000 7221.92337  38.7%  1572 8909s
H16032  4565                    11752.000000 7223.01382  38.5%  1572 8916s
 16033  4566 7223.01382   89 3445 11752.0000 7223.01382  38.5%  1572 8957s
 16035  4567 7223.31979  121 3444 11752.0000 7223.31979  38.5%  1572 8960s
 16038  4569 8778.77438  131 3420 11752.0000 7223.35667  38.5%  1571 8989s
 16039  4570 7224.29942   13 3336 11752.0000 7224.29942  38.5%  1571 8993s
 16041  4571 7224.42602  135 3322 11752.0000 7224.42602  38.5%  1571 8995s
 16045  4574 7224.45411  127 3425 11752.0000 7224.45411  38.5%  1571 9025s
 16047  4575 7591.93431  188 3417 11752.0000 7226.15399  38.5%  1571 9030s
 16051  4578 10195.8831  291 3341 11752.0000 7226.25214  38.5%  1570 9061s
 16053  4579 7297.75066  293 3451 11752.0000 7227.25620  38.5%  1570 9065s
 16058  4582 8513.24748  120 3482 11752.0000 7227.34937  38.5%  1569 9096s
 16059  4583 9951.60413  269 3319 11752.0000 7229.74626  38.5%  1569 9100s
 16063  4586 8481.85918  138 3431 11752.0000 7230.11586  38.5%  1569 9134s
 16064  4586 7231.59753  114 3387 11752.0000 7231.59753  38.5%  1569 9138s
 16065  4587 7474.29014  256 3360 11752.0000 7232.10563  38.5%  1569 9140s
 16069  4590 7232.22200   67 3415 11752.0000 7232.22200  38.5%  1568 9171s
 16070  4590 7233.85416   25 3406 11752.0000 7233.85416  38.4%  1568 9175s
 16075  4594 7234.21088   51 3405 11752.0000 7234.21088  38.4%  1568 9209s
 16076  4594 8426.69463  285 3224 11752.0000 7235.90410  38.4%  1568 9214s
 16077  4595 7235.99407   53 3246 11752.0000 7235.99407  38.4%  1568 9215s
 16081  4598 8531.23050  259 3327 11752.0000 7236.07181  38.4%  1567 9246s
 16082  4598 7237.67452   52 3142 11752.0000 7237.67452  38.4%  1567 9250s
 16088  4602 8251.88862  413 3296 11752.0000 7238.00780  38.4%  1567 9282s
 16089  4603 9392.01442  295 3241 11752.0000 7239.47029  38.4%  1566 9287s
 16091  4604 7239.84937  173 3353 11752.0000 7239.84937  38.4%  1566 9290s
 16095  4607 7239.93665  107 3416 11752.0000 7239.93665  38.4%  1566 9320s
 16097  4608 7631.30408  181 3314 11752.0000 7241.05965  38.4%  1566 9325s
 16100  4610 7241.17816   68 3464 11752.0000 7241.17816  38.4%  1565 9355s
 16102  4612 7242.50688   21 3436 11752.0000 7242.50688  38.4%  1565 9361s
 16109  4616 8099.00144  216 3491 11752.0000 7242.57858  38.4%  1564 9392s
 16110  4617 9259.04104  586 3428 11752.0000 7243.76029  38.4%  1564 9396s
 16118  4622 7667.11774  128 3491 11752.0000 7244.04862  38.4%  1564 9428s
 16119  4623 7638.31174  118 3376 11752.0000 7245.71537  38.3%  1564 9433s
 16120  4624 9121.73419  309 3348 11752.0000 7246.35441  38.3%  1563 9436s
 16124  4626 7246.64718  116 3465 11752.0000 7246.64718  38.3%  1563 9469s
 16125  4627 7656.17119  188 3384 11752.0000 7247.45063  38.3%  1563 9472s
 16127  4628 8312.56263  443 3389 11752.0000 7247.89593  38.3%  1563 9475s
 16130  4630 9354.27121  338 3511 11752.0000 7248.00588  38.3%  1562 9507s
 16131  4631 10360.3350  757 3382 11752.0000 7249.15550  38.3%  1562 9512s
 16133  4632 7249.44377   89 3416 11752.0000 7249.44377  38.3%  1562 9515s
 16136  4634 7249.48380   41 3418 11752.0000 7249.48380  38.3%  1562 9545s
 16138  4636 8778.77438  131 3405 11752.0000 7250.23239  38.3%  1562 9550s
 16142  4638 7250.29315  126 3434 11752.0000 7250.29315  38.3%  1561 9581s
 16144  4640 10329.2593  290 3427 11752.0000 7251.31686  38.3%  1561 9586s
 16150  4644 7251.40372   73 3458 11752.0000 7251.40372  38.3%  1561 9618s
 16151  4644 10195.8831  291 3518 11752.0000 7252.43351  38.3%  1560 9622s
 16156  4648 8259.88862  217 3405 11752.0000 7252.69135  38.3%  1560 9654s
 16157  4648 7253.48243  116 3373 11752.0000 7253.48243  38.3%  1560 9657s
 16160  4650 7253.86854   39 3522 11752.0000 7253.86854  38.3%  1560 9660s
 16163  4652 8481.85918  138 3507 11752.0000 7253.89155  38.3%  1559 9688s
 16164  4653 7255.01268  114 3470 11752.0000 7255.01268  38.3%  1559 9692s
 16166  4654 7255.41390   74 3410 11752.0000 7255.41390  38.3%  1559 9695s
 16170  4657 7255.45566   25 3430 11752.0000 7255.45566  38.3%  1559 9727s
 16171  4658 7256.26781    7 3382 11752.0000 7256.26781  38.3%  1558 9730s
 16176  4661 8426.69463  285 3507 11752.0000 7256.59131  38.3%  1558 9763s
 16177  4662 7257.53135   53 3428 11752.0000 7257.53135  38.2%  1558 9930s
 16178  4662 7257.78281   40 3580 11752.0000 7257.78281  38.2%  1558 9956s
 16181  4664 8531.23050  259 3567 11752.0000 7257.81885  38.2%  1558 9987s
 16182  4665 7258.55064   52 3640 11752.0000 7258.55064  38.2%  1557 9992s
 16184  4666 8517.30301  269 3592 11752.0000 7259.11350  38.2%  1557 9995s

Cutting planes:
  Gomory: 15
  Cover: 1041
  Implied bound: 1
  Projected implied bound: 2
  Clique: 216
  MIR: 140
  StrongCG: 195
  Flow cover: 2116
  GUB cover: 250
  Inf proof: 1
  Zero half: 375
  RLT: 874
  Relax-and-lift: 7
  BQP: 19
  PSD: 7

Explored 16189 nodes (25845559 simplex iterations) in 10009.56 seconds (12617.98 work units)
Thread count was 32 (of 64 available processors)

Solution count 10: 11752 11785 11790 ... 11916

Time limit reached
Best objective 1.175200000000e+04, best bound 7.260000000000e+03, gap 38.2233%
Solved c201_Skewed1 -> /project2/ssuen_1733/output/v4_exact_weekly_fairness_w10_l100_mad/c201_Skewed1.pkl / /project2/ssuen_1733/output/v4_exact_weekly_fairness_w10_l100_mad/c201_Skewed1.json / /project2/ssuen_1733/output/v4_exact_weekly_fairness_w10_l100_mad/c201_Skewed1_running_synopsis.json
[Mon Sep 28 12:04:34 PDT 2026] Finished run_single_instance for c201_Skewed1
