Using Python:
Python 3.10.18
Checking core dependencies:
numpy: 2.2.6
gurobi: (12, 0, 3)
[Mon Sep 28 09:17:16 PDT 2026] Starting run_single_instance on b22-16.hpc.usc.edu for rc101_Skewed2
Set parameter TokenServer to value "hpc-licenses.hpcc.usc.edu"
Added workload fairness penalty (mean_absolute_deviation) to objective with weight 10.0
Added weekly leadership day fairness penalty (mean_absolute_deviation) to objective with weight 100.0
Set parameter TimeLimit to value 10000
Set parameter Seed to value 42
Set parameter OutputFlag to value 1
Gurobi Optimizer version 12.0.3 build v12.0.3rc0 (linux64 - "Rocky Linux 8.10 (Green Obsidian)")

CPU model: AMD EPYC 7542 32-Core Processor, instruction set [SSE2|AVX|AVX2]
Thread count: 64 physical cores, 64 logical processors, using up to 32 threads

Non-default parameters:
TimeLimit  10000
Seed  42

Optimize a model with 1005850 rows, 728450 columns and 6967150 nonzeros
Model fingerprint: 0xe906879e
Variable types: 200 continuous, 728250 integer (727750 binary)
Coefficient statistics:
  Matrix range     [2e-02, 1e+03]
  Objective range  [1e+00, 1e+02]
  Bounds range     [1e+00, 5e+01]
  RHS range        [1e+00, 1e+03]
Presolve removed 977050 rows and 700654 columns
Presolve time: 2.24s
Presolved: 28800 rows, 27796 columns, 220050 nonzeros
Variable types: 100 continuous, 27696 integer (27550 binary)
Performing another presolve...
Presolve removed 3150 rows and 200 columns
Presolve time: 0.85s
Deterministic concurrent LP optimizer: primal and dual simplex
Showing primal log only...


Root simplex log...

Iteration    Objective       Primal Inf.    Dual Inf.      Time
       0    2.4240000e+03   2.760000e+02   1.327219e+10      7s
   13684    6.4666173e+06   0.000000e+00   8.433072e+05      7s
   30013    1.0866804e+04   0.000000e+00   4.995606e+05     10s
Concurrent spin time: 0.00s

Solved with dual simplex

Root simplex log...

Iteration    Objective       Primal Inf.    Dual Inf.      Time
   18346    5.7982040e+03   0.000000e+00   0.000000e+00     13s

Root relaxation: objective 5.798204e+03, 18346 iterations, 6.57 seconds (7.87 work units)
Total elapsed time = 12.90s (DegenMoves)

    Nodes    |    Current Node    |     Objective Bounds      |     Work
 Expl Unexpl |  Obj  Depth IntInf | Incumbent    BestBd   Gap | It/Node Time

     0     0 5798.20399    0 1337          - 5798.20399      -     -   14s
     0     0 5867.38358    0 1420          - 5867.38358      -     -   65s
     0     0 5867.38358    0 1529          - 5867.38358      -     -   66s
     0     0 5867.97269    0 1417          - 5867.97269      -     -   67s
     0     0 5868.15992    0 1449          - 5868.15992      -     -   68s
     0     0 5868.29110    0 1454          - 5868.29110      -     -   68s
     0     0 5868.29110    0 1456          - 5868.29110      -     -   68s
     0     0 5907.68564    0 1493          - 5907.68564      -     -   71s
     0     0 5909.63229    0 1574          - 5909.63229      -     -   73s
     0     0 5909.65520    0 1544          - 5909.65520      -     -   73s
     0     0 5909.65520    0 1543          - 5909.65520      -     -   73s
     0     0 6002.60477    0 1764          - 6002.60477      -     -   82s
     0     0 6015.18019    0 1659          - 6015.18019      -     -   84s
     0     0 6020.36713    0 1700          - 6020.36713      -     -   85s
     0     0 6020.37898    0 1710          - 6020.37898      -     -   85s
     0     0 6096.70340    0 1702          - 6096.70340      -     -   94s
     0     0 6098.58398    0 1701          - 6098.58398      -     -   95s
     0     0 6098.58398    0 1685          - 6098.58398      -     -   95s
     0     0 6152.83744    0 1776          - 6152.83744      -     -  101s
     0     0 6155.74624    0 1768          - 6155.74624      -     -  102s
     0     0 6155.97544    0 1776          - 6155.97544      -     -  102s
     0     0 6155.97544    0 1776          - 6155.97544      -     -  102s
     0     0 6190.71702    0 1827          - 6190.71702      -     -  106s
     0     0 6193.31600    0 1784          - 6193.31600      -     -  107s
     0     0 6193.32889    0 1815          - 6193.32889      -     -  107s
     0     0 6236.34766    0 1922          - 6236.34766      -     -  112s
     0     0 6238.38542    0 1842          - 6238.38542      -     -  113s
     0     0 6238.40090    0 1840          - 6238.40090      -     -  113s
     0     0 6294.73108    0 1952          - 6294.73108      -     -  117s
     0     0 6294.97723    0 1953          - 6294.97723      -     -  117s
     0     0 6294.98285    0 1986          - 6294.98285      -     -  117s
     0     0 6323.13649    0 1843          - 6323.13649      -     -  121s
     0     0 6323.65056    0 1822          - 6323.65056      -     -  122s
     0     0 6323.65227    0 1834          - 6323.65227      -     -  122s
     0     0 6343.98311    0 1738          - 6343.98311      -     -  125s
     0     0 6344.29276    0 1749          - 6344.29276      -     -  126s
     0     0 6344.29276    0 1755          - 6344.29276      -     -  126s
     0     0 6359.06998    0 1831          - 6359.06998      -     -  128s
     0     0 6359.75869    0 1910          - 6359.75869      -     -  129s
     0     0 6359.82863    0 1909          - 6359.82863      -     -  129s
     0     0 6375.21284    0 1838          - 6375.21284      -     -  133s
     0     0 6375.68025    0 1875          - 6375.68025      -     -  133s
     0     0 6375.71040    0 1885          - 6375.71040      -     -  134s
     0     0 6387.07689    0 1893          - 6387.07689      -     -  136s
     0     0 6387.08723    0 1885          - 6387.08723      -     -  136s
     0     0 6402.97593    0 1853          - 6402.97593      -     -  138s
     0     0 6403.22670    0 1892          - 6403.22670      -     -  139s
     0     0 6403.23317    0 1883          - 6403.23317      -     -  139s
     0     0 6420.16736    0 1911          - 6420.16736      -     -  143s
     0     0 6420.48663    0 1941          - 6420.48663      -     -  143s
     0     0 6420.53338    0 1921          - 6420.53338      -     -  144s
     0     0 6440.83961    0 1931          - 6440.83961      -     -  147s
     0     0 6441.28181    0 1947          - 6441.28181      -     -  147s
     0     0 6441.29012    0 1944          - 6441.29012      -     -  148s
     0     0 6449.99573    0 1953          - 6449.99573      -     -  150s
     0     0 6450.11175    0 1955          - 6450.11175      -     -  151s
     0     0 6455.99931    0 1949          - 6455.99931      -     -  153s
     0     0 6456.03951    0 1993          - 6456.03951      -     -  153s
     0     0 6461.74058    0 1867          - 6461.74058      -     -  155s
     0     0 6462.33642    0 1875          - 6462.33642      -     -  155s
     0     0 6462.33914    0 1870          - 6462.33914      -     -  155s
     0     0 6466.87111    0 1850          - 6466.87111      -     -  157s
     0     0 6466.88007    0 1873          - 6466.88007      -     -  157s
     0     0 6469.34213    0 1902          - 6469.34213      -     -  158s
     0     0 6469.79479    0 1899          - 6469.79479      -     -  159s
     0     0 6469.79479    0 1902          - 6469.79479      -     -  159s
     0     0 6472.37741    0 1830          - 6472.37741      -     -  161s
     0     0 6472.40546    0 1830          - 6472.40546      -     -  161s
     0     0 6473.97068    0 1891          - 6473.97068      -     -  162s
     0     0 6474.06832    0 1854          - 6474.06832      -     -  162s
     0     0 6474.29110    0 1902          - 6474.29110      -     -  163s
     0     0 6474.81556    0 1866          - 6474.81556      -     -  164s
     0     2 6474.81805    0 1844          - 6474.81805      -     -  182s
     3     8 6476.11264    2 1843          - 6475.44777      -   785  189s
     7    16 6478.43320    3 1837          - 6477.68293      -  1494  193s
    15    32 6478.91422    4 1848          - 6478.91422      -  1540  205s
    31    64 6479.27063    5 1806          - 6479.27063      -  2925  215s
    63    96 6480.38866    6 1846          - 6479.99245      -  2633  221s
    95   129 6512.65624    7 1854          - 6479.99245      -  2133  232s
   128   173 6549.65586    8 1859          - 6479.99245      -  2378  245s
   172   228 6567.52754    9 1806          - 6479.99245      -  2425  256s
   227   278 6568.69677   10 1809          - 6479.99245      -  2237  272s
   277   335 6587.06068   12 1810          - 6479.99245      -  2324  291s
   334   376 6662.58602   14 1763          - 6479.99245      -  2351  311s
   375   429 6611.48426   15 1843          - 6479.99245      -  2658  354s
   428   494 6612.49365   16 1792          - 6479.99245      -  2631  370s
   493   565 6730.62728   17 1924          - 6479.99245      -  2570  388s
   564   635 6627.98585   18 1780          - 6479.99245      -  2465  416s
   634   718 6629.02574   19 1714          - 6479.99245      -  2433  435s
   719   792 6638.69257   24 1801          - 6479.99245      -  2321  460s
   793   835 6672.05860   26 1810          - 6479.99245      -  2369  485s
   836   882 6660.24304   27 1840          - 6479.99245      -  2421  508s
   883   933 6665.84000   28 1886          - 6479.99245      -  2484  534s
   934  1019 6668.53869   30 1849          - 6479.99245      -  2509  558s
  1020  1097 6675.08190   34 1828          - 6479.99245      -  2464  582s
  1098  1171 6703.16494   35 1828          - 6479.99245      -  2453  609s
  1172  1236 6707.13568   39 1863          - 6479.99245      -  2433  640s
  1237  1295 6738.87159   41 1864          - 6479.99245      -  2509  674s
  1296  1375 6752.96998   43 1754          - 6479.99245      -  2568  699s
  1376  1459 6758.84983   50 1806          - 6479.99245      -  2597  731s
  1460  1545 6762.64148   56 1803          - 6479.99245      -  2582  764s
  1546  1626 6793.73151   57 1853          - 6479.99245      -  2591  797s
  1627  1732 6796.54938   60 1804          - 6479.99245      -  2599  830s
  1733  1823 6821.62020   65 1727          - 6479.99245      -  2581  867s
  1830  1932 6834.16885   67 1748          - 6479.99245      -  2584  896s
  1941  2042 6871.63508   70 1700          - 6479.99245      -  2553  931s
  2053  2130 6878.27192   74 1741          - 6479.99245      -  2544  963s
  2141  2228 6901.45480   76 1743          - 6479.99245      -  2564  994s
  2241  2416 6907.35453   80 1743          - 6479.99245      -  2602 1028s
  2429  2529 6930.72923   85 1685          - 6479.99245      -  2509 1063s
  2544  2660 6960.05860   87 1698          - 6479.99245      -  2505 1100s
  2677  2794 6988.08418   91 1613          - 6479.99245      -  2489 1141s
  2811  2939 7031.03456   93 1633          - 6479.99245      -  2487 1179s
  2958  3079 7054.99607   96 1664          - 6479.99245      -  2472 1221s
  3098  3237 7087.54751   99 1594          - 6479.99245      -  2469 1264s
  3256  3375 7161.88642  103 1544          - 6479.99245      -  2461 1309s
  3394  3591 7183.68548  105 1522          - 6479.99245      -  2467 1352s
  3612  3781 7226.50303  122 1608          - 6479.99245      -  2423 1402s
  3810  4033 7242.33310  128 1528          - 6479.99245      -  2398 1449s
  4080  4234 7345.67208  137 1633          - 6479.99245      -  2337 1498s
  4297  4432 7374.78770  142 1606          - 6479.99245      -  2321 1549s
  4507  4655 7449.70869  151 1471          - 6479.99245      -  2311 1602s
  4730  4916 7504.81249  156 1484          - 6479.99245      -  2301 1659s
  4991  5194 7526.71833  162 1366          - 6479.99245      -  2277 1716s
  5269  5442 7616.48174  169 1389          - 6479.99245      -  2255 1776s
  5531  5705 7690.69085  178 1397          - 6479.99245      -  2247 1837s
  5834  6015 6579.54878    8 1816          - 6479.99245      -  2228 1900s
  6196  6418 6714.81367   15 1818          - 6479.99245      -  2193 1965s
  6631  7006 6783.60501   18 1733          - 6479.99245      -  2142 2028s
  7270  7733 6847.77842   21 1721          - 6479.99245      -  2042 2094s
  8001  8547 6878.58326   22 1708          - 6486.91866      -  1942 2163s
  8817  9344 6987.02677   27 1715          - 6486.91866      -  1844 2226s
  9634 10331 7063.16059   27 1727          - 6486.91866      -  1764 2287s
 10649 11434 7137.14996   31 1692          - 6486.91866      -  1666 2351s
 11882 12482 7229.95517   35 1675          - 6486.91866      -  1558 2415s
 13039 13267 7249.94923   37 1634          - 6486.91866      -  1485 2483s
 14112 14044 7319.47004   39 1519          - 6486.91866      -  1437 2550s
 15156 14045 8722.66932  161 13798          - 6486.91866      -  1395 2593s
 15158 14046 8053.56689  165 1394          - 6486.91866      -  1395 2662s
 15159 14047 7810.23678  123 1495          - 6486.91866      -  1395 2670s
 15160 14048 8312.25110  131 1414          - 6486.91866      -  1395 2679s
 15161 14048 6950.15087   54 1594          - 6486.91866      -  1395 2689s
 15162 14049 7685.29948   93 1730          - 6486.91866      -  1395 2698s
 15163 14050 6606.89583   13 1727          - 6594.30003      -  1395 2708s
 15164 14050 8121.65095  183 1724          - 6619.82282      -  1395 2712s
 15166 14052 7240.63856   70 1698          - 6622.88659      -  1394 2715s
 15170 14054 6671.19758   21 1648          - 6649.80666      -  1394 2764s
 15171 14055 7197.88346  107 1833          - 6719.00414      -  1394 2778s
 15172 14056 8069.75436  154 1774          - 6786.00558      -  1394 2786s
 15173 14056 8266.25032  160 1900          - 6810.39457      -  1394 2792s
 15174 14057 8621.88727  201 1840          - 6818.24256      -  1394 2795s
 15178 14060 7519.49284   96 1801          - 6901.45652      -  1393 2843s
 15179 14060 7910.55948  199 1954          - 6939.10672      -  1393 2854s
 15180 14061 9781.62225  225 1960          - 6984.35474      -  1393 2863s
 15181 14062 7634.45166   88 1889          - 6993.45699      -  1393 2867s
 15184 14064 8406.86417  173 1862          - 6995.37867      -  1393 2870s
 15185 14064 7065.40225   36 1862          - 7065.40225      -  1393 2910s
 15186 14065 7877.72338  135 1998          - 7071.03409      -  1393 2921s
 15187 14066 7210.32085  106 2147          - 7103.40475      -  1393 2929s
 15188 14066 8283.83097  171 2013          - 7112.28044      -  1392 2933s
 15190 14068 8416.27207  195 2045          - 7114.96207      -  1392 2936s
 15195 14071 7155.27401   48 2078          - 7155.27401      -  1392 2983s
 15196 14072 7176.00613   20 2110          - 7176.00613      -  1392 2995s
 15197 14072 8283.96361  205 2219          - 7199.85291      -  1392 3001s
 15198 14073 8403.61749  165 2195          - 7202.96917      -  1392 3005s
 15204 14077 8364.64164  163 2178          - 7228.52227      -  1391 3058s
 15205 14078 8640.46977  213 2136          - 7236.50165      -  1391 3066s
 15206 14078 7515.29229   85 2146          - 7249.50677      -  1391 3071s
 15208 14080 7779.20195  117 2095          - 7254.96632      -  1391 3075s
 15211 14082 7274.22920   49 2106          - 7274.22920      -  1390 3122s
 15212 14082 8279.35661  154 2212          - 7282.99136      -  1390 3135s
 15213 14083 8708.39480  192 2114          - 7291.80098      -  1390 3140s
 15214 14084 7752.03054  109 2192          - 7295.70836      -  1390 3145s
 15219 14087 7470.20682   77 2024          - 7308.00202      -  1390 3193s
 15220 14088 9164.72495  200 2347          - 7319.22971      -  1390 3205s
 15221 14088 7327.24907   63 2352          - 7327.24907      -  1389 3212s
 15222 14089 7788.39734  142 2387          - 7330.15025      -  1389 3215s
 15227 14092 7339.39980   19 2435          - 7339.39980      -  1389 3268s
 15228 14093 8220.05703  150 2324          - 7350.08058      -  1389 3279s
 15229 14094 8795.24726  181 2439          - 7355.94743      -  1389 3285s
 15233 14096 7357.93888   70 2364          - 7357.93888      -  1388 3290s
 15234 14097 7360.84715   41 2373          - 7360.84715      -  1388 3339s
 15235 14098 7372.63327   47 2434          - 7372.63327      -  1388 3349s
 15236 14098 7959.89170  140 2436          - 7379.58954      -  1388 3355s
 15238 14100 7443.83750  149 2467          - 7382.49618      -  1388 3361s
 15242 14102 7382.81221   49 2521          - 7382.81221      -  1387 3404s
 15243 14103 8030.63412  127 2601          - 7396.07338      -  1387 3414s
 15244 14104 7398.52758  102 2664          - 7398.52758      -  1387 3419s
 15245 14104 7399.30767   27 2523          - 7399.30767      -  1387 3421s
 15250 14108 8763.05506  204 2679          - 7400.22726      -  1387 3464s
 15251 14108 7406.00215   26 2692          - 7406.00215      -  1387 3471s
 15253 14110 7516.40354  144 2878          - 7407.05033      -  1386 3476s
 15258 14113 8053.56689  165 2831          - 7407.16113      -  1386 3524s
 15259 14114 7810.23678  123 2717          - 7410.28178      -  1386 3530s
 15265 14118 8038.14176  143 2749          - 7410.87927      -  1385 3581s
 15266 14118 7412.84416   70 2647          - 7412.84416      -  1385 3586s
 15270 14121 7413.23609   21 2655          - 7413.23609      -  1385 3635s
 15271 14122 7416.03808  107 2688          - 7416.03808      -  1385 3641s
 15273 14123 8266.25032  160 2702          - 7417.13268      -  1385 3645s
 15279 14127 7910.55948  199 2665          - 7417.38784      -  1384 3690s
 15280 14128 9781.62225  225 2651          - 7422.83578      -  1384 3696s
 15283 14130 7422.83578   57 2692          - 7422.83578      -  1384 3747s
 15284 14130 8406.86417  173 2631          - 7423.78730      -  1384 3752s
 15286 14132 7877.72338  135 2732          - 7424.18660      -  1384 3755s
 15289 14134 8144.76696  207 2656          - 7424.20400      -  1383 3801s
 15290 14134 8416.27207  195 2564          - 7426.69365      -  1383 3807s
 15291 14135 7427.37836   45 2688          - 7427.37836      -  1383 3810s
 15295 14138 7427.55918   48 2709          - 7427.55918      -  1383 3854s
 15296 14138 7429.65304   20 2653          - 7429.65304      -  1383 3859s
 15297 14139 8283.96361  205 2764          - 7429.83530      -  1383 3861s
 15301 14142 8046.85429  124 2783          - 7429.96497      -  1382 3905s
 15302 14142 7872.69203  123 2903          - 7433.70317      -  1382 3912s
 15304 14144 8364.64164  163 2871          - 7434.03576      -  1382 3915s
 15307 14146 7695.65584   85 2875          - 7434.05595      -  1382 3956s
 15308 14146 7779.20195  117 2791          - 7435.55565      -  1382 3961s
 15312 14149 8279.35661  154 2845          - 7435.69528      -  1381 4008s
 15313 14150 8708.39480  192 2826          - 7437.92198      -  1381 4013s
 15314 14150 7752.03054  109 2794          - 7438.34582      -  1381 4015s
 15319 14154 7470.20682   77 2841          - 7438.43736      -  1381 4060s
 15320 14154 9164.72495  200 2778          - 7441.79583      -  1380 4065s
 15325 14158 8147.87644  210 2901          - 7441.79583      -  1380 4113s
 15326 14158 7777.26019  118 2880          - 7443.59424      -  1380 4119s
 15327 14159 7444.64584   19 2806          - 7444.64584      -  1380 4121s
 15330 14161 7445.09101   59 2829          - 7445.09101      -  1380 4125s
 15333 14163 7445.10882   70 2898          - 7445.10882      -  1379 4169s
 15334 14164 7447.27699   41 2781          - 7447.27699      -  1379 4174s
 15335 14164 7447.39404   47 2833          - 7447.39404      -  1379 4175s
 15338 14166 7447.41682  149 2928          - 7447.41682      -  1379 4222s
 15339 14167 7449.33944   10 2735          - 7449.33944      -  1379 4227s
 15343 14170 8030.63412  127 2809          - 7449.64073      -  1378 4230s
 15344 14170 7449.64073  102 2809          - 7449.64073      -  1378 4273s
 15345 14171 7450.86548   27 2769          - 7450.86548      -  1378 4278s
 15348 14173 8068.94009  160 2806          - 7450.92714      -  1378 4280s
 15350 14174 8763.05506  204 2796          - 7450.92969      -  1378 4324s
 15351 14175 7452.59439   26 2857          - 7452.59439      -  1378 4329s
 15352 14176 8937.49879  200 2839          - 7452.89044      -  1378 4331s
 15358 14180 8053.56689  165 2884          - 7452.94963      -  1377 4377s
 15359 14180 7810.23678  123 2827          - 7456.38270      -  1377 4384s
 15360 14181 8312.25110  131 2789          - 7456.38270      -  1377 4386s
 15364 14184 8121.65095  183 2890          - 7456.38270      -  1376 4431s
 15365 14184 8038.14176  143 2813          - 7457.14655      -  1376 4436s
 15367 14186 7457.99801   38 2885          - 7457.99801      -  1376 4440s
 15371 14188 7458.12130  107 2876          - 7458.12130      -  1376 4486s
 15372 14189 8069.75436  154 2797          - 7459.86056      -  1376 4490s
 15376 14192 7811.23518   93 2885          - 7460.09803      -  1375 4537s
 15377 14192 7520.64349   72 2761          - 7461.38309      -  1375 4540s
 15382 14196 7461.82195  101 2828          - 7461.82195      -  1375 4587s
 15383 14196 7463.62783   57 2753          - 7463.62783      -  1375 4592s
 15387 14199 7463.66046  106 2873          - 7463.66046      -  1374 4637s
 15388 14200 8283.83097  171 2804          - 7465.05415      -  1374 4641s
 15391 14202 7465.68382   45 2894          - 7465.68382      -  1374 4689s
 15392 14202 8929.95335  196 2911          - 7466.95096      -  1374 4693s
 15394 14204 7467.50848   58 2846          - 7467.50848      -  1374 4695s
 15397 14206 8283.96361  205 2882          - 7467.52298      -  1374 4739s
 15398 14206 8403.61749  165 2843          - 7468.45502      -  1373 4742s
 15404 14210 8364.64164  163 2854          - 7468.71779      -  1373 4788s
 15405 14211 8640.46977  213 2833          - 7469.74865      -  1373 4791s
 15409 14214 7693.22801  131 2724          - 7470.04724      -  1372 4836s
 15410 14214 7517.00712  150 2789          - 7471.83762      -  1372 4841s
 15415 14218 8120.32741  186 2862          - 7472.11554      -  1372 4888s
 15416 14218 7473.24268   84 2815          - 7473.24268      -  1372 4891s
 15421 14222 7473.43710   63 2862          - 7473.43710      -  1371 4937s
 15422 14222 7788.39734  142 2702          - 7475.76778      -  1371 4943s
 15425 14224 8147.87644  210 2760          - 7475.76778      -  1371 4945s
 15427 14226 7475.76778   19 2872          - 7475.76778      -  1371 4990s
 15431 14228 8852.17123  219 2738          - 7475.76778      -  1371 4995s
 15432 14229 7902.02079  206 2755          - 7475.76778      -  1370 5039s
 15433 14230 7476.61863   70 2781          - 7476.61863      -  1370 5043s
 15435 14231 7476.88420   47 2735          - 7476.88420      -  1370 5045s
 15440 14234 8103.33821  197 2778          - 7476.95539      -  1370 5092s
 15441 14235 8877.41059  185 2775          - 7477.90913      -  1370 5096s
 15446 14238 7707.88290  167 2776          - 7478.10482      -  1369 5144s
 15447 14239 8625.86830  212 2784          - 7481.11083      -  1369 5150s
 15453 14243 7516.40354  144 2825          - 7481.56410      -  1369 5202s
 15454 14244 7482.64504   40 2807          - 7482.64504      -  1368 5206s
 15459 14247 7810.23678  123 2767          - 7482.78756      -  1368 5260s
 15461 14248 7483.43328   54 2879          - 7483.43328      -  1368 5265s
H15465 13533                    69707.000000 7483.48552  89.3%  1367 5317s
H15465 12851                    57699.000000 7483.48552  87.0%  1367 5317s
H15465 12203                    53591.000000 7483.48552  86.0%  1367 5317s
H15465 11588                    52747.000000 7483.48552  85.8%  1367 5317s
H15465 11003                    52475.000000 7483.48552  85.7%  1367 5317s
H15465 10448                    42295.000000 7483.48552  82.3%  1367 5317s
H15465  9920                    41835.000000 7483.48552  82.1%  1367 5317s
H15465  9419                    41773.000000 7483.48552  82.1%  1367 5317s
H15465  8943                    41665.000000 7483.48552  82.0%  1367 5317s
H15465  8491                    41493.000000 7483.48552  82.0%  1367 5317s
H15465  8061                    41115.000000 7483.48552  81.8%  1367 5317s
H15465  7653                    41061.000000 7483.48552  81.8%  1367 5317s
H15465  7265                    40981.000000 7483.48552  81.7%  1367 5317s
H15465  6897                    40647.000000 7483.48552  81.6%  1367 5317s
H15465  6547                    40597.000000 7483.48552  81.6%  1367 5317s
H15465  6214                    40543.000000 7483.48552  81.5%  1367 5317s
H15465  5898                    40283.000000 7483.48552  81.4%  1367 5317s
H15465  5598                    39971.000000 7483.48552  81.3%  1367 5317s
H15465  5313                    39897.000000 7483.48552  81.2%  1367 5317s
H15465  5042                    39854.000000 7483.48552  81.2%  1367 5317s
H15465  4785                    39280.000000 7483.48552  80.9%  1367 5317s
H15465  4541                    38742.000000 7483.48552  80.7%  1367 5317s
H15465  4308                    36214.000000 7483.48552  79.3%  1367 5317s
H15465  4088                    35609.000000 7483.48552  79.0%  1367 5317s
H15465  3878                    35455.000000 7483.48552  78.9%  1367 5317s
H15465  3679                    35140.000000 7483.48552  78.7%  1367 5317s
H15465  3490                    34636.000000 7483.48552  78.4%  1367 5317s
H15465  3310                    30128.000000 7483.48552  75.2%  1367 5317s
H15465  3140                    30110.000000 7483.48552  75.1%  1367 5317s
H15465  2977                    30074.000000 7483.48552  75.1%  1367 5317s
H15465  2823                    30037.000000 7483.48552  75.1%  1367 5317s
H15465  2677                    30018.000000 7483.48552  75.1%  1367 5317s
H15465  2538                    29610.000000 7483.48552  74.7%  1367 5317s
H15465  2406                    29528.000000 7483.48552  74.7%  1367 5317s
H15465  2280                    28082.000000 7483.48552  73.4%  1367 5317s
H15466  2162                    28060.000000 7485.72720  73.3%  1367 5323s
H15466  2049                    28024.000000 7485.72720  73.3%  1367 5323s
H15466  1941                    27896.000000 7485.72720  73.2%  1367 5323s
H15466  1839                    27888.000000 7485.72720  73.2%  1367 5323s
H15466  1742                    27833.000000 7485.72720  73.1%  1367 5323s
H15466  1650                    27804.000000 7485.72720  73.1%  1367 5323s
H15466  1562                    27562.000000 7485.72720  72.8%  1367 5324s
H15466  1479                    26847.000000 7485.72720  72.1%  1367 5324s
H15466  1400                    26839.000000 7485.72720  72.1%  1367 5324s
H15466  1324                    26003.000000 7485.72720  71.2%  1367 5324s
H15466  1253                    25986.000000 7485.72720  71.2%  1367 5324s
 15467  1253 7485.72720   38 2728 25986.0000 7485.72720  71.2%  1367 5325s
 15472  1257 8069.75436  154 2803 25986.0000 7485.92974  71.2%  1367 5360s
H15472  1189                    25825.000000 7488.87841  71.0%  1367 5367s
H15472  1124                    25812.000000 7488.87841  71.0%  1367 5368s
H15472  1063                    25811.000000 7488.87841  71.0%  1367 5374s
H15472  1004                    25736.000000 7488.87841  70.9%  1367 5374s
H15472   949                    25600.000000 7488.87841  70.7%  1367 5374s
H15472   896                    25584.000000 7488.87841  70.7%  1367 5376s
H15472   846                    25572.000000 7488.87841  70.7%  1367 5376s
H15472   798                    25183.000000 7488.87841  70.3%  1367 5377s
H15472   753                    25168.000000 7488.87841  70.2%  1367 5379s
H15472   710                    25167.000000 7488.87841  70.2%  1367 5379s
H15472   670                    25160.000000 7488.87841  70.2%  1367 5379s
H15472   631                    25145.000000 7488.87841  70.2%  1367 5379s
H15472   594                    25110.000000 7488.87841  70.2%  1367 5381s
 15477   597 7520.64349   72 3099 25110.0000 7489.36358  70.2%  1366 5385s
 15478   598 7519.49284   96 3101 25110.0000 7489.36358  70.2%  1366 5410s
H15478   563                    24985.000000 7490.62258  70.0%  1366 5415s
H15478   529                    24539.000000 7490.62258  69.5%  1366 5418s
H15478   497                    24503.000000 7490.62258  69.4%  1366 5419s
H15478   467                    24446.000000 7490.62258  69.4%  1366 5419s
H15478   438                    23782.000000 7490.62258  68.5%  1366 5419s
H15478   411                    23290.000000 7490.62258  67.8%  1366 5420s
H15478   385                    23288.000000 7490.62258  67.8%  1366 5420s
 15483   388 7491.18397   57 3159 23288.0000 7491.18397  67.8%  1366 5425s
 15488   391 8283.83097  171 3196 23288.0000 7491.24155  67.8%  1365 5457s
H15488   366                    23242.000000 7492.97189  67.8%  1365 5462s
H15488   342                    23230.000000 7492.97189  67.7%  1365 5462s
H15488   319                    23221.000000 7492.97189  67.7%  1365 5462s
H15488   298                    23179.000000 7492.97189  67.7%  1365 5462s
 15490   300 8416.27207  195 2986 23179.0000 7493.44682  67.7%  1365 5466s
 15493   302 7493.59787   31 3071 23179.0000 7493.59787  67.7%  1365 5510s
H15493   281                    23055.000000 7495.00226  67.5%  1365 5515s
 15499   285 7495.14664   68 3047 23055.0000 7495.14664  67.5%  1364 5556s
H15499   265                    22998.000000 7498.98645  67.4%  1364 5562s
H15499   246                    22944.000000 7498.98645  67.3%  1364 5562s
 15501   247 8046.85429  124 3028 22944.0000 7499.59583  67.3%  1364 5566s
 15506   250 7515.29229   85 3065 22944.0000 7499.79197  67.3%  1364 5601s
H15506   232                    22943.000000 7501.52382  67.3%  1364 5606s
 15508   234 7779.20195  117 3058 22943.0000 7501.89547  67.3%  1364 5610s
 15514   238 7752.03054  109 3251 22943.0000 7502.13261  67.3%  1363 5644s
H15514   220                    22862.000000 7503.43287  67.2%  1363 5651s
H15514   203                    22339.000000 7503.43287  66.4%  1363 5658s
H15514   187                    21725.000000 7503.43287  65.5%  1363 5664s
H15514   172                    21605.000000 7503.43287  65.3%  1363 5668s
H15514   157                    21599.000000 7503.43287  65.3%  1363 5677s
H15514   143                    21594.000000 7503.43287  65.3%  1363 5677s
H15514   130                    21520.000000 7503.43287  65.1%  1363 5681s
H15514   118                    21487.000000 7503.43287  65.1%  1363 5685s
H15514   106                    21466.000000 7503.43287  65.0%  1363 5694s
H15514    94                    21415.000000 7503.43287  65.0%  1363 5694s
H15514    84                    21380.000000 7503.43287  64.9%  1363 5694s
H15514    74                    21022.000000 7503.43287  64.3%  1363 5704s
H15514    64                    21004.000000 7503.43287  64.3%  1363 5705s
 15516    65 7503.83524   84 3059 21004.0000 7503.83524  64.3%  1363 5718s
 15519    67 7503.90333   77 3196 21004.0000 7503.90333  64.3%  1363 5720s
 15521    68 7503.90511   63 3191 21004.0000 7503.90511  64.3%  1363 5750s
H15521    58                    20983.000000 7504.48498  64.2%  1363 5753s
H15521    49                    20972.000000 7504.48498  64.2%  1363 5753s
 15523    51 8002.35585  195 3146 20972.0000 7504.70847  64.2%  1362 5756s
 15527    53 7504.78967   19 3211 20972.0000 7504.78967  64.2%  1362 5793s
H15527    44                    20965.000000 7506.11617  64.2%  1362 5798s
H15527    36                    20964.000000 7506.11617  64.2%  1362 5798s
H15527    28                    20947.000000 7506.11617  64.2%  1362 5798s
H15527    20                    20946.000000 7506.11617  64.2%  1362 5798s
H15527    13                    20944.000000 7506.11617  64.2%  1362 5798s
H15527     6                    20935.000000 7506.11617  64.1%  1362 5798s
 15529     8 8795.24726  181 2928 20935.0000 7506.22541  64.1%  1362 5801s
 15531     9 8852.17123  219 2949 20935.0000 7506.25136  64.1%  1362 5830s
 15532    10 7902.02079  206 3052 20935.0000 7507.94185  64.1%  1362 5835s
 15537    13 8824.56544  207 3108 20935.0000 7508.22791  64.1%  1361 5867s
H15537     6                    20897.000000 7509.43711  64.1%  1361 5873s
H15537     0                    20895.000000 7509.43711  64.1%  1361 5873s
H15537     0                    20875.000000 7509.43711  64.0%  1361 5873s
H15537     0                    20784.000000 7509.43711  63.9%  1361 5874s
 15539     0 7509.43711   10 2929 20784.0000 7509.43711  63.9%  1361 5876s
 15543     0 8030.63412  127 3051 20784.0000 7509.43711  63.9%  1361 5907s
 15544     0 7510.13869  102 3059 20784.0000 7510.13869  63.9%  1361 5910s
 15548     0 8068.94009  160 3127 20784.0000 7510.39553  63.9%  1360 5946s
H15548     0                    20770.000000 7511.16545  63.8%  1360 5962s
H15548     0                    20755.000000 7511.16545  63.8%  1360 5972s
H15548     0                    20721.000000 7511.16545  63.8%  1360 5975s
H15548     0                    20712.000000 7511.16545  63.7%  1360 5975s
 15550     0 8763.05506  204 2965 20712.0000 7511.29993  63.7%  1360 5983s
 15553     0 7516.40354  144 3124 20712.0000 7511.34639  63.7%  1360 5985s
 15554     0 7511.34655   40 3171 20712.0000 7511.34655  63.7%  1360 6019s
H15554     0                    20627.000000 7512.43277  63.6%  1360 6024s
H15554     0                    19611.000000 7512.43277  61.7%  1360 6024s
 15556     0 8722.66932  161 3223 19611.0000 7512.69359  61.7%  1359 6026s
 15559     0 7810.23678  123 3217 19611.0000 7512.74046  61.7%  1359 6059s
H15559     0                    19604.000000 7513.24474  61.7%  1359 6062s
H15559     0                    19493.000000 7513.24474  61.5%  1359 6062s
H15559     0                    19449.000000 7513.24474  61.4%  1359 6062s
H15559     0                    19424.000000 7513.24474  61.3%  1359 6063s
H15559     0                    19389.000000 7513.24474  61.2%  1359 6063s
 15561     0 7513.41673   54 3109 19389.0000 7513.41673  61.2%  1359 6065s
 15564     0 8121.65095  183 3186 19389.0000 7513.48849  61.2%  1359 6097s
H15564     0                    19373.000000 7514.22047  61.2%  1359 6101s
H15564     0                    19351.000000 7514.22047  61.2%  1359 6101s
 15571     0 7514.50026  107 3213 19351.0000 7514.50026  61.2%  1358 6136s
H15571     0                    19332.000000 7515.19366  61.1%  1358 6140s
H15571     0                    19303.000000 7515.19366  61.1%  1358 6140s
H15571     0                    19244.000000 7515.19366  60.9%  1358 6140s
H15571     0                    19219.000000 7515.19366  60.9%  1358 6141s
 15574     0 8621.88727  201 3080 19219.0000 7515.36509  60.9%  1358 6145s
 15576     0 7811.23518   93 3085 19219.0000 7515.37512  60.9%  1358 6179s
 15577     0 7520.64349   72 3035 19219.0000 7516.53806  60.9%  1358 6183s
 15578     0 7519.49284   96 3058 19219.0000 7516.71407  60.9%  1358 6185s
 15585     0 7516.82588   36 3121 19219.0000 7516.82588  60.9%  1357 6220s
H15585     0                    19199.000000 7517.89670  60.8%  1357 6239s
H15585     0                    19167.000000 7517.89670  60.8%  1357 6239s
H15585     0                    19147.000000 7517.89670  60.7%  1357 6244s
H15585     0                    19117.000000 7517.89670  60.7%  1357 6251s
H15585     0                    19090.000000 7517.89670  60.6%  1357 6261s
 15587     0 7518.13339  106 3218 19090.0000 7518.13339  60.6%  1357 6270s
 15590     0 8416.27207  195 3206 19090.0000 7518.16020  60.6%  1357 6304s
 15591     0 7519.69384   45 3022 19090.0000 7519.69384  60.6%  1356 6308s
 15592     0 8929.95335  196 3088 19090.0000 7520.21360  60.6%  1356 6311s
 15596     0 7520.33942   20 3069 19090.0000 7520.33942  60.6%  1356 6347s
H15596     0                    19063.000000 7521.27992  60.5%  1356 6350s
H15596     0                    19020.000000 7521.27992  60.5%  1356 6351s
H15596     0                    18996.000000 7521.27992  60.4%  1356 6353s
H15596     0                    18971.000000 7521.27992  60.4%  1356 6353s
H15596     0                    18941.000000 7521.27992  60.3%  1356 6353s
 15599     0 7521.48663   68 3204 18941.0000 7521.48663  60.3%  1356 6355s
 15602     0 7872.69203  123 3292 18941.0000 7521.51549  60.3%  1355 6387s
H15602     0                    18638.000000 7523.17669  59.6%  1355 6392s
H15602     0                    18636.000000 7523.17669  59.6%  1355 6392s
H15602     0                    18443.000000 7523.17669  59.2%  1355 6392s
H15602     0                    18435.000000 7523.17669  59.2%  1355 6392s
 15606     0 7523.42384   85 3251 18435.0000 7523.42384  59.2%  1355 6395s
 15608     0 7779.20195  117 3294 18435.0000 7523.42694  59.2%  1355 6427s
H15608     0                    18430.000000 7524.68744  59.2%  1355 6431s
H15608     0                    18402.000000 7524.68744  59.1%  1355 6432s
H15608     0                    18401.000000 7524.68744  59.1%  1355 6434s
H15608     0                    18385.000000 7524.68744  59.1%  1355 6434s
H15608     0                    18381.000000 7524.68744  59.1%  1355 6434s
H15608     0                    18378.000000 7524.68744  59.1%  1355 6434s
 15609     0 7693.22801  131 3101 18378.0000 7524.68744  59.1%  1355 6435s
 15614     0 7752.03054  109 3167 18378.0000 7525.05350  59.1%  1354 6476s
H15614     0                    18372.000000 7526.08685  59.0%  1354 6479s
H15614     0                    18364.000000 7526.08685  59.0%  1354 6479s
H15614     0                    18348.000000 7526.08685  59.0%  1354 6479s
 15616     0 7526.22163   84 3148 18348.0000 7526.22163  59.0%  1354 6482s
 15620     0 9164.72495  200 3149 18348.0000 7526.24629  59.0%  1354 6530s
H15620     0                    18342.000000 7527.47877  59.0%  1354 6545s
 15621     0 7527.47877   63 3042 18342.0000 7527.47877  59.0%  1354 6581s
 15623     0 8002.35585  195 3001 18342.0000 7528.03981  59.0%  1354 6585s
 15627     0 7528.08544   19 2949 18342.0000 7528.08544  59.0%  1353 6631s
 15628     0 8220.05703  150 3100 18342.0000 7529.72361  58.9%  1353 6636s
 15630     0 7529.89798   59 3197 18342.0000 7529.89798  58.9%  1353 6640s
 15633     0 7529.92230   70 3131 18342.0000 7529.92230  58.9%  1353 6683s
H15633     0                    18285.000000 7530.55704  58.8%  1353 6686s
H15633     0                    18201.000000 7530.55704  58.6%  1353 6686s
H15633     0                    18180.000000 7530.55704  58.6%  1353 6687s
H15633     0                    18177.000000 7530.55704  58.6%  1353 6690s
H15633     0                    18171.000000 7530.55704  58.6%  1353 6690s
H15633     0                    18169.000000 7530.55704  58.6%  1353 6690s
H15633     0                    18160.000000 7530.55704  58.5%  1353 6690s
H15633     0                    18148.000000 7530.55704  58.5%  1353 6691s
 15635     0 7530.67827   47 3268 18148.0000 7530.67827  58.5%  1353 6695s
 15640     0 8103.33821  197 3298 18148.0000 7530.75714  58.5%  1352 6734s
H15640     0                    18145.000000 7532.37882  58.5%  1352 6739s
 15642     0 7532.99003   49 3115 18145.0000 7532.99003  58.5%  1352 6742s
 15647     0 8625.86830  212 3146 18145.0000 7533.13408  58.5%  1352 6777s
H15647     0                    18133.000000 7534.44886  58.4%  1352 6780s
H15647     0                    18127.000000 7534.44886  58.4%  1352 6781s
H15647     0                    18117.000000 7534.44886  58.4%  1352 6781s
H15647     0                    18111.000000 7534.44886  58.4%  1352 6783s
H15647     0                    18102.000000 7534.44886  58.4%  1352 6783s
H15647     0                    18087.000000 7534.44886  58.3%  1352 6783s
 15649     0 8952.91875  180 3214 18087.0000 7534.94270  58.3%  1351 6786s
 15653     0 7535.01145  144 3173 18087.0000 7535.01145  58.3%  1351 6820s
H15653     0                    18079.000000 7537.28971  58.3%  1351 6826s
 15656     0 8722.66932  161 3123 18079.0000 7538.01012  58.3%  1351 6831s
 15660     0 8312.25110  131 3039 18079.0000 7538.03607  58.3%  1350 6878s
H15660     0                    18056.000000 7540.29306  58.2%  1350 6886s
H15660     0                    18048.000000 7540.29306  58.2%  1350 6902s
H15660     0                    17551.000000 7540.29306  57.0%  1350 6911s
H15660     0                    17521.000000 7540.29306  57.0%  1350 6911s
 15661     0 7540.29306   54 3175 17521.0000 7540.29306  57.0%  1350 6945s
 15662     0 7685.29948   93 3194 17521.0000 7540.92461  57.0%  1350 6959s
 15663     0 7541.05392   13 3188 17521.0000 7541.05392  57.0%  1350 6961s
 15667     0 7541.09388   38 3183 17521.0000 7541.09388  57.0%  1350 6995s
 15669     0 7993.29144  132 3154 17521.0000 7542.99344  56.9%  1350 7001s
 15672     0 8069.75436  154 3180 17521.0000 7543.07124  56.9%  1349 7040s
 15676     0 7811.23518   93 3125 17521.0000 7543.64234  56.9%  1349 7085s
 15679     0 7910.55948  199 3224 17521.0000 7544.32525  56.9%  1349 7090s
 15682     0 7545.60794  101 3211 17521.0000 7545.60794  56.9%  1349 7096s
 15686     0 7877.72338  135 3262 17521.0000 7545.88383  56.9%  1348 7101s
 15688     0 8283.83097  171 3284 17521.0000 7546.80752  56.9%  1348 7106s
 15692     0 8929.95335  196 3410 17521.0000 7546.86479  56.9%  1348 7110s
 15694     0 7547.65171   58 3404 17521.0000 7547.65171  56.9%  1348 7115s
 15699     0 7549.20327   68 3326 17521.0000 7549.20327  56.9%  1347 7124s
 15700     0 7549.43090   77 3339 17521.0000 7549.43090  56.9%  1347 7126s
 15706     0 7549.53695   85 3388 17521.0000 7549.53695  56.9%  1347 7130s
 15712     0 8279.35661  154 3478 17521.0000 7550.08488  56.9%  1346 7136s
 15714     0 7752.03054  109 3331 17521.0000 7551.14963  56.9%  1346 7142s
 15718     0 7551.20802   46 3407 17521.0000 7551.20802  56.9%  1345 7145s
 15720     0 9164.72495  200 3312 17521.0000 7553.19717  56.9%  1345 7150s
 15726     0 7777.26019  118 3307 17521.0000 7554.60465  56.9%  1345 7157s
 15730     0 7555.16721   59 3452 17521.0000 7555.16721  56.9%  1344 7160s
 15734     0 7556.59905   41 3173 17521.0000 7556.59905  56.9%  1344 7167s
 15739     0 7556.87717   10 3427 17521.0000 7556.87717  56.9%  1344 7172s
 15740     0 8103.33821  197 3358 17521.0000 7557.59633  56.9%  1344 7175s
 15743     0 8030.63412  127 3404 17521.0000 7557.75559  56.9%  1343 7181s
 15744     0 7558.61900  102 3451 17521.0000 7558.61900  56.9%  1343 7185s
 15748     0 8068.94009  160 3456 17521.0000 7558.97398  56.9%  1343 7190s
 15750     0 8763.05506  204 3434 17521.0000 7559.39090  56.9%  1343 7195s
 15756     0 8722.66932  161 3510 17521.0000 7560.02339  56.9%  1342 7201s
 15761     0 7560.20786   54 3446 17521.0000 7560.20786  56.9%  1342 7205s
 15764     0 8121.65095  183 3417 17521.0000 7561.02627  56.8%  1342 7212s
 15765     0 8038.14176  143 3488 17521.0000 7561.41317  56.8%  1341 7215s
 15771     0 7561.59739  107 3502 17521.0000 7561.59739  56.8%  1341 7220s
 15775     0 7562.19581   97 3426 17521.0000 7562.19581  56.8%  1341 7226s
 15776     0 7811.23518   93 3345 17521.0000 7562.94241  56.8%  1341 7230s
 15782     0 7563.17559  101 3512 17521.0000 7563.17559  56.8%  1340 7236s
 15784     0 8406.86417  173 3419 17521.0000 7563.98280  56.8%  1340 7240s
 15789     0 8144.76696  207 3427 17521.0000 7564.62585  56.8%  1339 7247s
 15790     0 8416.27207  195 3381 17521.0000 7564.66895  56.8%  1339 7250s
 15796     2 7565.03805   20 13798 17521.0000 7565.03805  56.8%  1369 7256s
 15798     3 8403.61749  165 1362 17521.0000 7565.03805  56.8%  1369 7313s
H15798     2                    17519.000000 7565.03805  56.8%  1369 7320s
H15798     2                    17504.000000 7565.03805  56.8%  1369 7320s
 15800     4 7565.03805   77 1448 17504.0000 7565.03805  56.8%  1369 7335s
 15801     4 8046.85429  124 1669 17504.0000 7565.05917  56.8%  1369 7354s
 15802     5 7872.69203  123 1952 17504.0000 7565.12240  56.8%  1369 7370s
H15802     5                    17039.000000 7565.12240  55.6%  1369 7387s
H15803     5                    16979.000000 7565.12240  55.4%  1369 7405s
 15805     6 8640.46977  213 2285 16979.0000 7565.12240  55.4%  1368 7418s
 15806     7 7565.12240   85 2622 16979.0000 7565.12240  55.4%  1368 7430s
 15807     7 7695.65584   85 2705 16979.0000 7565.12240  55.4%  1368 7440s
H15807     7                    16912.000000 7565.12240  55.3%  1368 7449s
 15809     9 7693.22801  131 3118 16912.0000 7565.12240  55.3%  1368 7456s
 15810     9 7565.12240  150 3125 16912.0000 7565.12240  55.3%  1368 7460s
 15812    11 8279.35661  154 3290 16912.0000 7565.37856  55.3%  1368 7465s
H15816    12                    16208.000000 7565.59533  53.3%  1368 7485s
H15816    11                    16094.000000 7565.59533  53.0%  1368 7485s
H15816    10                    16040.000000 7565.59533  52.8%  1368 7485s
H15817    10                    15981.000000 7568.41292  52.6%  1367 7490s
H15822    12                    15980.000000 7568.77316  52.6%  1367 7520s
H15822    11                    15970.000000 7568.77316  52.6%  1367 7520s
H15822    10                    15895.000000 7568.77316  52.4%  1367 7520s
H15823    10                    15890.000000 7570.41054  52.4%  1367 7525s
 15826    12 7777.26019  118 3317 15890.0000 7570.83692  52.4%  1367 7530s
H15828    12                    15855.000000 7570.91247  52.2%  1366 7563s
H15829    11                    15850.000000 7571.84338  52.2%  1366 7567s
H15829    10                    15848.000000 7571.84338  52.2%  1366 7567s
 15832    12 7902.02079  206 3232 15848.0000 7572.00972  52.2%  1366 7570s
H15834    12                    15821.000000 7572.01651  52.1%  1366 7603s
H15834    11                    15787.000000 7572.01651  52.0%  1366 7603s
 15836    13 7959.89170  140 3310 15787.0000 7573.14288  52.0%  1366 7607s
 15840    15 8103.33821  197 3276 15787.0000 7573.22880  52.0%  1365 7642s
H15840    13                    15773.000000 7574.33229  52.0%  1365 7646s
H15840    12                    15772.000000 7574.33229  52.0%  1365 7646s
H15840    10                    15751.000000 7574.33229  51.9%  1365 7647s
H15840     9                    15745.000000 7574.33229  51.9%  1365 7647s
 15845    13 7574.74922   27 3341 15745.0000 7574.74922  51.9%  1365 7684s
 15846    13 7707.88290  167 3234 15745.0000 7576.58799  51.9%  1365 7689s
 15847    14 8625.86830  212 3108 15745.0000 7577.02686  51.9%  1365 7690s
 15851    17 7577.12554   26 3172 15745.0000 7577.12554  51.9%  1365 7729s
H15851    15                    15718.000000 7578.49062  51.8%  1365 7733s
 15853    16 7578.71064  144 3156 15718.0000 7578.71064  51.8%  1364 7736s
 15856    18 8722.66932  161 3164 15718.0000 7578.79929  51.8%  1364 7770s
 15858    19 8053.56689  165 3249 15718.0000 7580.19290  51.8%  1364 7775s
 15862    22 7685.29948   93 3281 15718.0000 7580.23437  51.8%  1364 7813s
H15862    20                    15679.000000 7582.34701  51.6%  1364 7818s
H15862    18                    15668.000000 7582.34701  51.6%  1364 7818s
 15864    19 8121.65095  183 3188 15668.0000 7582.46659  51.6%  1363 7820s
 15868    22 9030.11842  199 3142 15668.0000 7582.52533  51.6%  1363 7860s
 15869    23 7993.29144  132 3054 15668.0000 7584.80069  51.6%  1363 7865s
 15873    25 8266.25032  160 3117 15668.0000 7585.28434  51.6%  1363 7870s
H15873    22                    15354.000000 7585.28434  50.6%  1363 7902s
H15874    21                    15324.000000 7586.64766  50.5%  1363 7907s
H15874    18                    15323.000000 7586.64766  50.5%  1363 7907s
H15874    16                    15297.000000 7586.64766  50.4%  1363 7907s
 15877    18 7586.89189   72 3086 15297.0000 7586.89189  50.4%  1362 7910s
 15880    20 9781.62225  225 3065 15297.0000 7586.91447  50.4%  1362 7944s
 15881    21 7634.45166   88 3133 15297.0000 7588.05847  50.4%  1362 7948s
 15883    22 7588.34691   57 3131 15297.0000 7588.34691  50.4%  1362 7950s
 15886    24 7877.72338  135 3144 15297.0000 7588.36178  50.4%  1361 7984s
H15886    21                    15285.000000 7588.80381  50.4%  1361 7987s
 15891    24 7589.06229   45 3139 15285.0000 7589.06229  50.3%  1361 8021s
 15893    26 7589.86252   31 3361 15285.0000 7589.86252  50.3%  1361 8026s
 15896    28 7589.87753   20 3380 15285.0000 7589.87753  50.3%  1361 8065s
 15898    29 8403.61749  165 3194 15285.0000 7591.30856  50.3%  1360 8071s
 15901    31 8046.85429  124 3291 15285.0000 7591.39156  50.3%  1360 8109s
 15902    32 7872.69203  123 3260 15285.0000 7591.64522  50.3%  1360 8111s
 15905    34 8640.46977  213 3279 15285.0000 7591.73702  50.3%  1360 8146s
H15905    31                    15273.000000 7591.98114  50.3%  1360 8163s
H15905    28                    15263.000000 7591.98114  50.3%  1360 8163s
H15905    24                    15176.000000 7591.98114  50.0%  1360 8172s
H15905    21                    15153.000000 7591.98114  49.9%  1360 8186s
 15906    21 7591.98114   85 3188 15153.0000 7591.98114  49.9%  1360 8199s
 15907    22 7695.65584   85 3187 15153.0000 7591.98114  49.9%  1360 8200s
 15909    23 7693.22801  131 3180 15153.0000 7591.98114  49.9%  1360 8236s
 15914    27 7752.03054  109 3276 15153.0000 7592.09742  49.9%  1359 8240s
 15915    27 8120.32741  186 3273 15153.0000 7592.09844  49.9%  1359 8270s
 15917    29 9027.57999  233 3280 15153.0000 7592.98263  49.9%  1359 8275s
 15923    33 8002.35585  195 3301 15153.0000 7593.19458  49.9%  1358 8309s
 15924    33 8288.41593  172 3213 15153.0000 7593.60669  49.9%  1358 8313s
 15927    35 7593.63833   19 3262 15153.0000 7593.63833  49.9%  1358 8346s
 15929    37 8795.24726  181 3193 15153.0000 7594.30778  49.9%  1358 8350s
 15933    39 7594.34721   70 3312 15153.0000 7594.34721  49.9%  1357 8381s
 15934    40 7595.92228   41 3066 15153.0000 7595.92228  49.9%  1357 8386s
 15938    43 7596.54591  149 3163 15153.0000 7596.54591  49.9%  1357 8422s
 15939    43 7597.83932   10 3278 15153.0000 7597.83932  49.9%  1357 8426s
 15944    47 7598.09150  102 3323 15153.0000 7598.09150  49.9%  1357 8458s
 15945    47 7598.86683   27 3077 15153.0000 7598.86683  49.9%  1356 8462s
 15947    49 8625.86830  212 3214 15153.0000 7599.03002  49.9%  1356 8465s
 15949    50 8952.91875  180 3227 15153.0000 7599.03994  49.9%  1356 8498s
 15950    51 8763.05506  204 3132 15153.0000 7600.20440  49.8%  1356 8501s
 15955    54 7963.40510  170 3255 15153.0000 7600.42388  49.8%  1356 8539s
 15956    55 8722.66932  161 3202 15153.0000 7601.73802  49.8%  1356 8543s
 15957    55 7602.10873   89 3243 15153.0000 7602.10873  49.8%  1355 8545s
 15961    58 7602.20900   54 3368 15153.0000 7602.20900  49.8%  1355 8576s
H15961    53                    15125.000000 7603.89377  49.7%  1355 8581s
H15961    47                    15121.000000 7603.89377  49.7%  1355 8581s
H15961    42                    15116.000000 7603.89377  49.7%  1355 8581s
H15961    37                    15099.000000 7603.89377  49.6%  1355 8583s
H15961    33                    15096.000000 7603.89377  49.6%  1355 8584s
 15962    34 7685.29948   93 3225 15096.0000 7603.89377  49.6%  1355 8585s
 15968    38 9030.11842  199 3251 15096.0000 7604.25364  49.6%  1355 8591s
H15968    33                    15093.000000 7604.79156  49.6%  1355 8593s
 15974    37 8621.88727  201 3317 15093.0000 7604.87120  49.6%  1354 8597s
H15974    32                    15075.000000 7605.27676  49.6%  1354 8599s
H15974    27                    15070.000000 7605.27676  49.5%  1354 8624s
H15974    23                    15066.000000 7605.27676  49.5%  1354 8624s
H15974    19                    15056.000000 7605.27676  49.5%  1354 8624s
H15974    15                    15049.000000 7605.27676  49.5%  1354 8644s
H15974    11                    15030.000000 7605.27676  49.4%  1354 8651s
 15980    15 9781.62225  225 3421 15030.0000 7605.32983  49.4%  1353 8656s
 15982    16 7606.29584  101 3346 15030.0000 7606.29584  49.4%  1353 8662s
 15986    19 7877.72338  135 3308 15030.0000 7606.36436  49.4%  1353 8666s
 15988    20 8283.83097  171 3484 15030.0000 7607.06700  49.4%  1353 8670s
H15991    18                    15024.000000 7607.78097  49.4%  1353 8677s
H15991    14                    15018.000000 7607.78097  49.3%  1353 8677s
 15994    16 7608.07650   58 3562 15018.0000 7608.07650  49.3%  1352 8680s
 15998    19 8403.61749  165 3420 15018.0000 7608.48869  49.3%  1352 8685s
 16003    22 7754.78014   92 3284 15018.0000 7609.54075  49.3%  1352 8691s
 16005    23 8640.46977  213 3215 15018.0000 7609.95208  49.3%  1351 8695s
 16009    26 7693.22801  131 3398 15018.0000 7610.01342  49.3%  1351 8700s
 16011    27 7610.52576   49 3282 15018.0000 7610.52576  49.3%  1351 8705s
 16015    30 8120.32741  186 3320 15018.0000 7611.15296  49.3%  1351 8712s
 16018    32 7611.28789   46 3393 15018.0000 7611.28789  49.3%  1350 8715s
 16021    34 7611.81038   63 3396 15018.0000 7611.81038  49.3%  1350 8720s
 16028    39 8220.05703  150 3536 15018.0000 7612.20026  49.3%  1349 8727s
 16030    40 7612.75954   59 3522 15018.0000 7612.75954  49.3%  1349 8730s
 16034    43 7612.87098   41 3565 15018.0000 7612.87098  49.3%  1349 8735s
 16036    44 7959.89170  140 3487 15018.0000 7613.82455  49.3%  1349 8740s
 16040    47 8103.33821  197 3417 15018.0000 7614.38617  49.3%  1348 8746s
 16044    49 7614.68448  102 3525 15018.0000 7614.68448  49.3%  1348 8751s
 16046    51 7707.88290  167 3464 15018.0000 7616.53192  49.3%  1348 8756s
 16048    52 8068.94009  160 3518 15018.0000 7616.58664  49.3%  1348 8760s
 16050    53 8763.05506  204 3510 15018.0000 7617.17550  49.3%  1348 8765s
 16054    56 7617.49147   40 3516 15018.0000 7617.49147  49.3%  1347 8770s
 16060    60 8312.25110  131 3580 15018.0000 7618.06788  49.3%  1347 8777s
 16062    61 7685.29948   93 3613 15018.0000 7618.16129  49.3%  1347 8780s
 16067    65 7618.74433   38 3656 15018.0000 7618.74433  49.3%  1346 8785s
 16070    67 7619.14611   21 3519 15018.0000 7619.14611  49.3%  1346 8790s
 16074    69 8621.88727  201 3549 15018.0000 7619.28172  49.3%  1346 8796s
 16078    72 7619.71248   96 3574 15018.0000 7619.71248  49.3%  1345 8800s
 16080    73 9781.62225  225 3603 15018.0000 7620.08545  49.3%  1345 8805s
 16086    77 7877.72338  135 3722 15018.0000 7620.20133  49.3%  1345 8811s
 16089    79 8144.76696  207 3658 15018.0000 7620.68974  49.3%  1344 8815s
 16093    82 7620.93589   31 3564 15018.0000 7620.93589  49.3%  1344 8820s
 16097    85 8283.96361  205 3658 15018.0000 7621.21437  49.3%  1344 8826s
 16101    87 8046.85429  124 3764 15018.0000 7621.30923  49.3%  1343 8830s
 16103    89 7754.78014   92 3641 15018.0000 7621.72221  49.2%  1343 8836s
 16106    91 7622.17026   85 3506 15018.0000 7622.17026  49.2%  1343 8841s
 16111    94 7622.93714   49 3582 15018.0000 7622.93714  49.2%  1342 8846s
 16116    97 7622.99870   84 3628 15018.0000 7622.99870  49.2%  1342 8852s
 16118    99 7623.71288   46 3487 15018.0000 7623.71288  49.2%  1342 8856s
 16121   101 7623.87650   63 3507 15018.0000 7623.87650  49.2%  1342 8861s
 16124   103 8288.41593  172 3570 15018.0000 7623.99842  49.2%  1341 8865s
 16130   107 7624.25971   59 3521 15018.0000 7624.25971  49.2%  1341 8871s
 16136   111 7959.89170  140 3454 15018.0000 7624.47611  49.2%  1340 8876s
 16141   114 8877.41059  185 3640 15018.0000 7624.63669  49.2%  1340 8880s
 16145   117 7624.90907   27 3506 15018.0000 7624.90907  49.2%  1340 8885s
 16150   120 8763.05506  204 3466 15018.0000 7625.19583  49.2%  1339 8890s
 16153   122 7625.86845  144 3386 15018.0000 7625.86845  49.2%  1339 8898s
 16154   123 7625.89453   40 3461 15018.0000 7625.89453  49.2%  1339 8900s
 16158   125 8053.56689  165 3419 15018.0000 7626.27916  49.2%  1339 8905s
 16163   129 7626.58143   13 3469 15018.0000 7626.58143  49.2%  1338 8912s
 16166   131 7626.68342   70 3538 15018.0000 7626.68342  49.2%  1338 8915s
 16173   135 8266.25032  160 3523 15018.0000 7626.84182  49.2%  1337 8920s
 16176   137 7811.23518   93 3350 15018.0000 7627.12619  49.2%  1337 8926s
 16179   139 7910.55948  199 3336 15018.0000 7627.14522  49.2%  1337 8930s
 16183   142 7627.47601   57 3373 15018.0000 7627.47601  49.2%  1337 8936s
 16187   145 7627.61617  106 3443 15018.0000 7627.61617  49.2%  1336 8941s
 16191   147 7627.81741   45 3432 15018.0000 7627.81741  49.2%  1336 8946s
 16193   149 7628.05223   31 3547 15018.0000 7628.05223  49.2%  1336 8951s
 16197   151 8283.96361  205 3492 15018.0000 7628.14319  49.2%  1335 8955s
 16203   155 7754.78014   92 3582 15018.0000 7628.35105  49.2%  1335 8961s
 16208   159 7779.20195  117 3475 15018.0000 7628.49216  49.2%  1334 8966s
 16213   162 8708.39480  192 3665 15018.0000 7628.56782  49.2%  1334 8970s
 16216   164 7628.90336   84 3597 15018.0000 7628.90336  49.2%  1334 8975s
 16221   167 7629.11495   63 3571 15018.0000 7629.11495  49.2%  1333 8980s
 16226   171 7777.26019  118 3650 15018.0000 7629.32700  49.2%  1333 8986s
 16229   173 8795.24726  181 3702 15018.0000 7629.37012  49.2%  1333 8990s
 16234   176 7629.54658   41 3775 15018.0000 7629.54658  49.2%  1332 8995s
 16238   179 7629.73411  149 3700 15018.0000 7629.73411  49.2%  1332 9000s
 16244   183 7629.84720  102 3698 15018.0000 7629.84720  49.2%  1331 9005s
 16248   185 8068.94009  160 3613 15018.0000 7629.87645  49.2%  1331 9010s
 16250   187 8763.05506  204 3624 15018.0000 7630.03073  49.2%  1331 9016s
 16253   189 7630.05308  144 3626 15018.0000 7630.05308  49.2%  1331 9020s
 16258   192 8053.56689  165 3705 15018.0000 7630.23069  49.2%  1330 9028s
 16259   193 7810.23678  123 3513 15018.0000 7630.97298  49.2%  1330 9032s
 16261   194 7631.15527   54 3597 15018.0000 7631.15527  49.2%  1330 9035s
 16264   196 8121.65095  183 3582 15018.0000 7631.77279  49.2%  1330 9043s
 16265   197 8038.14176  143 3582 15018.0000 7631.82882  49.2%  1330 9045s
 16269   199 7993.29144  132 3516 15018.0000 7632.35600  49.2%  1329 9050s
 16273   202 8266.25032  160 3687 15018.0000 7632.51979  49.2%  1329 9056s
 16276   204 7811.23518   93 3575 15018.0000 7632.99869  49.2%  1329 9060s
 16282   208 7633.06341  101 3487 15018.0000 7633.06341  49.2%  1328 9065s
 16287   211 7633.18421  106 3432 15018.0000 7633.18421  49.2%  1328 9072s
 16290   213 8416.27207  195 3448 15018.0000 7633.29009  49.2%  1328 9075s
 16294   216 7633.67272   58 3482 15018.0000 7633.67272  49.2%  1327 9081s
 16299   219 7633.84911   68 3586 15018.0000 7633.84911  49.2%  1327 9086s
 16303   222 7754.78014   92 3497 15018.0000 7633.89958  49.2%  1327 9092s
 16304   223 8364.64164  163 3454 15018.0000 7634.79356  49.2%  1327 9096s
 16307   225 7695.65584   85 3431 15018.0000 7634.84408  49.2%  1326 9100s
 16309   226 7693.22801  131 3477 15018.0000 7635.61003  49.2%  1326 9106s
 16312   228 8279.35661  154 3522 15018.0000 7635.67535  49.2%  1326 9111s
 16313   229 8708.39480  192 3397 15018.0000 7637.08380  49.1%  1326 9115s
 16319   233 7637.38311   77 3606 15018.0000 7637.38311  49.1%  1325 9122s
H16319   212                    15013.000000 7637.47399  49.1%  1325 9123s
 16321   213 7637.70816   63 3623 15013.0000 7637.70816  49.1%  1325 9126s
 16324   215 8288.41593  172 3647 15013.0000 7637.72347  49.1%  1325 9131s
 16329   218 8795.24726  181 3666 15013.0000 7637.87164  49.1%  1325 9136s
 16331   220 8852.17123  219 3726 15013.0000 7638.25870  49.1%  1324 9140s
 16335   222 7638.54228   47 3743 15013.0000 7638.54228  49.1%  1324 9145s
 16339   226 7638.54228   10 1362 15013.0000 7638.54228  49.1%  1342 9200s
 16340   227 8103.33821  197 1416 15013.0000 7638.54228  49.1%  1342 9208s
 16341   228 8877.41059  185 1443 15013.0000 7638.54228  49.1%  1342 9219s
 16342   228 7638.54228   49 1703 15013.0000 7638.54228  49.1%  1342 9232s
H16342   216                    14960.000000 7638.54228  48.9%  1342 9245s
H16342   205                    14948.000000 7638.54228  48.9%  1342 9245s
 16344   207 7638.66757  102 2137 14948.0000 7638.66757  48.9%  1342 9263s
H16344   197                    14871.000000 7638.66757  48.6%  1342 9279s
H16344   187                    14857.000000 7638.66757  48.6%  1342 9279s
H16344   177                    14807.000000 7638.66757  48.4%  1342 9279s
H16345   168                    14806.000000 7638.71102  48.4%  1342 9296s
H16345   160                    14799.000000 7638.71102  48.4%  1342 9296s
H16346   152                    14794.000000 7638.71102  48.4%  1341 9311s
 16348   153 8068.94009  160 2837 14794.0000 7638.71102  48.4%  1341 9325s
 16349   154 8952.91875  180 3071 14794.0000 7638.71102  48.4%  1341 9334s
 16350   155 8763.05506  204 3124 14794.0000 7638.71102  48.4%  1341 9340s
 16351   155 7638.71102   26 3481 14794.0000 7638.71102  48.4%  1341 9345s
H16351   147                    14780.000000 7638.71102  48.3%  1341 9348s
 16353   149 7638.71102  144 3491 14780.0000 7638.71102  48.3%  1341 9350s
 16359   153 7810.23678  123 3596 14780.0000 7638.84734  48.3%  1340 9373s
 16360   153 8312.25110  131 3530 14780.0000 7640.19042  48.3%  1340 9377s
 16363   155 7640.25300   13 3378 14780.0000 7640.25300  48.3%  1340 9410s
 16365   157 8038.14176  143 3554 14780.0000 7641.24409  48.3%  1340 9415s
 16367   158 7641.25333   38 3537 14780.0000 7641.25333  48.3%  1340 9455s
H16371   153                    14778.000000 7642.29010  48.3%  1339 9493s
H16371   144                    14727.000000 7642.29010  48.1%  1339 9493s
 16372   144 8069.75436  154 3372 14727.0000 7642.29010  48.1%  1339 9498s
 16373   145 8266.25032  160 3424 14727.0000 7642.90751  48.1%  1339 9502s
 16375   146 7643.10851   97 3432 14727.0000 7643.10851  48.1%  1339 9505s
 16378   148 7643.13471   96 3393 14727.0000 7643.13471  48.1%  1339 9538s
 16379   149 7910.55948  199 3372 14727.0000 7643.55834  48.1%  1339 9569s
 16380   150 9781.62225  225 3412 14727.0000 7643.56755  48.1%  1339 9571s
 16382   151 7643.56965  101 3401 14727.0000 7643.56965  48.1%  1339 9603s
 16383   152 7643.85142   57 3458 14727.0000 7643.85142  48.1%  1338 9605s
 16386   154 7877.72338  135 3434 14727.0000 7643.85970  48.1%  1338 9635s
 16391   157 7644.67324   45 3464 14727.0000 7644.67324  48.1%  1338 9672s
 16393   158 7645.08683   31 3354 14727.0000 7645.08683  48.1%  1338 9675s
 16395   160 7645.09855   48 3381 14727.0000 7645.09855  48.1%  1337 9708s
 16396   160 7645.35937   20 3411 14727.0000 7645.35937  48.1%  1337 9711s
 16399   162 7645.40236   68 3349 14727.0000 7645.40236  48.1%  1337 9745s
 16400   163 7645.82746   77 3351 14727.0000 7645.82746  48.1%  1337 9750s
 16404   166 8364.64164  163 3367 14727.0000 7645.85723  48.1%  1337 9755s
H16404   157                    14724.000000 7645.91858  48.1%  1337 9758s
 16408   159 7779.20195  117 3373 14724.0000 7645.91858  48.1%  1336 9763s
 16409   160 7693.22801  131 3358 14724.0000 7645.98950  48.1%  1336 9765s
 16413   163 8708.39480  192 3324 14724.0000 7646.00995  48.1%  1336 9771s
H16413   154                    14701.000000 7646.25893  48.0%  1336 9775s
H16413   145                    14661.000000 7646.25893  47.8%  1336 9775s
H16413   136                    14660.000000 7646.25893  47.8%  1336 9775s
H16413   128                    14628.000000 7646.25893  47.7%  1336 9776s
H16413   120                    14606.000000 7646.25893  47.6%  1336 9778s
H16413   113                    14580.000000 7646.25893  47.6%  1336 9778s
 16414   113 7752.03054  109 3297 14580.0000 7646.25893  47.6%  1336 9780s
 16418   116 7646.28185   46 3361 14580.0000 7646.28185  47.6%  1336 9785s
H16418   109                    14498.000000 7646.78302  47.3%  1336 9788s
 16422   112 7788.39734  142 3339 14498.0000 7646.85555  47.3%  1335 9795s
H16422   105                    14493.000000 7647.78121  47.2%  1335 9798s
H16422    98                    14483.000000 7647.78121  47.2%  1335 9801s
 16427   101 7648.05433   19 3107 14483.0000 7648.05433  47.2%  1335 9805s
 16429   102 8795.24726  181 3203 14483.0000 7648.61706  47.2%  1335 9811s
 16432   104 7902.02079  206 3291 14483.0000 7648.67623  47.2%  1334 9815s
H16432    97                    14459.000000 7649.42002  47.1%  1334 9818s
 16433    98 7649.42002   70 3318 14459.0000 7649.42002  47.1%  1334 9822s
 16436   100 7959.89170  140 3309 14459.0000 7649.57579  47.1%  1334 9825s
 16438   101 7650.42084  149 3310 14459.0000 7650.42084  47.1%  1334 9831s
 16442   104 7650.73605   49 3345 14459.0000 7650.73605  47.1%  1334 9836s
H16442    97                    14426.000000 7651.79439  47.0%  1334 9839s
H16442    91                    14415.000000 7651.79439  46.9%  1334 9840s
 16448    95 8068.94009  160 3448 14415.0000 7651.96035  46.9%  1333 9846s
 16449    96 8952.91875  180 3386 14415.0000 7652.99297  46.9%  1333 9850s
 16457   101 7653.32299   89 3464 14415.0000 7653.32299  46.9%  1332 9857s
H16457    94                    14369.000000 7653.88585  46.7%  1332 9859s
H16457    87                    14361.000000 7653.88585  46.7%  1332 9860s
 16460    89 8312.25110  131 3422 14361.0000 7654.12841  46.7%  1332 9865s
 16465    92 8038.14176  143 3343 14361.0000 7654.67132  46.7%  1332 9870s
 16469    95 7993.29144  132 3365 14361.0000 7654.67132  46.7%  1331 9875s
H16469    88                    14342.000000 7654.93953  46.6%  1331 9876s
H16469    81                    14336.000000 7654.93953  46.6%  1331 9877s
H16469    75                    14332.000000 7654.93953  46.6%  1331 9885s
H16469    69                    14274.000000 7654.93953  46.4%  1331 9885s
 16475    73 7654.97712   97 3435 14274.0000 7654.97712  46.4%  1331 9890s
 16478    75 7655.40179   96 3333 14274.0000 7655.40179  46.4%  1331 9895s
 16480    76 9781.62225  225 3452 14274.0000 7655.73360  46.4%  1331 9900s
 16485    80 7655.80763   36 3524 14274.0000 7655.80763  46.4%  1330 9905s
 16491    84 7656.19220   45 3421 14274.0000 7656.19220  46.4%  1330 9912s
 16495    86 7656.42726   48 3376 14274.0000 7656.42726  46.4%  1329 9916s
 16500    90 7656.55127   77 3312 14274.0000 7656.55127  46.4%  1329 9920s
 16505    93 8640.46977  213 3243 14274.0000 7656.93400  46.4%  1329 9926s
 16509    96 7693.22801  131 3333 14274.0000 7656.96246  46.4%  1328 9931s
 16512    98 8279.35661  154 3291 14274.0000 7657.17589  46.4%  1328 9935s
 16516   100 7657.46310   84 3485 14274.0000 7657.46310  46.4%  1328 9940s
 16518   102 7658.02589   46 3355 14274.0000 7658.02589  46.3%  1327 9945s
 16524   106 8288.41593  172 3481 14274.0000 7659.18934  46.3%  1327 9952s
 16525   106 8147.87644  210 3477 14274.0000 7659.29787  46.3%  1327 9955s
 16528   108 8220.05703  150 3364 14274.0000 7659.89859  46.3%  1327 9960s
 16532   111 7902.02079  206 3398 14274.0000 7660.97182  46.3%  1326 9967s
 16534   112 7661.20635   41 3325 14274.0000 7661.20635  46.3%  1326 9970s
 16538   115 7662.13843  149 3308 14274.0000 7662.13843  46.3%  1326 9976s
 16541   117 8877.41059  185 3427 14274.0000 7662.26968  46.3%  1326 9980s
 16548   122 8068.94009  160 3533 14274.0000 7662.82672  46.3%  1325 9986s
 16553   125 7663.14128  144 3537 14274.0000 7663.14128  46.3%  1325 9990s
 16556   127 8722.66932  161 3475 14274.0000 7663.72545  46.3%  1324 9997s

Cutting planes:
  Gomory: 29
  Cover: 797
  Implied bound: 6
  Clique: 234
  MIR: 90
  StrongCG: 174
  Flow cover: 1858
  GUB cover: 92
  Zero half: 288
  Mod-K: 3
  RLT: 719
  Relax-and-lift: 8

Explored 16558 nodes (22250882 simplex iterations) in 10000.20 seconds (10659.96 work units)
Thread count was 32 (of 64 available processors)

Solution count 10: 14274 14332 14336 ... 14483

Time limit reached
Best objective 1.427400000000e+04, best bound 7.664000000000e+03, gap 46.3080%
Solved rc101_Skewed2 -> /project2/ssuen_1733/output/v4_exact_weekly_fairness_w10_l100_mad/rc101_Skewed2.pkl / /project2/ssuen_1733/output/v4_exact_weekly_fairness_w10_l100_mad/rc101_Skewed2.json / /project2/ssuen_1733/output/v4_exact_weekly_fairness_w10_l100_mad/rc101_Skewed2_running_synopsis.json
[Mon Sep 28 12:04:38 PDT 2026] Finished run_single_instance for rc101_Skewed2
