Using Python:
Python 3.10.18
Checking core dependencies:
numpy: 2.2.6
gurobi: (12, 0, 3)
[Mon Sep 28 09:17:16 PDT 2026] Starting run_single_instance on a04-17.hpc.usc.edu for r101_Skewed1
Set parameter TokenServer to value "hpc-licenses.hpcc.usc.edu"
Added workload fairness penalty (mean_absolute_deviation) to objective with weight 10.0
Added weekly leadership day fairness penalty (mean_absolute_deviation) to objective with weight 100.0
Set parameter TimeLimit to value 10000
Set parameter Seed to value 42
Set parameter OutputFlag to value 1
Gurobi Optimizer version 12.0.3 build v12.0.3rc0 (linux64 - "Rocky Linux 8.10 (Green Obsidian)")

CPU model: AMD EPYC 7513 32-Core Processor, instruction set [SSE2|AVX|AVX2]
Thread count: 64 physical cores, 64 logical processors, using up to 32 threads

Non-default parameters:
TimeLimit  10000
Seed  42

Optimize a model with 992850 rows, 728450 columns and 6954150 nonzeros
Model fingerprint: 0x92614159
Variable types: 200 continuous, 728250 integer (727750 binary)
Coefficient statistics:
  Matrix range     [2e-02, 1e+03]
  Objective range  [1e+00, 1e+02]
  Bounds range     [1e+00, 5e+01]
  RHS range        [1e+00, 1e+03]
Presolve removed 964250 rows and 700855 columns
Presolve time: 1.22s
Presolved: 28600 rows, 27595 columns, 218050 nonzeros
Variable types: 100 continuous, 27495 integer (27350 binary)
Performing another presolve...
Presolve removed 2800 rows and 301 columns
Presolve time: 0.43s
Deterministic concurrent LP optimizer: primal and dual simplex
Showing primal log only...


Root simplex log...

Iteration    Objective       Primal Inf.    Dual Inf.      Time
   21579    7.8911329e+03   0.000000e+00   4.397332e+05      5s
Concurrent spin time: 0.00s

Solved with dual simplex

Root simplex log...

Iteration    Objective       Primal Inf.    Dual Inf.      Time
   18118    4.2139013e+03   0.000000e+00   0.000000e+00      9s

Root relaxation: objective 4.213901e+03, 18118 iterations, 5.15 seconds (7.28 work units)
Total elapsed time = 8.64s (DegenMoves)

    Nodes    |    Current Node    |     Objective Bounds      |     Work
 Expl Unexpl |  Obj  Depth IntInf | Incumbent    BestBd   Gap | It/Node Time

     0     0 4213.90134    0 1315          - 4213.90134      -     -    9s
     0     0 4275.90240    0 1338          - 4275.90240      -     -   50s
     0     0 4275.90240    0 1343          - 4275.90240      -     -   53s
     0     0 4275.90240    0 1449          - 4275.90240      -     -   54s
     0     0 4278.49172    0 1505          - 4278.49172      -     -   56s
     0     0 4278.61369    0 1466          - 4278.61369      -     -   56s
     0     0 4278.61369    0 1438          - 4278.61369      -     -   56s
     0     0 4314.15419    0 1425          - 4314.15419      -     -   61s
     0     0 4316.53908    0 1481          - 4316.53908      -     -   62s
     0     0 4316.62300    0 1424          - 4316.62300      -     -   62s
     0     0 4316.67608    0 1405          - 4316.67608      -     -   62s
     0     0 4316.67608    0 1414          - 4316.67608      -     -   62s
     0     0 4381.81046    0 1710          - 4381.81046      -     -   69s
     0     0 4397.04704    0 1622          - 4397.04704      -     -   72s
     0     0 4397.17699    0 1607          - 4397.17699      -     -   73s
     0     0 4397.36461    0 1597          - 4397.36461      -     -   73s
     0     0 4397.36461    0 1597          - 4397.36461      -     -   73s
     0     0 4420.00918    0 1781          - 4420.00918      -     -   77s
     0     0 4421.78236    0 1718          - 4421.78236      -     -   78s
     0     0 4421.79135    0 1734          - 4421.79135      -     -   78s
     0     0 4456.24780    0 1730          - 4456.24780      -     -   85s
     0     0 4456.71746    0 1764          - 4456.71746      -     -   86s
     0     0 4456.85972    0 1673          - 4456.85972      -     -   86s
     0     0 4456.85972    0 1681          - 4456.85972      -     -   86s
     0     0 4483.61921    0 1814          - 4483.61921      -     -   92s
     0     0 4484.48220    0 1871          - 4484.48220      -     -   93s
     0     0 4484.51655    0 1857          - 4484.51655      -     -   93s
     0     0 4511.89831    0 1874          - 4511.89831      -     -   98s
     0     0 4512.77818    0 1919          - 4512.77818      -     -   99s
     0     0 4512.91233    0 1938          - 4512.91233      -     -   99s
     0     0 4512.92768    0 1961          - 4512.92768      -     -   99s
     0     0 4536.16561    0 1852          - 4536.16561      -     -  104s
     0     0 4537.60011    0 1870          - 4537.60011      -     -  105s
     0     0 4537.91539    0 1931          - 4537.91539      -     -  105s
     0     0 4537.91539    0 1932          - 4537.91539      -     -  105s
     0     0 4555.39035    0 1963          - 4555.39035      -     -  111s
     0     0 4556.36670    0 2019          - 4556.36670      -     -  112s
     0     0 4556.40071    0 1992          - 4556.40071      -     -  112s
     0     0 4563.12279    0 2055          - 4563.12279      -     -  115s
     0     0 4563.37457    0 2075          - 4563.37457      -     -  116s
     0     0 4563.42021    0 2089          - 4563.42021      -     -  116s
     0     0 4569.32679    0 2018          - 4569.32679      -     -  119s
     0     0 4569.61676    0 2022          - 4569.61676      -     -  120s
     0     0 4569.66578    0 2023          - 4569.66578      -     -  120s
     0     0 4575.15715    0 1973          - 4575.15715      -     -  123s
     0     0 4576.14243    0 2082          - 4576.14243      -     -  124s
     0     0 4576.18190    0 2059          - 4576.18190      -     -  124s
     0     0 4583.19666    0 2038          - 4583.19666      -     -  127s
     0     0 4583.75041    0 1998          - 4583.75041      -     -  128s
     0     0 4583.78271    0 2065          - 4583.78271      -     -  128s
     0     0 4588.51728    0 1931          - 4588.51728      -     -  131s
     0     0 4588.65974    0 1944          - 4588.65974      -     -  132s
     0     0 4588.66123    0 1954          - 4588.66123      -     -  132s
     0     0 4593.87380    0 2018          - 4593.87380      -     -  134s
     0     0 4594.12898    0 1985          - 4594.12898      -     -  135s
     0     0 4594.12898    0 1999          - 4594.12898      -     -  135s
     0     0 4597.60436    0 2030          - 4597.60436      -     -  137s
     0     0 4599.60203    0 2040          - 4599.60203      -     -  137s
     0     0 4599.60203    0 2063          - 4599.60203      -     -  138s
     0     0 4602.79048    0 2062          - 4602.79048      -     -  140s
     0     0 4603.01401    0 2044          - 4603.01401      -     -  140s
     0     0 4603.01401    0 2046          - 4603.01401      -     -  140s
     0     0 4606.38443    0 2181          - 4606.38443      -     -  142s
     0     0 4606.44099    0 2148          - 4606.44099      -     -  143s
     0     0 4611.19803    0 2060          - 4611.19803      -     -  145s
     0     0 4611.25263    0 2066          - 4611.25263      -     -  146s
     0     0 4614.21820    0 2066          - 4614.21820      -     -  148s
     0     0 4614.23482    0 2087          - 4614.23482      -     -  148s
     0     0 4614.74074    0 2044          - 4614.74074      -     -  149s
     0     0 4614.74732    0 2068          - 4614.74732      -     -  149s
     0     0 4615.17244    0 2082          - 4615.17244      -     -  150s
     0     0 4615.26893    0 2065          - 4615.26893      -     -  150s
H    0     0                    6363296.0000 4615.30042   100%     -  165s
H    0     0                    111724.00000 4615.30042  95.9%     -  165s
H    0     0                    111476.00000 4615.30042  95.9%     -  165s
H    0     0                    111387.00000 4615.30042  95.9%     -  165s
H    0     0                    111341.00000 4615.30042  95.9%     -  165s
H    0     0                    107401.00000 4615.30042  95.7%     -  165s
H    0     0                    107363.00000 4615.30042  95.7%     -  165s
H    0     0                    92646.000000 4615.30042  95.0%     -  165s
H    0     0                    87994.000000 4615.30042  94.8%     -  165s
H    0     0                    72316.000000 4615.30042  93.6%     -  165s
H    0     0                    72166.000000 4615.30042  93.6%     -  166s
H    0     0                    68239.000000 4615.30042  93.2%     -  166s
H    0     0                    67523.000000 4615.30042  93.2%     -  166s
H    0     0                    65543.000000 4615.30042  93.0%     -  166s
H    0     0                    65073.000000 4615.30042  92.9%     -  166s
H    0     0                    62211.000000 4615.30042  92.6%     -  166s
H    0     0                    58890.000000 4615.30042  92.2%     -  166s
H    0     0                    58823.000000 4615.30042  92.2%     -  166s
H    0     0                    58792.000000 4615.30042  92.1%     -  167s
H    0     0                    58772.000000 4615.30042  92.1%     -  167s
H    0     0                    56797.000000 4615.30042  91.9%     -  167s
H    0     0                    56773.000000 4615.30042  91.9%     -  167s
H    0     0                    56714.000000 4615.30042  91.9%     -  167s
H    0     0                    56612.000000 4615.30042  91.8%     -  168s
H    0     0                    55838.000000 4615.30042  91.7%     -  168s
H    0     0                    54987.000000 4615.30042  91.6%     -  168s
H    0     0                    54970.000000 4615.30042  91.6%     -  168s
H    0     0                    54181.000000 4615.30042  91.5%     -  168s
H    0     0                    54141.000000 4615.30042  91.5%     -  168s
H    0     0                    54080.000000 4615.30042  91.5%     -  168s
H    0     0                    53179.000000 4615.30042  91.3%     -  168s
H    0     0                    52862.000000 4615.30042  91.3%     -  168s
H    0     0                    52860.000000 4615.30042  91.3%     -  169s
H    0     0                    52770.000000 4615.30042  91.3%     -  169s
H    0     2                    52287.000000 4615.30042  91.2%     -  171s
     0     2 4615.30042    0 2061 52287.0000 4615.30042  91.2%     -  171s
     1     4 4615.73416    1 2074 52287.0000 4615.30042  91.2%   874  175s
     3     8 4615.76122    2 2051 52287.0000 4615.76122  91.2%  1782  182s
     7    16 4616.38678    3 2066 52287.0000 4616.38678  91.2%  3176  198s
    15    32 4616.40807    4 2078 52287.0000 4616.40685  91.2%  3930  207s
    31    57 4672.17664    5 2017 52287.0000 4616.48118  91.2%  4245  237s
    56    89 4709.10054    6 1952 52287.0000 4616.48118  91.2%  5357  326s
H   65    89                    43958.000000 4616.48118  89.5%  5105  326s
H   74    89                    40073.000000 4616.48118  88.5%  4832  326s
    88   243 4711.20680    7 1890 40073.0000 4616.48118  88.5%  4248  355s
H  242   275                    36053.000000 4616.48118  87.2%  2443  372s
H  245   275                    35823.000000 4616.48118  87.1%  2428  372s
H  246   275                    32373.000000 4616.48118  85.7%  2421  372s
H  267   275                    31889.000000 4616.48118  85.5%  2391  372s
H  274   367                    31855.000000 4616.48118  85.5%  2374  395s
H  366   460                    31025.000000 4616.48118  85.1%  2167  414s
H  371   460                    30498.000000 4616.48118  84.9%  2182  414s
H  373   460                    30307.000000 4616.48118  84.8%  2184  414s
H  381   460                    30282.000000 4616.48118  84.8%  2178  414s
H  400   460                    29634.000000 4616.48118  84.4%  2205  414s
H  427   460                    29378.000000 4616.48118  84.3%  2152  414s
H  459   563                    29360.000000 4616.48118  84.3%  2061  434s
H  562   622                    28060.000000 4616.48118  83.5%  1938  450s
H  566   622                    27846.000000 4616.48118  83.4%  1939  450s
H  569   622                    27386.000000 4616.48118  83.1%  1936  450s
H  584   622                    26286.000000 4616.48118  82.4%  1958  450s
   621   717 4754.81213   14 1947 26286.0000 4616.48118  82.4%  1901  466s
H  718   749                    26215.000000 4616.48118  82.4%  1834  479s
H  722   749                    25771.000000 4616.48118  82.1%  1829  479s
H  735   749                    25176.000000 4616.48118  81.7%  1823  479s
H  743   749                    24229.000000 4616.48118  80.9%  1834  479s
   750   835 4754.64354   15 1972 24229.0000 4616.48118  80.9%  1830  498s
H  836   915                    24146.000000 4616.48118  80.9%  1825  513s
H  838   915                    23252.000000 4616.48118  80.1%  1829  513s
H  843   915                    23121.000000 4616.48118  80.0%  1822  513s
H  856   915                    23116.000000 4616.48118  80.0%  1806  513s
H  865   915                    23088.000000 4616.48118  80.0%  1815  513s
H  913   915                    23018.000000 4616.48118  79.9%  1751  513s
H  918  1031                    22921.000000 4616.48118  79.9%  1745  531s
  1034  1090 4871.99958   21 1960 22921.0000 4616.48118  79.9%  1670  548s
H 1035  1090                    22810.000000 4616.48118  79.8%  1668  548s
H 1036  1090                    22369.000000 4616.48118  79.4%  1668  549s
H 1046  1090                    22223.000000 4616.48118  79.2%  1662  549s
H 1052  1090                    22195.000000 4616.48118  79.2%  1656  549s
H 1074  1090                    21822.000000 4616.48118  78.8%  1640  549s
  1095  1190 4717.79598   22 2035 21822.0000 4616.48118  78.8%  1626  568s
H 1195  1243                    21469.000000 4616.48118  78.5%  1597  584s
H 1202  1243                    21340.000000 4616.48118  78.4%  1591  584s
H 1233  1243                    21316.000000 4616.48118  78.3%  1589  584s
  1248  1353 4726.11728   31 2014 21316.0000 4616.48118  78.3%  1585  605s
  1358  1388 4765.60960   32 2002 21316.0000 4616.48118  78.3%  1584  624s
H 1359  1388                    21085.000000 4616.48118  78.1%  1583  624s
H 1367  1388                    20578.000000 4616.48118  77.6%  1587  624s
H 1379  1388                    20474.000000 4616.48118  77.5%  1590  624s
H 1383  1388                    20288.000000 4616.48118  77.2%  1591  624s
  1393  1488 4797.56299   31 1905 20288.0000 4616.48118  77.2%  1591  646s
H 1493  1581                    20163.000000 4616.48118  77.1%  1584  666s
H 1529  1581                    20128.000000 4616.48118  77.1%  1599  666s
H 1533  1581                    19961.000000 4616.48118  76.9%  1605  666s
H 1586  1665                    19936.000000 4616.48118  76.8%  1597  691s
  1670  1714 4909.87421   35 1959 19936.0000 4616.48118  76.8%  1666  715s
H 1672  1714                    19404.000000 4616.48118  76.2%  1667  715s
H 1715  1714                    19317.000000 4616.48118  76.1%  1684  715s
  1719  1816 4799.51753   36 2114 19317.0000 4616.48118  76.1%  1685  741s
  1821  1919 4878.25635   35 1913 19317.0000 4616.48118  76.1%  1694  765s
H 1824  1919                    19314.000000 4616.48118  76.1%  1698  765s
H 1826  1919                    19255.000000 4616.48118  76.0%  1702  765s
H 1864  1919                    19244.000000 4616.48118  76.0%  1700  765s
H 1876  1919                    19135.000000 4616.48118  75.9%  1710  765s
H 1894  1919                    18918.000000 4616.48118  75.6%  1707  765s
H 1924  2022                    18868.000000 4616.48118  75.5%  1702  793s
H 2027  2114                    18540.000000 4616.48118  75.1%  1726  819s
H 2031  2114                    17787.000000 4616.48118  74.0%  1732  819s
H 2074  2114                    17717.000000 4616.48118  73.9%  1762  819s
H 2119  2146                    17607.000000 4616.48118  73.8%  1762  845s
H 2122  2146                    17467.000000 4616.48118  73.6%  1766  845s
H 2123  2146                    16755.000000 4616.48118  72.4%  1766  845s
  2151  2258 4878.31238   38 2048 16755.0000 4616.48118  72.4%  1778  875s
H 2152  2258                    16577.000000 4616.48118  72.2%  1777  875s
H 2155  2258                    16573.000000 4616.48118  72.1%  1779  875s
H 2185  2258                    16409.000000 4616.48118  71.9%  1780  875s
H 2193  2258                    15651.000000 4616.48118  70.5%  1790  875s
  2263  2355 4876.95000   37 1884 15651.0000 4616.48118  70.5%  1794  905s
  2360  2457 4904.25213   39 1930 15651.0000 4616.48118  70.5%  1832  933s
H 2361  2457                    15224.000000 4616.48118  69.7%  1831  933s
H 2462  2573                    15188.000000 4616.48118  69.6%  1857  965s
  2578  2695 4891.78133   39 2081 15188.0000 4616.48118  69.6%  1882  998s
H 2584  2695                    15082.000000 4616.48118  69.4%  1892  998s
H 2608  2695                    15059.000000 4616.48118  69.3%  1895  998s
H 2704  2865                    15037.000000 4616.48118  69.3%  1911 1035s
H 2874  3023                    15026.000000 4616.48118  69.3%  1899 1067s
H 2883  3023                    14838.000000 4616.48118  68.9%  1907 1067s
H 2914  3023                    14698.000000 4616.48118  68.6%  1910 1067s
H 2917  3023                    14535.000000 4616.48118  68.2%  1910 1067s
H 2953  3023                    14344.000000 4616.48118  67.8%  1908 1067s
H 3032  3201                    14341.000000 4616.48118  67.8%  1891 1099s
  3212  3233 5046.93333   42 1858 14341.0000 4616.48118  67.8%  1884 1135s
H 3213  3233                    14329.000000 4616.48118  67.8%  1883 1135s
H 3214  3233                    14320.000000 4616.48118  67.8%  1884 1135s
H 3215  3233                    14317.000000 4616.48118  67.8%  1884 1135s
H 3217  3233                    14279.000000 4616.48118  67.7%  1884 1135s
H 3223  3233                    14257.000000 4616.48118  67.6%  1885 1135s
H 3226  3233                    14198.000000 4616.48118  67.5%  1888 1135s
H 3231  3233                    13951.000000 4616.48118  66.9%  1886 1135s
H 3243  3233                    13782.000000 4616.48118  66.5%  1889 1135s
  3244  3429 4999.80141   43 2114 13782.0000 4616.48118  66.5%  1889 1175s
H 3440  3636                    13749.000000 4616.48118  66.4%  1880 1212s
H 3442  3636                    13722.000000 4616.48118  66.4%  1884 1212s
H 3450  3636                    13665.000000 4616.48118  66.2%  1885 1212s
H 3451  3636                    13630.000000 4616.48118  66.1%  1887 1212s
H 3647  3881                    13614.000000 4616.48118  66.1%  1861 1254s
H 3702  3881                    13528.000000 4616.48118  65.9%  1854 1254s
H 3892  4065                    13465.000000 4616.48118  65.7%  1842 1291s
H 3921  4065                    13445.000000 4616.48118  65.7%  1845 1291s
H 3925  4065                    12411.000000 4616.48118  62.8%  1847 1291s
  4076  4358 5122.64277   47 2363 12411.0000 4616.48118  62.8%  1837 1330s
H 4129  4358                    12397.000000 4616.48118  62.8%  1834 1330s
H 4324  4358                    12379.000000 4616.48118  62.7%  1815 1330s
H 4369  4716                    12230.000000 4616.48118  62.3%  1811 1369s
H 4448  4716                    12168.000000 4616.48118  62.1%  1801 1369s
H 4474  4716                    12152.000000 4616.48118  62.0%  1801 1369s
  4735  5239 5175.27138   49 2207 12152.0000 4616.48118  62.0%  1768 1412s
H 4773  5239                    12151.000000 4616.48118  62.0%  1767 1412s
H 4927  5239                    12125.000000 4616.48118  61.9%  1750 1412s
H 5134  5239                    12117.000000 4616.48118  61.9%  1710 1412s
H 5298  5239                    12111.000000 4616.48118  61.9%  1674 1412s
  5308  5694 5244.11786   48 1868 12111.0000 4616.48118  61.9%  1674 1451s
H 5343  5694                    12110.000000 4616.48118  61.9%  1673 1451s
H 5467  5694                    12079.000000 4616.48118  61.8%  1663 1451s
H 5631  5694                    12065.000000 4616.48118  61.7%  1635 1451s
  5870  6115 5269.12652   49 1758 12065.0000 4616.48118  61.7%  1593 1495s
H 5906  6115                    12064.000000 4616.48118  61.7%  1593 1495s
H 6003  6115                    12057.000000 4616.48118  61.7%  1587 1495s
  6400  6476 5273.99420   50 1850 12057.0000 4616.48118  61.7%  1527 1542s
H 6423  6476                    12056.000000 4616.48118  61.7%  1529 1542s
H 6527  6476                    12053.000000 4616.48118  61.7%  1510 1542s
H 6536  6476                    12045.000000 4616.48118  61.7%  1514 1542s
H 6551  6476                    12025.000000 4616.48118  61.6%  1521 1542s
  6833  6821 5286.11686   50 1803 12025.0000 4616.48118  61.6%  1494 1591s
  7229  7322 5297.22484   51 1910 12025.0000 4616.48118  61.6%  1480 1637s
H 7451  7322                    11962.000000 4616.48118  61.4%  1462 1637s
  7736  7353 5244.97331   51 2072 11962.0000 4616.48118  61.4%  1448 1671s
H 7737  7351                    11802.000000 4616.48118  60.9%  1448 1671s
H 7738  7346                    11784.000000 4616.48118  60.8%  1447 1671s
H 7742  7343                    11755.000000 4616.48118  60.7%  1448 1671s
H 7761  7340                    11650.000000 4616.48118  60.4%  1449 1671s
H 7769  7371                    11586.000000 4616.48118  60.2%  1450 1709s
H 7770  7371                    11583.000000 4616.48118  60.1%  1450 1709s
H 7772  7371                    11571.000000 4616.48118  60.1%  1450 1709s
H 7787  7365                    11491.000000 4616.48118  59.8%  1451 1709s
  7801  7397 5280.72858   53 2155 11491.0000 4616.48118  59.8%  1452 1744s
H 7802  7396                    11412.000000 4616.48118  59.5%  1452 1744s
  7833  7945 5305.43532   54 2097 11412.0000 4616.48118  59.5%  1454 1790s
H 7925  7945                    11411.000000 4616.48118  59.5%  1450 1790s
H 8153  7945                    11395.000000 4616.48118  59.5%  1437 1790s
  8403  8535 5427.46267   63 1996 11395.0000 4616.48118  59.5%  1413 1839s
H 8982  8531                    11367.000000 4616.48118  59.4%  1372 1839s
H 9010  9065                    11329.000000 4616.48118  59.3%  1369 1886s
H 9052  9056                    11279.000000 4616.48118  59.1%  1367 1886s
  9579  9086 5642.40905   69 1837 11279.0000 4616.48118  59.1%  1335 1926s
H 9581  9086                    11271.000000 4616.48118  59.0%  1336 1926s
H 9582  9085                    11246.000000 4616.48118  59.0%  1336 1926s
H 9588  9084                    11234.000000 4616.48118  58.9%  1336 1926s
H 9590  9084                    11231.000000 4616.48118  58.9%  1336 1926s
H 9601  9076                    11138.000000 4616.48118  58.6%  1336 1926s
H 9612  9726                    11132.000000 4616.48118  58.5%  1336 1974s
H 9654  9726                    11114.000000 4616.48118  58.5%  1334 1974s
H10278 10355                    11111.000000 4616.48118  58.5%  1292 2025s
H10330 10355                    11090.000000 4616.48118  58.4%  1293 2025s
H10457 10355                    11076.000000 4616.48118  58.3%  1283 2025s
H10527 10345                    10827.000000 4616.48118  57.4%  1279 2025s
H10939 10988                    10765.000000 4616.48118  57.1%  1254 2076s
H11014 10988                    10753.000000 4616.48118  57.1%  1254 2076s
H11068 10987                    10727.000000 4616.48118  57.0%  1249 2076s
H11521 10979                    10676.000000 4616.48118  56.8%  1224 2076s
H11612 11634                    10647.000000 4616.48118  56.6%  1220 2129s
H11922 11634                    10638.000000 4616.48118  56.6%  1207 2129s
H12072 11633                    10607.000000 4616.48118  56.5%  1200 2129s
H12293 13029                    10578.000000 4616.48118  56.4%  1189 2184s
H13791 13055                    10538.000000 4616.48118  56.2%  1116 2229s
H13797 13041                    10512.000000 4616.48118  56.1%  1115 2229s
H13816 13037                    10507.000000 4616.48118  56.1%  1116 2229s
H13824 13065                    10470.000000 4616.48118  55.9%  1115 2275s
H13825 13065                    10469.000000 4616.48118  55.9%  1116 2275s
H13842 13065                    10467.000000 4616.48118  55.9%  1115 2275s
 13858 14633 6209.58923   84 1361 10467.0000 4616.48118  55.9%  1115 2326s
H15530 14633                    10465.000000 4617.18788  55.9%  1038 2327s
 15531 14634 7588.98046  262 13402 10465.0000 4617.18788  55.9%  1037 2377s
H15532 13903                    10369.000000 4617.18788  55.5%  1037 2386s
H15532 13208                    10327.000000 4617.18788  55.3%  1037 2386s
H15532 12547                    10319.000000 4617.18788  55.3%  1037 2415s
H15532 11920                    10307.000000 4617.18788  55.2%  1037 2415s
H15532 11324                    10302.000000 4617.18788  55.2%  1037 2415s
 15534 11325 8115.30582  752 1493 10302.0000 4617.18788  55.2%  1037 2420s
 15535 11326 5060.95084   70 1555 10302.0000 4617.18788  55.2%  1037 2427s
 15536 11326 7535.29166  494 1706 10302.0000 4617.18788  55.2%  1037 2437s
 15537 11327 6029.89273  144 1859 10302.0000 4653.01317  54.8%  1037 2448s
 15538 11328 8397.06439  254 1944 10302.0000 4692.28552  54.5%  1037 2457s
 15539 11328 8397.79792  792 1863 10302.0000 4710.47349  54.3%  1037 2462s
 15541 11330 7607.93850  526 1843 10302.0000 4717.25282  54.2%  1037 2465s
 15545 11332 6969.80841  135 1895 10302.0000 4721.63838  54.2%  1037 2491s
 15546 11333 5624.38369   72 1944 10302.0000 4792.63297  53.5%  1036 2504s
 15547 11334 6023.02023  323 1996 10302.0000 4805.81732  53.4%  1036 2510s
 15550 11336 6318.07755  211 2021 10302.0000 4812.36871  53.3%  1036 2515s
 15553 11338 5443.88552   48 1945 10302.0000 4812.50155  53.3%  1036 2544s
 15554 11338 4855.76590   13 1933 10302.0000 4855.76590  52.9%  1036 2553s
 15555 11339 7529.62801  156 1949 10302.0000 4871.61624  52.7%  1036 2558s
 15556 11340 5493.05278   80 1986 10302.0000 4873.98660  52.7%  1036 2560s
 15561 11343 10302.0000  192 1993 10302.0000 4874.65446  52.7%  1035 2589s
 15562 11344 5829.25480   72 1933 10302.0000 4912.10354  52.3%  1035 2597s
 15563 11344 5326.89262   52 2014 10302.0000 4923.39540  52.2%  1035 2601s
 15565 11346 9222.06055  309 2111 10302.0000 4927.32925  52.2%  1035 2605s
 15568 11348 5375.81853   65 2080 10302.0000 4927.56215  52.2%  1035 2633s
 15569 11348 5313.16515   84 2091 10302.0000 4987.66722  51.6%  1035 2643s
 15570 11349 8401.98572  795 2031 10302.0000 5000.69932  51.5%  1035 2649s
 15571 11350 5224.23912   90 1898 10302.0000 5003.48826  51.4%  1035 2652s
 15575 11352 9359.83631  150 1986 10302.0000 5003.99766  51.4%  1035 2682s
 15576 11353 5705.35957   32 2264 10302.0000 5028.95616  51.2%  1034 2724s
 15577 11354 5037.22176   48 2230 10302.0000 5037.22176  51.1%  1034 2735s
 15583 11358 7489.72630  755 2215 10302.0000 5048.21125  51.0%  1034 2767s
 15584 11358 5786.27694   55 2223 10302.0000 5075.31264  50.7%  1034 2778s
 15585 11359 8111.71653  587 2269 10302.0000 5086.67138  50.6%  1034 2784s
 15586 11360 8726.90426  121 2270 10302.0000 5091.46869  50.6%  1034 2788s
 15587 11360 7200.04274  245 2307 10302.0000 5092.46302  50.6%  1034 2790s
 15591 11363 5832.84040   36 2284 10302.0000 5092.67045  50.6%  1033 2818s
 15592 11364 5112.63301   12 2298 10302.0000 5112.63301  50.4%  1033 2827s
 15593 11364 5607.38521   53 2250 10302.0000 5121.57089  50.3%  1033 2833s
 15594 11365 6121.18537   87 2278 10302.0000 5124.10439  50.3%  1033 2837s
 15597 11367 8912.12658  125 2275 10302.0000 5124.99095  50.3%  1033 2840s
 15600 11369 5125.00937   29 2286 10302.0000 5125.00937  50.3%  1033 2867s
 15601 11370 7125.87652  144 2235 10302.0000 5141.00323  50.1%  1033 2876s
 15602 11370 7049.37083  144 2176 10302.0000 5144.18832  50.1%  1033 2880s
 15606 11373 9101.30444  138 2214 10302.0000 5146.54697  50.0%  1033 2885s
 15608 11374 6401.19853  198 2244 10302.0000 5146.54986  50.0%  1032 2912s
 15609 11375 9200.02005  228 2304 10302.0000 5160.15327  49.9%  1032 2920s
 15611 11376 7411.34790  279 2329 10302.0000 5164.27043  49.9%  1032 2926s
 15616 11380 5681.15533   42 2414 10302.0000 5164.73837  49.9%  1032 2958s
 15617 11380 5176.72446   15 2460 10302.0000 5176.72446  49.8%  1032 2966s
 15618 11381 9278.50819  232 2396 10302.0000 5182.40679  49.7%  1032 2972s
 15620 11382 6251.21372  122 2438 10302.0000 5183.59209  49.7%  1032 2975s
 15625 11386 8757.17040  824 2503 10302.0000 5183.64426  49.7%  1031 3005s
 15626 11386 6365.42785  130 2583 10302.0000 5198.75562  49.5%  1031 3014s
 15627 11387 6063.93803  144 2490 10302.0000 5202.92893  49.5%  1031 3019s
 15628 11388 7914.75726  648 2372 10302.0000 5204.64768  49.5%  1031 3022s
 15633 11391 6028.14191   85 2437 10302.0000 5205.15340  49.5%  1031 3054s
 15634 11392 8115.30582  752 2491 10302.0000 5216.77793  49.4%  1031 3063s
 15635 11392 5221.03108   70 2602 10302.0000 5221.03108  49.3%  1031 3068s
H15635 10820                    10294.000000 5222.06251  49.3%  1031 3071s
H15635 10278                    10292.000000 5222.06251  49.3%  1031 3071s
 15640 10282 6600.03828  226 2586 10292.0000 5222.15708  49.3%  1030 3101s
 15641 10282 7607.93850  526 2472 10292.0000 5231.31962  49.2%  1030 3108s
 15642 10283 7489.05122  412 2644 10292.0000 5234.41237  49.1%  1030 3113s
 15643 10284 7982.34193  673 2541 10292.0000 5235.53904  49.1%  1030 3116s
 15649 10288 5236.07954   33 2588 10292.0000 5236.07954  49.1%  1030 3145s
 15650 10288 6318.07755  211 2690 10292.0000 5239.91268  49.1%  1030 3152s
 15652 10290 7240.35599  385 2815 10292.0000 5240.51921  49.1%  1029 3155s
 15658 10294 6074.08861  136 2749 10292.0000 5240.72734  49.1%  1029 3184s
 15659 10294 5247.75544   89 2814 10292.0000 5247.43545  49.0%  1029 3222s
 15660 10295 7853.71282  853 2838 10292.0000 5247.54508  49.0%  1029 3227s
 15663 10297 5326.89262   52 2815 10292.0000 5247.83862  49.0%  1029 3230s
 15665 10298 9222.06055  309 2833 10292.0000 5247.84106  49.0%  1029 3258s
 15666 10299 5250.92807   56 2708 10292.0000 5250.92807  49.0%  1029 3263s
 15667 10300 5775.48587  116 2802 10292.0000 5251.59511  49.0%  1028 3266s
 15674 10304 5892.30349   59 2870 10292.0000 5251.71844  49.0%  1028 3295s
 15675 10305 9359.83631  150 2716 10292.0000 5254.50456  48.9%  1028 3301s
 15677 10306 5255.95180   48 2788 10292.0000 5255.95180  48.9%  1028 3306s
 15680 10308 8839.78480  213 2866 10292.0000 5256.00991  48.9%  1028 3335s
 15681 10309 5258.85789    6 2627 10292.0000 5258.85789  48.9%  1028 3341s
 15684 10311 5786.27694   55 2954 10292.0000 5259.47967  48.9%  1027 3345s
 15688 10314 7365.38176  186 2853 10292.0000 5259.50196  48.9%  1027 3373s
 15689 10314 5262.01092   53 2729 10292.0000 5262.01092  48.9%  1027 3378s
 15691 10316 5832.84040   36 2767 10292.0000 5262.17955  48.9%  1027 3380s
 15695 10318 7172.10568  123 2743 10292.0000 5262.20503  48.9%  1027 3408s
 15696 10319 5981.59284   88 2778 10292.0000 5265.18398  48.8%  1027 3415s
 15698 10320 6023.07678  325 2668 10292.0000 5266.18247  48.8%  1026 3420s
H15701  9803                    10290.000000 5266.25661  48.8%  1026 3449s
H15701  9310                    10289.000000 5266.25661  48.8%  1026 3449s
H15701  8841                    10277.000000 5266.25661  48.8%  1026 3449s
H15701  8396                    10224.000000 5266.25661  48.5%  1026 3449s
 15703  8398 8231.62577  271 2752 10224.0000 5268.48366  48.5%  1026 3454s
 15704  8398 6876.92448  148 2749 10224.0000 5269.00853  48.5%  1026 3456s
 15710  8402 5496.25101   62 2759 10224.0000 5269.32633  48.5%  1026 3486s
 15711  8403 7411.34790  279 2819 10224.0000 5272.36997  48.4%  1026 3492s
 15712  8404 7168.82333  153 2923 10224.0000 5273.39695  48.4%  1026 3495s
 15718  8408 9278.50819  232 2817 10224.0000 5273.72040  48.4%  1025 3525s
 15719  8408 8000.07291  237 2730 10224.0000 5276.72912  48.4%  1025 3530s
 15722  8410 5278.31836   17 2873 10224.0000 5278.31836  48.4%  1025 3535s
H15725  7988                    10219.000000 5278.33899  48.3%  1025 3564s
H15725  7586                    10199.000000 5278.33899  48.2%  1025 3564s
 15727  7588 6063.93803  144 2813 10199.0000 5281.14836  48.2%  1025 3571s
 15729  7589 6985.26446  327 2915 10199.0000 5282.02829  48.2%  1024 3575s
 15735  7593 5282.16720   70 2814 10199.0000 5282.16720  48.2%  1024 3605s
 15736  7594 7535.29166  494 2801 10199.0000 5286.01186  48.2%  1024 3611s
 15738  7595 8397.06439  254 2945 10199.0000 5287.27693  48.2%  1024 3616s
 15742  7598 7489.05122  412 2851 10199.0000 5287.52453  48.2%  1024 3647s
 15743  7598 7982.34193  673 2869 10199.0000 5290.95130  48.1%  1024 3653s
 15744  7599 6063.08562  338 2911 10199.0000 5291.91493  48.1%  1023 3656s
H15748  7218                    10176.000000 5292.21049  48.0%  1023 3687s
H15748  6854                    10174.000000 5292.21049  48.0%  1023 3687s
 15750  6855 6318.07755  211 2959 10174.0000 5295.13757  48.0%  1023 3692s
 15752  6856 7240.35599  385 3059 10174.0000 5295.92946  47.9%  1023 3696s
 15756  6859 5493.05278   80 3050 10174.0000 5295.97350  47.9%  1023 3725s
 15757  6860 6788.58689  116 2966 10174.0000 5298.57366  47.9%  1023 3731s
 15759  6861 5299.10690   89 2984 10174.0000 5299.10690  47.9%  1022 3735s
 15761  6862 10174.0000  192 2978 10174.0000 5299.16772  47.9%  1022 3764s
H15761  6515                    10162.000000 5301.89571  47.8%  1022 3771s
H15761  6185                    10156.000000 5301.89571  47.8%  1022 3771s
 15764  6187 6765.08486  236 2994 10156.0000 5302.67516  47.8%  1022 3775s
 15770  6191 8401.98572  795 3088 10156.0000 5302.70927  47.8%  1022 3804s
 15771  6192 5305.53458   90 3057 10156.0000 5305.53458  47.8%  1022 3809s
 15772  6193 8350.92676  212 3140 10156.0000 5306.03046  47.8%  1022 3812s
 15777  6196 5306.33560   48 3190 10156.0000 5306.33560  47.8%  1021 3815s
 15778  6197 6654.93035   95 3191 10156.0000 5306.33590  47.8%  1021 3842s
 15779  6197 8077.07645  730 2888 10156.0000 5310.03050  47.7%  1021 3855s
 15782  6199 6334.62339  191 3123 10156.0000 5310.93197  47.7%  1021 3860s
 15786  6202 8726.90426  121 3092 10156.0000 5310.94225  47.7%  1021 3888s
 15787  6203 7200.04274  245 3001 10156.0000 5313.63173  47.7%  1021 3894s
 15788  6203 7365.38176  186 3036 10156.0000 5314.28171  47.7%  1021 3897s
 15792  6206 5314.61102   12 3279 10156.0000 5314.61102  47.7%  1020 3900s
 15793  6207 5607.38521   53 3324 10156.0000 5314.61150  47.7%  1020 3927s
H15793  5892                    10139.000000 5317.77856  47.6%  1020 3940s
 15795  5893 7172.10568  123 2926 10139.0000 5318.33788  47.5%  1020 3946s
 15803  5898 8231.62577  271 3097 10139.0000 5318.59054  47.5%  1020 3978s
 15804  5899 6876.92448  148 3077 10139.0000 5320.22068  47.5%  1020 3982s
 15805  5900 7240.92806  386 2967 10139.0000 5320.98405  47.5%  1020 3985s
 15809  5902 9200.02005  228 3246 10139.0000 5321.13028  47.5%  1019 4015s
H15809  5602                    10138.000000 5323.82584  47.5%  1019 4022s
H15809  5318                    10135.000000 5323.82584  47.5%  1019 4024s
H15809  5047                    10133.000000 5323.82584  47.5%  1019 4026s
H15809  4790                    10059.000000 5323.82584  47.1%  1019 4027s
 15811  4792 7411.34790  279 3070 10059.0000 5324.55301  47.1%  1019 4032s
 15814  4794 6852.18235  294 3113 10059.0000 5324.83163  47.1%  1019 4035s
 15816  4795 5681.15533   42 3120 10059.0000 5324.83267  47.1%  1019 4060s
 15817  4796 5326.83614   15 3065 10059.0000 5326.83614  47.0%  1019 4065s
 15821  4798 6692.92237  229 3148 10059.0000 5327.36661  47.0%  1018 4094s
H15821  4553                    10055.000000 5328.92993  47.0%  1018 4102s
 15823  4555 6095.13408   89 3030 10055.0000 5329.13312  47.0%  1018 4105s
 15826  4557 6365.42785  130 3039 10055.0000 5329.18865  47.0%  1018 4132s
 15827  4557 6063.93803  144 2941 10055.0000 5330.60639  47.0%  1018 4138s
 15828  4558 7914.75726  648 2758 10055.0000 5330.87550  47.0%  1018 4140s
 15833  4561 6028.14191   85 2773 10055.0000 5330.91561  47.0%  1018 4169s
H15833  4328                    10049.000000 5332.58031  46.9%  1018 4176s
H15833  4107                    10037.000000 5332.58031  46.9%  1018 4176s
H15833  3896                    10027.000000 5332.58031  46.8%  1018 4181s
 15835  3898 5332.91333   70 2966 10027.0000 5332.91333  46.8%  1018 4185s
 15840  3901 6600.03828  226 3111 10027.0000 5332.98511  46.8%  1017 4215s
 15841  3902 7607.93850  526 3000 10027.0000 5334.02588  46.8%  1017 4220s
 15846  3905 5624.38369   72 3081 10027.0000 5334.13414  46.8%  1017 4249s
H15846  3705                    10022.000000 5335.25601  46.8%  1017 4255s
H15846  3514                    10018.000000 5335.25601  46.7%  1017 4261s
 15850  3517 6318.07755  211 2952 10018.0000 5335.39429  46.7%  1017 4265s
 15855  3520 7529.62801  156 3053 10018.0000 5335.42207  46.7%  1016 4295s
 15857  3521 6788.58689  116 3163 10018.0000 5336.13242  46.7%  1016 4300s
 15862  3525 5829.25480   72 3180 10018.0000 5336.18463  46.7%  1016 4328s
H15862  3343                    10013.000000 5336.78974  46.7%  1016 4344s
H15862  3171                    10008.000000 5336.78974  46.7%  1016 4345s
 15863  3171 5336.78974   52 3211 10008.0000 5336.78974  46.7%  1016 4357s
 15866  3173 5336.91576   56 3176 10008.0000 5336.91576  46.7%  1016 4360s
 15868  3175 5375.81853   65 3194 10008.0000 5336.91694  46.7%  1015 4385s
 15870  3176 8401.98572  795 3205 10008.0000 5338.08160  46.7%  1015 4391s
 15873  3178 7656.51317  799 3245 10008.0000 5338.22569  46.7%  1015 4421s
 15874  3179 5892.30349   59 2958 10008.0000 5339.91015  46.6%  1015 4426s
 15877  3181 5340.35576   48 3070 10008.0000 5340.35576  46.6%  1015 4430s
 15879  3182 8077.07645  730 3095 10008.0000 5340.36419  46.6%  1015 4460s
 15880  3183 8839.78480  213 3145 10008.0000 5342.00567  46.6%  1015 4465s
 15885  3186 8111.71653  587 3181 10008.0000 5342.50708  46.6%  1014 4496s
 15887  3187 7200.04274  245 3186 10008.0000 5343.52935  46.6%  1014 4501s
 15891  3190 5832.84040   36 3283 10008.0000 5343.55648  46.6%  1014 4530s
 15893  3191 5607.38521   53 3280 10008.0000 5344.39740  46.6%  1014 4535s
 15899  3195 5438.42910   69 3391 10008.0000 5344.48366  46.6%  1013 4566s
 15901  3197 7125.87652  144 3291 10008.0000 5345.53687  46.6%  1013 4571s
 15905  3199 7240.92806  386 3324 10008.0000 5345.55924  46.6%  1013 4600s
 15908  3201 6401.19853  198 3256 10008.0000 5346.25413  46.6%  1013 4605s
 15911  3203 7411.34790  279 3223 10008.0000 5346.25796  46.6%  1013 4633s
 15912  3204 7168.82333  153 3227 10008.0000 5347.57381  46.6%  1013 4636s
 15916  3207 5681.15533   42 3414 10008.0000 5348.48350  46.6%  1012 4640s
 15917  3207 5348.48357   15 3381 10008.0000 5348.48357  46.6%  1012 4667s
 15918  3208 9278.50819  232 3271 10008.0000 5349.70403  46.5%  1012 4671s
 15923  3211 6095.13408   89 3322 10008.0000 5349.83580  46.5%  1012 4698s
H15923  3044                    9977.0000000 5350.48863  46.4%  1012 4707s
H15923  2885                    9969.0000000 5350.48863  46.3%  1012 4715s
H15923  2734                    9956.0000000 5350.48863  46.3%  1012 4720s
 15926  2736 6365.42785  130 3357 9956.00000 5350.67411  46.3%  1012 4725s
 15930  2739 5647.28711   71 3327 9956.00000 5350.68792  46.3%  1012 4752s
 15931  2740 7588.98046  262 3422 9956.00000 5351.42361  46.2%  1011 4756s
 15936  2743 7535.29166  494 3426 9956.00000 5351.61108  46.2%  1011 4786s
 15937  2744 6029.89273  144 3333 9956.00000 5352.48640  46.2%  1011 4790s
 15944  2748 6063.08562  338 3420 9956.00000 5352.76528  46.2%  1011 4822s
 15945  2749 6969.80841  135 3231 9956.00000 5353.73496  46.2%  1011 4826s
 15951  2753 9104.55240  149 3236 9956.00000 5354.03892  46.2%  1010 4856s
 15954  2755 5354.66297   13 3236 9956.00000 5354.66297  46.2%  1010 4860s
 15957  2757 6788.58689  116 3271 9956.00000 5354.66957  46.2%  1010 4888s
 15958  2758 6074.08861  136 3210 9956.00000 5355.26994  46.2%  1010 4891s
 15964  2762 6765.08486  236 3230 9956.00000 5355.45834  46.2%  1009 4923s
 15965  2762 9222.06055  309 3222 9956.00000 5355.72293  46.2%  1009 4925s
 15970  2766 8401.98572  795 3216 9956.00000 5355.76965  46.2%  1009 4954s
 15971  2766 5356.10002   90 3240 9956.00000 5356.10002  46.2%  1009 4956s
 15976  2770 5705.35957   32 3133 9956.00000 5356.18410  46.2%  1009 4987s
H15976  2624                    9954.0000000 5356.52225  46.2%  1009 5004s
H15976  2485                    9947.0000000 5356.52225  46.1%  1009 5044s
 15978  2486 6654.93035   95 3251 9947.00000 5356.98228  46.1%  1008 5057s
 15982  2489 6334.62339  191 3350 9947.00000 5357.10027  46.1%  1008 5087s
 15983  2489 7489.72630  755 3099 9947.00000 5358.20848  46.1%  1008 5091s
 15989  2493 5358.46958   53 3343 9947.00000 5358.46958  46.1%  1008 5121s
 15992  2495 5358.89996   12 3179 9947.00000 5358.89996  46.1%  1008 5125s
 15995  2497 7172.10568  123 3135 9947.00000 5358.90390  46.1%  1007 5153s
 15996  2498 5981.59284   88 3120 9947.00000 5359.55207  46.1%  1007 5156s
 16001  2501 7125.87652  144 3078 9947.00000 5359.80619  46.1%  1007 5187s
 16002  2502 7049.37083  144 3151 9947.00000 5360.19584  46.1%  1007 5190s
 16005  2504 7240.92806  386 3223 9947.00000 5360.29780  46.1%  1007 5220s
 16007  2505 6762.74947   91 3314 9947.00000 5361.32191  46.1%  1007 5225s
 16011  2508 7411.34790  279 3289 9947.00000 5361.38038  46.1%  1006 5256s
 16013  2509 5746.19701   39 3202 9947.00000 5361.68088  46.1%  1006 5260s
 16017  2512 5361.69851   15 3331 9947.00000 5361.69851  46.1%  1006 5289s
 16018  2513 9278.50819  232 3273 9947.00000 5362.05624  46.1%  1006 5292s
 16022  2515 5362.05624   17 3302 9947.00000 5362.05624  46.1%  1006 5322s
 16023  2516 6095.13408   89 3213 9947.00000 5362.52469  46.1%  1006 5325s
 16028  2519 7914.75726  648 3338 9947.00000 5362.74285  46.1%  1005 5356s
 16030  2521 5647.28711   71 3368 9947.00000 5363.13836  46.1%  1005 5361s
 16035  2524 5363.18247   70 3474 9947.00000 5363.18247  46.1%  1005 5390s
 16039  2527 8397.79792  792 3441 9947.00000 5363.59451  46.1%  1005 5395s
 16041  2528 7607.93850  526 3535 9947.00000 5363.59630  46.1%  1005 5423s
 16042  2529 7489.05122  412 3471 9947.00000 5364.15803  46.1%  1004 5427s
 16044  2530 6063.08562  338 3491 9947.00000 5364.37679  46.1%  1004 5430s
 16049  2533 5364.40782   33 3532 9947.00000 5364.40782  46.1%  1004 5460s
 16051  2535 9104.55240  149 3519 9947.00000 5365.11893  46.1%  1004 5465s
 16055  2537 7529.62801  156 3418 9947.00000 5365.17528  46.1%  1004 5494s
 16056  2538 5493.05278   80 3283 9947.00000 5365.68305  46.1%  1004 5497s
 16060  2541 7853.71282  853 3363 9947.00000 5365.82816  46.1%  1003 5528s
 16061  2541 9947.00000  192 3386 9947.00000 5366.28141  46.1%  1003 5530s
 16067  2545 5775.48587  116 3399 9947.00000 5366.51872  46.0%  1003 5562s
 16069  2547 5366.95209   84 3305 9947.00000 5366.95209  46.0%  1003 5565s
 16074  2550 5892.30349   59 3477 9947.00000 5366.98265  46.0%  1002 5595s
 16080  2554 8839.78480  213 3272 9947.00000 5367.53249  46.0%  1002 5628s
 16081  2555 5367.84404    6 3332 9947.00000 5367.84404  46.0%  1002 5630s
 16089  2560 5367.95522   53 3316 9947.00000 5367.95522  46.0%  1002 5661s
 16095  2564 7172.10568  123 3436 9947.00000 5368.60112  46.0%  1001 5693s
 16096  2565 5981.59284   88 3475 9947.00000 5369.04536  46.0%  1001 5697s
 16100  2567 5369.19238   29 3460 9947.00000 5369.19238  46.0%  1001 5728s
 16101  2568 7125.87652  144 3366 9947.00000 5369.65490  46.0%  1001 5731s
 16107  2572 6762.74947   91 3437 9947.00000 5369.82123  46.0%  1000 5762s
 16108  2573 6401.19853  198 3443 9947.00000 5370.24585  46.0%  1000 5766s
 16114  2577 6852.18235  294 3433 9947.00000 5370.41422  46.0%  1000 5795s
 16120  2581 6251.21372  122 3477 9947.00000 5370.88860  46.0%  1000 5800s
 16121  2581 6692.92237  229 3474 9947.00000 5370.88875  46.0%  1000 5827s
 16122  2582 5371.32776   17 3229 9947.00000 5371.32776  46.0%   999 5830s
 16127  2585 6063.93803  144 3306 9947.00000 5371.55387  46.0%   999 5861s
 16132  2589 7315.33814  380 3374 9947.00000 5372.00353  46.0%   999 5892s
 16133  2589 6028.14191   85 3379 9947.00000 5372.66952  46.0%   999 5895s
 16138  2593 8397.06439  254 3436 9947.00000 5372.86002  46.0%   998 5925s
 16140  2594 6600.03828  226 3480 9947.00000 5373.78625  46.0%   998 5930s
 16144  2597 6063.08562  338 3484 9947.00000 5373.83903  46.0%   998 5960s
 16148  2599 5374.32861   13 3596 9947.00000 5374.32861  46.0%   998 5965s
 16150  2601 6318.07755  211 3611 9947.00000 5374.32943  46.0%   998 5993s
 16151  2601 9104.55240  149 3334 9947.00000 5374.55366  46.0%   998 5995s
 16155  2604 7529.62801  156 3445 9947.00000 5374.60009  46.0%   997 6025s
 16158  2606 6074.08861  136 3432 9947.00000 5374.91844  46.0%   997 6030s
 16162  2609 5829.25480   72 3503 9947.00000 5374.92368  46.0%   997 6059s
 16163  2609 5375.12615   52 3472 9947.00000 5375.12615  46.0%   997 6060s
 16167  2612 5775.48587  116 3422 9947.00000 5375.18485  46.0%   997 6091s
 16172  2615 8350.92676  212 3329 9947.00000 5375.52119  46.0%   996 6095s
 16173  2616 7656.51317  799 3407 9947.00000 5375.52133  46.0%   996 6124s
 16174  2617 5892.30349   59 3452 9947.00000 5375.82039  46.0%   996 6126s
 16177  2619 5375.94311   48 3367 9947.00000 5375.94311  46.0%   996 6157s
 16179  2620 8077.07645  730 3516 9947.00000 5376.25198  46.0%   996 6160s
 16182  2622 6334.62339  191 3499 9947.00000 5376.27583  46.0%   996 6190s
 16187  2625 7200.04274  245 3458 9947.00000 5376.63327  45.9%   995 6221s
 16188  2626 7365.38176  186 3548 9947.00000 5377.36721  45.9%   995 6226s
 16192  2629 5377.65358   12 3675 9947.00000 5377.65358  45.9%   995 6230s
 16193  2629 5607.38521   53 3694 9947.00000 5377.65399  45.9%   995 6259s
 16194  2630 6121.18537   87 3506 9947.00000 5378.28890  45.9%   995 6262s
 16197  2632 8912.12658  125 3664 9947.00000 5378.56313  45.9%   995 6265s
 16199  2633 5438.42910   69 3664 9947.00000 5378.56585  45.9%   995 6293s
 16200  2634 5379.00395   29 3525 9947.00000 5379.00395  45.9%   995 6296s
 16205  2637 7240.92806  386 3562 9947.00000 5379.15488  45.9%   994 6300s
 16206  2638 9101.30444  138 3540 9947.00000 5379.15494  45.9%   994 6328s
 16207  2639 6762.74947   91 3464 9947.00000 5379.36730  45.9%   994 6330s
 16211  2642 7411.34790  279 1314 9947.00000 5379.36730  45.9%  1035 6371s
 16212  2643 7168.82333  153 1489 9947.00000 5379.36730  45.9%  1035 6376s
 16213  2644 5746.19701   39 1603 9947.00000 5379.36730  45.9%  1035 6385s
 16214  2644 6852.18235  294 1654 9947.00000 5379.36791  45.9%  1035 6398s
 16215  2645 6482.25826  136 2013 9947.00000 5379.36791  45.9%  1035 6413s
 16216  2646 5681.15533   42 1980 9947.00000 5379.36791  45.9%  1035 6428s
 16217  2646 5379.36791   15 2156 9947.00000 5379.36791  45.9%  1035 6444s
 16218  2647 9278.50819  232 2548 9947.00000 5379.36791  45.9%  1035 6461s
 16219  2648 8000.07291  237 2483 9947.00000 5379.36791  45.9%  1035 6476s
 16220  2648 6251.21372  122 2841 9947.00000 5379.36791  45.9%  1035 6488s
 16221  2649 6692.92237  229 3041 9947.00000 5379.36791  45.9%  1035 6501s
 16222  2650 5379.36791   17 3105 9947.00000 5379.36791  45.9%  1035 6511s
 16223  2650 6095.13408   89 3028 9947.00000 5379.36791  45.9%  1035 6517s
 16224  2651 7631.31788  300 3085 9947.00000 5379.36791  45.9%  1035 6523s
 16225  2652 8757.17040  824 3291 9947.00000 5379.36791  45.9%  1034 6527s
 16226  2652 6365.42785  130 3378 9947.00000 5379.36791  45.9%  1034 6531s
 16231  2656 7588.98046  262 3374 9947.00000 5379.54175  45.9%  1034 6553s
 16232  2656 7315.33814  380 3270 9947.00000 5380.25280  45.9%  1034 6556s
 16237  2660 6029.89273  144 3358 9947.00000 5380.51245  45.9%  1034 6587s
 16238  2660 8397.06439  254 3354 9947.00000 5381.00579  45.9%  1034 6590s
 16242  2663 7489.05122  412 3256 9947.00000 5381.22010  45.9%  1033 6621s
 16243  2664 7982.34193  673 3118 9947.00000 5382.53101  45.9%  1033 6625s
 16247  2666 6023.02023  323 3109 9947.00000 5382.94322  45.9%  1033 6655s
 16248  2667 5384.24923   13 3299 9947.00000 5384.24923  45.9%  1033 6660s
 16253  2670 5443.88552   48 3261 9947.00000 5384.57427  45.9%  1033 6691s
 16254  2671 5385.21887   13 3296 9947.00000 5385.21887  45.9%  1033 6728s
 16255  2672 7529.62801  156 3201 9947.00000 5385.42780  45.9%  1033 6734s
 16257  2673 6788.58689  116 3334 9947.00000 5385.46792  45.9%  1032 6735s
H16261  2541                    9938.0000000 5385.48486  45.8%  1032 6765s
 16264  2543 6765.08486  236 3248 9938.00000 5386.45626  45.8%  1032 6770s
 16266  2544 5386.46879   56 3203 9938.00000 5386.46879  45.8%  1032 6799s
 16267  2545 5775.48587  116 3242 9938.00000 5387.04830  45.8%  1032 6801s
 16270  2547 8401.98572  795 3229 9938.00000 5387.07477  45.8%  1032 6832s
 16271  2547 5387.72685   90 3299 9938.00000 5387.72685  45.8%  1032 6835s
 16277  2551 5388.01283   48 3316 9938.00000 5388.01283  45.8%  1031 6867s
 16278  2552 6654.93035   95 3151 9938.00000 5388.83280  45.8%  1031 6870s
 16283  2555 7489.72630  755 3301 9938.00000 5389.11867  45.8%  1031 6903s
 16284  2556 5786.27694   55 3178 9938.00000 5390.08042  45.8%  1031 6907s
 16286  2557 8726.90426  121 3193 9938.00000 5390.47969  45.8%  1031 6910s
 16288  2559 7365.38176  186 3227 9938.00000 5390.48147  45.8%  1030 6939s
 16289  2559 5391.28599   53 3255 9938.00000 5391.28599  45.8%  1030 6943s
 16290  2560 7545.09046  313 3221 9938.00000 5391.56146  45.7%  1030 6945s
 16293  2562 5607.38521   53 3150 9938.00000 5391.62023  45.7%  1030 6975s
 16295  2563 7172.10568  123 3256 9938.00000 5392.64196  45.7%  1030 6981s
 16299  2566 5438.42910   69 3246 9938.00000 5392.68665  45.7%  1030 7010s
 16301  2567 7125.87652  144 3174 9938.00000 5393.67930  45.7%  1030 7015s
 16305  2570 7240.92806  386 3164 9938.00000 5393.74171  45.7%  1029 7046s
 16307  2571 6762.74947   91 3261 9938.00000 5394.93845  45.7%  1029 7051s
 16312  2575 7168.82333  153 3388 9938.00000 5395.11983  45.7%  1029 7081s
 16313  2575 5746.19701   39 3232 9938.00000 5395.77057  45.7%  1029 7085s
 16318  2579 9278.50819  232 3311 9938.00000 5396.00112  45.7%  1029 7115s
 16323  2582 6095.13408   89 3333 9938.00000 5396.54687  45.7%  1028 7120s
 16324  2583 7631.31788  300 3330 9938.00000 5396.54704  45.7%  1028 7145s
H16324  2452                    9900.0000000 5397.14435  45.5%  1028 7148s
H16324  2327                    9895.0000000 5397.14435  45.5%  1028 7149s
H16324  2209                    9893.0000000 5397.14435  45.4%  1028 7149s
H16324  2097                    9887.0000000 5397.14435  45.4%  1028 7149s
 16325  2097 8757.17040  824 3351 9887.00000 5397.14435  45.4%  1028 7151s
 16329  2100 6985.26446  327 3411 9887.00000 5397.14999  45.4%  1028 7179s
 16330  2101 5647.28711   71 3447 9887.00000 5397.25873  45.4%  1028 7181s
 16333  2103 6028.14191   85 3401 9887.00000 5397.30770  45.4%  1028 7211s
H16333  1995                    9880.0000000 5397.65414  45.4%  1028 7213s
H16333  1894                    9878.0000000 5397.65414  45.4%  1028 7214s
H16333  1797                    9876.0000000 5397.65414  45.3%  1028 7215s
 16339  1801 8397.79792  792 3303 9876.00000 5397.79482  45.3%  1027 7247s
 16340  1801 6600.03828  226 3279 9876.00000 5398.55257  45.3%  1027 7251s
 16343  1803 7982.34193  673 3458 9876.00000 5398.87079  45.3%  1027 7255s
 16346  1805 5624.38369   72 3367 9876.00000 5398.87850  45.3%  1027 7284s
H16346  1712                    9861.0000000 5399.78566  45.2%  1027 7291s
H16346  1624                    9854.0000000 5399.78566  45.2%  1027 7291s
 16350  1627 6318.07755  211 3339 9854.00000 5399.99778  45.2%  1027 7295s
 16351  1628 9104.55240  149 3340 9854.00000 5399.99778  45.2%  1026 7323s
 16352  1628 7240.35599  385 3326 9854.00000 5400.62821  45.2%  1026 7326s
 16356  1631 5493.05278   80 3301 9854.00000 5400.76892  45.2%  1026 7355s
H16356  1547                    9829.0000000 5401.07772  45.0%  1026 7362s
 16357  1548 6788.58689  116 3386 9829.00000 5401.07772  45.0%  1026 7365s
 16361  1550 9829.00000  192 3464 9829.00000 5401.12916  45.0%  1026 7393s
 16362  1551 5829.25480   72 3410 9829.00000 5401.72596  45.0%  1026 7396s
 16367  1554 5775.48587  116 3424 9829.00000 5402.00624  45.0%  1025 7426s
H16367  1474                    9824.0000000 5402.27385  45.0%  1025 7429s
H16367  1398                    9821.0000000 5402.27385  45.0%  1025 7433s
 16369  1400 5402.40006   84 3485 9821.00000 5402.40006  45.0%  1025 7435s
 16374  1403 5892.30349   59 3451 9821.00000 5402.48752  45.0%  1025 7464s
 16375  1404 9359.83631  150 3493 9821.00000 5403.12928  45.0%  1025 7467s
 16377  1405 5403.28170   48 3563 9821.00000 5403.28170  45.0%  1025 7470s
 16379  1406 8077.07645  730 3565 9821.00000 5403.28419  45.0%  1025 7497s
H16379  1332                    9820.0000000 5404.16366  45.0%  1025 7503s
H16379  1263                    9812.0000000 5404.16366  44.9%  1025 7503s
 16380  1264 8839.78480  213 3462 9812.00000 5404.16366  44.9%  1025 7506s
 16385  1267 8111.71653  587 3492 9812.00000 5404.33841  44.9%  1024 7534s
 16386  1268 8726.90426  121 3431 9812.00000 5405.70409  44.9%  1024 7538s
 16387  1269 7200.04274  245 3500 9812.00000 5405.88329  44.9%  1024 7540s
 16392  1272 5405.97940   12 3657 9812.00000 5405.97940  44.9%  1024 7568s
H16392  1205                    9799.0000000 5406.53502  44.8%  1024 7577s
 16394  1206 6121.18537   87 3536 9799.00000 5406.68737  44.8%  1024 7581s
 16399  1210 5438.42910   69 3522 9799.00000 5406.73481  44.8%  1023 7609s
 16400  1210 5407.35737   29 3413 9799.00000 5407.35737  44.8%  1023 7612s
 16404  1213 6876.92448  148 3414 9799.00000 5407.53396  44.8%  1023 7615s
 16406  1214 9101.30444  138 3427 9799.00000 5407.53504  44.8%  1023 7642s
 16407  1215 6762.74947   91 3383 9799.00000 5408.40401  44.8%  1023 7648s
 16409  1216 9200.02005  228 3363 9799.00000 5408.49755  44.8%  1023 7650s
 16412  1218 7168.82333  153 3279 9799.00000 5408.50642  44.8%  1023 7677s
 16413  1219 5746.19701   39 3469 9799.00000 5409.34459  44.8%  1023 7681s
 16418  1222 9278.50819  232 3429 9799.00000 5409.60062  44.8%  1022 7711s
H16418  1158                    9798.0000000 5410.13720  44.8%  1022 7866s
 16419  1159 8000.07291  237 3250 9798.00000 5410.13720  44.8%  1022 7926s
 16420  1160 6251.21372  122 3250 9798.00000 5410.21284  44.8%  1022 7956s
 16424  1162 7631.31788  300 3233 9798.00000 5410.22640  44.8%  1022 7983s
 16425  1163 8757.17040  824 3382 9798.00000 5410.85426  44.8%  1022 7986s
 16431  1167 7588.98046  262 3494 9798.00000 5411.05108  44.8%  1021 8016s
 16434  1169 8115.30582  752 3341 9798.00000 5411.59774  44.8%  1021 8020s
 16437  1171 6029.89273  144 3388 9798.00000 5411.61845  44.8%  1021 8047s
 16439  1172 8397.79792  792 3470 9798.00000 5412.36045  44.8%  1021 8051s
 16443  1175 7982.34193  673 3525 9798.00000 5412.45479  44.8%  1021 8080s
 16446  1177 5624.38369   72 3419 9798.00000 5413.54975  44.7%  1021 8085s
 16448  1178 5413.55704   13 3430 9798.00000 5413.55704  44.7%  1020 8114s
 16449  1179 5414.08176   33 3336 9798.00000 5414.08176  44.7%  1020 8117s
 16455  1183 7529.62801  156 3493 9798.00000 5414.22979  44.7%  1020 8147s
 16457  1184 6788.58689  116 3454 9798.00000 5414.83325  44.7%  1020 8150s
 16462  1188 5829.25480   72 3354 9798.00000 5414.87361  44.7%  1020 8178s
 16463  1188 5415.33171   52 3481 9798.00000 5415.33171  44.7%  1020 8182s
 16467  1191 5775.48587  116 3439 9798.00000 5415.44594  44.7%  1019 8213s
 16469  1192 5415.71820   84 3508 9798.00000 5415.71820  44.7%  1019 8215s
 16473  1195 7656.51317  799 3547 9798.00000 5415.73211  44.7%  1019 8245s
 16475  1196 9359.83631  150 3422 9798.00000 5416.15604  44.7%  1019 8250s
 16479  1199 8077.07645  730 3478 9798.00000 5416.16387  44.7%  1019 8279s
 16480  1200 8839.78480  213 3385 9798.00000 5416.42350  44.7%  1018 8281s
 16484  1202 5786.27694   55 3462 9798.00000 5416.63090  44.7%  1018 8312s
 16486  1204 8726.90426  121 3526 9798.00000 5417.08449  44.7%  1018 8315s
 16490  1206 7545.09046  313 3544 9798.00000 5417.13739  44.7%  1018 8346s
 16492  1208 5417.83141   12 3517 9798.00000 5417.83141  44.7%  1018 8350s
 16497  1211 8912.12658  125 3509 9798.00000 5417.90262  44.7%  1017 8380s
 16501  1214 7125.87652  144 3493 9798.00000 5418.16542  44.7%  1017 8412s
 16502  1214 7049.37083  144 3561 9798.00000 5418.62187  44.7%  1017 8415s
 16506  1217 9101.30444  138 3660 9798.00000 5418.74876  44.7%  1017 8446s
 16509  1219 9200.02005  228 3513 9798.00000 5419.13777  44.7%  1017 8450s
 16511  1220 7411.34790  279 3598 9798.00000 5419.14045  44.7%  1017 8478s
 16513  1222 5746.19701   39 3599 9798.00000 5419.34998  44.7%  1016 8480s
 16515  1223 6482.25826  136 3623 9798.00000 5419.35389  44.7%  1016 8508s
 16516  1224 5681.15533   42 3587 9798.00000 5419.50153  44.7%  1016 8512s
 16522  1228 5419.59877   17 3576 9798.00000 5419.59877  44.7%  1016 8541s
 16526  1230 6365.42785  130 3547 9798.00000 5419.80779  44.7%  1016 8571s
 16528  1232 7914.75726  648 3587 9798.00000 5420.23153  44.7%  1016 8575s
 16533  1235 6028.14191   85 3582 9798.00000 5420.26731  44.7%  1015 8605s
 16539  1239 8397.79792  792 3494 9798.00000 5420.52563  44.7%  1015 8636s
 16541  1240 7607.93850  526 3491 9798.00000 5421.10517  44.7%  1015 8640s
 16544  1242 6063.08562  338 3500 9798.00000 5421.11169  44.7%  1015 8668s
 16546  1244 5624.38369   72 3576 9798.00000 5421.36239  44.7%  1014 8670s
 16550  1246 6318.07755  211 3508 9798.00000 5421.37143  44.7%  1014 8698s
 16551  1247 9104.55240  149 3466 9798.00000 5421.64076  44.7%  1014 8700s
 16555  1250 7529.62801  156 3527 9798.00000 5421.71343  44.7%  1014 8728s
 16556  1250 5493.05278   80 3540 9798.00000 5421.85770  44.7%  1014 8730s
 16560  1253 7853.71282  853 3516 9798.00000 5421.93495  44.7%  1014 8759s
 16561  1254 9798.00000  192 3504 9798.00000 5422.08760  44.7%  1013 8761s
 16564  1256 6765.08486  236 3476 9798.00000 5422.16964  44.7%  1013 8790s
 16571  1260 5422.66171   90 3581 9798.00000 5422.66171  44.7%  1013 8821s
H16571  1191                    9776.0000000 5422.83652  44.5%  1013 8823s
 16574  1193 5892.30349   59 3702 9776.00000 5422.91962  44.5%  1013 8825s
 16578  1196 6654.93035   95 3708 9776.00000 5422.93605  44.5%  1012 8854s
 16579  1197 8077.07645  730 3605 9776.00000 5423.14863  44.5%  1012 8856s
 16584  1200 5786.27694   55 3551 9776.00000 5423.24505  44.5%  1012 8887s
 16585  1201 8111.71653  587 3678 9776.00000 5423.52282  44.5%  1012 8890s
 16591  1205 5832.84040   36 3710 9776.00000 5423.61239  44.5%  1012 8895s
 16596  1208 5981.59284   88 3725 9776.00000 5423.75043  44.5%  1011 8900s
 16601  1211 7125.87652  144 3696 9776.00000 5424.10398  44.5%  1011 8905s
 16605  1214 7240.92806  386 3744 9776.00000 5424.10398  44.5%  1011 8910s
 16610  1217 5496.25101   62 3638 9776.00000 5424.25964  44.5%  1010 8915s
 16617  1222 5424.33560   15 3706 9776.00000 5424.33560  44.5%  1010 8920s
 16622  1225 5424.65643   17 3661 9776.00000 5424.65643  44.5%  1010 8925s
 16628  1229 7914.75726  648 3769 9776.00000 5424.87502  44.5%  1009 8930s
 16634  1233 8115.30582  752 3638 9776.00000 5425.04655  44.5%  1009 8935s
 16642  1239 7489.05122  412 3636 9776.00000 5425.18803  44.5%  1009 8941s
 16646  1241 5624.38369   72 3727 9776.00000 5425.20306  44.5%  1008 8945s
 16652  1245 7240.35599  385 3591 9776.00000 5425.37413  44.5%  1008 8950s
 16657  1249 6788.58689  116 3702 9776.00000 5425.58904  44.5%  1008 8955s
 16663  1253 5425.71126   52 3562 9776.00000 5425.71126  44.5%  1007 8960s
 16669  1257 5425.75124   84 3649 9776.00000 5425.75124  44.5%  1007 8966s
 16674  1260 5892.30349   59 3674 9776.00000 5425.83667  44.5%  1007 8970s
 16678  1263 6654.93035   95 3694 9776.00000 5425.86145  44.5%  1006 8975s
 16684  1268 5786.27694   55 1308 9776.00000 5425.86145  44.5%  1029 9018s
 16685  1269 8111.71653  587 1487 9776.00000 5425.86145  44.5%  1029 9023s
 16686  1270 8726.90426  121 1537 9776.00000 5425.86145  44.5%  1029 9032s
 16687  1270 7200.04274  245 1703 9776.00000 5425.86145  44.5%  1029 9047s
 16688  1271 7365.38176  186 1905 9776.00000 5425.86145  44.5%  1029 9063s
 16689  1272 5425.86145   53 2134 9776.00000 5425.86145  44.5%  1028 9079s
 16690  1272 7545.09046  313 2216 9776.00000 5426.07635  44.5%  1028 9096s
 16691  1273 5832.84040   36 2369 9776.00000 5426.07635  44.5%  1028 9112s
 16692  1274 5426.07635   12 2747 9776.00000 5426.07635  44.5%  1028 9127s
 16693  1274 5607.38521   53 2848 9776.00000 5426.07966  44.5%  1028 9141s
 16694  1275 6121.18537   87 2987 9776.00000 5426.07966  44.5%  1028 9154s
 16695  1276 7172.10568  123 3257 9776.00000 5426.07966  44.5%  1028 9165s
 16696  1276 5981.59284   88 3351 9776.00000 5426.07966  44.5%  1028 9173s
 16697  1277 8912.12658  125 3172 9776.00000 5426.31951  44.5%  1028 9179s
 16698  1278 6023.07678  325 3405 9776.00000 5426.31951  44.5%  1028 9184s
 16699  1278 5438.42910   69 3568 9776.00000 5426.31951  44.5%  1028 9186s
 16701  1280 7125.87652  144 3417 9776.00000 5426.31951  44.5%  1028 9190s
 16702  1280 7049.37083  144 3552 9776.00000 5426.72147  44.5%  1028 9209s
 16703  1281 8231.62577  271 3400 9776.00000 5427.92045  44.5%  1028 9214s
 16704  1282 6876.92448  148 3189 9776.00000 5428.27851  44.5%  1028 9216s
 16707  1284 6762.74947   91 3251 9776.00000 5428.37171  44.5%  1027 9247s
 16708  1284 6401.19853  198 3234 9776.00000 5430.33771  44.5%  1027 9251s
 16713  1288 5746.19701   39 3292 9776.00000 5430.53849  44.5%  1027 9281s
 16714  1288 6852.18235  294 3259 9776.00000 5431.30492  44.4%  1027 9285s
 16719  1292 8000.07291  237 3236 9776.00000 5431.47948  44.4%  1027 9316s
 16723  1294 6095.13408   89 3325 9776.00000 5432.27246  44.4%  1026 9320s
 16724  1295 7631.31788  300 3351 9776.00000 5432.27302  44.4%  1026 9348s
 16725  1296 8757.17040  824 3287 9776.00000 5432.74520  44.4%  1026 9376s
 16726  1296 6365.42785  130 3297 9776.00000 5432.74520  44.4%  1026 9380s
H16727  1231                    9773.0000000 5432.74520  44.4%  1026 9409s
H16727  1169                    9744.0000000 5432.74520  44.2%  1026 9409s
 16729  1170 6985.26446  327 3243 9744.00000 5433.14778  44.2%  1026 9411s
 16732  1172 7315.33814  380 3285 9744.00000 5433.28803  44.2%  1026 9442s
 16735  1174 5433.58873   70 3384 9744.00000 5433.58873  44.2%  1026 9445s
 16739  1177 8397.79792  792 3375 9744.00000 5433.59409  44.2%  1025 9473s
 16740  1178 6600.03828  226 3330 9744.00000 5433.80124  44.2%  1025 9476s
 16744  1180 6063.08562  338 3275 9744.00000 5433.86954  44.2%  1025 9506s
H16744  1120                    9714.0000000 5434.19214  44.1%  1025 9508s
H16744  1062                    9702.0000000 5434.19214  44.0%  1025 9508s
 16746  1064 5624.38369   72 3400 9702.00000 5434.20334  44.0%  1025 9510s
 16749  1066 5434.21980   33 3440 9702.00000 5434.21980  44.0%  1025 9539s
 16750  1066 6318.07755  211 3418 9702.00000 5434.57356  44.0%  1025 9542s
 16754  1069 5434.61703   13 3542 9702.00000 5434.61703  44.0%  1024 9571s
H16754  1015                    9699.0000000 5434.88593  44.0%  1024 9573s
 16756  1016 5493.05278   80 3402 9699.00000 5434.96896  44.0%  1024 9575s
 16759  1018 5435.00814   89 3363 9699.00000 5435.00814  44.0%  1024 9605s
 16762  1020 5829.25480   72 3395 9699.00000 5435.49060  44.0%  1024 9610s
 16765  1022 9222.06055  309 3374 9699.00000 5435.49672  44.0%  1024 9637s
 16767  1024 5775.48587  116 3347 9699.00000 5435.80376  44.0%  1024 9640s
 16771  1026 5435.85113   90 3337 9699.00000 5435.85113  44.0%  1023 9671s
 16774  1028 5892.30349   59 3456 9699.00000 5436.34292  43.9%  1023 9675s
 16775  1029 9359.83631  150 3439 9699.00000 5436.34306  43.9%  1023 9704s
 16776  1030 5705.35957   32 3338 9699.00000 5437.25442  43.9%  1023 9710s
 16781  1033 5437.92180    6 3449 9699.00000 5437.92180  43.9%  1023 9742s
 16782  1034 6334.62339  191 3471 9699.00000 5438.50505  43.9%  1023 9745s
 16786  1036 8726.90426  121 3489 9699.00000 5438.57304  43.9%  1023 9774s
H16786   982                    9695.0000000 5439.37258  43.9%  1023 9780s
H16786   931                    9690.0000000 5439.37258  43.9%  1023 9780s
 16788   933 7365.38176  186 3389 9690.00000 5439.61145  43.9%  1022 9786s
 16792   935 5439.68783   12 3491 9690.00000 5439.68783  43.9%  1022 9815s
 16795   937 7172.10568  123 3427 9690.00000 5440.26398  43.9%  1022 9820s
H16796   889                    9679.0000000 5441.42149  43.8%  1022 9830s
H16796   843                    9672.0000000 5441.42149  43.7%  1022 9830s
H16796   799                    9665.0000000 5441.42149  43.7%  1022 9833s
 16798   800 6023.07678  325 3632 9665.00000 5441.68968  43.7%  1022 9837s
 16801   802 7125.87652  144 3587 9665.00000 5441.77867  43.7%  1022 9841s
 16802   803 7049.37083  144 3566 9665.00000 5442.22431  43.7%  1022 9846s
 16807   806 6762.74947   91 3562 9665.00000 5442.25514  43.7%  1021 9851s
H16807   764                    9658.0000000 5442.52521  43.6%  1021 9858s
 16809   766 9200.02005  228 3584 9658.00000 5442.62574  43.6%  1021 9862s
 16811   767 7411.34790  279 3605 9658.00000 5442.63449  43.6%  1021 9866s
H16811   726                    9648.0000000 5442.95350  43.6%  1021 9869s
 16813   727 5746.19701   39 3562 9648.00000 5442.98385  43.6%  1021 9871s
 16816   729 5681.15533   42 3500 9648.00000 5443.12755  43.6%  1021 9893s
 16819   731 8000.07291  237 3447 9648.00000 5443.13374  43.6%  1021 9895s
 16823   734 6095.13408   89 3500 9648.00000 5443.18939  43.6%  1020 9900s
 16827   737 6063.93803  144 3445 9648.00000 5443.28170  43.6%  1020 9907s
 16829   738 6985.26446  327 3529 9648.00000 5443.38837  43.6%  1020 9910s
 16833   741 6028.14191   85 3449 9648.00000 5443.65926  43.6%  1020 9915s
 16837   743 6029.89273  144 3501 9648.00000 5443.79429  43.6%  1019 9921s
 16843   747 7982.34193  673 3455 9648.00000 5443.97388  43.6%  1019 9926s
 16847   750 6023.02023  323 3464 9648.00000 5444.13250  43.6%  1019 9931s
 16851   753 9104.55240  149 3485 9648.00000 5444.14489  43.6%  1019 9935s
 16857   757 6788.58689  116 3498 9648.00000 5444.31578  43.6%  1018 9941s
 16860   759 7853.71282  853 3500 9648.00000 5444.54211  43.6%  1018 9945s
 16863   761 5444.77011   52 3439 9648.00000 5444.77011  43.6%  1018 9950s
 16868   764 5445.14761   65 3511 9648.00000 5445.14761  43.6%  1018 9955s
 16873   767 7656.51317  799 3621 9648.00000 5445.36897  43.6%  1017 9960s
 16878   771 6654.93035   95 3582 9648.00000 5445.59286  43.6%  1017 9965s
 16883   774 7489.72630  755 3640 9648.00000 5445.88818  43.6%  1017 9971s
 16887   777 7200.04274  245 3509 9648.00000 5446.00011  43.6%  1016 9976s
 16890   779 7545.09046  313 3506 9648.00000 5446.16843  43.6%  1016 9991s
 16894   781 6121.18537   87 3489 9648.00000 5446.25713  43.6%  1016 9997s

Cutting planes:
  Gomory: 22
  Cover: 846
  Implied bound: 10
  Clique: 185
  MIR: 164
  StrongCG: 328
  Flow cover: 2047
  GUB cover: 159
  Zero half: 220
  Mod-K: 2
  RLT: 1115
  Relax-and-lift: 32
  BQP: 2

Explored 16896 nodes (17583191 simplex iterations) in 10000.10 seconds (12901.82 work units)
Thread count was 32 (of 64 available processors)

Solution count 10: 9648 9658 9665 ... 9714

Time limit reached
Best objective 9.648000000000e+03, best bound 5.447000000000e+03, gap 43.5427%
Solved r101_Skewed1 -> /project2/ssuen_1733/output/v4_exact_weekly_fairness_w10_l100_mad/r101_Skewed1.pkl / /project2/ssuen_1733/output/v4_exact_weekly_fairness_w10_l100_mad/r101_Skewed1.json / /project2/ssuen_1733/output/v4_exact_weekly_fairness_w10_l100_mad/r101_Skewed1_running_synopsis.json
[Mon Sep 28 12:04:27 PDT 2026] Finished run_single_instance for r101_Skewed1
