Using Python:
Python 3.10.18
Checking core dependencies:
numpy: 2.2.6
gurobi: (12, 0, 3)
[Mon Sep 28 09:17:15 PDT 2026] Starting run_single_instance on b05-04.hpc.usc.edu for rc101_Even
Set parameter TokenServer to value "hpc-licenses.hpcc.usc.edu"
Added workload fairness penalty (mean_absolute_deviation) to objective with weight 10.0
Added weekly leadership day fairness penalty (mean_absolute_deviation) to objective with weight 100.0
Set parameter TimeLimit to value 10000
Set parameter Seed to value 42
Set parameter OutputFlag to value 1
Gurobi Optimizer version 12.0.3 build v12.0.3rc0 (linux64 - "Rocky Linux 8.10 (Green Obsidian)")

CPU model: AMD EPYC 7513 32-Core Processor, instruction set [SSE2|AVX|AVX2]
Thread count: 64 physical cores, 64 logical processors, using up to 32 threads

Non-default parameters:
TimeLimit  10000
Seed  42

Optimize a model with 1005850 rows, 728450 columns and 6967150 nonzeros
Model fingerprint: 0x880e7149
Variable types: 200 continuous, 728250 integer (727750 binary)
Coefficient statistics:
  Matrix range     [2e-02, 1e+03]
  Objective range  [1e+00, 1e+02]
  Bounds range     [1e+00, 5e+01]
  RHS range        [1e+00, 1e+03]
Presolve removed 978850 rows and 702456 columns
Presolve time: 1.11s
Presolved: 27000 rows, 25994 columns, 202050 nonzeros
Variable types: 100 continuous, 25894 integer (25750 binary)
Performing another presolve...
Presolve removed 2950 rows and 300 columns
Presolve time: 0.42s
Deterministic concurrent LP optimizer: primal and dual simplex
Showing primal log only...


Root simplex log...

Iteration    Objective       Primal Inf.    Dual Inf.      Time
   21811    1.0968533e+04   0.000000e+00   5.032633e+06      5s
Concurrent spin time: 0.00s

Solved with dual simplex

Root simplex log...

Iteration    Objective       Primal Inf.    Dual Inf.      Time
   20906    5.1758134e+03   0.000000e+00   0.000000e+00      9s

Root relaxation: objective 5.175813e+03, 20906 iterations, 6.05 seconds (8.30 work units)
Total elapsed time = 9.36s (DegenMoves)

    Nodes    |    Current Node    |     Objective Bounds      |     Work
 Expl Unexpl |  Obj  Depth IntInf | Incumbent    BestBd   Gap | It/Node Time

     0     0 5175.81336    0 1227          - 5175.81336      -     -   10s
H    0     0                    6413745.0000 5477.52372   100%     -   47s
     0     0 5477.52372    0 1535 6413745.00 5477.52372   100%     -   49s
H    0     0                    123893.00000 5477.52372  95.6%     -   49s
H    0     0                    123845.00000 5477.52372  95.6%     -   49s
H    0     0                    123649.00000 5477.52372  95.6%     -   49s
H    0     0                    123474.00000 5477.52372  95.6%     -   49s
H    0     0                    123374.00000 5477.52372  95.6%     -   49s
H    0     0                    123290.00000 5477.52372  95.6%     -   49s
H    0     0                    121830.00000 5477.52372  95.5%     -   49s
H    0     0                    121782.00000 5477.52372  95.5%     -   49s
H    0     0                    121716.00000 5477.52372  95.5%     -   49s
H    0     0                    121658.00000 5477.52372  95.5%     -   49s
H    0     0                    121470.00000 5477.52372  95.5%     -   49s
H    0     0                    88250.000000 5477.52372  93.8%     -   49s
H    0     0                    76844.000000 5477.52372  92.9%     -   49s
H    0     0                    72933.000000 5477.52372  92.5%     -   49s
H    0     0                    71846.000000 5477.52372  92.4%     -   49s
H    0     0                    69184.000000 5477.52372  92.1%     -   49s
H    0     0                    69098.000000 5477.52372  92.1%     -   49s
H    0     0                    65663.000000 5477.52372  91.7%     -   50s
H    0     0                    63691.000000 5477.52372  91.4%     -   50s
H    0     0                    61078.000000 5477.52372  91.0%     -   50s
H    0     0                    60164.000000 5477.52372  90.9%     -   50s
H    0     0                    60110.000000 5477.52372  90.9%     -   50s
     0     0 5477.52372    0 1358 60110.0000 5477.52372  90.9%     -   53s
     0     0 5483.39436    0 1380 60110.0000 5483.39436  90.9%     -   54s
     0     0 5483.48192    0 1375 60110.0000 5483.48192  90.9%     -   54s
     0     0 5483.61889    0 1395 60110.0000 5483.61889  90.9%     -   54s
     0     0 5483.61889    0 1392 60110.0000 5483.61889  90.9%     -   54s
     0     0 5521.66350    0 1483 60110.0000 5521.66350  90.8%     -   57s
H    0     0                    60048.000000 5521.66789  90.8%     -   58s
H    0     0                    59915.000000 5521.66789  90.8%     -   58s
H    0     0                    59880.000000 5521.66789  90.8%     -   58s
H    0     0                    59840.000000 5521.66789  90.8%     -   58s
H    0     0                    59806.000000 5521.66789  90.8%     -   58s
H    0     0                    59764.000000 5521.66789  90.8%     -   59s
H    0     0                    59754.000000 5521.66789  90.8%     -   59s
H    0     0                    52346.000000 5521.66789  89.5%     -   59s
H    0     0                    52344.000000 5521.66789  89.5%     -   59s
     0     0 5522.98773    0 1521 52344.0000 5522.98773  89.4%     -   60s
     0     0 5523.62944    0 1494 52344.0000 5523.62944  89.4%     -   61s
     0     0 5523.63107    0 1481 52344.0000 5523.63107  89.4%     -   61s
     0     0 5625.62741    0 1631 52344.0000 5625.62741  89.3%     -   68s
H    0     0                    52250.000000 5625.78628  89.2%     -   68s
H    0     0                    47619.000000 5625.78628  88.2%     -   68s
H    0     0                    47575.000000 5625.78628  88.2%     -   68s
H    0     0                    46973.000000 5625.78628  88.0%     -   68s
H    0     0                    46448.000000 5625.78628  87.9%     -   68s
H    0     0                    46406.000000 5625.78628  87.9%     -   68s
     0     0 5629.84489    0 1619 46406.0000 5629.84489  87.9%     -   70s
     0     0 5629.98297    0 1572 46406.0000 5629.98297  87.9%     -   71s
     0     0 5629.98297    0 1572 46406.0000 5629.98297  87.9%     -   71s
     0     0 5686.31663    0 1765 46406.0000 5686.31663  87.7%     -   74s
H    0     0                    46035.000000 5686.32658  87.6%     -   75s
H    0     0                    45967.000000 5686.32658  87.6%     -   75s
H    0     0                    45939.000000 5686.32658  87.6%     -   75s
H    0     0                    45558.000000 5686.32658  87.5%     -   75s
H    0     0                    45550.000000 5686.32658  87.5%     -   75s
H    0     0                    45411.000000 5686.32658  87.5%     -   75s
H    0     0                    45320.000000 5686.32658  87.5%     -   75s
H    0     0                    45254.000000 5686.32658  87.4%     -   75s
     0     0 5690.10705    0 1814 45254.0000 5690.10705  87.4%     -   77s
     0     0 5690.76878    0 1790 45254.0000 5690.76878  87.4%     -   77s
     0     0 5690.76878    0 1798 45254.0000 5690.76878  87.4%     -   77s
     0     0 5773.14596    0 1874 45254.0000 5773.14596  87.2%     -   83s
H    0     0                    45182.000000 5773.15986  87.2%     -   84s
H    0     0                    43779.000000 5773.15986  86.8%     -   84s
H    0     0                    43008.000000 5773.15986  86.6%     -   84s
H    0     0                    42392.000000 5773.15986  86.4%     -   84s
H    0     0                    41228.000000 5773.15986  86.0%     -   84s
H    0     0                    41167.000000 5773.15986  86.0%     -   84s
H    0     0                    41156.000000 5773.15986  86.0%     -   84s
H    0     0                    40932.000000 5773.15986  85.9%     -   84s
H    0     0                    40606.000000 5773.15986  85.8%     -   84s
H    0     0                    40542.000000 5773.15986  85.8%     -   84s
     0     0 5775.18947    0 1877 40542.0000 5775.18947  85.8%     -   86s
     0     0 5775.19599    0 1872 40542.0000 5775.19599  85.8%     -   86s
     0     0 5868.81302    0 1881 40542.0000 5868.81302  85.5%     -   92s
H    0     0                    40055.000000 5868.96457  85.3%     -   92s
H    0     0                    40014.000000 5868.96457  85.3%     -   92s
H    0     0                    39996.000000 5868.96457  85.3%     -   92s
H    0     0                    39894.000000 5868.96457  85.3%     -   93s
H    0     0                    39804.000000 5868.96457  85.3%     -   93s
     0     0 5873.04533    0 1864 39804.0000 5873.04533  85.2%     -   95s
     0     0 5873.21776    0 1880 39804.0000 5873.21776  85.2%     -   95s
     0     0 5873.21958    0 1831 39804.0000 5873.21958  85.2%     -   95s
     0     0 5948.94482    0 1944 39804.0000 5948.94482  85.1%     -  101s
H    0     0                    39739.000000 5950.37499  85.0%     -  101s
H    0     0                    38579.000000 5950.37499  84.6%     -  101s
H    0     0                    38319.000000 5950.37499  84.5%     -  101s
H    0     0                    35951.000000 5950.37499  83.4%     -  101s
H    0     0                    35142.000000 5950.37499  83.1%     -  101s
H    0     0                    34950.000000 5950.37499  83.0%     -  101s
H    0     0                    34602.000000 5950.37499  82.8%     -  101s
H    0     0                    34517.000000 5950.37499  82.8%     -  101s
     0     0 5953.77281    0 1995 34517.0000 5953.77281  82.8%     -  104s
     0     0 5954.04384    0 2026 34517.0000 5954.04384  82.8%     -  104s
     0     0 5954.05080    0 2025 34517.0000 5954.05080  82.8%     -  104s
     0     0 6021.96571    0 1926 34517.0000 6021.96571  82.6%     -  108s
H    0     0                    34483.000000 6022.06930  82.5%     -  108s
H    0     0                    34463.000000 6022.06930  82.5%     -  108s
H    0     0                    33745.000000 6022.06930  82.2%     -  108s
H    0     0                    33632.000000 6022.06930  82.1%     -  112s
H    0     0                    33606.000000 6022.06930  82.1%     -  112s
H    0     0                    32970.000000 6022.06930  81.7%     -  112s
H    0     0                    32890.000000 6022.06930  81.7%     -  112s
H    0     0                    32838.000000 6022.06930  81.7%     -  112s
H    0     0                    32278.000000 6022.06930  81.3%     -  112s
H    0     0                    32166.000000 6022.06930  81.3%     -  113s
H    0     0                    32148.000000 6022.06930  81.3%     -  113s
H    0     0                    32086.000000 6022.06930  81.2%     -  113s
H    0     0                    32055.000000 6022.06930  81.2%     -  113s
H    0     0                    31897.000000 6022.06930  81.1%     -  115s
H    0     0                    31798.000000 6022.06930  81.1%     -  115s
H    0     0                    31785.000000 6022.06930  81.1%     -  117s
H    0     0                    31305.000000 6022.06930  80.8%     -  117s
H    0     0                    31301.999947 6022.06930  80.8%     -  117s
H    0     0                    31094.000000 6022.06930  80.6%     -  117s
     0     0 6026.21349    0 1944 31094.0000 6026.21349  80.6%     -  120s
     0     0 6026.39080    0 1984 31094.0000 6026.39080  80.6%     -  120s
     0     0 6084.61838    0 2021 31094.0000 6084.61838  80.4%     -  123s
H    0     0                    31081.000000 6084.65310  80.4%     -  123s
H    0     0                    30357.000000 6084.65310  80.0%     -  123s
H    0     0                    30231.000000 6084.65310  79.9%     -  123s
H    0     0                    30182.000000 6084.65310  79.8%     -  123s
H    0     0                    30170.000000 6084.65310  79.8%     -  123s
H    0     0                    30158.000000 6084.65310  79.8%     -  123s
H    0     0                    30156.000000 6084.65310  79.8%     -  123s
H    0     0                    30085.000000 6084.65310  79.8%     -  123s
     0     0 6088.78701    0 1931 30085.0000 6088.78701  79.8%     -  125s
     0     0 6088.88736    0 1916 30085.0000 6088.88736  79.8%     -  125s
     0     0 6123.11601    0 1902 30085.0000 6123.11601  79.6%     -  128s
     0     0 6124.09971    0 1960 30085.0000 6124.09971  79.6%     -  129s
     0     0 6124.16827    0 2006 30085.0000 6124.16827  79.6%     -  129s
     0     0 6140.55043    0 2056 30085.0000 6140.55043  79.6%     -  131s
H    0     0                    30064.000000 6140.99914  79.6%     -  131s
H    0     0                    30032.000000 6140.99914  79.6%     -  131s
H    0     0                    29382.000000 6140.99914  79.1%     -  131s
     0     0 6140.99914    0 2102 29382.0000 6140.99914  79.1%     -  133s
     0     0 6141.05977    0 2117 29382.0000 6141.05977  79.1%     -  133s
     0     0 6155.13432    0 2112 29382.0000 6155.13432  79.1%     -  135s
     0     0 6155.91502    0 2135 29382.0000 6155.91502  79.0%     -  136s
     0     0 6155.96985    0 2125 29382.0000 6155.96985  79.0%     -  136s
     0     0 6166.11497    0 2138 29382.0000 6166.11497  79.0%     -  138s
H    0     0                    29380.000000 6166.20560  79.0%     -  138s
H    0     0                    29376.000000 6166.20560  79.0%     -  138s
     0     0 6167.56207    0 2159 29376.0000 6167.56207  79.0%     -  139s
     0     0 6167.78157    0 2180 29376.0000 6167.78157  79.0%     -  140s
     0     0 6184.12882    0 2107 29376.0000 6184.12882  78.9%     -  142s
     0     0 6184.71138    0 2186 29376.0000 6184.71138  78.9%     -  143s
     0     0 6184.76375    0 2163 29376.0000 6184.76375  78.9%     -  143s
     0     0 6195.03727    0 2122 29376.0000 6195.03727  78.9%     -  145s
H    0     0                    29297.000000 6195.28876  78.9%     -  145s
H    0     0                    29296.000000 6195.28876  78.9%     -  145s
     0     0 6195.57619    0 2149 29296.0000 6195.57619  78.9%     -  146s
     0     0 6195.58666    0 2150 29296.0000 6195.58666  78.9%     -  147s
     0     0 6202.09811    0 2121 29296.0000 6202.09811  78.8%     -  148s
     0     0 6202.35655    0 2161 29296.0000 6202.35655  78.8%     -  148s
     0     0 6206.02090    0 2135 29296.0000 6206.02090  78.8%     -  150s
H    0     0                    29246.000000 6206.02758  78.8%     -  150s
H    0     0                    28618.000000 6206.02758  78.3%     -  150s
H    0     0                    28614.000000 6206.02758  78.3%     -  150s
     0     0 6206.27758    0 2153 28614.0000 6206.27758  78.3%     -  151s
     0     0 6210.34902    0 2134 28614.0000 6210.34902  78.3%     -  153s
     0     0 6210.39598    0 2143 28614.0000 6210.39598  78.3%     -  153s
     0     0 6214.58199    0 2192 28614.0000 6214.58199  78.3%     -  154s
     0     0 6214.69946    0 2147 28614.0000 6214.69946  78.3%     -  155s
     0     0 6219.94423    0 2196 28614.0000 6219.94423  78.3%     -  157s
     0     0 6220.04490    0 2209 28614.0000 6220.04490  78.3%     -  157s
     0     0 6221.04109    0 2218 28614.0000 6221.04109  78.3%     -  158s
     0     0 6221.20685    0 2245 28614.0000 6221.20685  78.3%     -  159s
     0     0 6228.92215    0 2165 28614.0000 6228.92215  78.2%     -  161s
     0     0 6229.05314    0 2201 28614.0000 6229.05314  78.2%     -  162s
     0     0 6231.36587    0 2200 28614.0000 6231.36587  78.2%     -  163s
     0     0 6231.42421    0 2260 28614.0000 6231.42421  78.2%     -  164s
     0     0 6233.71833    0 2115 28614.0000 6233.71833  78.2%     -  165s
     0     0 6233.72032    0 2115 28614.0000 6233.72032  78.2%     -  166s
H    0     0                    28336.000000 6233.72040  78.0%     -  175s
H    0     0                    27781.000000 6233.72040  77.6%     -  175s
H    0     0                    27394.000000 6233.72040  77.2%     -  175s
H    0     0                    27325.000000 6233.72040  77.2%     -  175s
H    0     0                    27268.000000 6233.72040  77.1%     -  175s
     0     2 6233.72040    0 2107 27268.0000 6233.72040  77.1%     -  177s
     1     4 6233.72040    1 2102 27268.0000 6233.72040  77.1%   289  184s
     3     8 6233.78816    2 2119 27268.0000 6233.73520  77.1%  2673  199s
     7    16 6233.96069    3 2171 27268.0000 6233.96069  77.1%  4200  211s
    15    32 6234.59142    4 2173 27268.0000 6234.59142  77.1%  3881  219s
    31    62 6234.81347    5 2125 27268.0000 6234.78496  77.1%  4067  240s
H   37    62                    26829.000000 6234.78496  76.8%  4448  240s
    61    94 6235.61624    6 2145 26829.0000 6235.01041  76.8%  5188  249s
H   93   156                    26604.000000 6235.61750  76.6%  3832  274s
H   99   156                    26387.000000 6235.69725  76.4%  3657  274s
H  101   156                    26376.000000 6235.69725  76.4%  3598  274s
H  123   156                    26345.000000 6235.69725  76.3%  3051  274s
H  145   156                    26236.000000 6235.69725  76.2%  2705  274s
H  155   240                    26215.000000 6235.69725  76.2%  2568  296s
H  239   272                    26212.000000 6235.69725  76.2%  2212  307s
H  240   272                    26201.000000 6235.69725  76.2%  2206  307s
H  241   272                    26070.000000 6235.69725  76.1%  2198  307s
H  242   272                    26055.000000 6235.69725  76.1%  2200  307s
H  248   272                    25821.000000 6235.69725  75.9%  2206  307s
H  262   272                    25585.000000 6235.69725  75.6%  2164  307s
H  265   272                    24257.000000 6235.69725  74.3%  2145  307s
   271   367 6347.61550   10 2066 24257.0000 6235.69725  74.3%  2145  326s
H  366   470                    24243.000000 6235.69725  74.3%  1910  342s
   469   568 6245.28130   17 2149 24243.0000 6235.69725  74.3%  1761  359s
H  567   600                    24018.000000 6235.69725  74.0%  1665  367s
H  569   600                    23835.999971 6235.69725  73.8%  1666  368s
H  571   600                    22289.000000 6235.69725  72.0%  1663  368s
   599   688 6320.19835   18 2163 22289.0000 6235.69725  72.0%  1641  382s
H  687   717                    22255.000000 6235.69725  72.0%  1608  395s
H  694   717                    22219.000000 6235.69725  71.9%  1598  395s
H  696   717                    22109.000000 6235.69725  71.8%  1599  395s
H  702   717                    21779.000000 6235.69725  71.4%  1596  395s
H  717   717                    21077.000000 6235.69725  70.4%  1573  395s
   720   807 6354.58025   19 2200 21077.0000 6235.69725  70.4%  1578  409s
H  810   839                    20802.000000 6235.69725  70.0%  1513  420s
H  812   839                    20801.000000 6235.69725  70.0%  1511  420s
H  815   839                    20694.000000 6235.69725  69.9%  1511  420s
H  829   839                    20211.000000 6235.69725  69.1%  1498  420s
H  842   906                    20121.000000 6235.69725  69.0%  1500  435s
H  844   906                    19792.000000 6235.69725  68.5%  1499  435s
H  846   906                    19691.000000 6235.69725  68.3%  1498  435s
H  856   906                    19548.000000 6235.69725  68.1%  1504  435s
   909   938 6250.21814   23 2295 19548.0000 6235.69725  68.1%  1471  446s
H  941   968                    19271.000000 6235.69725  67.6%  1456  459s
H  951   968                    18967.000000 6235.69725  67.1%  1456  459s
H  973  1088                    18877.000000 6235.69725  67.0%  1442  475s
  1095  1119 6253.01873   31 2214 18877.0000 6235.69725  67.0%  1368  483s
H 1096  1119                    18740.000000 6235.69725  66.7%  1367  483s
H 1098  1119                    18727.000000 6235.69725  66.7%  1365  483s
H 1111  1119                    18691.000000 6235.69725  66.6%  1357  483s
H 1128  1151                    18687.000000 6235.69725  66.6%  1346  495s
H 1129  1151                    18665.000000 6235.69725  66.6%  1345  495s
H 1132  1151                    18653.000000 6235.69725  66.6%  1349  495s
H 1133  1151                    18614.000000 6235.69725  66.5%  1349  495s
H 1135  1151                    18518.000000 6235.69725  66.3%  1352  495s
  1160  1183 6253.24200   33 2146 18518.0000 6235.69725  66.3%  1347  507s
H 1161  1183                    18159.000000 6235.69725  65.7%  1346  507s
H 1174  1183                    18075.000000 6235.69725  65.5%  1343  507s
  1192  1320 6257.89843   34 2229 18075.0000 6235.69725  65.5%  1341  524s
H 1329  1352                    18056.000000 6235.69725  65.5%  1284  533s
H 1331  1352                    17643.000000 6235.69725  64.7%  1284  533s
H 1332  1352                    16785.000000 6235.69725  62.8%  1283  533s
  1361  1500 6259.38272   36 2312 16785.0000 6235.69725  62.8%  1274  549s
H 1509  1532                    16679.000000 6235.69725  62.6%  1228  559s
H 1512  1532                    16661.000000 6235.69725  62.6%  1227  559s
H 1513  1532                    16628.000000 6235.69725  62.5%  1227  559s
H 1514  1532                    16626.000000 6235.69725  62.5%  1227  559s
H 1517  1532                    16496.000000 6235.69725  62.2%  1225  559s
H 1520  1532                    16247.000000 6235.69725  61.6%  1223  559s
H 1522  1532                    16167.000000 6235.69725  61.4%  1223  559s
H 1524  1532                    16122.000000 6235.69725  61.3%  1221  559s
H 1541  1672                    16054.000000 6235.69725  61.2%  1218  577s
H 1681  1704                    15990.000000 6235.69725  61.0%  1189  589s
H 1682  1704                    15948.000000 6235.69725  60.9%  1189  589s
H 1687  1704                    15929.000000 6235.69725  60.9%  1187  589s
H 1690  1704                    15859.000000 6235.69725  60.7%  1185  589s
H 1713  1839                    15854.000000 6235.69725  60.7%  1184  609s
H 1848  1871                    15694.000000 6235.69725  60.3%  1168  619s
H 1880  2025                    15688.000000 6235.69725  60.3%  1165  634s
  2034  2221 6269.07950   58 2180 15688.0000 6235.69725  60.3%  1140  649s
  2230  2402 6272.78790   63 2209 15688.0000 6235.69725  60.3%  1096  664s
H 2249  2402                    15591.000000 6235.69725  60.0%  1091  664s
H 2379  2402                    15543.000000 6235.69725  59.9%  1068  664s
H 2411  2434                    15534.000000 6235.69725  59.9%  1067  682s
H 2412  2434                    15359.000000 6235.69725  59.4%  1067  682s
H 2415  2434                    15352.000000 6235.69725  59.4%  1068  682s
H 2418  2434                    15223.000000 6235.69725  59.0%  1067  682s
H 2443  2468                    15037.000000 6235.69725  58.5%  1068  694s
H 2445  2468                    14962.000000 6235.69725  58.3%  1069  695s
H 2451  2468                    14813.000000 6235.69725  57.9%  1067  695s
H 2477  2665                    14796.000000 6235.69725  57.9%  1069  711s
  2674  2810 6283.48634   77 2219 14796.0000 6235.69725  57.9%  1044  730s
  2819  2997 6301.58081   84 2247 14796.0000 6235.69725  57.9%  1053  750s
H 3007  3030                    14602.000000 6235.69725  57.3%  1045  766s
H 3008  3030                    14574.000000 6235.69725  57.2%  1044  766s
H 3009  3030                    14541.000000 6235.69725  57.1%  1044  766s
H 3019  3030                    14529.000000 6235.69725  57.1%  1046  766s
H 3037  3030                    14312.000000 6235.69725  56.4%  1047  766s
H 3040  3248                    14288.000000 6235.69725  56.4%  1046  787s
  3258  3474 6308.24199   97 2252 14288.0000 6235.69725  56.4%  1030  810s
  3484  3720 6314.51586  107 2290 14288.0000 6235.69725  56.4%  1016  833s
H 3590  3720                    14244.000000 6235.69725  56.2%  1015  833s
  3730  3982 6319.46579  113 2230 14244.0000 6235.69725  56.2%  1001  859s
H 3998  4026                    14216.000000 6235.69725  56.1%   983  877s
H 4002  4026                    14117.000000 6235.69725  55.8%   983  877s
H 4042  4316                    14059.000000 6235.69725  55.6%   987  901s
  4332  4554 6330.10348  125 2258 14059.0000 6235.69725  55.6%   970  928s
H 4572  4586                    14017.000000 6235.69725  55.5%   966  950s
H 4573  4586                    14002.000000 6235.69725  55.5%   966  950s
H 4574  4586                    14001.000000 6235.69725  55.5%   967  950s
H 4585  4586                    13968.000000 6235.69725  55.4%   966  950s
  4604  4861 6332.52108  129 2261 13968.0000 6235.69725  55.4%   966  976s
  4879  4933 6338.86694  140 2300 13968.0000 6235.69725  55.4%   961 1001s
H 4881  4933                    13963.000000 6235.69725  55.3%   961 1001s
H 4897  4933                    13946.000000 6235.69725  55.3%   959 1001s
H 4922  4933                    13889.000000 6235.69725  55.1%   959 1001s
  4951  5207 6362.15101  141 2197 13889.0000 6235.69725  55.1%   958 1030s
  5225  5428 6364.10315  146 2168 13889.0000 6235.69725  55.1%   956 1061s
  5446  5614 6367.46972  150 2199 13889.0000 6235.69725  55.1%   965 1094s
  5632  5736 6410.22268  156 2151 13889.0000 6235.69725  55.1%   986 1124s
H 5667  5736                    13873.000000 6235.69725  55.1%   997 1124s
H 5703  5736                    13866.000000 6235.69725  55.0%  1001 1124s
  5754  5985 6448.82769  157 2178 13866.0000 6235.69725  55.0%  1008 1159s
  6003  6230 6428.15741  158 2294 13866.0000 6235.69725  55.0%  1017 1192s
  6248  6471 6494.35723  168 2147 13866.0000 6235.69725  55.0%  1026 1227s
H 6454  6471                    13851.000000 6235.69725  55.0%  1037 1227s
  6489  6713 6538.74127  176 2011 13851.0000 6235.69725  55.0%  1039 1268s
H 6731  6745                    13778.000000 6235.69725  54.7%  1056 1297s
H 6738  6745                    13758.000000 6235.69725  54.7%  1057 1297s
  6763  7000 6629.46552  180 2059 13758.0000 6235.69725  54.7%  1059 1335s
H 6854  7000                    13682.000000 6235.69725  54.4%  1071 1335s
H 7018  7032                    13658.000000 6235.69725  54.3%  1072 1365s
H 7019  7032                    13611.000000 6235.69725  54.2%  1072 1365s
H 7026  7032                    13609.000000 6235.69725  54.2%  1073 1365s
H 7050  7064                    13578.000000 6235.69725  54.1%  1074 1396s
H 7051  7064                    13562.000000 6235.69725  54.0%  1075 1396s
H 7053  7064                    13459.000000 6235.69725  53.7%  1075 1396s
H 7056  7064                    13451.000000 6235.69725  53.6%  1076 1396s
H 7070  7064                    13446.000000 6235.69725  53.6%  1080 1396s
H 7081  7064                    13442.000000 6235.69725  53.6%  1080 1396s
H 7082  7399                    13413.000000 6235.69725  53.5%  1081 1439s
  7417  7772 6821.10510  195 1923 13413.0000 6235.69725  53.5%  1089 1482s
  7793  8212 6876.03191  205 1848 13413.0000 6235.69725  53.5%  1092 1526s
H 8255  8429                    13356.000000 6235.69725  53.3%  1087 1569s
H 8265  8429                    13298.000000 6235.69725  53.1%  1090 1569s
H 8275  8429                    13242.000000 6235.69725  52.9%  1092 1569s
H 8289  8429                    13225.000000 6235.69725  52.8%  1096 1569s
H 8490  8856                    13199.000000 6236.30848  52.8%  1093 1616s
H 8919  8937                    12942.000000 6236.30848  51.8%  1097 1655s
H 8924  8937                    12923.000000 6236.30848  51.7%  1098 1655s
H 8939  8937                    12915.000000 6236.30848  51.7%  1100 1655s
  9004  9494 7257.12041  221 1616 12915.0000 6236.30848  51.7%  1100 1707s
  9577 10158 7503.21082  231 1416 12915.0000 6236.30848  51.7%  1092 1761s
H10142 10158                    12899.000000 6236.30848  51.7%  1078 1761s
 10396 10747 7693.90651  237 1357 12899.0000 6236.30848  51.7%  1061 1815s
H11069 10776                    12865.000000 6238.18459  51.5%  1047 1859s
H11071 10770                    12841.000000 6238.18459  51.4%  1047 1859s
H11085 10768                    12839.000000 6238.18459  51.4%  1049 1859s
H11089 10757                    12809.000000 6238.18459  51.3%  1048 1859s
H11097 10757                    12796.000000 6238.18459  51.2%  1049 1859s
H11102 10960                    12768.000000 6238.18459  51.1%  1050 1908s
H11112 10959                    12759.000000 6238.18459  51.1%  1049 1908s
 11317 11580 8209.76693  250 1384 12759.0000 6242.01874  51.1%  1049 1967s
 11999 12154 infeasible  282      12759.0000 6242.01874  51.1%  1041 2029s
H12647 12721                    12732.000000 6242.01874  51.0%  1039 2090s
H12792 12721                    12730.000000 6242.01874  51.0%  1040 2090s
 13296 13335 6654.98303   56 2081 12730.0000 6242.01874  51.0%  1038 2157s
 13963 14157 6891.48759   64 1916 12730.0000 6248.16299  50.9%  1035 2222s
H14101 14156                    12725.000000 6248.16299  50.9%  1046 2222s
 14821 14157 6649.78472   63 12618 12725.0000 6248.16299  50.9%  1021 2299s
H14822 13450                    12704.000000 6248.16299  50.8%  1021 2310s
H14822 12777                    12700.000000 6248.16299  50.8%  1021 2335s
 14825 12779 6336.90195   11 1440 12700.0000 6248.16299  50.8%  1020 2344s
 14826 12779 9575.20082  462 1633 12700.0000 6248.16299  50.8%  1020 2351s
 14827 12780 6549.05831  164 1919 12700.0000 6248.16299  50.8%  1020 2359s
 14828 12781 8458.20364  147 1941 12700.0000 6300.77707  50.4%  1020 2364s
 14829 12781 10967.4619  748 2074 12700.0000 6332.79364  50.1%  1020 2367s
 14830 12782 6430.15827   35 2139 12700.0000 6360.79353  49.9%  1020 2370s
 14835 12785 6535.79722   14 2152 12700.0000 6367.66443  49.9%  1020 2394s
 14836 12786 6505.94006   11 1899 12700.0000 6505.94006  48.8%  1020 2402s
 14837 12787 8234.91717  400 1947 12700.0000 6536.01661  48.5%  1020 2406s
 14841 12789 12698.8109  191 1857 12700.0000 6543.25887  48.5%  1019 2434s
 14842 12790 11141.6048  828 2175 12700.0000 6599.63482  48.0%  1019 2440s
 14845 12792 11739.9129  914 1996 12700.0000 6609.16619  48.0%  1019 2445s
 14849 12795 6887.86120  172 1945 12700.0000 6609.27990  48.0%  1019 2471s
 14850 12795 6858.43403  124 2064 12700.0000 6659.78296  47.6%  1019 2477s
 14851 12796 6672.73380   23 1887 12700.0000 6672.73380  47.5%  1019 2480s
 14856 12799 9878.50917  427 1960 12700.0000 6675.69453  47.4%  1018 2509s
 14857 12800 6722.04126  174 2013 12700.0000 6722.04126  47.1%  1018 2515s
 14859 12801 7749.10075  141 1913 12700.0000 6740.31196  46.9%  1018 2520s
 14863 12804 7394.34268  227 1879 12700.0000 6740.52356  46.9%  1018 2545s
H14863 12163                    12694.000000 6801.82538  46.4%  1018 2565s
H14863 11554                    12665.000000 6801.82538  46.3%  1018 2572s
H14863 10976                    12628.000000 6801.82538  46.1%  1018 2576s
 14865 10977 6829.89912   45 2046 12628.0000 6829.89912  45.9%  1018 2585s
 14870 10981 9680.87252  231 1967 12628.0000 6845.58389  45.8%  1017 2614s
 14871 10981 6932.50073   74 1992 12628.0000 6932.50073  45.1%  1017 2621s
 14872 10982 6959.97235   84 2151 12628.0000 6959.97235  44.9%  1017 2626s
 14876 10985 7037.13230   46 2016 12628.0000 6967.37181  44.8%  1017 2652s
 14877 10985 7011.08999   61 2165 12628.0000 7011.08999  44.5%  1017 2659s
 14878 10986 7023.40868  102 2180 12628.0000 7023.40868  44.4%  1017 2662s
 14881 10988 7028.12247   30 2144 12628.0000 7028.12247  44.3%  1017 2665s
 14884 10990 7282.07793  139 2169 12628.0000 7028.15700  44.3%  1016 2690s
 14885 10991 7062.63132  167 2241 12628.0000 7062.63132  44.1%  1016 2697s
 14886 10991 7987.79747  167 2313 12628.0000 7075.46420  44.0%  1016 2701s
 14888 10993 9399.69219  307 2161 12628.0000 7084.64191  43.9%  1016 2705s
 14892 10995 8212.09976  321 2267 12628.0000 7084.71602  43.9%  1016 2730s
 14893 10996 7114.38780  142 2239 12628.0000 7114.38780  43.7%  1016 2737s
 14894 10997 7126.90994  120 2366 12628.0000 7126.90994  43.6%  1016 2740s
 14899 11000 7130.67887   25 2403 12628.0000 7130.67887  43.5%  1015 2770s
 14900 11001 7388.19169   93 2519 12628.0000 7157.65518  43.3%  1015 2777s
 14901 11001 7164.25480   71 2524 12628.0000 7164.25480  43.3%  1015 2781s
 14907 11005 7165.52053   91 2488 12628.0000 7165.52053  43.3%  1015 2808s
 14908 11006 7183.58907   55 2427 12628.0000 7183.58907  43.1%  1015 2814s
 14909 11007 7187.33898   13 2561 12628.0000 7187.33898  43.1%  1015 2817s
 14913 11009 9496.46174  440 2588 12628.0000 7188.65929  43.1%  1014 2820s
 14915 11011 7188.66199  224 2573 12628.0000 7188.66199  43.1%  1014 2845s
 14916 11011 12628.0000  192 2339 12628.0000 7209.14879  42.9%  1014 2852s
 14917 11012 8354.37919  327 2447 12628.0000 7214.50923  42.9%  1014 2856s
 14923 11016 7216.25407   65 2441 12628.0000 7216.25407  42.9%  1014 2884s
H14923 10463                    12612.000000 7230.12829  42.7%  1014 2913s
H14923  9938                    12521.000000 7230.12829  42.3%  1014 2923s
 14924  9939 7230.12829   46 2714 12521.0000 7230.12829  42.3%  1014 2953s
 14925  9939 7233.72755   11 2586 12521.0000 7233.72755  42.2%  1014 2974s
 14926  9940 9575.20082  462 2585 12521.0000 7234.78149  42.2%  1014 2975s
 14929  9942 10967.4619  748 2531 12521.0000 7234.90157  42.2%  1013 3002s
 14930  9943 7244.82220   35 2582 12521.0000 7244.82220  42.1%  1013 3007s
 14931  9943 7247.16673   86 2738 12521.0000 7247.16673  42.1%  1013 3011s
 14936  9947 7247.58325   11 2676 12521.0000 7247.58325  42.1%  1013 3037s
 14937  9947 8234.91717  400 2738 12521.0000 7254.01956  42.1%  1013 3042s
 14940  9949 7255.69892   33 2808 12521.0000 7255.69892  42.1%  1013 3045s
 14942  9951 11141.6048  828 2795 12521.0000 7255.71167  42.1%  1012 3071s
 14943  9951 7263.00715   50 2616 12521.0000 7263.00715  42.0%  1012 3076s
 14945  9953 11739.9129  914 2609 12521.0000 7265.12040  42.0%  1012 3080s
 14949  9955 7265.16722  172 2569 12521.0000 7265.16722  42.0%  1012 3105s
 14950  9956 7270.39288  124 2566 12521.0000 7270.39288  41.9%  1012 3110s
 14956  9960 9878.50917  427 2696 12521.0000 7271.33922  41.9%  1011 3137s
 14957  9961 7278.34362  174 2605 12521.0000 7278.34362  41.9%  1011 3142s
 14962  9964 7278.34362   35 2779 12521.0000 7278.34362  41.9%  1011 3169s
 14963  9965 7394.34268  227 2764 12521.0000 7282.31372  41.8%  1011 3174s
 14964  9965 7698.21778  322 2688 12521.0000 7283.34652  41.8%  1011 3175s
 14968  9968 7283.54202  246 2779 12521.0000 7283.54202  41.8%  1011 3199s
H14968  9468                    12493.000000 7288.33627  41.7%  1011 3203s
 14970  9469 9680.87252  231 2802 12493.0000 7289.84849  41.6%  1011 3205s
 14975  9473 7290.30544  189 2806 12493.0000 7290.30544  41.6%  1010 3231s
 14977  9474 7293.58011   61 2727 12493.0000 7293.58011  41.6%  1010 3235s
 14982  9477 8026.36788  373 2779 12493.0000 7293.71235  41.6%  1010 3260s
 14984  9479 7297.15202  139 2689 12493.0000 7297.15202  41.6%  1010 3265s
 14988  9481 9399.69219  307 2701 12493.0000 7297.15202  41.6%  1009 3291s
 14989  9482 11710.8335 1104 2823 12493.0000 7303.93302  41.5%  1009 3295s
 14997  9487 7305.67126  132 2762 12493.0000 7305.67126  41.5%  1009 3324s
 14998  9488 7311.83979   24 2746 12493.0000 7311.83979  41.5%  1009 3329s
 14999  9489 7312.68180   25 2766 12493.0000 7312.68180  41.5%  1009 3330s
 15004  9492 7496.54682  227 2769 12493.0000 7312.85847  41.5%  1008 3356s
 15006  9493 9753.55330  669 2650 12493.0000 7317.94045  41.4%  1008 3361s
 15011  9497 9282.49607  206 2828 12493.0000 7318.14463  41.4%  1008 3387s
 15012  9497 7320.74012  131 2697 12493.0000 7320.74012  41.4%  1008 3391s
 15018  9501 7321.41212   24 2831 12493.0000 7321.41212  41.4%  1007 3419s
 15019  9502 7325.09235   44 2726 12493.0000 7325.09235  41.4%  1007 3422s
 15025  9506 7325.55976   11 2784 12493.0000 7325.55976  41.4%  1007 3449s
 15026  9507 9575.20082  462 2677 12493.0000 7330.56808  41.3%  1007 3454s
 15027  9507 7331.26291  164 2750 12493.0000 7331.26291  41.3%  1007 3455s
 15032  9511 7331.48132   16 2772 12493.0000 7331.48132  41.3%  1006 3481s
 15033  9511 7338.17393   14 2711 12493.0000 7338.17393  41.3%  1006 3486s
 15037  9514 8234.91717  400 2780 12493.0000 7338.17393  41.3%  1006 3512s
 15038  9515 7340.90932  195 2666 12493.0000 7340.90932  41.2%  1006 3517s
 15041  9517 12493.0000  191 2749 12493.0000 7341.12844  41.2%  1006 3543s
 15042  9517 11141.6048  828 2798 12493.0000 7344.60037  41.2%  1006 3546s
 15045  9519 11739.9129  914 2858 12493.0000 7344.60037  41.2%  1005 3572s
 15046  9520 7345.06078   82 2790 12493.0000 7345.06078  41.2%  1005 3576s
 15051  9523 7345.42207   23 2803 12493.0000 7345.42207  41.2%  1005 3582s
 15052  9524 7349.31848   70 2739 12493.0000 7349.31848  41.2%  1005 3586s
 15057  9527 7350.01296  174 2782 12493.0000 7350.01296  41.2%  1005 3611s
 15058  9528 7352.44329  186 2653 12493.0000 7352.44329  41.1%  1005 3615s
 15062  9531 7352.44329   35 2772 12493.0000 7352.44329  41.1%  1004 3641s
 15064  9532 7698.21778  322 2746 12493.0000 7355.81300  41.1%  1004 3645s
 15068  9535 7355.83931  246 2793 12493.0000 7355.83931  41.1%  1004 3670s
 15070  9536 9680.87252  231 2614 12493.0000 7359.93016  41.1%  1004 3675s
H15074  9057                    12490.000000 7360.13127  41.1%  1004 3700s
 15077  9059 7362.95358   61 2752 12490.0000 7362.95358  41.0%  1003 3705s
 15084  9063 7363.13444  139 2678 12490.0000 7363.13444  41.0%  1003 3731s
 15085  9064 7366.30185  167 2814 12490.0000 7366.30185  41.0%  1003 3735s
 15091  9068 7366.92971   66 3027 12490.0000 7366.92971  41.0%  1002 3759s
 15092  9069 8212.09976  321 2816 12490.0000 7370.44837  41.0%  1002 3762s
 15096  9071 7370.60384  183 2938 12490.0000 7370.60384  41.0%  1002 3789s
 15097  9072 7373.73586  132 2672 12490.0000 7373.73586  41.0%  1002 3792s
 15100  9074 7388.19169   93 2852 12490.0000 7374.18083  41.0%  1002 3795s
 15101  9075 7374.18150   71 2848 12490.0000 7374.18150  41.0%  1002 3818s
 15102  9075 9511.88920  318 2839 12490.0000 7375.87797  40.9%  1002 3820s
 15106  9078 9753.55330  669 2878 12490.0000 7376.05338  40.9%  1001 3847s
H15106  8620                    12489.000000 7377.56196  40.9%  1001 3850s
H15106  8184                    12480.000000 7377.56196  40.9%  1001 3850s
H15106  7770                    12472.000000 7377.56196  40.8%  1001 3850s
 15111  7773 9282.49607  206 2838 12472.0000 7377.82120  40.8%  1001 3876s
 15114  7775 7380.69562  156 3066 12472.0000 7380.69562  40.8%  1001 3880s
 15116  7777 12472.0000  192 3092 12472.0000 7380.70023  40.8%  1001 3904s
 15117  7777 8354.37919  327 2956 12472.0000 7382.84022  40.8%  1001 3907s
 15122  7781 7383.04537  129 2970 12472.0000 7383.04537  40.8%  1000 3933s
 15123  7781 7391.45643   65 2911 12472.0000 7391.45643  40.7%  1000 3937s
 15128  7785 8458.20364  147 2873 12472.0000 7391.45643  40.7%  1000 3964s
 15129  7785 10967.4619  748 2980 12472.0000 7391.68823  40.7%  1000 3967s
 15134  7789 9561.09639  476 3026 12472.0000 7391.68823  40.7%  1000 3993s
 15135  7789 7391.68823   14 2914 12472.0000 7391.68823  40.7%  1000 3996s
 15139  7792 9126.69378  292 2923 12472.0000 7391.68823  40.7%   999 4024s
H15139  7397                    12468.000000 7391.85759  40.7%   999 4027s
 15143  7400 7392.04525   50 2960 12468.0000 7392.04525  40.7%   999 4053s
 15144  7400 7392.81627   73 2891 12468.0000 7392.81627  40.7%   999 4055s
 15147  7402 9963.12731  732 2877 12468.0000 7392.84411  40.7%   999 4080s
 15149  7404 7402.34355  172 2854 12468.0000 7402.34355  40.6%   999 4086s
 15151  7405 7402.34355   23 2885 12468.0000 7402.34355  40.6%   998 4111s
 15153  7406 7841.79820   74 3035 12468.0000 7402.34355  40.6%   998 4115s
 15157  7409 7402.34355  174 3069 12468.0000 7402.34355  40.6%   998 4140s
 15159  7410 7749.10075  141 3009 12468.0000 7406.70388  40.6%   998 4146s
 15163  7413 7406.70388  227 3080 12468.0000 7406.70388  40.6%   998 4171s
 15166  7415 12468.0000  352 3137 12468.0000 7406.70388  40.6%   997 4175s
 15169  7417 7406.70388   99 3197 12468.0000 7406.70388  40.6%   997 4201s
 15171  7418 7406.70388   74 3030 12468.0000 7406.70388  40.6%   997 4205s
 15177  7422 7406.81554   61 3113 12468.0000 7406.81554  40.6%   997 4231s
 15180  7424 7408.59662  216 3193 12468.0000 7408.59662  40.6%   997 4235s
 15183  7426 7408.60528  236 3217 12468.0000 7408.60528  40.6%   996 4261s
 15186  7428 7987.79747  167 3191 12468.0000 7410.48482  40.6%   996 4265s
 15188  7430 9399.69219  307 3228 12468.0000 7410.50669  40.6%   996 4290s
 15194  7434 7411.81470  120 3288 12468.0000 7411.81470  40.6%   996 4318s
 15195  7434 7994.25340  300 3196 12468.0000 7413.31983  40.5%   996 4320s
 15202  7439 9511.88920  318 3257 12468.0000 7414.20011  40.5%   995 4348s
 15203  7440 8171.88235  263 3026 12468.0000 7416.38034  40.5%   995 4350s
 15208  7443 7416.60162   55 3155 12468.0000 7416.60162  40.5%   995 4377s
 15209  7444 7418.01994   13 3004 12468.0000 7418.01994  40.5%   995 4380s
 15213  7446 9496.46174  440 2985 12468.0000 7418.45771  40.5%   994 4406s
 15215  7448 7419.84746  224 3054 12468.0000 7419.84746  40.5%   994 4410s
 15218  7450 7419.88077   24 3054 12468.0000 7419.88077  40.5%   994 4434s
 15219  7450 7420.31117   44 2901 12468.0000 7420.31117  40.5%   994 4436s
 15224  7454 7420.52197   46 2937 12468.0000 7420.52197  40.5%   994 4464s
 15225  7454 7421.21213   11 2911 12468.0000 7421.21213  40.5%   994 4466s
 15231  7458 7421.43983   86 3048 12468.0000 7421.43983  40.5%   993 4494s
 15232  7459 7423.07459   16 3064 12468.0000 7423.07459  40.5%   993 4497s
 15237  7462 8234.91717  400 3286 12468.0000 7423.42700  40.5%   993 4524s
 15238  7463 7424.99948  195 2897 12468.0000 7424.99948  40.4%   993 4527s
 15243  7466 7425.29032   50 2947 12468.0000 7425.29032  40.4%   992 4553s
 15244  7467 7428.58962   73 2982 12468.0000 7428.58962  40.4%   992 4558s
 15246  7468 7429.02448   82 2916 12468.0000 7429.02448  40.4%   992 4560s
 15249  7470 7429.02986  172 2961 12468.0000 7429.02986  40.4%   992 4585s
 15252  7472 7432.04659   70 2999 12468.0000 7432.04659  40.4%   992 4590s
 15256  7475 9878.50917  427 3099 12468.0000 7432.12758  40.4%   992 4616s
 15258  7476 7433.95343  186 2949 12468.0000 7433.95343  40.4%   991 4620s
 15262  7479 7434.00755   35 3009 12468.0000 7434.00755  40.4%   991 4645s
 15267  7482 7435.72446  137 3022 12468.0000 7435.72446  40.4%   991 4674s
 15268  7483 7437.39388  246 2983 12468.0000 7437.39388  40.3%   991 4677s
 15270  7484 9680.87252  231 3143 12468.0000 7437.87802  40.3%   991 4680s
 15274  7487 7437.89663   80 3228 12468.0000 7437.89663  40.3%   990 4705s
 15276  7488 7439.96400   46 2970 12468.0000 7439.96400  40.3%   990 4710s
 15280  7491 7440.38826  216 2944 12468.0000 7440.38826  40.3%   990 4737s
 15282  7492 8026.36788  373 3030 12468.0000 7441.38842  40.3%   990 4740s
 15283  7493 7441.38905  236 3063 12468.0000 7441.38905  40.3%   990 4763s
 15284  7494 7442.02675  139 3114 12468.0000 7442.02675  40.3%   990 4828s
 15285  7494 7442.15421  167 3154 12468.0000 7442.15421  40.3%   990 4838s
 15289  7497 11710.8335 1104 3184 12468.0000 7442.18299  40.3%   989 4863s
 15291  7498 7442.57462   66 3077 12468.0000 7442.57462  40.3%   989 4865s
 15294  7500 7442.60778  120 3171 12468.0000 7442.60778  40.3%   989 4891s
 15299  7504 7443.92087   25 3166 12468.0000 7443.92087  40.3%   989 4915s
 15305  7508 9967.98290  260 3185 12468.0000 7444.42049  40.3%   988 4941s
 15310  7511 8816.96435  276 3066 12468.0000 7444.65973  40.3%   988 4966s
 15316  7515 12468.0000  192 3047 12468.0000 7445.20561  40.3%   988 4992s
 15319  7517 7446.40788   44 3110 12468.0000 7446.40788  40.3%   988 4995s
 15322  7519 7446.41179  129 3172 12468.0000 7446.41179  40.3%   987 5019s
 15323  7520 7448.17074   65 3030 12468.0000 7448.17074  40.3%   987 5022s
 15326  7522 9575.20082  462 2952 12468.0000 7448.61086  40.3%   987 5025s
 15327  7522 7448.61090  164 2964 12468.0000 7448.61090  40.3%   987 5049s
 15328  7523 8458.20364  147 2805 12468.0000 7449.26291  40.3%   987 5051s
 15333  7526 7449.32739   14 2874 12468.0000 7449.32739  40.3%   987 5077s
 15334  7527 9561.09639  476 2776 12468.0000 7450.55633  40.2%   987 5081s
 15338  7530 7450.59511  195 2898 12468.0000 7450.59511  40.2%   986 5109s
 15339  7530 9126.69378  292 2922 12468.0000 7451.20582  40.2%   986 5111s
 15344  7534 7451.28552   73 2999 12468.0000 7451.28552  40.2%   986 5136s
 15347  7536 9963.12731  732 3052 12468.0000 7452.13824  40.2%   986 5140s
 15349  7537 7452.15090  172 3009 12468.0000 7452.15090  40.2%   986 5164s
 15350  7538 7452.61182  124 3080 12468.0000 7452.61182  40.2%   986 5166s
 15353  7540 7841.79820   74 3087 12468.0000 7452.74100  40.2%   985 5191s
 15355  7541 7595.81180  350 3127 12468.0000 7454.36230  40.2%   985 5196s
 15360  7544 8064.64592   58 3074 12468.0000 7454.45830  40.2%   985 5222s
 15361  7545 8057.48615  119 2906 12468.0000 7455.83987  40.2%   985 5225s
 15366  7548 12468.0000  352 2976 12468.0000 7456.12399  40.2%   984 5252s
 15367  7549 7456.73911  137 2997 12468.0000 7456.73911  40.2%   984 5255s
 15371  7552 7456.77025   74 3039 12468.0000 7456.77025  40.2%   984 5279s
 15372  7552 7457.26233   84 2973 12468.0000 7457.26233  40.2%   984 5282s
H15375  7167                    12457.000000 7457.31983  40.1%   984 5307s
H15376  6800                    12408.000000 7457.64784  39.9%   984 5308s
 15379  6802 7457.76907   26 3135 12408.0000 7457.76907  39.9%   984 5310s
H15380  6454                    12394.000000 7457.77272  39.8%   984 5335s
 15384  6456 7458.70759  139 3099 12394.0000 7458.70759  39.8%   983 5340s
 15385  6457 7458.70796  167 3110 12394.0000 7458.70796  39.8%   983 5364s
 15386  6458 7987.79747  167 2951 12394.0000 7459.45413  39.8%   983 5368s
 15388  6459 9399.69219  307 3156 12394.0000 7459.85856  39.8%   983 5370s
 15390  6460 7459.86056  154 3179 12394.0000 7459.86056  39.8%   983 5395s
 15396  6464 7461.64426  183 3265 12394.0000 7461.64426  39.8%   983 5424s
 15397  6465 7461.98562  132 3251 12394.0000 7461.98562  39.8%   983 5426s
 15401  6468 7462.09710   71 3307 12394.0000 7462.09710  39.8%   982 5451s
 15405  6470 9967.98290  260 3225 12394.0000 7462.25651  39.8%   982 5477s
 15408  6472 7462.82154   55 3235 12394.0000 7462.82154  39.8%   982 5480s
 15410  6474 8816.96435  276 3249 12394.0000 7462.82354  39.8%   982 5504s
 15411  6474 9282.49607  206 3275 12394.0000 7463.06253  39.8%   982 5505s
 15414  6476 7463.18041  156 3264 12394.0000 7463.18041  39.8%   981 5531s
 15419  6480 7464.37045   44 3364 12394.0000 7464.37045  39.8%   981 5558s
 15422  6483 7464.37045  129 12618 12394.0000 7464.37045  39.8%  1013 5560s
 15424  6484 7464.37045   46 1442 12394.0000 7464.37045  39.8%  1013 5597s
 15425  6485 7464.37045   11 1460 12394.0000 7464.37045  39.8%  1013 5601s
 15426  6486 9575.20082  462 1563 12394.0000 7464.37045  39.8%  1013 5609s
 15427  6486 7464.37045  164 1673 12394.0000 7464.37045  39.8%  1012 5619s
 15428  6487 8458.20364  147 2028 12394.0000 7464.37045  39.8%  1012 5631s
H15428  6162                    12387.000000 7464.37045  39.7%  1012 5643s
 15430  6163 7464.37045   35 2261 12387.0000 7464.37045  39.7%  1012 5653s
 15431  6164 7464.37045   86 2431 12387.0000 7464.37045  39.7%  1012 5664s
 15432  6165 7464.37045   16 2658 12387.0000 7464.37045  39.7%  1012 5672s
 15433  6165 7464.37045   14 2693 12387.0000 7464.37045  39.7%  1012 5680s
 15434  6166 9561.09639  476 2824 12387.0000 7464.37045  39.7%  1012 5686s
 15435  6167 7464.37045   14 2850 12387.0000 7464.37045  39.7%  1012 5691s
 15437  6168 8234.91717  400 2912 12387.0000 7464.37045  39.7%  1012 5697s
 15438  6169 7464.37045  195 2948 12387.0000 7464.37045  39.7%  1012 5700s
 15446  6174 7464.37045   82 3208 12387.0000 7464.37045  39.7%  1011 5721s
 15447  6175 9963.12731  732 2902 12387.0000 7465.71007  39.7%  1011 5725s
 15450  6177 7465.71007  124 2859 12387.0000 7465.71007  39.7%  1011 5752s
 15451  6177 7467.07368   23 2958 12387.0000 7467.07368  39.7%  1011 5756s
 15454  6179 7467.21252  134 3058 12387.0000 7467.21252  39.7%  1011 5784s
H15454  5870                    12385.000000 7468.40167  39.7%  1011 5786s
 15459  5874 7749.10075  141 2916 12385.0000 7468.54362  39.7%  1010 5814s
 15460  5874 8064.64592   58 3013 12385.0000 7469.43387  39.7%  1010 5816s
 15464  5877 7698.21778  322 2856 12385.0000 7469.78248  39.7%  1010 5843s
 15465  5878 7470.66375   45 2982 12385.0000 7470.66375  39.7%  1010 5845s
 15469  5880 7470.73973   99 2913 12385.0000 7470.73973  39.7%  1010 5873s
 15470  5881 9680.87252  231 2930 12385.0000 7472.67885  39.7%  1010 5876s
 15475  5884 7473.06580  189 2924 12385.0000 7473.06580  39.7%  1009 5904s
 15476  5885 7476.60412   46 2860 12385.0000 7476.60412  39.6%  1009 5909s
 15477  5886 7476.60412   61 2977 12385.0000 7476.60412  39.6%  1009 5910s
 15481  5888 7476.60412   30 3026 12385.0000 7476.60412  39.6%  1009 5937s
H15481  5592                    12375.000000 7479.45996  39.6%  1009 5940s
 15486  5596 7987.79747  167 2750 12375.0000 7479.45996  39.6%  1009 5969s
 15487  5596 7480.41454  133 2695 12375.0000 7480.41454  39.6%  1009 6001s
 15488  5597 9399.69219  307 2771 12375.0000 7480.74665  39.5%  1008 6007s
 15493  5600 7480.78588  142 2821 12375.0000 7480.78588  39.5%  1008 6033s
 15494  5601 7481.90695  120 2827 12375.0000 7481.90695  39.5%  1008 6036s
 15498  5604 7482.14548   24 2825 12375.0000 7482.14548  39.5%  1008 6063s
 15499  5604 7482.77794   25 2780 12375.0000 7482.77794  39.5%  1008 6066s
 15503  5607 8171.88235  263 2888 12375.0000 7482.95465  39.5%  1008 6093s
 15504  5608 7496.54682  227 2919 12375.0000 7484.18838  39.5%  1007 6096s
 15510  5612 8816.96435  276 2954 12375.0000 7485.13481  39.5%  1007 6125s
 15516  5616 12375.0000  192 2995 12375.0000 7485.93442  39.5%  1007 6154s
 15517  5616 8354.37919  327 3134 12375.0000 7486.45981  39.5%  1007 6156s
 15521  5619 7486.58814   63 3006 12375.0000 7486.58814  39.5%  1006 6183s
 15522  5620 7487.43350  129 2978 12375.0000 7487.43350  39.5%  1006 6187s
 15526  5622 9575.20082  462 2950 12375.0000 7488.02191  39.5%  1006 6214s
 15527  5623 7489.34076  164 3018 12375.0000 7489.34076  39.5%  1006 6217s
 15532  5626 7489.96730   16 3142 12375.0000 7489.96730  39.5%  1006 6244s
 15533  5627 7490.82067   14 3045 12375.0000 7490.82067  39.5%  1006 6248s
 15535  5628 7491.11613   14 3053 12375.0000 7491.11613  39.5%  1005 6250s
 15538  5630 7491.12647  195 3017 12375.0000 7491.12647  39.5%  1005 6274s
 15539  5631 9126.69378  292 3022 12375.0000 7491.35234  39.5%  1005 6275s
 15542  5633 11141.6048  828 2969 12375.0000 7491.38666  39.5%  1005 6301s
 15543  5634 7491.86398   50 2864 12375.0000 7491.86398  39.5%  1005 6348s
 15544  5634 7491.86398   73 2951 12375.0000 7491.86398  39.5%  1005 6356s
 15547  5636 9963.12731  732 2933 12375.0000 7491.89705  39.5%  1005 6379s
 15548  5637 7492.05452   67 2908 12375.0000 7492.05452  39.5%  1005 6380s
 15553  5640 7841.79820   74 2841 12375.0000 7492.13651  39.5%  1004 6405s
 15559  5644 7749.10075  141 2999 12375.0000 7492.51628  39.5%  1004 6432s
 15560  5645 8064.64592   58 2860 12375.0000 7493.11890  39.4%  1004 6435s
 15566  5649 12375.0000  352 3127 12375.0000 7493.23926  39.4%  1003 6461s
 15573  5654 11510.0057  298 3131 12375.0000 7494.20351  39.4%  1003 6488s
 15575  5655 7494.83322  189 3054 12375.0000 7494.83322  39.4%  1003 6490s
 15578  5657 7494.84367  102 3084 12375.0000 7494.84367  39.4%  1003 6515s
 15584  5661 7495.56513  139 3014 12375.0000 7495.56513  39.4%  1002 6542s
 15588  5664 9399.69219  307 3138 12375.0000 7495.74556  39.4%  1002 6545s
 15589  5664 11710.8335 1104 3138 12375.0000 7495.74556  39.4%  1002 6570s
 15594  5668 7496.14380  120 3111 12375.0000 7496.14380  39.4%  1002 6596s
 15600  5672 7496.28319   93 2975 12375.0000 7496.28319  39.4%  1001 6623s
 15601  5672 7496.66816   71 2914 12375.0000 7496.66816  39.4%  1001 6625s
 15606  5676 9753.55330  669 2984 12375.0000 7496.69972  39.4%  1001 6651s
 15609  5678 7497.47996   13 3002 12375.0000 7497.47996  39.4%  1001 6655s
 15611  5679 9282.49607  206 3016 12375.0000 7497.48758  39.4%  1001 6679s
 15612  5680 7498.19509  131 3009 12375.0000 7498.19509  39.4%  1000 6681s
 15616  5682 12375.0000  192 3107 12375.0000 7498.44378  39.4%  1000 6707s
 15619  5684 7498.98768   44 3071 12375.0000 7498.98768  39.4%  1000 6710s
 15622  5686 7498.99435  129 3114 12375.0000 7498.99435  39.4%  1000 6735s
 15626  5689 9575.20082  462 2963 12375.0000 7499.93292  39.4%  1000 6764s
 15627  5690 7500.61699  164 2881 12375.0000 7500.61699  39.4%  1000 6766s
 15631  5692 7500.61699   86 2897 12375.0000 7500.61699  39.4%   999 6792s
 15632  5693 7501.33972   16 2935 12375.0000 7501.33972  39.4%   999 6795s
 15636  5696 7501.64930   11 2915 12375.0000 7501.64930  39.4%   999 6820s
 15642  5700 11141.6048  828 3162 12375.0000 7502.75339  39.4%   999 6848s
 15643  5700 7503.09847   50 3054 12375.0000 7503.09847  39.4%   999 6850s
 15646  5702 7503.17369   82 3111 12375.0000 7503.17369  39.4%   998 6875s
 15651  5706 7504.32295   23 3216 12375.0000 7504.32295  39.4%   998 6904s
 15652  5706 7505.21044   70 3058 12375.0000 7505.21044  39.4%   998 6906s
 15656  5709 9878.50917  427 3156 12375.0000 7505.32594  39.4%   998 6931s
 15658  5710 7506.99746  186 3066 12375.0000 7506.99746  39.3%   998 6936s
 15662  5713 7507.08553   35 3109 12375.0000 7507.08553  39.3%   997 6959s
 15663  5714 7507.36260  227 3091 12375.0000 7507.36260  39.3%   997 6960s
 15668  5717 7507.54552  246 3042 12375.0000 7507.54552  39.3%   997 6985s
 15673  5720 11510.0057  298 3188 12375.0000 7507.83428  39.3%   997 7013s
 15675  5722 7508.41135  189 3101 12375.0000 7508.41135  39.3%   996 7015s
 15678  5724 7508.42465  102 3222 12375.0000 7508.42465  39.3%   996 7040s
 15682  5726 8026.36788  373 3225 12375.0000 7508.89235  39.3%   996 7068s
 15683  5727 7509.30674  236 3120 12375.0000 7509.30674  39.3%   996 7070s
 15688  5730 9399.69219  307 3122 12375.0000 7509.49004  39.3%   996 7096s
 15693  5734 7509.91543  142 3320 12375.0000 7509.91543  39.3%   995 7123s
 15694  5734 7510.50340  120 3114 12375.0000 7510.50340  39.3%   995 7125s
 15698  5737 7510.57757   24 3207 12375.0000 7510.57757  39.3%   995 7151s
 15704  5741 7511.00277  227 3246 12375.0000 7511.00277  39.3%   995 7178s
 15706  5742 9753.55330  669 3206 12375.0000 7511.43149  39.3%   994 7180s
 15710  5745 8816.96435  276 3245 12375.0000 7511.58643  39.3%   994 7205s
 15714  5748 7512.30680  156 3286 12375.0000 7512.30680  39.3%   994 7234s
 15715  5748 7512.77477  224 3152 12375.0000 7512.77477  39.3%   994 7235s
 15718  5750 7512.89921   24 3344 12375.0000 7512.89921  39.3%   994 7262s
 15720  5752 7513.66636   45 3118 12375.0000 7513.66636  39.3%   994 7265s
 15724  5754 7513.68262   46 3184 12375.0000 7513.68262  39.3%   993 7290s
 15730  5758 7514.13957   35 3269 12375.0000 7514.13957  39.3%   993 7318s
 15731  5759 7514.69403   86 3216 12375.0000 7514.69403  39.3%   993 7320s
 15738  5764 7514.84921  195 3361 12375.0000 7514.84921  39.3%   992 7347s
H15738  5471                    12368.000000 7515.15481  39.2%   992 7351s
 15740  5472 7515.15481   33 3374 12368.0000 7515.15481  39.2%   992 7355s
 15742  5473 11141.6048  828 3429 12368.0000 7515.15481  39.2%   992 7380s
 15746  5476 7515.29530   82 3377 12368.0000 7515.29530  39.2%   992 7407s
H15746  5196                    12352.000000 7515.52684  39.2%   992 7409s
 15747  5197 9963.12731  732 3345 12352.0000 7515.52684  39.2%   992 7413s
 15748  5197 7515.64697   67 3303 12352.0000 7515.64697  39.2%   992 7415s
 15755  5202 7595.81180  350 3413 12352.0000 7515.78599  39.2%   991 7441s
 15760  5205 8064.64592   58 3373 12352.0000 7516.30999  39.1%   991 7469s
 15761  5206 8057.48615  119 3373 12352.0000 7516.45880  39.1%   991 7480s
 15766  5209 12352.0000  352 3368 12352.0000 7516.55602  39.1%   991 7507s
 15769  5211 7516.83216   99 3396 12352.0000 7516.83216  39.1%   991 7510s
 15777  5217 7517.30297   61 3371 12352.0000 7517.30297  39.1%   990 7516s
 15783  5221 7517.93545  236 3396 12352.0000 7517.93545  39.1%   990 7521s
 15789  5225 11710.8335 1104 3340 12352.0000 7518.47466  39.1%   989 7525s
 15795  5229 7994.25340  300 3237 12352.0000 7518.98428  39.1%   989 7530s
 15800  5232 7519.87404   93 3206 12352.0000 7519.87404  39.1%   989 7535s
 15808  5237 7520.24311   55 3404 12352.0000 7520.24311  39.1%   988 7540s
 15815  5242 7520.67652  224 3357 12352.0000 7520.67652  39.1%   988 7545s
 15820  5245 7521.20173   45 3309 12352.0000 7521.20173  39.1%   987 7550s
 15827  5250 7521.62034  164 3261 12352.0000 7521.62034  39.1%   987 7555s
 15834  5255 9561.09639  476 3267 12352.0000 7522.08728  39.1%   986 7560s
 15841  5259 12352.0000  191 3404 12352.0000 7522.96799  39.1%   986 7565s
 15848  5264 7523.33231   67 3265 12352.0000 7523.33231  39.1%   986 7570s
 15855  5269 7595.81180  350 3330 12352.0000 7523.57369  39.1%   985 7576s
 15859  5271 7749.10075  141 3243 12352.0000 7524.26602  39.1%   985 7580s
 15866  5276 12352.0000  352 3224 12352.0000 7525.04621  39.1%   984 7586s
 15871  5279 7525.43139   74 3242 12352.0000 7525.43139  39.1%   984 7590s
 15879  5285 7526.09495   26 3149 12352.0000 7526.09495  39.1%   984 7595s
 15885  5289 7526.79566  167 3282 12352.0000 7526.79566  39.1%   983 7600s
 15892  5293 8212.09976  321 3335 12352.0000 7527.13767  39.1%   983 7605s
 15899  5298 7527.78827   25 3256 12352.0000 7527.78827  39.1%   982 7611s
H15903  5028                    12347.000000 7528.01538  39.0%   982 7618s
 15904  5028 7528.01538  227 3223 12347.0000 7528.01538  39.0%   982 7624s
 15905  5029 9967.98290  260 3255 12347.0000 7528.02246  39.0%   982 7626s
 15908  5031 7528.25085   55 3204 12347.0000 7528.25085  39.0%   982 7630s
 15915  5036 7528.34910  224 3304 12347.0000 7528.34910  39.0%   981 7635s
 15920  5039 7528.47081   45 3315 12347.0000 7528.47081  39.0%   981 7640s
 15924  5042 7528.49626   46 3349 12347.0000 7528.49626  39.0%   981 7645s
 15929  5045 10967.4619  748 3325 12347.0000 7528.60936  39.0%   981 7650s
 15934  5048 9561.09639  476 3183 12347.0000 7529.07868  39.0%   980 7656s
 15941  5053 12347.0000  191 3211 12347.0000 7529.34369  39.0%   980 7660s
 15945  5056 11739.9129  914 3321 12347.0000 7529.41755  39.0%   980 7665s
 15949  5058 7529.86722  172 3406 12347.0000 7529.86722  39.0%   979 7670s
 15950  5059 7530.81700  124 3406 12347.0000 7530.81700  39.0%   979 7700s
 15951  5062 7689.04429   27 3090 12347.0000 7530.81700  39.0%   998 7719s
 15952  5064 7767.63573   28 2742 12347.0000 7530.81700  39.0%   999 7733s
 15955  5069 7769.48435   29 2716 12347.0000 7552.12776  38.8%   999 7751s
 15961  5078 7771.56792   30 2825 12347.0000 7576.84662  38.6%  1001 7774s
 15972  5086 7840.96977   30 2953 12347.0000 7598.38076  38.5%  1006 7839s
 15983  5113 7992.31099   31 2829 12347.0000 7598.38076  38.5%  1011 7976s
H15997  4847                    12340.000000 7598.38076  38.4%  1016 7976s
H15998  4598                    12247.000000 7598.38076  38.0%  1017 7976s
 16014  4625 8000.26296   32 2923 12247.0000 7598.38076  38.0%  1035 8022s
 16046  4736 8022.95337   33 2871 12247.0000 7598.38076  38.0%  1050 8101s
 16168  4784 8069.99294   37 2773 12247.0000 7598.38076  38.0%  1065 8151s
 16257  4787 8099.18623   39 2847 12247.0000 7598.38076  38.0%  1074 8186s
 16289  4824 8262.02154   40 2726 12247.0000 7598.38076  38.0%  1078 8225s
H16297  4585                    12217.000000 7598.38076  37.8%  1079 8225s
 16337  4599 8266.51061   41 2610 12217.0000 7598.38076  37.8%  1083 8262s
 16364  4644 8266.86494   42 2612 12217.0000 7598.38076  37.8%  1087 8293s
 16418  4671 8214.93437   40 2614 12217.0000 7598.38076  37.8%  1090 8326s
H16453  4434                    12187.000000 7598.38076  37.7%  1092 8326s
 16463  4485 8267.41296   43 2679 12187.0000 7598.38076  37.7%  1093 8370s
 16517  4544 8298.17215   45 2552 12187.0000 7598.38076  37.7%  1103 8411s
 16594  4547 8299.01649   46 2526 12187.0000 7598.38076  37.7%  1110 8444s
H16596  4334                    12186.000000 7598.38076  37.6%  1110 8444s
H16602  4129                    12172.000000 7598.38076  37.6%  1111 8444s
H16605  3936                    12164.000000 7598.38076  37.5%  1111 8444s
 16623  4015 8309.92041   47 2598 12164.0000 7598.38076  37.5%  1114 8484s
 16708  4056 8337.29001   49 2441 12164.0000 7598.38076  37.5%  1120 8521s
 16778  4118 8359.39424   50 2510 12164.0000 7598.38076  37.5%  1126 8560s
 16863  4121 8386.13133   52 2464 12164.0000 7598.38076  37.5%  1131 8586s
 16894  4144 8413.79238   53 2402 12164.0000 7598.38076  37.5%  1134 8616s
 16928  4167 8414.65871   54 2367 12164.0000 7598.38076  37.5%  1136 8643s
 16962  4196 8440.26558   55 2345 12164.0000 7598.38076  37.5%  1140 8676s
 17002  4213 8473.19970   56 2380 12164.0000 7598.38076  37.5%  1144 8707s
H17027  4022                    12162.000000 7598.38076  37.5%  1145 8707s
 17033  4081 8501.80880   57 2399 12162.0000 7598.38076  37.5%  1145 8750s
 17094  4093 8547.04503   59 2262 12162.0000 7598.38076  37.5%  1151 8780s
H17095  3918                    12114.000000 7598.38076  37.3%  1151 8780s
 17126  4033 8575.38725   60 2305 12114.0000 7598.38076  37.3%  1153 8819s
 17251  4141 8640.48820   63 2173 12114.0000 7598.38076  37.3%  1158 8863s
 17401  4246 8765.55953   69 2164 12114.0000 7598.38076  37.3%  1163 8911s
 17556  4439 8843.08031   75 1941 12114.0000 7598.38076  37.3%  1169 8960s
 17800  4619 8919.13884   83 2055 12114.0000 7598.38076  37.3%  1166 9007s
 18062  4817 8961.15493   87 1958 12114.0000 7598.38076  37.3%  1163 9056s
H18347  4665                    12110.000000 7598.38076  37.3%  1159 9095s
H18395  4493                    12067.000000 7598.38076  37.0%  1159 9095s
H18455  4555                    12066.000000 7598.38076  37.0%  1161 9139s
H18686  4608                    12060.000000 7598.38076  37.0%  1161 9183s
 18958  4821 9262.63438  111 1621 12060.0000 7598.38076  37.0%  1158 9232s
 19262  5131 9389.28920  121 1548 12060.0000 7598.38076  37.0%  1153 9282s
 19673  5310 9522.30953  131 1502 12060.0000 7598.38076  37.0%  1144 9330s
H19989  5222                    12054.000000 7598.38076  37.0%  1141 9376s
H20053  5072                    12047.000000 7598.38076  36.9%  1141 9376s
 20140  5343 9689.96650  150 1449 12047.0000 7598.38076  36.9%  1142 9431s
 20440  5451 9850.39462  162 1309 12047.0000 7598.38076  36.9%  1142 9486s
 20648  5414 10073.3222  170 1247 12047.0000 7598.38076  36.9%  1148 9522s
H20653  5291                    12041.000000 7598.38076  36.9%  1148 9522s
 20680  5686 10106.7147  171 1286 12041.0000 7598.38076  36.9%  1150 9575s
 21113  5861 10534.4535  183 1279 12041.0000 7598.38076  36.9%  1145 9634s
H21156  5732                    12040.000000 7598.38076  36.9%  1144 9634s
 21499  5969 infeasible  182      12040.0000 7598.38076  36.9%  1144 9699s
H21882  5831                    12034.000000 7598.38076  36.9%  1145 9744s
H21888  5831                    12024.000000 7598.38076  36.8%  1145 9744s
H21892  5831                    12003.000000 7598.38076  36.7%  1145 9744s
 21920  6054 7911.39614   36 2711 12003.0000 7598.38076  36.7%  1148 9808s
 22276  6329 8060.88669   37 2569 12003.0000 7598.38076  36.7%  1151 9880s
 22680  6611 8323.73004   39 2111 12003.0000 7598.38076  36.7%  1152 9953s
 22993  6813 8572.41187   42 1996 12003.0000 7655.69519  36.2%  1157 10000s
H23115  6813                    12001.000000 7660.56828  36.2%  1155 10000s

Cutting planes:
  Learned: 3
  Gomory: 35
  Lift-and-project: 2
  Cover: 1073
  Implied bound: 41
  Projected implied bound: 5
  Clique: 155
  MIR: 259
  StrongCG: 451
  Flow cover: 2632
  GUB cover: 160
  Zero half: 456
  RLT: 858
  Relax-and-lift: 65
  BQP: 8
  PSD: 1

Explored 23195 nodes (26942188 simplex iterations) in 10000.35 seconds (11823.16 work units)
Thread count was 32 (of 64 available processors)

Solution count 10: 12001 12003 12024 ... 12066

Time limit reached
Best objective 1.200100000000e+04, best bound 7.661000000000e+03, gap 36.1637%
Solved rc101_Even -> /project2/ssuen_1733/output/v4_exact_weekly_fairness_w10_l100_mad/rc101_Even.pkl / /project2/ssuen_1733/output/v4_exact_weekly_fairness_w10_l100_mad/rc101_Even.json / /project2/ssuen_1733/output/v4_exact_weekly_fairness_w10_l100_mad/rc101_Even_running_synopsis.json
[Mon Sep 28 12:04:26 PDT 2026] Finished run_single_instance for rc101_Even
