==========================================
SLURM_JOB_ID = 5298006
SLURM_JOB_NODELIST = b22-06
TMPDIR = /tmp/SLURM_5298006
==========================================
Using Python:
Python 3.10.18
Checking core dependencies:
numpy: 2.2.6
gurobi: (12, 0, 3)
[Mon Dec 15 16:47:16 PST 2025] Starting run_single_instance on b22-06.hpc.usc.edu for c201_Skewed2
Set parameter TokenServer to value "hpc-licenses.hpcc.usc.edu"
Set parameter TimeLimit to value 43200
Set parameter Seed to value 42
Set parameter OutputFlag to value 1
Gurobi Optimizer version 12.0.3 build v12.0.3rc0 (linux64 - "Rocky Linux 8.10 (Green Obsidian)")

CPU model: AMD EPYC 7542 32-Core Processor, instruction set [SSE2|AVX|AVX2]
Thread count: 64 physical cores, 128 logical processors, using up to 32 threads

Non-default parameters:
TimeLimit  43200
Seed  42

Optimize a model with 703550 rows, 728000 columns and 5954600 nonzeros
Model fingerprint: 0xcc073481
Variable types: 0 continuous, 728000 integer (727500 binary)
Coefficient statistics:
  Matrix range     [1e+00, 1e+03]
  Objective range  [2e+00, 1e+02]
  Bounds range     [1e+00, 5e+01]
  RHS range        [1e+00, 1e+03]
Presolve removed 677100 rows and 697454 columns
Presolve time: 1.47s
Presolved: 26450 rows, 30546 columns, 188750 nonzeros
Variable types: 0 continuous, 30546 integer (30500 binary)
Performing another presolve...
Presolve removed 650 rows and 200 columns (presolve time = 8s)...
Presolve removed 650 rows and 200 columns
Presolve time: 7.86s
Deterministic concurrent LP optimizer: primal and dual simplex
Showing primal log only...


Root simplex log...

Iteration    Objective       Primal Inf.    Dual Inf.      Time
       0    6.7800000e+02   3.450000e+02   1.625546e+10     12s
Concurrent spin time: 0.00s

Solved with dual simplex

Root simplex log...

Iteration    Objective       Primal Inf.    Dual Inf.      Time
   13069    4.6573869e+03   0.000000e+00   0.000000e+00     13s

Root relaxation: objective 4.657387e+03, 13069 iterations, 1.17 seconds (0.97 work units)
Total elapsed time = 13.28s (DegenMoves)

    Nodes    |    Current Node    |     Objective Bounds      |     Work
 Expl Unexpl |  Obj  Depth IntInf | Incumbent    BestBd   Gap | It/Node Time

     0     0 4657.38693    0  666          - 4657.38693      -     -   13s
     0     0 4671.67437    0  815          - 4671.67437      -     -   14s
     0     0 4672.71582    0  840          - 4672.71582      -     -   14s
     0     0 4672.71582    0  838          - 4672.71582      -     -   14s
     0     0 4705.65019    0  882          - 4705.65019      -     -   15s
     0     0 4705.71048    0  953          - 4705.71048      -     -   15s
     0     0 4705.71048    0  917          - 4705.71048      -     -   15s
     0     0 4705.71048    0  917          - 4705.71048      -     -   15s
     0     0 4733.09480    0  955          - 4733.09480      -     -   16s
     0     0 4736.91639    0  931          - 4736.91639      -     -   16s
     0     0 4740.82993    0  955          - 4740.82993      -     -   17s
     0     0 4740.86915    0  954          - 4740.86915      -     -   17s
     0     0 4740.86915    0  955          - 4740.86915      -     -   17s
     0     0 4825.79710    0  859          - 4825.79710      -     -   18s
     0     0 4828.51354    0  850          - 4828.51354      -     -   18s
     0     0 4830.21374    0  860          - 4830.21374      -     -   18s
     0     0 4830.39478    0  874          - 4830.39478      -     -   18s
     0     0 4830.50728    0  867          - 4830.50728      -     -   18s
     0     0 4830.50728    0  868          - 4830.50728      -     -   18s
     0     0 4897.17731    0  925          - 4897.17731      -     -   19s
     0     0 4898.73139    0 1070          - 4898.73139      -     -   19s
     0     0 4898.87296    0 1087          - 4898.87296      -     -   19s
     0     0 4898.87296    0 1094          - 4898.87296      -     -   19s
     0     0 4939.26122    0  961          - 4939.26122      -     -   20s
     0     0 4942.52890    0 1004          - 4942.52890      -     -   20s
     0     0 4942.55749    0 1005          - 4942.55749      -     -   20s
     0     0 4982.91379    0  928          - 4982.91379      -     -   21s
     0     0 4984.50358    0  984          - 4984.50358      -     -   21s
     0     0 4984.50552    0  989          - 4984.50552      -     -   21s
     0     0 5001.98819    0 1033          - 5001.98819      -     -   21s
     0     0 5002.86839    0 1045          - 5002.86839      -     -   22s
     0     0 5002.86839    0 1087          - 5002.86839      -     -   22s
     0     0 5002.86839    0 1081          - 5002.86839      -     -   22s
     0     0 5002.86839    0 1129          - 5002.86839      -     -   22s
     0     0 5002.86839    0 1125          - 5002.86839      -     -   22s
     0     0 5030.81107    0 1144          - 5030.81107      -     -   22s
     0     0 5032.01118    0 1142          - 5032.01118      -     -   23s
     0     0 5032.01118    0 1140          - 5032.01118      -     -   23s
     0     0 5032.01118    0 1136          - 5032.01118      -     -   23s
     0     0 5066.74134    0 1023          - 5066.74134      -     -   23s
     0     0 5068.30070    0 1081          - 5068.30070      -     -   23s
     0     0 5068.56143    0 1102          - 5068.56143      -     -   24s
     0     0 5068.56143    0 1105          - 5068.56143      -     -   24s
     0     0 5096.94384    0 1172          - 5096.94384      -     -   24s
     0     0 5097.16519    0 1194          - 5097.16519      -     -   24s
     0     0 5097.20525    0 1204          - 5097.20525      -     -   24s
     0     0 5111.18943    0 1114          - 5111.18943      -     -   25s
     0     0 5111.46862    0 1113          - 5111.46862      -     -   25s
     0     0 5111.50101    0 1135          - 5111.50101      -     -   25s
     0     0 5118.91693    0 1141          - 5118.91693      -     -   25s
     0     0 5120.31570    0 1161          - 5120.31570      -     -   26s
     0     0 5120.38901    0 1145          - 5120.38901      -     -   26s
     0     0 5122.92897    0 1152          - 5122.92897      -     -   26s
     0     0 5123.18541    0 1167          - 5123.18541      -     -   26s
     0     0 5123.22710    0 1175          - 5123.22710      -     -   26s
     0     0 5123.63414    0 1189          - 5123.63414      -     -   27s
     0     0 5123.64883    0 1195          - 5123.64883      -     -   27s
     0     0 5124.03752    0 1149          - 5124.03752      -     -   27s
     0     0 5124.43752    0 1107          - 5124.43752      -     -   27s
     6     4 5212.78196    2  136          - 5212.78196      -  59.3   44s
    79    63 5215.10418    8  112          - 5215.10067      -  87.1   45s
   592   212 5260.98990    3   88          - 5260.98990      -  56.8   50s
  1091   323 5324.78361    2  226          - 5324.78361      -  50.7   56s
  1185   519 5324.78361    8  239          - 5324.78361      -  75.1   61s
  1573   829 5339.12722   16  248          - 5324.78361      -  91.3   65s
  1606   833 5489.22299    2  343          - 5489.22299      -  97.4   80s
  1636   893 5493.12814    6  399          - 5490.33711      -   104   85s
  1854  1149 5506.50945   11  340          - 5493.12814      -   121   91s
  2073  1366 5507.26233   15  438          - 5493.12814      -   135   96s
  2144  1370 5575.34360    2  350          - 5575.34360      -   154  123s
  2150  1382 5577.65234    4  349          - 5577.65234      -   156  126s
  2174  1430 5578.64090    6  350          - 5578.64090      -   165  131s
  2238  1554 5578.72163    8  328          - 5578.64090      -   183  135s
  2432  1741 5580.46555   12  337          - 5578.64090      -   193  142s
  2523  1772 5581.64434   15  371          - 5578.64090      -   198  145s
  2597  1934 5582.85536   17  370          - 5578.64090      -   200  150s
  2897  2175 5600.10616   24  406          - 5578.64090      -   199  155s
  3187  2492 5605.36745   33  399          - 5578.64090      -   197  160s
  3455  2773 5611.08276   40  299          - 5578.64090      -   195  166s
  3732  3021 5799.76153   46  384          - 5578.64090      -   195  171s
  4041  3353 5795.08097   52  326          - 5578.64090      -   197  175s
  4449  3781 5623.65411   59  350          - 5578.64090      -   194  180s
  4889  4248 5633.62685   64  388          - 5578.64090      -   193  186s
  5410  4668 5638.72303   77  314          - 5578.64090      -   189  191s
  5662  4939 5641.68021   82  352          - 5578.64090      -   192  196s
  6326  5636 5647.32569  102  348          - 5578.64090      -   190  201s
  6734  6058 5654.69957  106  312          - 5578.64090      -   189  205s
  7512  6874 5663.53651  128  290          - 5578.64090      -   185  212s
  8114  7514 5668.73919  147  243          - 5578.64090      -   179  216s
  8714  8037 5672.19905  165  358          - 5578.64090      -   175  220s
  9309  8731 5678.16895  182  313          - 5578.64664      -   174  225s
 10112  9512 5716.14249  212  266          - 5578.64664      -   170  231s
 10967 10418 5696.00350  242  309          - 5578.64664      -   165  237s
 11973 11477 5708.78760  266  336          - 5586.53780      -   160  242s
 13046 12270 5723.79188  288  283          - 5586.53780      -   156  246s
 13491 12798 5727.43525  294  288          - 5586.53780      -   155  250s
 14610 13741 5749.35620  324  278          - 5586.53780      -   151  256s
 15156 14279 5758.04533  341  251          - 5586.53780      -   150  260s
 16328 15218 5825.11882  375  291          - 5586.53780      -   150  269s
 17253  1605 6072.75999   32  739          - 6072.63206      -   163  500s
 17259  1615 6073.34225   34  688          - 6072.92562      -   164  507s
 17267  1628 6073.66828   35  769          - 6073.36925      -   164  511s
 17283  1655 6074.16874   36  859          - 6073.67108      -   165  519s
 17315  1651 6074.24572   37  822          - 6074.21303      -   167  523s
 17347  1672 6074.85245   38  763          - 6074.21303      -   168  529s
 17379  1694 6075.00491   39  766          - 6074.21303      -   169  535s
 17411  1713 6123.58693   39  453          - 6074.21303      -   169  541s
 17443  1734 6075.97617   40  657          - 6074.21303      -   170  547s
 17475  1810 6090.55489   40  550          - 6074.21303      -   171  554s
 17572  1809 6075.99846   41  667          - 6074.21303      -   172  559s
 17604  1862 6109.17910   41  583          - 6074.21303      -   173  566s
 17678  1889 6076.25058   42  739          - 6074.21303      -   175  572s
 17730  1952 6118.89451   42  596          - 6074.21303      -   176  578s
 17808  2029 6076.45855   43  683          - 6074.21303      -   178  584s
 17885  2104 6077.24866   44  703          - 6074.21303      -   180  589s
 17967  2174 6147.82176   44  636          - 6074.21303      -   181  595s
 18043  2247 6078.17487   45  619          - 6074.21303      -   182  600s
 18116  2278 6078.90841   46  613          - 6074.21303      -   183  605s
 18149  2312 6131.80459   46  462          - 6074.21303      -   184  610s
 18183  2346 6081.43912   47  626          - 6074.21303      -   185  615s
 18217  2377 6079.66589   47  701          - 6074.21303      -   185  620s
 18252  2410 6080.19055   48  663          - 6074.21303      -   186  626s
 18285  2444 6120.70860   48  627          - 6074.21303      -   187  633s
 18319  2476 6081.16323   49  608          - 6074.21303      -   189  640s
 18351  2512 6117.51624   49  588          - 6074.21303      -   189  646s
 18387  2543 6081.76732   50  614          - 6074.21303      -   190  654s
 18419  2577 6171.88477   50  459          - 6074.21303      -   192  661s
 18455  2609 6092.70719   51  625          - 6074.21303      -   194  669s
 18487  2648 6125.48241   51  574          - 6074.21303      -   195  675s
 18527  2729 6093.83472   52  625          - 6074.21303      -   197  682s
 18610  2829 6165.65478   52  500          - 6074.21303      -   199  689s
 18718  2954 6115.07151   53  471          - 6074.21303      -   201  696s
 18856  3088 6105.54383   53  576          - 6074.24823      -   203  705s
 19007  3117 6109.66698   54  697          - 6074.24823      -   206  713s
 19039  3147 6149.80995   54  492          - 6074.24823      -   207  720s
 19074  3179 6158.47430   55  518          - 6074.24823      -   208  727s
 19110  3212 6136.21177   55  538          - 6074.24823      -   208  735s
 19145  3268 6137.36858   56  569          - 6074.24823      -   209  742s
 19201  3373 6265.34819   56  432          - 6074.24823      -   210  750s
H19312  3373                    8682.0000000 6074.24823  30.0%   213  750s
 19344  3504 6079.53972   20  325 8682.00000 6074.24823  30.0%   212  755s
 19526  3647 6079.86296   24  357 8682.00000 6074.24823  30.0%   212  760s
 19696  3835 6084.93164   27  344 8682.00000 6074.24823  30.0%   213  766s
 19989  4122 6087.00356   34  328 8682.00000 6074.24823  30.0%   213  771s
 20197  4332 6089.93822   39  360 8682.00000 6074.24823  30.0%   213  776s
 20333  4395 6091.64792   41  375 8682.00000 6074.24823  30.0%   213  780s
 20538  4633 6093.05996   46  356 8682.00000 6074.24823  30.0%   213  789s
 20606  4793 6094.18843   47  458 8682.00000 6074.24823  30.0%   213  791s
 20941  5127 6095.68946   56  424 8682.00000 6074.24823  30.0%   212  796s
 21281  5307 6097.05762   60  378 8682.00000 6074.24823  30.0%   212  801s
 21314  5507 6097.06038   61  375 8682.00000 6074.24823  30.0%   212  805s
 21883  6049 6100.06347   75  408 8682.00000 6074.39734  30.0%   210  811s
 22095  6261 6100.14137   76  427 8682.00000 6074.39734  30.0%   210  815s
 22347  6324 6101.82038   83  432 8682.00000 6074.43554  30.0%   210  820s
 22418  6394 6101.97440   85  429 8682.00000 6074.43554  30.0%   209  826s
 22491  6466 6102.49182   87  403 8682.00000 6074.43554  30.0%   209  832s
 22523  6719 6103.72613   88  424 8682.00000 6074.43554  30.0%   209  835s
 22827  7081 6108.72514   90  349 8682.00000 6075.48559  30.0%   209  841s
H23485  7388                    8650.0000000 6075.48559  29.8%   208  844s
 23963  7629 6086.58713   24  158 8650.00000 6084.66654  29.7%   204  845s
 26123  8493 6109.12988   49  109 8650.00000 6096.11654  29.5%   191  850s
 30088  9174 6119.67362   32  144 8650.00000 6110.49446  29.4%   171  855s
 34625  9736 6145.93174   17  218 8650.00000 6145.93174  28.9%   153  860s
 35430 10549 6145.93174   46  231 8650.00000 6145.93174  28.9%   152  865s
 36551 11707 6145.93174   66  265 8650.00000 6145.93174  28.9%   151  870s
 37413 12286 6145.93174   80  217 8650.00000 6145.93174  28.9%   150  875s
 38322 13300 6145.93174   91  293 8650.00000 6145.93174  28.9%   149  880s
 39618 14553 6145.93174  108  256 8650.00000 6145.93174  28.9%   147  885s
H40018 14653                    8278.0000000 6145.93174  25.8%   147  886s
 40018 14818 6209.05210   57  567 8278.00000 6145.93174  25.8%   146  896s
 40192 14940 6210.38692   58  526 8278.00000 6145.93174  25.8%   147  902s
 40328 15052 6251.07877   59  498 8278.00000 6145.93174  25.8%   148  909s
 40454 15187 6232.67885   59  534 8278.00000 6145.93174  25.8%   149  916s
 40604 15307 6234.71199   60  502 8278.00000 6149.95578  25.7%   150  922s
 40730 15455 6236.24813   61  552 8278.00000 6149.95578  25.7%   151  929s
 40887 15585 6237.52157   62  586 8278.00000 6149.95578  25.7%   152  936s
 41035 15739 6239.60514   63  562 8278.00000 6149.99132  25.7%   154  942s
 41203 15884 6240.11464   64  576 8278.00000 6149.99132  25.7%   155  949s
 41366 16192 6243.31450   65  616 8278.00000 6153.14985  25.7%   156  956s
 41683 16489 6246.86804   66  572 8278.00000 6153.14985  25.7%   157  963s
 41988 16839 6248.57674   67  521 8278.00000 6153.14985  25.7%   158  970s
 42347 17222 6248.90255   68  534 8278.00000 6153.14985  25.7%   159  979s
 42751 17546 6315.30480   69  466 8278.00000 6153.14985  25.7%   161  988s
 43102 17805 6251.95188   71  516 8278.00000 6154.48578  25.7%   162  994s
 43375 18151 6252.57101   72  555 8278.00000 6154.48578  25.7%   164 1002s
 43744 18457 6253.62037   73  569 8278.00000 6162.24322  25.6%   166 1009s
 44073 18737 6254.50400   75  475 8278.00000 6162.24322  25.6%   168 1016s
 44378 18922 6255.53555   76  537 8278.00000 6162.24322  25.6%   169 1024s
 44567 19433 6381.72083   77  501 8278.00000 6162.24322  25.6%   171 1032s
 45086 19631 6255.99481   79  518 8278.00000 6162.24322  25.6%   172 1041s
 45291 20292 6256.52117   80  503 8278.00000 6162.24322  25.6%   173 1050s
 46340 20850 6202.10994  101  465 8278.00000 6162.77554  25.6%   175 1056s
 46572 20882 6202.28556  102  464 8278.00000 6162.77554  25.6%   175 1060s
 46636 20946 6205.66870  104  448 8278.00000 6162.77554  25.6%   175 1066s
 47089 21734 6215.04641  112  437 8278.00000 6162.77554  25.6%   174 1072s
 47485 22011 6254.58295  117  399 8278.00000 6162.77554  25.6%   174 1075s
 48102 22728 6224.13999  128  373 8278.00000 6162.77554  25.6%   173 1083s
 48557 22760 6224.46350  129  404 8278.00000 6162.77554  25.6%   173 1086s
 48643 22931 6226.56719  131  426 8278.00000 6162.77554  25.6%   173 1093s
 48772 23162 6226.79520  132  429 8278.00000 6162.77554  25.6%   173 1097s
 49033 23716 6233.31738  133  364 8278.00000 6162.77554  25.6%   172 1101s
 50255 24420 6237.74994  143  353 8278.00000 6162.77554  25.6%   171 1109s
 50445 24792 6238.29316  144  346 8278.00000 6162.77554  25.6%   171 1113s
 50867 24823 6239.30820  146  349 8278.00000 6162.77554  25.6%   170 1117s
 50908 24906 6272.21496  146  348 8278.00000 6162.77554  25.6%   170 1121s
 50993 25027 6239.30820  147  357 8278.00000 6162.77554  25.6%   170 1126s
 51120 25196 6240.09522  148  407 8278.00000 6162.77554  25.6%   170 1131s
H51301 25196                    8264.0000000 6162.77554  25.4%   171 1131s
 56609 22862 6204.29858  118  297 8264.00000 6204.29858  24.9%   157 1135s
 57579 23742 6204.29858  135  242 8264.00000 6204.29858  24.9%   156 1141s
 58413 24654 6204.29858  156  227 8264.00000 6204.29858  24.9%   156 1145s
 59289 25316 6204.29858  177  241 8264.00000 6204.29858  24.9%   155 1151s
 60342 25382 6204.29858   16  309 8264.00000 6204.29858  24.9%   154 1162s
 60356 25403 6204.29858   19  273 8264.00000 6204.29858  24.9%   154 1165s
 60433 25053 6204.29858   22  327 8264.00000 6204.29858  24.9%   155 1170s
 60548 24762 6204.29858   24  313 8264.00000 6204.29858  24.9%   155 1175s
 60780 24870 6326.63919   26  211 8264.00000 6204.29858  24.9%   155 1181s
 60977 24970 6204.29858   28  325 8264.00000 6204.29858  24.9%   155 1185s
 61169 25041 6338.48814   29  181 8264.00000 6204.29858  24.9%   156 1190s
 61334 25127 6204.29858   31  327 8264.00000 6204.29858  24.9%   156 1196s
 61517 25203 6299.50741   32  266 8264.00000 6206.40308  24.9%   156 1201s
 61677 25290 6377.83557   33  250 8264.00000 6296.55394  23.8%   157 1205s
 61962 24732 6435.02783   35  270 8264.00000 6296.55394  23.8%   157 1211s
 62422 25006 6490.92717   36  225 8264.00000 6299.50912  23.8%   157 1216s
 62811 25155 6493.15712   38  222 8264.00000 6318.96256  23.5%   157 1221s
 63260 25444 6605.07045   41  162 8264.00000 6318.96699  23.5%   157 1225s
H63551 25347                    8209.0000000 6318.96699  23.0%   157 1225s
 63551 26170 6414.15174   82  576 8209.00000 6318.96699  23.0%   157 1239s
 64417 26393 6414.64686   84  526 8209.00000 6318.96764  23.0%   159 1246s
 64690 26976 6414.95768   85  552 8209.00000 6318.96764  23.0%   159 1255s
 65325 27290 6416.67579   87  504 8209.00000 6318.96764  23.0%   160 1264s
 65659 27836 6586.82014   88  437 8209.00000 6318.96764  23.0%   161 1273s
 66253 28269 6418.91372   90  531 8209.00000 6318.96764  23.0%   162 1281s
 66770 28830 6420.83796   92  531 8209.00000 6322.93249  23.0%   163 1290s
 67354 29433 6530.95053   93  453 8209.00000 6322.93249  23.0%   164 1298s
 68002 29686 6423.69368   95  525 8209.00000 6322.93249  23.0%   165 1307s
 68262 29916 6424.03234   97  523 8209.00000 6322.93249  23.0%   167 1317s
 68505 30282 6580.22055   98  420 8209.00000 6322.93249  23.0%   168 1327s
 68923 30745 6426.54105  100  543 8209.00000 6335.96897  22.8%   169 1339s
 69403 30777 6427.05891  102  511 8209.00000 6335.96897  22.8%   171 1349s
 69435 30807 6541.37563  102  427 8209.00000 6335.96897  22.8%   171 1360s
 69467 30840 6427.48574  103  519 8209.00000 6335.96897  22.8%   171 1371s
 69500 30964 6606.77445  103  389 8209.00000 6335.96897  22.8%   171 1382s
 69636 31318 6427.94289  104  559 8209.00000 6335.96897  22.8%   172 1393s
 69992 32518 6572.35263  104  436 8209.00000 6335.96897  22.8%   172 1415s
 71227 32906 6413.52681  149  353 8209.00000 6335.96897  22.8%   174 1422s
 71627 33688 6419.49456  160  368 8209.00000 6335.96897  22.8%   174 1428s
 72446 34304 6425.53531  191  394 8209.00000 6335.96897  22.8%   174 1432s
 73136 35009 6439.80488  202  370 8209.00000 6335.96897  22.8%   173 1437s
 74420 33613 6544.54533   20 1011 8209.00000 6544.54533  20.3%   174 1782s
 74422 33615 6544.54533   21  982 8209.00000 6544.54533  20.3%   175 1786s
 74426 33619 6544.54533   22  972 8209.00000 6544.54533  20.3%   175 1790s
 74432 33627 6544.85873   23 1024 8209.00000 6544.54533  20.3%   175 1795s
 74444 33644 6544.87881   24  994 8209.00000 6544.86145  20.3%   175 1802s
 74466 33668 6544.96866   25  980 8209.00000 6544.87976  20.3%   176 1814s
 74498 33688 6545.14283   26  964 8209.00000 6544.96883  20.3%   176 1824s
 74531 33719 6545.26779   27  972 8209.00000 6544.96883  20.3%   177 1835s
 74573 33790 6545.35931   28  953 8209.00000 6544.96883  20.3%   177 1846s
 74658 33794 6545.56058   29  971 8209.00000 6544.96883  20.3%   178 1854s
 74690 33817 6591.60194   29  687 8209.00000 6544.96883  20.3%   178 1863s
 74726 33841 6545.65033   30  938 8209.00000 6544.96883  20.3%   178 1871s
 74762 33863 6583.88631   30  726 8209.00000 6544.96883  20.3%   178 1881s
 74801 33890 6547.32704   31  815 8209.00000 6544.96883  20.3%   179 1890s
 74844 33923 6546.61714   31  988 8209.00000 6544.96883  20.3%   179 1898s
 74896 33967 6547.33551   32  879 8209.00000 6544.96883  20.3%   179 1906s
 74959 34015 6593.76361   32  614 8209.00000 6544.96883  20.3%   180 1914s
 75037 34064 6547.53398   33  882 8209.00000 6544.96883  20.3%   180 1924s
 75117 34067 6548.17995   34  877 8209.00000 6544.96883  20.3%   180 1932s
 75150 34093 6552.23593   34  926 8209.00000 6546.19653  20.3%   180 1941s
 75188 34111 6548.41503   35  963 8209.00000 6546.19654  20.3%   181 1949s
 75220 34141 6581.76241   35  578 8209.00000 6546.19654  20.3%   181 1958s
 75261 34193 6548.60159   36  914 8209.00000 6546.19654  20.3%   181 1967s
 75328 34253 6602.92747   36  651 8209.00000 6546.19654  20.3%   182 1976s
 75415 34318 6548.71570   37  855 8209.00000 6546.19654  20.3%   182 1986s
 75517 34395 6549.43348   38  845 8209.00000 6546.61912  20.3%   183 1995s
 75632 34468 6552.01669   39  817 8209.00000 6546.61912  20.3%   183 2004s
 75749 34553 6550.07203   39  868 8209.00000 6546.61912  20.3%   184 2015s
 75875 34651 6550.43081   41  833 8209.00000 6546.61912  20.3%   184 2024s
 76022 34734 6550.56624   42  839 8209.00000 6546.61912  20.3%   184 2033s
 76161 34820 6550.65103   43  865 8209.00000 6546.61912  20.3%   185 2042s
 76301 34804 6550.73666   44  844 8209.00000 6546.61912  20.3%   185 2052s
 76333 34829 6604.60847   44  614 8209.00000 6546.61912  20.3%   185 2063s
 76368 34874 6550.79341   45  847 8209.00000 6546.61912  20.3%   186 2073s
 76427 34961 6583.07538   45  749 8209.00000 6546.61912  20.3%   186 2084s
 76543 35079 6550.84704   46  824 8209.00000 6546.61912  20.3%   186 2097s
 76709 35197 6551.41999   47  869 8209.00000 6546.61912  20.3%   186 2108s
 76906 35292 6552.43697   48  830 8209.00000 6546.61912  20.3%   187 2120s
 77087 35326 6553.21637   49  842 8209.00000 6546.61912  20.3%   188 2135s
 77200 35460 6553.21905   50  815 8209.00000 6546.61912  20.3%   188 2149s
 77407 35557 6553.31850   51  875 8209.00000 6546.61912  20.3%   189 2163s
 77608 35635 6553.61245   52  921 8209.00000 6546.61912  20.3%   189 2177s
 77804 35758 6553.70732   53  903 8209.00000 6546.61912  20.3%   190 2191s
 78047 35949 6553.79759   54 1007 8209.00000 6546.65234  20.3%   191 2205s
H78341 35851                    8202.0000000 6546.65234  20.2%   192 2205s
 78393 35907 6903.46810   44  128 8202.00000 6546.65234  20.2%   192 2212s
 78427 36075 6814.52421   45  164 8202.00000 6549.20919  20.2%   192 2218s
 78656 36187 6813.27230   45  156 8202.00000 6549.20919  20.2%   192 2222s
 79772 36124 6835.54474   58  187 8202.00000 6550.24732  20.1%   191 2226s
 80321 36343 6842.79861   63  149 8202.00000 6550.24732  20.1%   191 2231s
 80924 36449 6851.78158   68  167 8202.00000 6551.28576  20.1%   191 2236s
 81466 36743 6853.97600   73  183 8202.00000 6551.28576  20.1%   191 2241s
 82132 36887 6977.78777   79  175 8202.00000 6557.95502  20.0%   190 2245s
 82844 37194 7033.17282   86  143 8202.00000 6557.95502  20.0%   190 2251s
 83378 37421 6975.23969   91  149 8202.00000 6570.04281  19.9%   191 2257s
 83711 37564 7048.83330  101  160 8202.00000 6575.25773  19.8%   191 2260s
 84694 37769 6979.45694   30  212 8202.00000 6579.84541  19.8%   190 2265s
 85814 38116 6817.29645   38  184 8202.00000 6582.84742  19.7%   190 2272s
 86338 38456 6949.13540   41  173 8202.00000 6582.84860  19.7%   190 2275s
H87651 38425                    8199.0000000 6585.71922  19.7%   189 2279s
 87651 40250 6681.58038  106  510 8199.00000 6585.71922  19.7%   189 2296s
 89649 41008 6796.22147  110  376 8199.00000 6585.71922  19.7%   190 2310s
 90502 41897 6686.14612  112  474 8199.00000 6587.88906  19.7%   190 2318s
 91433 42857 6696.94704  113  435 8199.00000 6587.88906  19.7%   190 2327s
 92463 43773 6723.33733  115  377 8199.00000 6587.88906  19.7%   190 2336s
 93448 44852 6723.36849  116  379 8199.00000 6587.88906  19.7%   190 2345s
 94665 45843 6725.96797  119  364 8199.00000 6587.88906  19.7%   190 2353s
 95846 46297 6730.95352  122  446 8199.00000 6587.88906  19.7%   190 2362s
 96393 46813 6731.53394  124  424 8199.00000 6587.88906  19.7%   191 2372s
 97037 47119 6597.57285   55  921 8199.00000 6587.88906  19.7%   192 2387s
 97371 47126 6597.66061   56  902 8199.00000 6587.88906  19.7%   193 2399s
 97491 47148 6597.72169   57  970 8199.00000 6587.88906  19.7%   193 2410s
 97555 47194 6659.15000   58  668 8199.00000 6587.88906  19.7%   194 2424s
 97641 47270 6597.89349   59  951 8199.00000 6587.88906  19.7%   194 2438s
 97749 47498 6598.23848   60 1034 8199.00000 6587.88906  19.7%   195 2453s
 98050 47682 6598.25748   61 1019 8199.00000 6587.88906  19.7%   195 2470s
 98425 47796 6598.62049   63  989 8199.00000 6588.74323  19.6%   196 2486s
 98706 48068 6613.67375   64  668 8199.00000 6588.74323  19.6%   198 2501s
 99079 48364 6617.79342   65  750 8199.00000 6588.74323  19.6%   199 2515s
 99534 48391 6612.55610   67  738 8199.00000 6588.74323  19.6%   200 2530s
 99752 48352 6614.39843   68  729 8199.00000 6588.74323  19.6%   200 2544s
 99789 48386 6639.82539   68  624 8199.00000 6588.74323  19.6%   200 2561s
 99841 48554 6644.70858   69  631 8199.00000 6588.74323  19.6%   201 2579s
 100047 48639 6614.39843   69  728 8199.00000 6589.02832  19.6%   201 2595s
 100225 48900 6614.71422   70  731 8199.00000 6589.02832  19.6%   202 2613s
 100587 48946 6614.84348   71  754 8199.00000 6590.44461  19.6%   202 2632s
 100772 49291 6615.03872   73  731 8199.00000 6590.68516  19.6%   203 2651s
 101220 49453 6615.28093   75  740 8199.00000 6590.68516  19.6%   205 2670s
 101559 49911 6615.51317   77  734 8199.00000 6590.68516  19.6%   206 2690s
 102211 50227 6615.92742   79  836 8199.00000 6590.68634  19.6%   207 2709s
 102814 50696 6618.07289   81  647 8199.00000 6590.68634  19.6%   208 2729s
 103512 51037 6621.58707   84  778 8199.00000 6590.68634  19.6%   209 2749s
 104130 51778 6624.19145   86  721 8199.00000 6590.68634  19.6%   210 2769s
 105152 52327 6624.33770   88  720 8199.00000 6590.79366  19.6%   210 2791s
 106168 52450 6764.51500   23  154 8199.00000 6591.29777  19.6%   211 2795s
 107618 53010 7004.17745   44  152 8199.00000 6591.29777  19.6%   211 2802s
 108373 53266 7034.35827   64  179 8199.00000 6591.29777  19.6%   210 2806s
 109076 53442 7023.58881   34  172 8199.00000 6609.03194  19.4%   210 2810s
 110075 53271 7012.90015   33  149 8199.00000 6621.19846  19.2%   210 2817s
 110126 53393 7043.22681   35  117 8199.00000 6636.29262  19.1%   210 2820s
 110409 53714 6792.09084   24  150 8199.00000 6636.29262  19.1%   210 2825s
 111898 53800 6782.64360   31  199 8199.00000 6646.85093  18.9%   209 2834s
 112288 54243 6921.20723   33  195 8199.00000 6646.85093  18.9%   210 2838s
 113255 54665 6919.71960   60  164 8199.00000 6656.07058  18.8%   209 2846s
 114307 55045 7002.61152   79  164 8199.00000 6656.07058  18.8%   209 2851s
 115007 55613 7029.14069  101  239 8199.00000 6673.36940  18.6%   209 2856s
 116046 56361 6825.53967   31  232 8199.00000 6698.96195  18.3%   209 2862s
 117311 56963 7022.63092   28  129 8199.00000 6706.59973  18.2%   208 2867s
 118401 59038 6853.56269  126  399 8199.00000 6709.72064  18.2%   208 2888s
 120774 59274 6859.52830  131  367 8199.00000 6709.72064  18.2%   208 2899s
 121052 59578 6860.09311  133  369 8199.00000 6710.52759  18.2%   209 2913s
 121367 60469 6861.75482  135  405 8199.00000 6710.52759  18.2%   210 2927s
 122290 61936 6864.29541  138  404 8199.00000 6710.52759  18.2%   211 2943s
 123936 62416 6874.78239  143  445 8199.00000 6710.73555  18.2%   212 2958s
 124529 63860 6910.98478  146  377 8199.00000 6710.84495  18.2%   213 2975s
 126111 64825 6913.99784  153  371 8199.00000 6710.84495  18.2%   214 2992s
 127188 66041 6918.64926  159  404 8199.00000 6710.84495  18.2%   215 3008s
 128441 66073 6920.06440  166  424 8199.00000 6710.84495  18.2%   216 3026s
 128473 66222 7269.83070  166  332 8199.00000 6710.84495  18.2%   216 3044s
 128624 67690 6920.55871  169  418 8199.00000 6710.84495  18.2%   216 3062s
 130169 68669 6744.52074   90  650 8199.00000 6710.84495  18.2%   216 3090s
 131301 68465 6749.51238   93  576 8199.00000 6710.84495  18.2%   217 3107s
 131480 68926 6779.68115   94  397 8199.00000 6710.84495  18.2%   217 3127s
 132154 69350 6750.92219   96  651 8199.00000 6710.84495  18.2%   218 3147s
 132878 70059 6815.78047   98  453 8199.00000 6710.84495  18.2%   219 3182s
 133973 70409 6763.09282  102  386 8199.00000 6710.84495  18.2%   220 3203s
 134781 71137 6764.18764  105  420 8199.00000 6710.84495  18.2%   221 3226s
 135849 71400 6765.96992  109  428 8199.00000 6710.84495  18.2%   222 3246s
 136487 72475 6767.46146  112  415 8199.00000 6710.84495  18.2%   223 3269s
 137810 73330 6861.63009  115  398 8199.00000 6710.84495  18.2%   223 3289s
 139128 73220 6769.62068  118  350 8199.00000 6710.84495  18.2%   224 3310s
 139524 74363 6771.29543  121  443 8199.00000 6710.84495  18.2%   224 3332s
 140862 74756 6771.68234  124  391 8199.00000 6710.84495  18.2%   225 3353s
 141755 74897 6871.23588  127  361 8199.00000 6710.84495  18.2%   225 3376s
 142244 75133     cutoff   32      8199.00000 6710.84495  18.2%   226 3383s
 143116 75336 7000.59770   33  217 8199.00000 6717.28262  18.1%   226 3390s
 143655 76132 6998.39939   31  193 8199.00000 6723.15052  18.0%   226 3399s
 145133 77305 6887.44425   33  180 8199.00000 6740.58567  17.8%   225 3408s
 147204 78221 6874.31069   48  220 8199.00000 6746.01949  17.7%   225 3415s
 148821 78696 6887.05197   39  203 8199.00000 6754.08186  17.6%   224 3424s
 149661 79900 6975.14494   45  136 8199.00000 6755.04215  17.6%   224 3432s
 151490 81113 6977.68568   33  149 8199.00000 6757.08679  17.6%   223 3439s
 153460 82068 6877.74386   82  131 8199.00000 6767.01091  17.5%   222 3447s
 155239 82934 6962.23038   25  153 8199.00000 6772.29664  17.4%   222 3455s
 156661 83722 6983.15762   38  151 8199.00000 6775.72053  17.4%   222 3464s
 158117 86638 6989.99022  176  399 8199.00000 6779.04177  17.3%   221 3493s
 161276 87855 7014.26835  190  388 8199.00000 6779.04177  17.3%   222 3508s
 162580 90243 7016.20199  196  390 8199.00000 6779.04177  17.3%   223 3526s
 165465 81291 6867.39206   46  929 8199.00000 6867.39206  16.2%   224 4498s
 165467 81294 6867.39206   47  949 8199.00000 6867.39206  16.2%   224 4502s
 165471 81301 6867.39206   48  962 8199.00000 6867.39206  16.2%   224 4506s
 165479 81314 6867.39278   49  960 8199.00000 6867.39206  16.2%   224 4511s
 165495 81341 6867.50086   50  881 8199.00000 6867.39287  16.2%   224 4522s
 165527 81362 6867.58270   51  929 8199.00000 6867.51108  16.2%   225 4529s
 165559 81385 6867.79965   52  921 8199.00000 6867.51108  16.2%   225 4539s
 165593 81438 6868.52398   53  964 8199.00000 6867.51108  16.2%   225 4548s
 165659 81450 6917.67113   53  655 8199.00000 6867.51108  16.2%   225 4558s
 165693 81485 6870.24275   54  742 8199.00000 6867.51108  16.2%   225 4566s
 165742 79920 6954.32361   54  684 8199.00000 6867.51108  16.2%   226 4575s
 165774 75721 6870.53156   55  745 8199.00000 6867.51108  16.2%   226 4583s
 165879 75720 6870.63314   56  749 8199.00000 6867.51108  16.2%   226 4590s
 165916 73279 6881.65781   56  634 8199.00000 6867.51108  16.2%   226 4598s
 166015 73276 6870.87529   57  736 8199.00000 6867.58422  16.2%   227 4605s
 166047 72176 6938.80764   57  605 8199.00000 6867.58422  16.2%   227 4612s
 166138 72175 6871.28187   58  716 8199.00000 6867.58422  16.2%   227 4619s
 166171 72195 6964.52197   58  532 8199.00000 6871.28307  16.2%   227 4627s
 166205 72215 6872.19112   59  696 8199.00000 6871.28883  16.2%   228 4632s
 166237 72234 7016.22483   59  386 8199.00000 6872.19230  16.2%   228 4639s
 166269 72256 6872.84506   60  623 8199.00000 6872.21781  16.2%   228 4645s
 166302 72280 6965.57020   60  516 8199.00000 6872.84623  16.2%   228 4652s
 166344 72314 6873.18201   61  719 8199.00000 6872.87049  16.2%   228 4659s
 166397 71249 7054.47165   61  546 8199.00000 6873.18201  16.2%   228 4666s
 166465 71290 6898.73797   62  529 8199.00000 6873.18201  16.2%   229 4674s
 166543 71339 6878.85061   62  608 8199.00000 6877.40517  16.1%   230 4682s
 166630 71409 6925.40442   63  519 8199.00000 6878.85116  16.1%   230 4689s
 166741 71490 6878.92685   63  597 8199.00000 6878.92685  16.1%   230 4697s
 166865 71570 6882.65432   64  515 8199.00000 6881.22715  16.1%   231 4705s
 167002 71654 6890.26873   65  529 8199.00000 6881.22715  16.1%   231 4714s
 167148 71752 6893.09157   66  550 8199.00000 6881.39171  16.1%   232 4722s
 167310 71847 6989.40224   67  332 8199.00000 6881.39171  16.1%   232 4731s
 167473 71955 7132.25574   68  442 8199.00000 6881.39171  16.1%   232 4740s
 167655 72060 6895.37365   69  408 8199.00000 6881.39171  16.1%   232 4748s
 167846 72150 6896.31946   70  511 8199.00000 6881.39171  16.1%   233 4757s
 168010 72266 6896.31946   71  511 8199.00000 6881.39171  16.1%   233 4766s
 168206 72390 6899.24119   72  475 8199.00000 6881.39171  16.1%   233 4775s
 168435 72513 7059.11618   73  370 8199.00000 6881.39171  16.1%   234 4785s
 168666 72622 6899.37188   74  457 8199.00000 6881.39171  16.1%   234 4794s
 168890 72741 6899.58069   76  435 8199.00000 6881.66540  16.1%   234 4804s
 169135 72746 6899.87172   77  481 8199.00000 6882.27813  16.1%   234 4815s
 169254 72907 6901.61307   78  475 8199.00000 6882.27813  16.1%   235 4825s
 169494 73053 6914.21912   79  405 8199.00000 6882.62972  16.1%   235 4836s
 169774 73187 6914.42680   80  406 8199.00000 6882.62972  16.1%   235 4847s
 170062 73327 6915.41137   81  435 8199.00000 6882.62972  16.1%   235 4859s
 170357 73485 6916.94598   83  407 8199.00000 6882.62972  16.1%   236 4870s
 170650 73673 7049.69339   85  455 8199.00000 6882.62972  16.1%   236 4882s
 170969 73873 6917.46241   87  415 8199.00000 6882.62972  16.1%   236 4895s
 171302 74091 6919.11958   89  441 8199.00000 6882.62972  16.1%   237 4907s
 171673 74303 6922.22124   91  529 8199.00000 6886.43652  16.0%   237 4920s
 172032 74546 6922.90623   93  562 8199.00000 6886.43652  16.0%   237 4934s
 172457 74778 6923.91411   96  458 8199.00000 6886.43652  16.0%   238 4948s
 172900 74979 6926.59078   99  508 8199.00000 6886.43652  16.0%   238 4963s
H173302 74845                    8144.0000000 6889.51221  15.4%   238 4963s
 173302 77045 6951.04872  130  485 8144.00000 6889.51221  15.4%   238 5002s
 175676 76910 6952.00426  135  459 8144.00000 6889.51221  15.4%   239 5023s
 176422 77068 6954.42687  138  517 8144.00000 6889.51221  15.4%   239 5046s
 176871 78340 6964.53530  142  458 8144.00000 6889.51221  15.4%   240 5074s
 178410 78468 6979.37321  147  395 8144.00000 6889.51221  15.4%   241 5102s
 179180 78446 6979.64687  150  413 8144.00000 6889.51221  15.4%   241 5134s
 179430 78445 6981.95864  154  415 8144.00000 6889.51221  15.4%   242 5164s
 179515 78601 7060.55817  154  335 8144.00000 6889.51221  15.4%   242 5195s
 179726 78654 6982.21712  155  409 8144.00000 6889.51221  15.4%   242 5227s
 179851 78934 7063.28652  155  328 8144.00000 6889.51221  15.4%   242 5265s
 180241 79634 6982.29567  156  372 8144.00000 6889.51221  15.4%   242 5302s
 181028 80707 7066.77771  156  354 8144.00000 6891.46998  15.4%   242 5340s
 182154 83243 6982.61550  157  410 8144.00000 6891.46998  15.4%   243 5383s
 184900 84917 6986.10334  163  395 8144.00000 6891.74071  15.4%   243 5421s
 186792 87537 6989.25347  171  449 8144.00000 6891.74071  15.4%   243 5460s
 189626 88596 7011.51145   39  269 8144.00000 6892.51683  15.4%   244 5469s
 191304 89707 6969.65762   29  216 8144.00000 6895.58826  15.3%   243 5478s
 193333 88278 7155.70946   81  100 8144.00000 6898.73433  15.3%   243 5486s
 195176 85110 7045.09962   27  256 8144.00000 6905.22256  15.2%   242 5496s
 196597 82719 7115.26184   35   57 8144.00000 6909.28700  15.2%   242 5506s
 198705 80934 6949.01427   30  835 8144.00000 6948.95874  14.7%   242 6120s
 198711 80943 6949.43170   32  918 8144.00000 6949.30942  14.7%   242 6126s
 198734 80972 6957.90881   34  586 8144.00000 6949.57503  14.7%   243 6134s
 198763 80991 7011.71877   35  403 8144.00000 6951.66637  14.6%   243 6139s
 198795 81002 7012.66708   36  367 8144.00000 6953.77337  14.6%   243 6144s
 198829 81016 7020.31563   37  338 8144.00000 6953.77337  14.6%   243 6150s
 198864 81022 7058.00226   38  344 8144.00000 6953.77337  14.6%   243 6155s
 198899 81025 7020.31563   38  337 8144.00000 6953.77337  14.6%   243 6161s
 198947 81024 7058.21845   39  340 8144.00000 6953.77337  14.6%   243 6165s
 199005 81033 7123.90679   39  304 8144.00000 6953.77337  14.6%   243 6170s
 199064 81042 7103.00883   40  325 8144.00000 6953.77337  14.6%   244 6176s
 199133 81059 7060.08010   40  353 8144.00000 6958.62127  14.6%   244 6181s
 199206 81071 7072.60985   41  350 8144.00000 6958.62127  14.6%   244 6185s
 199298 81053 7105.87679   41  393 8144.00000 6958.62127  14.6%   244 6190s
 199385 81041 7080.24917   42  306 8144.00000 6958.62127  14.6%   244 6195s
 199549 81038 7083.72887   43  348 8144.00000 6971.24285  14.4%   245 6203s
 199632 81038 7123.38127   43  257 8144.00000 6971.24285  14.4%   245 6207s
 199722 81039 7127.07473   44  298 8144.00000 6971.24285  14.4%   245 6212s
 199831 81041     cutoff   47      8144.00000 6971.24285  14.4%   245 6217s
 199938 81042 6988.46255   39  367 8144.00000 6971.24285  14.4%   245 6221s
 200050 81036 6993.95375   40  355 8144.00000 6978.20038  14.3%   245 6226s
 200168 81035 7017.69525   41  230 8144.00000 6978.20038  14.3%   245 6230s
 200392 81073     cutoff   43      8144.00000 6978.20038  14.3%   246 6239s
 200545 81081 7062.00935   47  220 8144.00000 6978.20038  14.3%   246 6244s
 200716 81073     cutoff   50      8144.00000 6978.20038  14.3%   246 6248s
 200882 81096 infeasible   53      8144.00000 6993.95379  14.1%   246 6253s
 201042 81116 7078.78587   57  243 8144.00000 6993.95379  14.1%   246 6257s
 201227 81132 7080.03537   60  262 8144.00000 6995.81547  14.1%   246 6262s
 201420 81145 7080.87958   63  270 8144.00000 6995.81547  14.1%   246 6268s
 201624 81157     cutoff   66      8144.00000 6995.81547  14.1%   246 6274s
 201840 81143 7087.54960   70  201 8144.00000 6995.81547  14.1%   246 6280s
 202080 81141 7092.22710   74  292 8144.00000 7008.23655  13.9%   246 6286s
 202288 81169 7106.16890   78  205 8144.00000 7011.19150  13.9%   246 6292s
 202530 81167 7123.33107   83  223 8144.00000 7011.19150  13.9%   246 6298s
 202795 81189     cutoff   90      8144.00000 7015.86412  13.9%   246 6304s
 203073 81183 7118.60136   98  251 8144.00000 7015.86412  13.9%   247 6310s
 203425 81206 7128.01736  107  247 8144.00000 7015.86412  13.9%   247 6316s
 203812 81252 7107.23076   41  385 8144.00000 7021.45344  13.8%   247 6323s
 204334 81344     cutoff   45      8144.00000 7031.50010  13.7%   247 6331s
 204935 81416 7083.88880   42  329 8144.00000 7036.80703  13.6%   247 6337s
 205535 81507 7063.46941   43  207 8144.00000 7042.57820  13.5%   247 6345s
 206142 81483 7079.07528   52  213 8144.00000 7047.74121  13.5%   247 6355s
 206733 81608 7096.29184   70  218 8144.00000 7049.82526  13.4%   247 6364s
 207500 81696 7116.73889   41  304 8144.00000 7051.97790  13.4%   247 6371s
 208345 81741 7110.95627   44  379 8144.00000 7053.82921  13.4%   247 6379s
 209151 81631 7081.39421   40  383 8144.00000 7057.81546  13.3%   247 6387s
H209545 81500                    8107.0000000 7059.39040  12.9%   247 6387s
 209545 81886 7100.17042  102  541 8107.00000 7059.39040  12.9%   247 6404s
 209986 82059 7100.19146  105  551 8107.00000 7059.39040  12.9%   247 6419s
 210359 81966 7100.28432  107  466 8107.00000 7059.39040  12.9%   248 6433s
 210391 81985 7300.66560  107  412 8107.00000 7059.39040  12.9%   248 6450s
 210424 82006 7100.39135  108  550 8107.00000 7059.39040  12.9%   248 6466s
 210458 82234 7158.60660  108  405 8107.00000 7059.39040  12.9%   248 6489s
 210756 81618 7101.00311  109  396 8107.00000 7059.39040  12.9%   248 6509s
 211481 81665 7101.32595  112  521 8107.00000 7059.39040  12.9%   248 6526s
 211831 82306 7101.32595  113  521 8107.00000 7059.39040  12.9%   249 6544s
 212720 82688 7327.53288  116  418 8107.00000 7059.39040  12.9%   249 6564s
 213585 83041 7105.38726  119  491 8107.00000 7059.39040  12.9%   250 6580s
 214363 83401 7105.78004  122  551 8107.00000 7064.84375  12.9%   250 6595s
 215154 83900 7107.47598  125  537 8107.00000 7064.84375  12.9%   251 6611s
 215996 84495 7111.18519  128  517 8107.00000 7064.84375  12.9%   251 6626s
 216937 85171 7112.00366  131  512 8107.00000 7064.84375  12.9%   252 6642s
 217957 84863 7113.31003  134  560 8107.00000 7064.84375  12.9%   252 6658s
 217989 84884 7475.95922  134  398 8107.00000 7064.84375  12.9%   252 6674s
 218027 84901 7114.45242  135  539 8107.00000 7064.84375  12.9%   252 6690s
 218080 85008 7453.19247  135  405 8107.00000 7064.84375  12.9%   253 6706s
 218233 85558 7116.30692  138  562 8107.00000 7064.84375  12.9%   253 6723s
 218907 86519 7119.13370  141  522 8107.00000 7064.84563  12.9%   253 6740s
 220197 86865 7119.78279  144  530 8107.00000 7064.84563  12.9%   253 6758s
 221144 87582 7308.01830  147  508 8107.00000 7064.84563  12.9%   254 6776s
 222377 88158 7130.09881  151  551 8107.00000 7066.59604  12.8%   254 6794s
 223626 88724 7143.80872  154  481 8107.00000 7079.10914  12.7%   254 6813s
 224785 89191 7148.18173  158  457 8107.00000 7079.10914  12.7%   255 6833s
 225887 88854 7160.30360  162  480 8107.00000 7086.66971  12.6%   256 6854s
 225920 88867 7451.80466  162  427 8107.00000 7086.66971  12.6%   256 6873s
 225959 89008 7160.91463  163  519 8107.00000 7086.66971  12.6%   256 6893s
 226135 89858 7486.86522  163  347 8107.00000 7086.66971  12.6%   256 6914s
 227225 91132 7196.57751  164  535 8107.00000 7087.68441  12.6%   256 6936s
 229080 91784 7173.76143  169  476 8107.00000 7087.68441  12.6%   256 6957s
H230790 91214                    8094.0000000 7087.68441  12.4%   257 6957s
 230790 93907 7249.96009  181  332 8094.00000 7087.68441  12.4%   257 7015s
 233838 95323 7192.34577  197  399 8094.00000 7087.68441  12.4%   258 7051s
 235971 95576 7141.46357   35  971 8094.00000 7141.31286  11.8%   258 8174s
 235973 95579 7141.54244   36 1090 8094.00000 7141.46357  11.8%   258 8179s
 235977 95586 7141.71575   37 1228 8094.00000 7141.54908  11.8%   258 8184s
 235985 95598 7141.79079   38 1066 8094.00000 7141.72245  11.8%   258 8192s
 236001 95622 7141.92470   39 1009 8094.00000 7141.79081  11.8%   258 8207s
 236032 95643 7142.12824   40 1137 8094.00000 7141.92899  11.8%   259 8222s
 236064 95676 7142.14898   41 1070 8094.00000 7142.12903  11.8%   259 8241s
 236107 95754 7142.22293   42 1076 8094.00000 7142.12903  11.8%   259 8258s
 236200 95813 7142.22895   43 1083 8094.00000 7142.12903  11.8%   259 8271s
 236293 95814 7202.13494   44  740 8094.00000 7142.12903  11.8%   260 8283s
 236325 95836 7144.93303   44  996 8094.00000 7142.12903  11.8%   260 8294s
 236357 95861 7144.96824   45  976 8094.00000 7142.12903  11.8%   260 8305s
 236393 95881 7145.00927   46  996 8094.00000 7142.12903  11.8%   260 8316s
 236425 95902 7209.67363   46  701 8094.00000 7142.12903  11.8%   261 8326s
 236457 95923 7146.63739   47  930 8094.00000 7142.12903  11.8%   261 8338s
 236489 95954 7177.28156   47  651 8094.00000 7142.12903  11.8%   261 8350s
 236535 95996 7146.71309   48  926 8094.00000 7142.12903  11.8%   261 8361s
 236594 96045 7176.66790   48  700 8094.00000 7142.12903  11.8%   261 8372s
 236667 96061 7146.71309   49  923 8094.00000 7142.12903  11.8%   261 8383s
 236710 96096 7174.55732   49  608 8094.00000 7142.12903  11.8%   261 8394s
 236762 96150 7146.71369   50  917 8094.00000 7142.12903  11.8%   262 8404s
 236833 96228 7146.77511   51  942 8094.00000 7142.12903  11.8%   262 8415s
 236938 96299 7146.93547   52  956 8094.00000 7142.12903  11.8%   262 8425s
 237049 96355 7147.36180   53  992 8094.00000 7142.12903  11.8%   262 8437s
 237157 96352 7160.90070   54  680 8094.00000 7144.37725  11.7%   262 8449s
 237191 96386 7157.40839   54  876 8094.00000 7144.37725  11.7%   262 8459s
 237243 96410 7161.81161   55  728 8094.00000 7144.37725  11.7%   263 8469s
 237288 96464 7175.40211   55  837 8094.00000 7144.37725  11.7%   263 8481s
 237362 96544 7163.38711   56  552 8094.00000 7144.37725  11.7%   263 8493s
 237489 96635 7167.45121   57  567 8094.00000 7144.37725  11.7%   263 8504s
 237640 96719 7204.62564   58  517 8094.00000 7147.82015  11.7%   263 8520s
 237788 96824 7174.78938   58  691 8094.00000 7147.82031  11.7%   264 8533s
 237960 96923 7174.84843   59  690 8094.00000 7147.82031  11.7%   264 8547s
 238147 97016 7176.85743   61  733 8094.00000 7147.82031  11.7%   264 8562s
 238340 97116 7177.06293   62  694 8094.00000 7147.82031  11.7%   264 8576s
 238551 97208 7307.88039   63  437 8094.00000 7150.97902  11.7%   264 8590s
 238755 97305 7177.95719   64  688 8094.00000 7152.73257  11.6%   265 8604s
 238954 97422 7178.56017   66  727 8094.00000 7154.94703  11.6%   265 8619s
 239153 97545 7178.92960   67  782 8094.00000 7155.62573  11.6%   265 8634s
 239366 97675 7238.16242   68  523 8094.00000 7155.62573  11.6%   266 8651s
 239601 97818 7179.84764   69  881 8094.00000 7155.62573  11.6%   266 8668s
 239864 97916 7192.74939   71  565 8094.00000 7155.62573  11.6%   266 8685s
 240107 98050 7180.78436   73  748 8094.00000 7155.62573  11.6%   266 8702s
 240358 98192 7182.55811   75  753 8094.00000 7156.20250  11.6%   267 8719s
 240627 98222 7183.06881   76  786 8094.00000 7156.20250  11.6%   267 8737s
 240768 98430 7183.07422   77  829 8094.00000 7157.56933  11.6%   268 8754s
 241037 98658 7183.64615   79  809 8094.00000 7157.56933  11.6%   268 8772s
 241378 98846 7184.42688   81  847 8094.00000 7157.56933  11.6%   268 8791s
 241698 99112 7196.55402   83  627 8094.00000 7157.56933  11.6%   269 8811s
 242105 99346 7196.89828   85  582 8094.00000 7157.56933  11.6%   269 8831s
 242528 99549 7197.31994   87  608 8094.00000 7157.56933  11.6%   269 8852s
 242937 99762 7198.89820   89  654 8094.00000 7157.56933  11.6%   270 8875s
 243334 99810 7199.91715   91  647 8094.00000 7157.56933  11.6%   270 8898s
 243523 99990 7200.63131   94  698 8094.00000 7157.56933  11.6%   271 8921s
 243823 100312 7201.99800   96  661 8094.00000 7157.56933  11.6%   271 8944s
 244278 100631 7295.42201   98  462 8094.00000 7157.56933  11.6%   271 8969s
 244824 100942 7203.12121  101  638 8094.00000 7157.56933  11.6%   272 8995s
 245415 101253 7204.67595  104  730 8094.00000 7157.56933  11.6%   272 9021s
 246064 101679 7205.29354  107  768 8094.00000 7157.56933  11.6%   272 9047s
 246870 102255 7281.29907  110  447 8094.00000 7157.56933  11.6%   272 9075s
 247932 102812 7279.08733  113  424 8094.00000 7160.08502  11.5%   273 9104s
 248988 103376 7208.53344  117  685 8094.00000 7160.08502  11.5%   273 9135s
 250075 104032 7209.32129  121  731 8094.00000 7160.08502  11.5%   274 9165s
 251237 103924 7210.02428   43  236 8094.00000 7160.08502  11.5%   274 9178s
 251966 104063     cutoff   55      8094.00000 7164.50640  11.5%   274 9185s
 252819 103827 7190.90039   42  314 8094.00000 7165.03424  11.5%   274 9191s
 252930 103844 7213.94202   44  211 8094.00000 7165.03424  11.5%   274 9199s
 253084 103818 7218.05151   45  255 8094.00000 7165.03424  11.5%   274 9206s
 253162 104034 7218.05183   46  218 8094.00000 7165.03424  11.5%   274 9216s
 253838 104183 7216.17126   40  281 8094.00000 7169.20046  11.4%   274 9224s
 254840 104252 7190.85100   62  329 8094.00000 7171.45223  11.4%   274 9231s
 255837 104118 7231.09476   74  277 8094.00000 7172.71388  11.4%   274 9239s
 256608 104124 7193.26392   49  253 8094.00000 7174.63693  11.4%   274 9246s
 257632 104014 7206.65509   72  228 8094.00000 7176.01746  11.3%   273 9255s
 258571 103911     cutoff   97      8094.00000 7177.94791  11.3%   273 9262s
 259537 103912 7192.18168   44  316 8094.00000 7179.16625  11.3%   273 9270s
 260641 103913     cutoff   50      8094.00000 7182.08296  11.3%   273 9278s
 261839 103835     cutoff   65      8094.00000 7183.04004  11.3%   272 9287s
 262931 103919     cutoff   53      8094.00000 7184.33304  11.2%   272 9294s
 264133 103988 7225.67959   42  272 8094.00000 7186.63003  11.2%   272 9303s
 265429 103938 7217.29484   49  232 8094.00000 7188.63509  11.2%   271 9311s
 266727 103960 7219.31671   51  160 8094.00000 7190.22557  11.2%   271 9320s
 268189 103965 7234.42287   72  244 8094.00000 7192.02854  11.1%   270 9328s
 269640 104472 7235.93973   59  227 8094.00000 7193.84681  11.1%   270 9344s
 272732 103774 7228.92303   66  261 8094.00000 7196.21902  11.1%   269 9356s
 274058 103688 7223.13436   46  258 8094.00000 7197.91746  11.1%   268 9363s
 275527 103586 7224.72401   81  237 8094.00000 7199.73668  11.0%   268 9372s
 277021 105470 7291.10746  174  450 8094.00000 7201.02666  11.0%   267 9411s
 279897 104949 7298.11726  183  472 8094.00000 7201.02666  11.0%   268 9430s
 280469 106011 7299.63822  187  491 8094.00000 7201.02666  11.0%   268 9449s
 281984 107017 7315.50364  192  512 8094.00000 7201.02666  11.0%   268 9471s
 283658 107779 7319.51400  197  488 8094.00000 7201.02666  11.0%   269 9492s
 285259 109095 7324.36775  202  464 8094.00000 7201.38692  11.0%   269 9514s
 287302 110085 7328.63618  208  440 8094.00000 7201.38692  11.0%   269 9536s
 289258 110485 7333.93653  214  498 8094.00000 7207.42666  11.0%   269 9559s
 290681 111525 7337.27138  219  490 8094.00000 7208.77797  10.9%   270 9582s
 292367 112628 7346.65648  224  449 8094.00000 7208.77797  10.9%   270 9606s
 294329 113684 7568.67004  229  423 8094.00000 7208.77797  10.9%   270 9630s
 296219 115364 7351.10504  236  525 8094.00000 7208.77797  10.9%   270 9655s
 298698 116888 7354.24920  244  459 8094.00000 7208.77797  10.9%   270 9681s
 301217 117587 7359.56655  251  457 8094.00000 7208.77797  10.9%   270 9708s
 302851 118006 7258.92105  125  745 8094.00000 7208.77797  10.9%   270 9742s
 303968 118426 7260.02890  129  710 8094.00000 7208.77797  10.9%   271 9765s
 304841 118939 7260.64732  133  709 8094.00000 7208.77797  10.9%   271 9789s
 305737 119512 7261.64164  136  687 8094.00000 7208.77797  10.9%   272 9810s
 306738 120071 7263.37760  139  595 8094.00000 7208.77797  10.9%   272 9832s
 307745 120276 7264.73110  142  647 8094.00000 7208.77797  10.9%   272 9856s
 308559 120591 7265.30025  145  664 8094.00000 7208.77797  10.9%   273 9878s
 309280 121037 7265.53953  148  701 8094.00000 7208.77797  10.9%   273 9903s
 310074 121611 7266.06921  151  601 8094.00000 7208.77797  10.9%   274 9932s
 311097 122193 7268.51786  156  696 8094.00000 7208.77797  10.9%   275 9958s
 312111 122612 7271.54773  160  651 8094.00000 7208.77797  10.9%   275 9986s
 312966 123616 7273.30542  163  722 8094.00000 7208.77797  10.9%   276 10016s
 314322 124649 7274.72589  167  683 8094.00000 7208.77797  10.9%   277 10046s
 315922 125174 7276.71665  172  682 8094.00000 7214.28042  10.9%   277 10083s
 317054 126870 7360.11622  175  385 8094.00000 7214.28042  10.9%   277 10134s
 319109 126185 7331.39674  179  470 8094.00000 7214.28042  10.9%   278 10135s
 319211 126614 7283.14674  183  599 8094.00000 7214.28042  10.9%   278 10166s
 319778 125332 7285.33520  188  573 8094.00000 7217.01407  10.8%   278 10201s
 321185 127155 7286.29067  193  630 8094.00000 7217.01407  10.8%   278 10237s
 323986 126944 7290.66254  199  694 8094.00000 7227.41475  10.7%   278 10267s
 324758 127905 7291.95668  204  712 8094.00000 7227.41475  10.7%   278 10301s
 326178 128755 7293.40498  210  645 8094.00000 7227.41475  10.7%   279 10335s
 327576 129804 7295.61673  216  583 8094.00000 7227.41475  10.7%   279 10372s
H329131 129286                    8089.0000000 7227.41475  10.7%   280 10372s
 329131 130378 7249.64494   48  248 8089.00000 7227.41475  10.7%   280 10386s
 332616 129346 infeasible   52      8089.00000 7229.74034  10.6%   279 10397s
 333561 129461 7238.69139   54  253 8089.00000 7230.21230  10.6%   278 10406s
 335508 129239     cutoff   44      8089.00000 7231.95246  10.6%   278 10416s
 337637 128853 7252.69676   39  392 8089.00000 7233.20169  10.6%   277 10426s
 339709 128622 7246.02695   55  289 8089.00000 7234.81969  10.6%   276 10436s
 341882 128370 7265.20986   56  273 8089.00000 7236.27617  10.5%   275 10446s
 344257 127902 7248.42514   64  187 8089.00000 7237.43725  10.5%   274 10459s
 346601 127585 7257.25027   71  215 8089.00000 7239.20944  10.5%   274 10468s
 349238 127848 7262.39118   62  204 8089.00000 7240.51417  10.5%   273 10479s
 352021 128300 7261.83751   78  339 8089.00000 7241.53142  10.5%   271 10500s
 357804 128370 7252.73274   62  310 8089.00000 7244.08758  10.4%   269 10509s
 360550 128492 7263.03841   65  158 8089.00000 7245.37551  10.4%   268 10519s
 363618 132831 7405.05269  259  508 8089.00000 7246.32802  10.4%   267 10568s
 368392 133305 7414.54833  274  511 8089.00000 7247.60064  10.4%   267 10621s
 370749 139026 7430.25471  284  439 8089.00000 7248.01649  10.4%   267 10676s
 376920 141880 7440.28764  299  543 8089.00000 7251.04613  10.4%   266 10711s
 380185 144242 7445.48724  308  510 8089.00000 7254.09505  10.3%   266 10743s
 382920 146323 7450.93574  317  458 8089.00000 7254.19412  10.3%   267 10778s
 386071 147189 7616.48289  328  421 8089.00000 7254.19412  10.3%   267 10816s
 387728 149510 7462.70121  339  592 8089.00000 7254.19412  10.3%   268 10853s
 390852 153088 7468.58687  351  534 8089.00000 7256.23968  10.3%   268 10893s
 394998 156436 7474.26372  364  527 8089.00000 7256.23968  10.3%   268 10935s
 398895 158547 7326.87477  222  690 8089.00000 7257.06735  10.3%   268 10995s
 401174 159391 7338.94543  234  575 8089.00000 7257.06735  10.3%   269 11040s
 402989 160870 7340.41867  244  539 8089.00000 7258.18799  10.3%   270 11088s
 405391 161574 7452.25054  255  353 8089.00000 7258.18799  10.3%   271 11134s
 407114 163206 7347.85244  263  453 8089.00000 7258.18799  10.3%   272 11184s
 409454 164834 7463.06261  273  368 8089.00000 7258.18799  10.3%   273 11234s
 412071 166412 7351.63459  286  567 8089.00000 7258.18799  10.3%   274 11288s
 414867 167372 7353.72897  299  530 8089.00000 7258.18799  10.3%   275 11342s
 417185 168114 7355.43013  310  451 8089.00000 7258.18799  10.3%   276 11423s
 419331 172050 7358.17751  323  477 8089.00000 7258.18799  10.3%   276 11508s
 424649 172349 7370.21798  346  559 8089.00000 7258.18799  10.3%   277 11563s
 427047 175170 7398.08179  357  613 8089.00000 7258.18799  10.3%   278 11623s
 430828 177107 7404.25237  371  579 8089.00000 7258.18799  10.3%   279 11683s
 434374 175579     cutoff   92      8089.00000 7258.18799  10.3%   279 11703s
 438526 175203 7267.45119   84  200 8089.00000 7259.77475  10.3%   277 11719s
 442854 174434 7270.00992   62  223 8089.00000 7260.73263  10.2%   276 11733s
 447623 173301 7267.67415   64  273 8089.00000 7262.71729  10.2%   274 11746s
 452640 171587     cutoff   70      8089.00000 7264.43701  10.2%   272 11757s
 457303 169639 7272.60452   75  165 8089.00000 7266.10452  10.2%   270 11768s
 461852 167357 7269.59570   71  239 8089.00000 7267.74352  10.2%   268 11777s
 466418 164407 7275.93162   56  202 8089.00000 7269.30753  10.1%   266 11785s
 470902 160942 7275.43785   82  125 8089.00000 7270.88247  10.1%   264 11792s
 475318 160133     cutoff   54      8089.00000 7273.40185  10.1%   262 11799s
 476176 159726 7275.38230   76  158 8089.00000 7273.43105  10.1%   262 11805s
 476630 159307 7275.39460   77  301 8089.00000 7273.43105  10.1%   262 11811s
 477105 158957 7275.63191   78  295 8089.00000 7273.43105  10.1%   261 11817s
 477496 158714 infeasible   78      8089.00000 7273.63020  10.1%   261 11824s
 477761 164093 7498.33242  376  553 8089.00000 7273.63020  10.1%   261 11886s
 483684 166753 7510.61275  406  570 8089.00000 7273.63020  10.1%   261 11919s
 486884 168532 7516.99750  420  476 8089.00000 7273.63020  10.1%   261 11953s
 489399 169502 7739.89895  428  415 8089.00000 7274.60683  10.1%   262 11990s
 491014 171869 7531.67561  437  535 8089.00000 7274.60683  10.1%   262 12028s
 494013 175002 infeasible  470      8089.00000 7277.24231  10.0%   262 12067s
 497610 178377 7548.31001  129  442 8089.00000 7277.24231  10.0%   263 12105s
 501685 180910 7715.75142  236  430 8089.00000 7277.60363  10.0%   263 12144s
 504995 183004 7771.05096  135  373 8089.00000 7278.04816  10.0%   263 12182s
 508456 187350 7711.29366   86  369 8089.00000 7278.04816  10.0%   263 12241s
 513893 189266 7723.86144   75  282 8089.00000 7280.87782  10.0%   263 12273s
 516519 191767 7723.60894  108  374 8089.00000 7282.56625  10.0%   263 12310s
 519486 195111 7668.54314   98  415 8089.00000 7283.20281  10.0%   264 12346s
 523400 199505 7431.12124  386  577 8089.00000 7283.20281  10.0%   264 12436s
 528256 200976 7446.54051  415  404 8089.00000 7283.20281  10.0%   264 12497s
 531942 201807 7451.08795  442  405 8089.00000 7290.04898  9.88%   265 12557s
 534535 203739 7563.39521  459  290 8089.00000 7290.04898  9.88%   265 12615s
 537695 208075 7558.68714  487  266 8089.00000 7291.78396  9.86%   265 12704s
 543620 209331 7492.58317  531  354 8089.00000 7292.14952  9.85%   265 12755s
 547167 211812     cutoff  572      8089.00000 7292.14952  9.85%   266 12804s
 551118 211679 7536.78265  657  275 8089.00000 7292.14952  9.85%   265 12850s
 552621 214410 7576.53954  711  244 8089.00000 7292.14952  9.85%   266 12899s
 554808 213681 7552.90948  724  615 8089.00000 7292.98796  9.84%   266 12900s
 556318 215510 7408.12608   50  454 8089.00000 7292.98796  9.84%   266 12948s
 559028 216153 7416.26061   65  526 8089.00000 7292.98796  9.84%   267 12996s
 560754 218330 7533.26823   83  339 8089.00000 7292.98796  9.84%   267 13052s
 563731 219937 7451.85014  107  572 8089.00000 7292.98796  9.84%   268 13110s
 566745 218903     cutoff   58      8089.00000 7294.36709  9.82%   269 13115s
 566937 222598 7765.10085  128  330 8089.00000 7298.71263  9.77%   269 13166s
 571716 225581 7614.75910   69  366 8089.00000 7301.29829  9.74%   269 13200s
 575140 227289 7641.90918  156  360 8089.00000 7302.14931  9.73%   269 13235s
 577461 229506 7751.71226  222  305 8089.00000 7302.39576  9.72%   269 13272s
 580490 231859 7757.67247  115  438 8089.00000 7303.20415  9.71%   269 13312s
 583559 234708     cutoff   74      8089.00000 7305.10394  9.69%   270 13362s
 587313 237454 7756.54995  184  420 8089.00000 7305.64747  9.68%   270 13406s
 590850 239255 7682.66436  102  436 8089.00000 7308.78341  9.65%   271 13450s
 593576 241160 7738.39800  136  415 8089.00000 7308.78341  9.65%   271 13496s
 596800 243402 7571.15492   69  428 8089.00000 7311.46600  9.61%   272 13541s
 600088 245098 7723.64627   95  368 8089.00000 7316.40129  9.55%   272 13587s
 603172 246556 7484.54621   92  278 8089.00000 7318.42277  9.53%   273 13633s
 605888 248086 infeasible   60      8089.00000 7321.29679  9.49%   274 13681s
 608795 249406 7769.27263  190  397 8089.00000 7325.31303  9.44%   275 13731s
 611581 250839 7780.47341  139  375 8089.00000 7328.43137  9.40%   276 13782s
 614669 251085     cutoff  128      8089.00000 7331.92358  9.36%   277 13835s
 615667 254639 7774.79793  194  300 8089.00000 7332.74456  9.35%   278 13992s
 624570 257582 7572.05681  148  337 8089.00000 7343.77336  9.21%   281 14074s
 628153 261323 7485.79815   85  577 8089.00000 7343.77336  9.21%   282 14145s
 632322 263954 7560.35836  231  633 8089.00000 7343.77336  9.21%   283 14209s
 635384 267492 7600.82026  398  689 8089.00000 7344.23981  9.21%   283 14274s
 639409 270476 7577.10186   92  445 8089.00000 7344.23981  9.21%   284 14337s
 643087 272490 7424.73852   51  565 8089.00000 7347.12895  9.17%   284 14397s
 646066 273708 7524.77356   75  463 8089.00000 7347.73612  9.16%   285 14459s
 647722 275746 7468.15953   72  367 8089.00000 7348.06292  9.16%   285 14525s
 649930 280786 7578.09783  172  432 8089.00000 7348.06292  9.16%   286 14597s
 655507 285111 7384.56896   72  521 8089.00000 7348.06292  9.16%   286 14678s
 660434 285148 7494.49982  168  470 8089.00000 7349.34846  9.14%   286 14729s
 660473 285913 7495.32423  169  456 8089.00000 7349.34846  9.14%   286 14780s
 661444 290045 7495.73402  170  425 8089.00000 7349.60431  9.14%   286 14843s
 665912 293641 7539.06221  329  449 8089.00000 7350.12258  9.13%   285 14900s
 669853 296627 7601.31373  482  498 8089.00000 7350.33176  9.13%   286 14951s
 673175 299348 7589.62944  113  340 8089.00000 7350.69888  9.13%   286 15004s
 676363 300370     cutoff  219      8089.00000 7350.94148  9.12%   286 15056s
 678777 301881 7743.16199  222  329 8089.00000 7355.69339  9.07%   287 15124s
 682003 303123 7667.68986   59  429 8089.00000 7359.89313  9.01%   288 15195s
 685183 304065 7784.48062  147  369 8089.00000 7363.69432  8.97%   290 15265s
 688529 305045     cutoff   65      8089.00000 7367.60271  8.92%   291 15338s
 691804 305786 7791.97762   73  309 8089.00000 7373.18365  8.85%   293 15408s
 694521 306475 7564.27595   96  346 8089.00000 7375.32734  8.82%   294 15479s
 697099 307247     cutoff   94      8089.00000 7381.25178  8.75%   296 15537s
 699351 308123 7655.77233   67  385 8089.00000 7384.02608  8.72%   298 15617s
 702459 309353 7755.37171  220  457 8089.00000 7389.85003  8.64%   300 15698s
 706040 310218 7604.18012  240  468 8089.00000 7395.09660  8.58%   301 15774s
 709016 311309 7744.90911  142  364 8089.00000 7400.73890  8.51%   303 15855s
 712431 312330     cutoff  277      8089.00000 7405.09726  8.45%   305 15934s
 715994 313337 7751.03475  185  450 8089.00000 7409.03167  8.41%   307 16012s
 719485 314215 7763.99086  287  418 8089.00000 7414.77861  8.34%   309 16086s
 722316 315436     cutoff  109      8089.00000 7416.47514  8.31%   310 16166s
 726128 316115 7713.69359  253  439 8089.00000 7422.74023  8.24%   312 16224s
 728599 318985 7659.53336  108  445 8089.00000 7423.66169  8.23%   313 16295s
 731806 323403 7591.33653  188  395 8089.00000 7423.66169  8.23%   313 16370s
 736475 327702 7688.71649  422  480 8089.00000 7423.66169  8.23%   313 16429s
 739336 327702 7506.43651   54  369 8089.00000 7424.10067  8.22%   313 16430s
 741140 332396 7575.59928  121  380 8089.00000 7424.10067  8.22%   313 16505s
 746648 334079 7641.88352  164  393 8089.00000 7425.14029  8.21%   312 16552s
 748550 337404 7672.50785  282  499 8089.00000 7425.14029  8.21%   312 16603s
 752266 339286 7647.44175   96  332 8089.00000 7425.31139  8.20%   312 16650s
 754548 343051 7543.13531  100  498 8089.00000 7425.46295  8.20%   312 16699s
 758576 347277 7635.79407  263  470 8089.00000 7425.46295  8.20%   312 16749s
 763024 349528 7688.86363  444  456 8089.00000 7425.46295  8.20%   312 16793s
 765730 352732 7659.43255   99  389 8089.00000 7426.32059  8.19%   311 16839s
 769314 354565 7648.03963  115  364 8089.00000 7426.35639  8.19%   311 16887s
 771637 357767 7657.45823   81  431 8089.00000 7426.35639  8.19%   311 16958s
 775247 361577 7604.80529  125  406 8089.00000 7426.35639  8.19%   311 17019s
 779348 362355 7656.41832   93  341 8089.00000 7426.35639  8.19%   311 17076s
 781770 363178 7754.00258   60  443 8089.00000 7430.41708  8.14%   312 17151s
 785151 364223     cutoff  337      8089.00000 7435.42562  8.08%   314 17226s
 788542 365126 7763.74210  108  400 8089.00000 7438.89257  8.04%   315 17301s
 791718 365989     cutoff  248      8089.00000 7442.15353  8.00%   317 17376s
 795119 366800 7788.83111  134  269 8089.00000 7445.26545  7.96%   318 17450s
 798078 367824 7755.67641  246  299 8089.00000 7448.42132  7.92%   320 17526s
 801430 368774 infeasible  111      8089.00000 7451.91686  7.88%   321 17602s
 804713 369730     cutoff   80      8089.00000 7456.48505  7.82%   323 17677s
 807916 370430 infeasible   68      8089.00000 7461.06902  7.76%   324 17739s
 810579 371489 7700.52523   96  379 8089.00000 7465.18671  7.71%   325 17809s
 813229 372533 7782.05345  132  315 8089.00000 7466.87841  7.69%   326 17888s
 817231 373785 7803.21046  280  426 8089.00000 7470.46583  7.65%   327 17960s
 820634 375062 7796.50371  125  435 8089.00000 7473.99524  7.60%   329 18035s
 824049 376330 7767.39809   78  354 8089.00000 7477.18385  7.56%   330 18107s
 827558 377528 7791.10653  139  389 8089.00000 7480.48637  7.52%   331 18177s
 831063 381374 7690.59197   79  478 8089.00000 7483.31030  7.49%   332 18244s
 835261 384676 7619.95382  101  396 8089.00000 7483.31030  7.49%   332 18298s
 838758 386503 7706.19094  242  554 8089.00000 7483.31030  7.49%   332 18350s
 840964 388861 7652.03050   64  327 8089.00000 7483.31030  7.49%   332 18408s
 843855 391085 7546.97986   79  497 8089.00000 7485.23093  7.46%   333 18466s
 846653 393399 7667.41352  157  623 8089.00000 7485.23093  7.46%   334 18526s
 849513 396567 7722.05292  308  585 8089.00000 7485.67584  7.46%   334 18587s
 853200 399647 7600.53221   90  488 8089.00000 7486.15871  7.45%   334 18655s
 856763 402468 7638.96079  190  497 8089.00000 7486.43070  7.45%   335 18718s
 860062 406086 7671.95599  334  484 8089.00000 7486.61665  7.45%   335 18781s
 864206 409160 7697.83295  464  534 8089.00000 7486.61665  7.45%   335 18843s
 867670 412809 7749.27617  682  489 8089.00000 7486.61665  7.45%   335 18898s
 871902 415278 7600.33433  205  460 8089.00000 7486.61665  7.45%   335 18949s
 874873 418669 7660.29345  292  447 8089.00000 7487.36873  7.44%   335 19003s
 878651 419345 7718.07545  477  468 8089.00000 7487.44059  7.44%   335 19058s
 879455 421078 7744.05944  516  465 8089.00000 7487.44059  7.44%   335 19122s
 881478 421933     cutoff   66      8089.00000 7487.44059  7.44%   335 19181s
 884206 423032 7803.11176   57  434 8089.00000 7488.79155  7.42%   336 19253s
 887568 424144     cutoff  312      8089.00000 7490.61416  7.40%   337 19316s
 890462 425005 7786.32696   65  468 8089.00000 7494.63398  7.35%   338 19381s
 892627 426635 7805.60421   82  367 8089.00000 7495.81254  7.33%   338 19460s
 896608 427724 infeasible   95      8089.00000 7497.61569  7.31%   339 19533s
 900028 429033 7632.23972   91  530 8089.00000 7500.67397  7.27%   340 19606s
 903830 430167 7798.18321   83  395 8089.00000 7502.92602  7.25%   341 19676s
 907279 431597 infeasible  138      8089.00000 7505.52940  7.21%   342 19744s
 910824 432845 7759.62676  218  340 8089.00000 7507.41188  7.19%   343 19811s
 914138 433941     cutoff  110      8089.00000 7509.82557  7.16%   344 19879s
 917378 434368 7723.88999   77  427 8089.00000 7511.53832  7.14%   345 19940s
 918536 437458     cutoff  320      8089.00000 7512.63762  7.13%   345 20102s
 927165 438663     cutoff   82      8089.00000 7516.33352  7.08%   347 20174s
 930935 440039     cutoff   98      8089.00000 7518.70588  7.05%   348 20241s
 934724 440363 7664.10775   83  514 8089.00000 7519.78266  7.04%   349 20307s
 935115 458129 7665.56880   84  507 8089.00000 7519.78266  7.04%   349 20823s
 957009 460252 7703.94154  112  516 8089.00000 7520.77470  7.02%   350 20896s
 959917 461099 7534.36178   67  565 8089.00000 7521.03978  7.02%   351 20970s
 960932 465204 7635.45971   96  551 8089.00000 7521.03978  7.02%   351 21073s
 965865 469056 7716.53987  226  620 8089.00000 7521.08162  7.02%   352 21154s
 970588 473098 7621.13819   67  508 8089.00000 7521.14170  7.02%   352 21226s
 975173 477272 7777.05169  154  585 8089.00000 7521.14170  7.02%   352 21292s
 980098 479460 7625.97507  112  546 8089.00000 7521.84844  7.01%   352 21348s
 983023 481305 7588.71732   94  527 8089.00000 7522.45370  7.00%   352 21406s
 985911 481920 infeasible   90      8089.00000 7522.65910  7.00%   353 21467s
 987659 484284     cutoff  452      8089.00000 7522.83119  7.00%   353 21578s
 994096 485911 7804.30930   92  323 8089.00000 7526.18589  6.96%   354 21645s
 997823 486957 7809.77740   96  358 8089.00000 7527.75559  6.94%   355 21708s
 1000999 488082 7779.72691  145  318 8089.00000 7529.48916  6.92%   355 21770s
 1004349 489181     cutoff  100      8089.00000 7531.01944  6.90%   356 21832s
 1007586 490360     cutoff  301      8089.00000 7532.81076  6.88%   357 21895s
 1010715 491412 7788.24061  157  414 8089.00000 7534.34865  6.86%   357 21958s
 1013885 492523 7745.98088   64  349 8089.00000 7535.54901  6.84%   358 22023s
 1017322 493565 7801.94989   92  353 8089.00000 7536.91546  6.83%   359 22088s
 1020445 494665 7687.90385   64  463 8089.00000 7538.56424  6.80%   360 22152s
 1023748 495701 7764.99287  100  378 8089.00000 7538.76290  6.80%   360 22217s
 1026993 496880 7667.44559   83  414 8089.00000 7541.30071  6.77%   361 22281s
 1030193 497497     cutoff   57      8089.00000 7542.56131  6.76%   361 22346s
 1032523 498478 7744.18028  119  314 8089.00000 7543.55851  6.74%   362 22418s
 1036020 500542 7705.35933  104  405 8089.00000 7545.26084  6.72%   363 22486s
 1038539 506388 7781.91649   90  519 8089.00000 7545.32133  6.72%   363 22573s
 1044837 510373 7668.51331  185  430 8089.00000 7545.35057  6.72%   363 22629s
 1049249 513856 7754.26627  443  463 8089.00000 7545.90011  6.71%   362 22680s
 1052960 516856 7597.10396   46  474 8089.00000 7546.27062  6.71%   362 22728s
 1056237 520368 7666.95941  121  450 8089.00000 7546.27062  6.71%   362 22778s
 1060075 522476 7727.13886  222  454 8089.00000 7546.27062  6.71%   362 22823s
 1062509 525100 7779.74456  313  498 8089.00000 7546.40127  6.71%   362 22874s
 1064547 525100 7719.38421  317  403 8089.00000 7546.40127  6.71%   362 22875s
 1065882 526443 7810.22112   80  369 8089.00000 7546.40127  6.71%   362 22947s
 1068707 529002 7718.92212  106  378 8089.00000 7547.61894  6.69%   362 23024s
 1072369 532221 7616.83000   79  351 8089.00000 7548.09548  6.69%   363 23097s
 1076322 535548 7714.90089   72  415 8089.00000 7548.21833  6.69%   363 23166s
 1080663 539199 7695.79154  171  494 8089.00000 7549.00442  6.68%   363 23234s
 1085048 540635 7787.42091  425  405 8089.00000 7549.07547  6.67%   363 23293s
 1087273 541183     cutoff  464      8089.00000 7549.26138  6.67%   363 23353s
 1089135 542877     cutoff   77      8089.00000 7550.15895  6.66%   364 23457s
 1094390 544125 7771.54353   67  378 8089.00000 7552.32385  6.63%   365 23531s
 1098261 545251 infeasible  398      8089.00000 7553.55200  6.62%   365 23600s
 1101892 546379 7790.48100  145  374 8089.00000 7555.66769  6.59%   366 23669s
 1105243 547400 infeasible  282      8089.00000 7556.98981  6.58%   367 23737s
 1108577 548361     cutoff   64      8089.00000 7558.75198  6.56%   367 23804s
 1111635 549524 7738.30903   84  370 8089.00000 7560.12643  6.54%   368 23870s
 1115196 550394 7744.35272   84  354 8089.00000 7561.44375  6.52%   369 23932s
 1118351 551480     cutoff   72      8089.00000 7562.88120  6.50%   369 23997s
 1121713 552591 7612.12526  167  391 8089.00000 7564.51096  6.48%   370 24061s
 1125021 553743 7782.58299  404  372 8089.00000 7565.60204  6.47%   370 24126s
 1128374 554596 7766.84629  156  378 8089.00000 7566.77988  6.46%   371 24191s
 1131431 554906 infeasible  123      8089.00000 7568.41160  6.44%   371 24253s
 1132789 556071 7777.28253  285  399 8089.00000 7568.87318  6.43%   372 24325s
 1136439 556572 7788.68203  123  318 8089.00000 7569.39341  6.42%   372 24394s
 1138280 558254 7734.07661  122  375 8089.00000 7570.53635  6.41%   373 24460s
 1140706 561926 7812.22297  251  388 8089.00000 7570.58887  6.41%   373 24547s
 1145440 564371 7720.33281  112  475 8089.00000 7570.58887  6.41%   374 24615s
 1148643 567806 7789.44872  232  551 8089.00000 7571.09097  6.40%   374 24682s
 1152640 571210 7763.70239  128  449 8089.00000 7571.60514  6.40%   374 24737s
 1156486 574689 7778.89751  105  329 8089.00000 7571.78014  6.39%   374 24788s
 1160571 576750 7740.93537   86  334 8089.00000 7571.78014  6.39%   373 24836s
 1162971 578969 infeasible  141      8089.00000 7571.78014  6.39%   373 24886s
 1165624 582052 7763.76653  139  422 8089.00000 7571.78014  6.39%   373 24939s
 1169267 584406 7691.01679   47  484 8089.00000 7572.61116  6.38%   373 24992s
 1172044 586120 7770.19417   64  306 8089.00000 7572.61116  6.38%   373 25044s
 1174376 588987 7686.72122   89  404 8089.00000 7572.61116  6.38%   374 25099s
 1177603 593190 7777.91282  214  487 8089.00000 7573.48044  6.37%   373 25168s
 1182237 595354 7666.94077  108  537 8089.00000 7574.04909  6.37%   373 25216s
 1184815 597689 7685.23928  113  448 8089.00000 7574.04909  6.37%   373 25266s
 1187580 600382 7678.70831  103  351 8089.00000 7574.12977  6.37%   373 25321s
 1190787 601600 7808.87037   80  447 8089.00000 7574.12977  6.37%   373 25384s
 1194016 602631 7803.87435  141  298 8089.00000 7575.47480  6.35%   374 25448s
 1197357 603465 7743.20339   64  525 8089.00000 7576.84898  6.33%   374 25512s
 1200486 604759 infeasible  110      8089.00000 7577.81054  6.32%   375 25576s
 1204053 605852 7742.26044  394  478 8089.00000 7579.15901  6.30%   375 25640s
 1207478 607078 7746.03210   65  459 8089.00000 7580.29946  6.29%   376 25701s
 1210894 607818     cutoff  488      8089.00000 7581.47072  6.27%   376 25762s
 1213861 608735 7789.86713   93  289 8089.00000 7582.65878  6.26%   377 25825s
 1217044 609940     cutoff   80      8089.00000 7583.97822  6.24%   377 25888s
 1220377 611036 7797.50492  196  355 8089.00000 7585.10701  6.23%   378 25953s
 1223829 611881 7693.81677   65  424 8089.00000 7586.57330  6.21%   378 26014s
 1226939 612751     cutoff  127      8089.00000 7587.38006  6.20%   378 26075s
 1230102 613963 7787.84879   85  340 8089.00000 7588.68710  6.19%   379 26139s
 1233428 615007 infeasible  134      8089.00000 7589.91054  6.17%   379 26199s
 1236713 615820     cutoff   75      8089.00000 7591.23145  6.15%   380 26260s
 1239871 616732 7778.11402  179  352 8089.00000 7592.14815  6.14%   380 26323s
 1243207 620332 7777.47222  229  532 8089.00000 7593.37589  6.13%   381 26387s
 1247269 623128 7655.04224   56  387 8089.00000 7593.37589  6.13%   381 26440s
 1250466 625789 7743.41697   97  391 8089.00000 7593.37589  6.13%   381 26493s
 1253646 628273 7787.92847  184  418 8089.00000 7593.37589  6.13%   381 26549s
 1256478 631242 7686.90425   58  439 8089.00000 7593.37589  6.13%   381 26606s
 1260030 635002 7657.05145   55  502 8089.00000 7593.85968  6.12%   381 26674s
 1264378 637651 7785.61653  127  351 8089.00000 7594.93776  6.11%   381 26725s
 1267385 640720 7749.80485  101  273 8089.00000 7594.93776  6.11%   381 26781s
 1270764 643054 7735.92723   93  318 8089.00000 7595.79938  6.10%   380 26833s
 1273622 645493 7719.49349  100  431 8089.00000 7595.80166  6.10%   380 26888s
 1276616 647551 7675.92240  138  310 8089.00000 7596.64189  6.09%   380 26941s
 1279239 651456 7727.31730  115  474 8089.00000 7596.72169  6.09%   381 26999s
 1283742 653806 7658.12839   74  503 8089.00000 7597.15285  6.08%   380 27053s
 1286512 653838 7832.23028  172  354 8089.00000 7597.17313  6.08%   380 27107s
 1286544 654458 7832.23028  173  348 8089.00000 7597.17313  6.08%   380 27161s
 1287250 656786 7843.98896   85  297 8089.00000 7597.18816  6.08%   380 27220s
 1289922 660249 7797.87929  177  409 8089.00000 7597.36495  6.08%   380 27290s
 1293773 660422 infeasible  196      8089.00000 7597.36495  6.08%   380 27357s
 1294555 663461     cutoff  497      8089.00000 7597.49320  6.08%   380 27601s
 1306002 664447     cutoff  130      8089.00000 7600.65933  6.04%   382 27667s
 1309344 665227 infeasible   91      8089.00000 7602.24832  6.02%   382 27732s
 1312446 666239 7718.09347  108  411 8089.00000 7602.74236  6.01%   383 27796s
 1315997 666878     cutoff  105      8089.00000 7604.72071  5.99%   383 27861s
 1318895 667636 7794.16072  303  487 8089.00000 7606.14227  5.97%   384 27923s
 1321959 668646     cutoff  184      8089.00000 7607.19998  5.96%   384 27988s
 1325497 669390     cutoff  277      8089.00000 7608.12719  5.94%   384 28051s
 1328772 670298 7806.72161  147  290 8089.00000 7608.62218  5.94%   385 28115s
 1332236 671248     cutoff  112      8089.00000 7609.99990  5.92%   385 28179s
 1335537 672091 7767.85804   79  470 8089.00000 7611.63786  5.90%   386 28245s
 1338723 673296 infeasible  147      8089.00000 7612.66963  5.89%   386 28311s
 1342361 674304 7813.10370  228  362 8089.00000 7613.93123  5.87%   386 28371s
 1345755 677511 7738.10566   54  341 8089.00000 7614.82563  5.86%   387 28438s
 1349363 679989 7672.48763   51  390 8089.00000 7615.49238  5.85%   387 28497s
 1352452 682666 7707.80210  111  410 8089.00000 7615.97387  5.85%   387 28556s
 1355549 686972 7837.27685   86  348 8089.00000 7615.97387  5.85%   387 28618s
 1360335 689608 7719.32598   54  342 8089.00000 7615.97387  5.85%   387 28672s
 1363395 692619 7835.00748   93  355 8089.00000 7616.74571  5.84%   386 28727s
 1367097 693972 7787.18543   56  416 8089.00000 7617.19481  5.83%   386 28783s
 1369121 695682 7704.97187   64  464 8089.00000 7617.48947  5.83%   387 28843s
 1371636 697376 7731.62278   75  503 8089.00000 7617.74883  5.83%   387 28912s
 1374492 699473 7749.35302   89  512 8089.00000 7617.74883  5.83%   388 28987s
 1377836 700203 7768.14973  108  485 8089.00000 7617.74883  5.83%   388 29066s
 1379000 704162 7773.31385  118  486 8089.00000 7618.30204  5.82%   388 29149s
 1383396 708493 7786.31021  159  445 8089.00000 7618.30204  5.82%   388 29225s
 1388437 712010 7793.36262  188  541 8089.00000 7618.30204  5.82%   388 29295s
 1392622 714618 7801.87253  222  552 8089.00000 7618.30204  5.82%   388 29357s
 1395594 718658 7807.66566  244  619 8089.00000 7618.79412  5.81%   388 29424s
 1400045 719448 7824.50268  137  392 8089.00000 7618.79412  5.81%   388 29487s
 1403164 719609     cutoff  102      8089.00000 7619.85560  5.80%   388 29550s
 1404505 720763 7728.92248  344  405 8089.00000 7620.75264  5.79%   389 29636s
 1409097 721545 7772.30948   62  347 8089.00000 7622.36517  5.77%   389 29709s
 1412912 722371 7794.65167   90  401 8089.00000 7623.96110  5.75%   390 29780s
 1416497 722879 infeasible  132      8089.00000 7625.35656  5.73%   390 29852s
 1419864 723833 7771.45706   75  285 8089.00000 7626.49624  5.72%   390 29919s
 1423211 724729 7673.45807  100  276 8089.00000 7627.65415  5.70%   391 29982s
 1426456 725323 7751.51886   71  435 8089.00000 7628.90054  5.69%   391 30045s
 1429139 725970 7790.55977  181  362 8089.00000 7629.47786  5.68%   391 30110s
 1431966 726627 7827.36480  345  421 8089.00000 7630.54949  5.67%   392 30179s
 1435568 727630     cutoff  141      8089.00000 7632.18042  5.65%   392 30246s
 1439298 727811 7827.26991  188  296 8089.00000 7633.38190  5.63%   392 30308s
 1440428 728020 infeasible   94      8089.00000 7633.38190  5.63%   393 30380s
 1441373 728334 infeasible  102      8089.00000 7633.84206  5.63%   393 30463s
 1442606 729426 7692.06549  149  353 8089.00000 7633.91107  5.63%   393 30552s
 1446713 730445 7754.94266  407  342 8089.00000 7635.34550  5.61%   393 30633s
 1451071 733569 7847.36104  279  603 8089.00000 7637.50785  5.58%   394 30699s
 1454830 735706 7866.94050  329  575 8089.00000 7637.50785  5.58%   394 30765s
 1457539 739020 7841.38054   54  333 8089.00000 7638.06343  5.57%   394 30845s
 1461898 741789 7778.12137  205  454 8089.00000 7638.49380  5.57%   394 30912s
 1465197 744924 7813.05176  335  506 8089.00000 7638.49380  5.57%   394 30979s
 1468981 749283 7776.12556   59  339 8089.00000 7639.09807  5.56%   394 31042s
 1473801 752088 7841.91342  111  499 8089.00000 7639.09807  5.56%   394 31099s
 1477166 753876 7784.23823   95  323 8089.00000 7639.16574  5.56%   394 31155s
 1479721 756151 7757.07517  127  380 8089.00000 7639.16574  5.56%   394 31218s
 1482565 759044 7756.41727  166  431 8089.00000 7639.83756  5.55%   394 31280s
 1486298 760839 7859.90361  382  416 8089.00000 7640.25244  5.55%   394 31347s
 1489052 763467 7707.32534  101  499 8089.00000 7640.58535  5.54%   394 31421s
 1492593 768304 7845.79170  206  284 8089.00000 7640.81213  5.54%   394 31493s
 1497949 771047 7841.80853  250  548 8089.00000 7640.81213  5.54%   394 31554s
 1501374 771690 7778.68597   61  589 8089.00000 7640.97183  5.54%   394 31629s
 1504788 772686     cutoff   84      8089.00000 7642.29419  5.52%   394 31693s
 1508317 773610     cutoff   73      8089.00000 7643.13989  5.51%   395 31753s
 1511688 774321     cutoff   96      8089.00000 7644.40043  5.50%   395 31811s
 1514818 774976 7720.31425   72  449 8089.00000 7645.29163  5.49%   395 31873s
 1517919 775379     cutoff   78      8089.00000 7646.69110  5.47%   395 31930s
 1519348 776316 7761.82197  480  389 8089.00000 7646.94541  5.46%   396 31997s
 1522967 777291 7792.97903  373  415 8089.00000 7648.38172  5.45%   396 32062s
 1526578 778139 7803.41831   66  417 8089.00000 7649.32463  5.44%   396 32125s
 1530039 778880     cutoff  124      8089.00000 7650.38977  5.42%   396 32188s
 1533439 779778 7720.51847   76  337 8089.00000 7651.38354  5.41%   397 32255s
 1537067 780466 7824.26015   95  370 8089.00000 7652.66479  5.39%   397 32313s
 1540134 781623 7758.51329   82  430 8089.00000 7653.74870  5.38%   397 32374s
 1543727 782530 7830.67395  164  360 8089.00000 7654.32663  5.37%   397 32432s
 1547175 783336 7826.01119   99  371 8089.00000 7655.62461  5.36%   398 32491s
 1550356 784180 7808.55598   94  389 8089.00000 7656.52938  5.35%   398 32549s
 1553627 786455 7801.26104   60  404 8089.00000 7657.48142  5.33%   398 32613s
 1556394 789392 7773.88574  158  400 8089.00000 7657.76920  5.33%   398 32689s
 1560218 792188 7807.22104  100  506 8089.00000 7657.76920  5.33%   398 32757s
 1563863 794627 7763.70027   63  401 8089.00000 7657.78606  5.33%   398 32824s
 1567495 796760 7850.30488  210  459 8089.00000 7658.39636  5.32%   398 32892s
 1570753 799745 7717.23746   52  577 8089.00000 7658.56255  5.32%   399 32957s
 1574255 803778 7893.82961   98  430 8089.00000 7658.56255  5.32%   398 33021s
 1578736 806643 7825.02658   79  398 8089.00000 7659.03970  5.32%   398 33077s
 1582019 809493 7789.40741   65  485 8089.00000 7659.30784  5.31%   398 33133s
 1585393 811399 7811.79296   89  434 8089.00000 7659.47172  5.31%   398 33189s
 1588039 814554 7864.40416   99  366 8089.00000 7659.58437  5.31%   398 33248s
 1591977 816610 7741.77504  106  401 8089.00000 7659.58437  5.31%   398 33306s
 1594790 820027 7868.32561   80  508 8089.00000 7660.06540  5.30%   398 33365s
 1598624 822997 7869.59772  185  436 8089.00000 7660.06540  5.30%   398 33428s
 1602182 826416 7826.66391  100  436 8089.00000 7660.29741  5.30%   398 33491s
 1606332 827288 7798.74432  127  337 8089.00000 7660.57730  5.30%   398 33559s
 1609812 827998     cutoff  170      8089.00000 7661.75799  5.28%   398 33619s
 1613146 828759 7830.87807  139  389 8089.00000 7662.45471  5.27%   398 33680s
 1616373 829348     cutoff  205      8089.00000 7663.37623  5.26%   399 33743s
 1618327 831151 7691.90890  108  474 8089.00000 7663.87340  5.26%   399 33849s
 1624496 831621 7831.57001  403  402 8089.00000 7665.46839  5.24%   399 33914s
 1628122 832910     cutoff  332      8089.00000 7666.76859  5.22%   399 33977s
 1632059 834102 7826.13662  146  338 8089.00000 7667.89555  5.21%   399 34037s
 1635832 835043 infeasible  390      8089.00000 7668.78506  5.19%   399 34095s
 1639192 835831 7774.33841   88  485 8089.00000 7669.33892  5.19%   400 34151s
 1642599 836738 infeasible  114      8089.00000 7670.48454  5.17%   400 34209s
 1645800 838005 7765.80590  103  388 8089.00000 7671.14498  5.17%   400 34275s
 1649803 838528     cutoff  170      8089.00000 7672.09487  5.15%   400 34328s
 1652710 839651 7830.84468   91  342 8089.00000 7673.01009  5.14%   400 34387s
 1656163 840550 infeasible  215      8089.00000 7673.68340  5.13%   400 34444s
 1659433 842349 7807.12549   56  465 8089.00000 7674.14293  5.13%   401 34507s
 1661878 847474 7915.49650  153  368 8089.00000 7674.26900  5.13%   401 34595s
 1667659 849757 7904.57672   80  323 8089.00000 7674.46322  5.12%   400 34658s
 1670782 852065 7870.61560   76  337 8089.00000 7674.70999  5.12%   400 34716s
 1673754 854570 7824.74124  102  328 8089.00000 7675.02209  5.12%   401 34777s
 1676616 857173 7871.57239  155  396 8089.00000 7675.17611  5.12%   401 34837s
 1679614 861758 7764.14519   55  484 8089.00000 7675.17611  5.12%   401 34901s
 1684531 865157 7840.69502  149  568 8089.00000 7675.17611  5.12%   400 34965s
 1688488 868578 7894.81755  313  553 8089.00000 7675.58534  5.11%   400 35021s
 1692474 870569 7865.02072  193  338 8089.00000 7675.88199  5.11%   400 35073s
 1694844 873351 7874.26334  307  438 8089.00000 7676.03462  5.11%   400 35126s
 1698116 875782 7770.76820   71  479 8089.00000 7676.36105  5.10%   400 35181s
 1701050 878369 7764.60670   74  451 8089.00000 7676.36105  5.10%   400 35237s
 1704079 880975 7874.69139  149  517 8089.00000 7676.71800  5.10%   400 35292s
 1707041 884170 7889.94543  156  409 8089.00000 7676.78698  5.10%   400 35349s
 1710924 885060 7810.52560   71  537 8089.00000 7677.06612  5.09%   400 35413s
 1714429 885776 7832.84769   89  365 8089.00000 7678.11033  5.08%   400 35472s
 1717962 886638 7821.82374  111  351 8089.00000 7679.00650  5.07%   400 35529s
 1721365 887826 7795.48420   88  412 8089.00000 7679.78799  5.06%   400 35587s
 1724793 888734     cutoff   66      8089.00000 7680.63396  5.05%   400 35643s
 1728080 889868     cutoff  200      8089.00000 7681.21707  5.04%   400 35708s
 1732032 891234 7809.05541  111  402 8089.00000 7682.22173  5.03%   400 35761s
 1735342 892373     cutoff  166      8089.00000 7682.79346  5.02%   401 35813s
 1738846 893425 7830.94803   93  352 8089.00000 7683.37457  5.01%   401 35865s
 1742385 894535 7782.92933  100  332 8089.00000 7684.10882  5.01%   401 35916s
 1745687 895491 7823.55599   94  412 8089.00000 7684.71627  5.00%   401 35965s
 1748748 896755 7819.10302   70  353 8089.00000 7685.37801  4.99%   401 36016s
 1752209 897578 7796.23953   75  457 8089.00000 7685.97224  4.98%   401 36066s
 1755344 898493 7728.94800  171  389 8089.00000 7686.80403  4.97%   401 36118s
 1758521 899735 7786.84562   80  399 8089.00000 7687.22231  4.97%   401 36183s
 1762402 901269 7824.28617  118  453 8089.00000 7688.19254  4.95%   401 36245s
 1764777 904725 7733.30773  154  432 8089.00000 7688.20545  4.95%   401 36333s
 1769224 907344 7759.71227   92  495 8089.00000 7688.20545  4.95%   401 36397s
 1772246 910742 7837.39999  145  508 8089.00000 7688.86127  4.95%   401 36466s
 1776272 912276 7897.64260   65  338 8089.00000 7689.10075  4.94%   401 36528s
 1778550 913864 7912.24178   93  264 8089.00000 7689.20865  4.94%   402 36597s
 1781234 916435 7839.91462  186  438 8089.00000 7689.34946  4.94%   402 36665s
 1784417 919775 7930.22682  411  459 8089.00000 7689.34946  4.94%   402 36737s
 1788336 922088 7895.43865  128  523 8089.00000 7689.44536  4.94%   402 36803s
 1791130 926116 7801.62319  113  360 8089.00000 7689.79630  4.94%   403 36874s
 1795861 929485 infeasible  218      8089.00000 7689.91660  4.93%   402 36936s
 1799804 932711 7891.01217  274  502 8089.00000 7689.92640  4.93%   402 37001s
 1803558 935058 7833.77739   89  478 8089.00000 7690.11320  4.93%   402 37056s
 1806607 937648 7877.58871  199  595 8089.00000 7690.11320  4.93%   402 37113s
 1809683 940881 7785.66984   72  426 8089.00000 7690.44127  4.93%   402 37173s
 1813565 942112     cutoff  140      8089.00000 7690.44127  4.93%   402 37235s
 1817443 942983 7751.53430   86  296 8089.00000 7691.09739  4.92%   402 37287s
 1820594 944192 7831.66558   68  428 8089.00000 7691.92977  4.91%   402 37341s
 1824433 945011 7766.20795  163  304 8089.00000 7692.41489  4.90%   402 37392s
 1827554 946143 7802.08199  221  304 8089.00000 7692.88700  4.90%   402 37443s
 1830924 947033 7813.07911   93  290 8089.00000 7693.50327  4.89%   403 37495s
 1834081 947543     cutoff  427      8089.00000 7694.21661  4.88%   403 37546s
 1835411 948864     cutoff  109      8089.00000 7694.32178  4.88%   403 37604s
 1839207 950133 7802.41762  142  380 8089.00000 7694.86630  4.87%   403 37670s
 1843326 951320 7804.35729  119  488 8089.00000 7695.43042  4.87%   403 37721s
 1846538 952201     cutoff   87      8089.00000 7696.17092  4.86%   403 37770s
 1849703 953385 infeasible  137      8089.00000 7696.69891  4.85%   403 37820s
 1852938 955070 7744.62171  196  257 8089.00000 7697.27692  4.84%   403 37871s
 1856582 956234 7794.77622  159  315 8089.00000 7697.72609  4.84%   403 37922s
 1859914 957491 7820.13359  102  450 8089.00000 7698.02252  4.83%   403 37972s
 1863323 957511     cutoff  138      8089.00000 7698.83977  4.82%   403 38019s
 1863403 958190     cutoff   82      8089.00000 7698.89785  4.82%   403 38071s
 1865376 960359 7934.96898  289  417 8089.00000 7698.96687  4.82%   403 38133s
 1868102 964118 7838.31331   89  326 8089.00000 7698.96687  4.82%   403 38207s
 1872511 966316 7858.77856   68  481 8089.00000 7699.04223  4.82%   403 38272s
 1875446 969006 7792.63347   60  495 8089.00000 7699.64659  4.81%   403 38338s
 1878870 972063 7739.14624   58  616 8089.00000 7699.85701  4.81%   403 38406s
 1882712 974967 7920.22284  145  471 8089.00000 7699.85701  4.81%   403 38472s
 1886085 977952 7850.47875   57  400 8089.00000 7700.22328  4.81%   403 38533s
 1889686 980514 7763.51974   52  511 8089.00000 7700.34928  4.80%   403 38591s
 1892821 983327 7859.93874  120  484 8089.00000 7700.34928  4.80%   403 38651s
 1896299 984561 7917.93601  287  507 8089.00000 7700.92233  4.80%   403 38712s
 1898798 986422 7836.00366  113  445 8089.00000 7700.92233  4.80%   403 38776s
 1901793 988072 7893.73872   81  451 8089.00000 7701.09006  4.80%   403 38841s
 1904740 990776 7920.20117   91  350 8089.00000 7701.29280  4.79%   403 38906s
 1908423 993236 7910.72318  304  440 8089.00000 7701.32022  4.79%   403 38969s
 1911910 995263 7889.52066  103  346 8089.00000 7701.34134  4.79%   403 39033s
 1914833 998390 7836.30547  127  450 8089.00000 7701.83815  4.79%   403 39104s
 1918504 999839     cutoff  198      8089.00000 7702.03875  4.78%   403 39167s
 1922620 1001266 7773.76099  128  316 8089.00000 7702.73642  4.78%   403 39234s
 1926590 1002181 7839.28034  116  342 8089.00000 7703.36413  4.77%   403 39285s
 1929937 1003469 7800.37338  225  455 8089.00000 7703.86187  4.76%   403 39335s
 1933396 1004557 7781.73039  146  390 8089.00000 7704.41895  4.75%   403 39385s
 1936649 1005526 7753.51125   95  345 8089.00000 7704.94249  4.75%   404 39435s
 1939977 1006506 7747.37598  256  417 8089.00000 7705.59143  4.74%   404 39484s
 1943285 1007472 7767.90436   98  181 8089.00000 7706.15877  4.73%   404 39533s
 1946600 1008748 7811.01610  105  381 8089.00000 7706.38453  4.73%   404 39582s
 1950064 1009664 7794.33954  328  351 8089.00000 7707.17751  4.72%   404 39631s
 1953500 1011264     cutoff   61      8089.00000 7707.61149  4.71%   404 39697s
 1957924 1012336 7756.35917  124  279 8089.00000 7708.12454  4.71%   404 39745s
 1960995 1013607 7812.01285  128  369 8089.00000 7708.39081  4.71%   404 39792s
 1964395 1014924 infeasible  525      8089.00000 7709.11746  4.70%   404 39840s
 1967887 1016401 7786.26114  202  493 8089.00000 7709.55110  4.69%   403 39887s
 1971275 1018526 7822.50685   86  558 8089.00000 7709.92568  4.69%   403 39952s
 1973787 1022892 7833.61457   85  455 8089.00000 7709.94178  4.69%   404 40033s
 1978958 1025316 7952.46453  278  465 8089.00000 7710.20277  4.68%   403 40093s
 1981896 1029077 7874.45178   81  404 8089.00000 7710.38651  4.68%   403 40157s
 1986243 1031693 7873.24333  120  482 8089.00000 7710.60646  4.68%   403 40215s
 1989374 1034483 7794.87946  152  431 8089.00000 7710.62457  4.68%   403 40272s
 1992669 1036345 7911.20752  267  522 8089.00000 7710.62457  4.68%   403 40335s
 1995318 1039072 7898.50872   90  568 8089.00000 7710.81365  4.68%   403 40399s
 1998478 1040868 7794.98173   61  418 8089.00000 7710.81365  4.68%   403 40464s
 2000403 1043142 7931.59696   90  315 8089.00000 7710.81365  4.68%   403 40546s
 2002894 1046695 7795.83709  160  446 8089.00000 7711.06054  4.67%   403 40631s
 2007285 1050833 7719.43594  120  458 8089.00000 7711.29448  4.67%   403 40709s
 2012037 1052839 7906.31845  134  391 8089.00000 7711.29448  4.67%   403 40778s
 2014704 1054986 7755.56200   56  616 8089.00000 7711.29448  4.67%   403 40852s
 2017599 1056944 7862.93657   67  369 8089.00000 7711.29448  4.67%   404 40929s
 2020428 1058394 7819.78311   84  635 8089.00000 7711.80890  4.66%   404 41006s
 2023527 1059836     cutoff   99      8089.00000 7711.81667  4.66%   404 41068s
 2027943 1061090 7816.88510  198  410 8089.00000 7712.37091  4.66%   404 41114s
 2031085 1062226 infeasible  115      8089.00000 7712.67645  4.65%   404 41161s
 2034163 1063449 7823.43204   86  320 8089.00000 7713.10975  4.65%   404 41208s
 2037579 1064948 7831.66520   88  568 8089.00000 7713.42481  4.64%   404 41272s
 2041868 1066145     cutoff  104      8089.00000 7713.96274  4.64%   404 41320s
 2045216 1066980 7842.24544  307  348 8089.00000 7714.47160  4.63%   404 41367s
 2048264 1068248 7758.54189   80  286 8089.00000 7714.90184  4.62%   404 41414s
 2051602 1069496 7799.87283   86  348 8089.00000 7715.24762  4.62%   404 41462s
 2055238 1070704 7767.71252  105  351 8089.00000 7715.86157  4.61%   404 41508s
 2058730 1071806     cutoff   66      8089.00000 7716.15244  4.61%   404 41554s
 2061804 1072967     cutoff  102      8089.00000 7716.48342  4.61%   404 41601s
 2065031 1074202 7750.28552  108  365 8089.00000 7716.92970  4.60%   404 41648s
 2068444 1074695     cutoff  117      8089.00000 7717.49744  4.59%   404 41710s
 2070281 1077909 7777.37112   70  480 8089.00000 7717.63813  4.59%   404 41815s
 2078439 1078767 7881.01195  100  509 8089.00000 7718.19158  4.58%   404 41880s
 2079962 1080007 7860.91411  110  603 8089.00000 7718.27044  4.58%   404 41950s
 2082139 1082150 7864.88131  124  634 8089.00000 7718.35956  4.58%   404 42043s
 2085427 1085322 7902.26027  154  453 8089.00000 7718.36538  4.58%   405 42137s
 2089386 1089644 7888.19092  145  384 8089.00000 7718.58024  4.58%   405 42227s
 2094738 1092462 7938.87985  234  341 8089.00000 7718.60647  4.58%   405 42302s
 2098660 1096074 7944.03519  205  352 8089.00000 7718.82087  4.58%   405 42373s
 2103003 1098180 7871.25153  124  460 8089.00000 7718.97076  4.57%   405 42437s
 2106061 1099948 7938.56182  189  388 8089.00000 7719.28622  4.57%   405 42504s
 2108835 1101986 7863.81225   96  500 8089.00000 7719.28622  4.57%   405 42573s
 2111991 1102017 7793.68089   77  367 8089.00000 7719.44903  4.57%   405 42639s
 2112024 1102057 7802.52610   78  409 8089.00000 7719.44903  4.57%   405 42707s
 2112068 1102603 7803.20961   79  359 8089.00000 7719.44903  4.57%   405 42780s
 2113110 1105049 7861.17821   94  331 8089.00000 7719.44903  4.57%   405 42876s
 2116880 1107108 7821.42897   74  427 8089.00000 7719.64949  4.57%   405 42966s
 2120347 1109208 7844.12715   79  397 8089.00000 7719.68962  4.57%   406 43055s
 2123882 1111229 7878.66339   98  660 8089.00000 7720.12826  4.56%   406 43143s
 2127256 1113606 7915.12066  256  409 8089.00000 7720.19194  4.56%   406 43200s

Cutting planes:
  Learned: 3
  Gomory: 20
  Lift-and-project: 2
  Cover: 764
  Implied bound: 4
  Clique: 124
  MIR: 297
  StrongCG: 1
  Zero half: 62
  RLT: 673
  Relax-and-lift: 5
  BQP: 1

Explored 2130362 nodes (865540439 simplex iterations) in 43204.99 seconds (23303.99 work units)
Thread count was 32 (of 128 available processors)

Solution count 10: 8089 8094 8107 ... 8650

Time limit reached
Best objective 8.089000000000e+03, best bound 7.721000000000e+03, gap 4.5494%
Solved c201_Skewed2 -> /project2/ssuen_1733/output/v3/c201_Skewed2.pkl / .json
[Tue Dec 16 04:47:58 PST 2025] Finished run_single_instance for c201_Skewed2
