==========================================
SLURM_JOB_ID = 5298001
SLURM_JOB_NODELIST = b22-19
TMPDIR = /tmp/SLURM_5298001
==========================================
Using Python:
Python 3.10.18
Checking core dependencies:
numpy: 2.2.6
gurobi: (12, 0, 3)
[Mon Dec 15 16:47:15 PST 2025] Starting run_single_instance on b22-19.hpc.usc.edu for c101_Skewed2
Set parameter TokenServer to value "hpc-licenses.hpcc.usc.edu"
Set parameter TimeLimit to value 43200
Set parameter Seed to value 42
Set parameter OutputFlag to value 1
Gurobi Optimizer version 12.0.3 build v12.0.3rc0 (linux64 - "Rocky Linux 8.10 (Green Obsidian)")

CPU model: AMD EPYC 7542 32-Core Processor, instruction set [SSE2|AVX|AVX2]
Thread count: 64 physical cores, 128 logical processors, using up to 32 threads

Non-default parameters:
TimeLimit  43200
Seed  42

Optimize a model with 703550 rows, 728000 columns and 5954600 nonzeros
Model fingerprint: 0x8fdefa5b
Variable types: 0 continuous, 728000 integer (727500 binary)
Coefficient statistics:
  Matrix range     [1e+00, 1e+03]
  Objective range  [1e+00, 1e+02]
  Bounds range     [1e+00, 5e+01]
  RHS range        [1e+00, 1e+03]
Presolve removed 677000 rows and 697354 columns
Presolve time: 1.49s
Presolved: 26550 rows, 30646 columns, 189650 nonzeros
Variable types: 0 continuous, 30646 integer (30600 binary)
Performing another presolve...
Presolve removed 750 rows and 200 columns (presolve time = 8s)...
Presolve removed 750 rows and 200 columns
Presolve time: 8.40s
Deterministic concurrent LP optimizer: primal and dual simplex
Showing primal log only...


Root simplex log...

Iteration    Objective       Primal Inf.    Dual Inf.      Time
       0    6.3800000e+02   3.430000e+02   1.625746e+10     13s
Concurrent spin time: 0.05s

Solved with dual simplex

Root simplex log...

Iteration    Objective       Primal Inf.    Dual Inf.      Time
   13284    4.6131804e+03   0.000000e+00   0.000000e+00     14s

Root relaxation: objective 4.613180e+03, 13284 iterations, 1.82 seconds (0.89 work units)
Total elapsed time = 13.98s (DegenMoves)

    Nodes    |    Current Node    |     Objective Bounds      |     Work
 Expl Unexpl |  Obj  Depth IntInf | Incumbent    BestBd   Gap | It/Node Time

     0     0 4613.18039    0  688          - 4613.18039      -     -   14s
     0     0 4640.19151    0  845          - 4640.19151      -     -   15s
     0     0 4640.32722    0  822          - 4640.32722      -     -   15s
     0     0 4640.38016    0  825          - 4640.38016      -     -   15s
     0     0 4640.38016    0  826          - 4640.38016      -     -   15s
     0     0 4665.83139    0  946          - 4665.83139      -     -   16s
     0     0 4666.99945    0  960          - 4666.99945      -     -   16s
     0     0 4667.25517    0  958          - 4667.25517      -     -   16s
     0     0 4667.27148    0  960          - 4667.27148      -     -   16s
     0     0 4667.27856    0  960          - 4667.27856      -     -   16s
     0     0 4708.84807    0 1004          - 4708.84807      -     -   17s
     0     0 4718.63337    0 1063          - 4718.63337      -     -   17s
     0     0 4719.76056    0 1053          - 4719.76056      -     -   17s
     0     0 4719.87393    0 1044          - 4719.87393      -     -   17s
     0     0 4719.89919    0 1061          - 4719.89919      -     -   18s
     0     0 4719.89938    0 1062          - 4719.89938      -     -   18s
     0     0 4753.55359    0 1093          - 4753.55359      -     -   19s
     0     0 4755.40061    0 1143          - 4755.40061      -     -   19s
     0     0 4755.68013    0 1136          - 4755.68013      -     -   19s
     0     0 4755.68013    0 1137          - 4755.68013      -     -   19s
     0     0 4818.71183    0 1094          - 4818.71183      -     -   20s
     0     0 4820.74329    0 1069          - 4820.74329      -     -   20s
     0     0 4820.88858    0 1072          - 4820.88858      -     -   20s
     0     0 4820.91258    0 1067          - 4820.91258      -     -   20s
     0     0 4878.58026    0 1071          - 4878.58026      -     -   21s
     0     0 4880.78022    0 1051          - 4880.78022      -     -   22s
     0     0 4880.97010    0 1099          - 4880.97010      -     -   22s
     0     0 4880.97217    0 1096          - 4880.97217      -     -   22s
     0     0 4904.08059    0 1035          - 4904.08059      -     -   22s
     0     0 4904.92817    0 1132          - 4904.92817      -     -   23s
     0     0 4905.05648    0 1179          - 4905.05648      -     -   23s
     0     0 4905.07592    0 1146          - 4905.07592      -     -   23s
     0     0 4920.24066    0 1012          - 4920.24066      -     -   23s
     0     0 4921.05702    0 1095          - 4921.05702      -     -   24s
     0     0 4921.19329    0 1048          - 4921.19329      -     -   24s
     0     0 4921.20930    0 1125          - 4921.20930      -     -   24s
     0     0 4932.59680    0 1006          - 4932.59680      -     -   24s
     0     0 4933.54485    0 1027          - 4933.54485      -     -   24s
     0     0 4933.69110    0 1042          - 4933.69110      -     -   24s
     0     0 4933.70282    0 1030          - 4933.70282      -     -   25s
     0     0 4941.22315    0  989          - 4941.22315      -     -   25s
     0     0 4942.44784    0 1073          - 4942.44784      -     -   25s
     0     0 4943.13825    0 1108          - 4943.13825      -     -   25s
     0     0 4943.14995    0 1106          - 4943.14995      -     -   25s
     0     0 4949.93073    0 1036          - 4949.93073      -     -   26s
     0     0 4950.21084    0 1038          - 4950.21084      -     -   26s
     0     0 4950.59254    0 1138          - 4950.59254      -     -   26s
     0     0 4950.59978    0 1137          - 4950.59978      -     -   26s
     0     0 4962.70601    0 1251          - 4962.70601      -     -   27s
     0     0 4962.96174    0 1266          - 4962.96174      -     -   27s
     0     0 4962.97474    0 1259          - 4962.97474      -     -   27s
     0     0 4982.32567    0 1232          - 4982.32567      -     -   27s
     0     0 4983.69931    0 1198          - 4983.69931      -     -   27s
     0     0 4984.08745    0 1219          - 4984.08745      -     -   28s
     0     0 4984.23315    0 1201          - 4984.23315      -     -   28s
     0     0 4984.23340    0 1208          - 4984.23340      -     -   28s
     0     0 4989.70404    0 1174          - 4989.70404      -     -   28s
     0     0 4989.82216    0 1188          - 4989.82216      -     -   28s
     0     0 4989.83925    0 1212          - 4989.83925      -     -   28s
     0     0 4993.96622    0 1128          - 4993.96622      -     -   28s
     0     0 4994.74116    0 1153          - 4994.74116      -     -   29s
     0     0 4994.74907    0 1118          - 4994.74907      -     -   29s
     0     0 4996.15846    0 1140          - 4996.15846      -     -   29s
     0     0 4996.24089    0 1182          - 4996.24089      -     -   29s
     0     0 4996.74284    0 1163          - 4996.74284      -     -   29s
     0     0 4996.86909    0 1215          - 4996.86909      -     -   30s
     0     0 4996.90774    0 1178          - 4996.90774      -     -   30s
     0     0 5004.91861    0 1116          - 5004.91861      -     -   30s
     0     0 5006.06064    0 1101          - 5006.06064      -     -   30s
     0     0 5006.06733    0 1103          - 5006.06733      -     -   30s
     0     0 5012.80954    0 1196          - 5012.80954      -     -   31s
     0     0 5016.56459    0 1111          - 5016.56459      -     -   31s
     0     0 5016.70994    0 1076          - 5016.70994      -     -   31s
     0     0 5016.72550    0 1133          - 5016.72550      -     -   32s
     0     0 5027.64341    0 1048          - 5027.64341      -     -   32s
     0     0 5027.69828    0 1117          - 5027.69828      -     -   32s
     0     0 5028.31163    0 1171          - 5028.31163      -     -   33s
     0     0 5029.01163    0 1164          - 5029.01163      -     -   33s
     0     0 5029.01163    0 1144          - 5029.01163      -     -   33s
     0     0 5029.58805    0 1162          - 5029.58805      -     -   33s
     0     0 5029.79103    0 1174          - 5029.79103      -     -   33s
     0     0 5029.82443    0 1220          - 5029.82443      -     -   34s
     0     0 5029.93533    0 1184          - 5029.93533      -     -   34s
     0     0 5030.06242    0 1182          - 5030.06242      -     -   34s
     0     0 5031.35614    0 1171          - 5031.35614      -     -   34s
     0     0 5032.96853    0 1169          - 5032.96853      -     -   34s
     0     0 5032.99040    0 1177          - 5032.99040      -     -   34s
     0     0 5040.46471    0 1129          - 5040.46471      -     -   35s
     0     0 5040.58697    0 1176          - 5040.58697      -     -   35s
     0     0 5040.62355    0 1161          - 5040.62355      -     -   35s
     0     0 5040.76245    0 1146          - 5040.76245      -     -   35s
     0     0 5040.76584    0 1147          - 5040.76584      -     -   35s
     0     0 5040.77025    0 1139          - 5040.77025      -     -   36s
     0     0 5041.37025    0 1089          - 5041.37025      -     -   36s
     6     4 5105.42256    2  110          - 5105.42256      -  37.3   50s
   522   276 5133.61914    2  100          - 5133.61914      -  61.5   56s
  1084   644 5233.47477    2  175          - 5233.47477      -  57.0   61s
  1358   988 5233.47477   16  241          - 5233.47477      -  80.5   65s
  1597  1136 5397.57723    2  389          - 5397.30449      -  90.0   99s
  1599  1140 5397.57760    3  388          - 5397.57723      -  91.1  100s
  1627  1196 5398.23091    6  446          - 5398.21289      -   108  106s
  1799  1368 5399.60576   13  410          - 5398.27411      -   139  111s
  1882  1514 5402.07471   14  418          - 5398.27411      -   150  115s
  2143  1673 5420.11989    2  296          - 5419.78921      -   185  138s
  2145  1677 5420.37376    3  308          - 5420.12346      -   186  140s
  2173  1733 5420.74869    6  362          - 5420.74869      -   196  145s
  2237  1820 5421.23186    8  364          - 5420.76573      -   213  150s
  2419  2009 5424.29051   14  388          - 5420.76573      -   226  155s
  2551  2106 5425.28233   18  366          - 5420.76573      -   237  161s
H 2717  2236                    8458.0000000 5420.76573  35.9%   256  164s
  2845  2344 5423.03981   19  116 8458.00000 5421.51058  35.9%   244  165s
H 4693  3561                    8456.0000000 5427.64989  35.8%   175  169s
  4693  3594 5435.15480   17  394 8456.00000 5427.64989  35.8%   165  171s
  4850  3795 5437.38655   23  307 8456.00000 5427.64989  35.8%   173  175s
  5018  3910 5438.15438   26  414 8456.00000 5427.64989  35.8%   178  180s
  5181  4074 5440.45756   29  382 8456.00000 5427.64989  35.8%   183  185s
  5335  4302 5443.94387   33  322 8456.00000 5427.64989  35.8%   186  190s
H 5444  4302                    8407.0000000 5427.64989  35.4%   197  190s
  5476  4366 5439.83660   24  304 8407.00000 5427.64989  35.4%   194  195s
  5687  4576 5469.92782   32  448 8407.00000 5427.64989  35.4%   202  201s
  5762  4651 5439.11170   35  459 8407.00000 5427.64989  35.4%   204  205s
  5991  4879 5440.54049   40  386 8407.00000 5427.64989  35.4%   208  212s
  6061  5022 5441.62595   42  466 8407.00000 5427.64989  35.4%   209  215s
H 6166  5022                    8382.0000000 5427.64989  35.2%   215  215s
H 8960  7082                    8367.0000000 5436.00182  35.0%   164  219s
  8960  7114 5453.20658   35  350 8367.00000 5436.00182  35.0%   159  221s
  9046  7199 5453.27653   37  329 8367.00000 5436.00182  35.0%   161  226s
  9164  7393 5453.79769   39  341 8367.00000 5436.00182  35.0%   163  232s
  9398  7642 5454.13526   41  407 8367.00000 5436.00182  35.0%   166  236s
  9700  7962 5456.11220   53  351 8367.00000 5436.00182  35.0%   169  240s
 10042  8275 5453.20527   48  361 8367.00000 5436.00182  35.0%   174  246s
 10296  8510 5461.34035   56  318 8367.00000 5436.00182  35.0%   176  252s
 10445  8686 5461.95859   57  294 8367.00000 5436.00182  35.0%   177  256s
H10741  8835                    8354.0000000 5436.00182  34.9%   180  258s
 12592  9943 5496.22358   28   49 8354.00000 5441.87358  34.9%   160  260s
H14194 11145                    8257.0000000 5445.47358  34.1%   151  264s
 14194 11304 5465.72769   54  351 8257.00000 5445.47358  34.1%   147  266s
 14732 11796 5472.10512   63  291 8257.00000 5445.47358  34.1%   150  271s
 15206 12282 5473.23080   68  368 8257.00000 5445.47358  34.1%   153  276s
H15388 12282                    8256.0000000 5445.47358  34.0%   157  276s
 15426 12603 5482.03160   63  285 8256.00000 5445.47358  34.0%   155  283s
 15719 12698 5496.84862   70  264 8256.00000 5445.47358  34.0%   156  285s
 16109 13069 5497.36552   73  219 8256.00000 5445.47358  34.0%   156  291s
 16358 13340 5499.93747   79  237 8256.00000 5445.85399  34.0%   157  296s
H16515 13340                    8252.0000000 5445.85399  34.0%   159  296s
 17270 13846 5491.48004   75  124 8252.00000 5491.48004  33.5%   155  319s
 17635 13992 5549.21937   23   93 8252.00000 5506.98747  33.3%   152  320s
 18658 14435 5518.73380   13   64 8252.00000 5518.73380  33.1%   146  326s
 19639 15242 5526.29630   96  275 8252.00000 5526.29630  33.0%   142  330s
H20368 15759                    8241.0000000 5526.29630  32.9%   140  332s
 20693 16265 5555.88935   78  377 8241.00000 5526.29630  32.9%   139  336s
 21311 16877 5560.79905   88  340 8241.00000 5526.29630  32.9%   141  341s
 21865 17518 5582.13829   88  244 8241.00000 5526.29630  32.9%   143  347s
 22236 17582 5625.34483  106  260 8241.00000 5526.29630  32.9%   144  350s
 22334 17675 5591.74237  109  248 8241.00000 5526.29630  32.9%   144  356s
 22434 17940 5592.20989  111  245 8241.00000 5526.29630  32.9%   144  361s
 23019 18668 5605.28127  125  217 8241.00000 5526.29630  32.9%   144  366s
H23412 18668                    8217.0000000 5526.29630  32.7%   145  366s
 24242 18373 5545.15004   71   97 8217.00000 5545.15004  32.5%   141  370s
 25369 19539 5559.04630  138  254 8217.00000 5559.04630  32.3%   138  375s
H26192 20049                    8187.0000000 5559.04630  32.1%   137  378s
 26192 20186 5600.41528   97  405 8187.00000 5559.04630  32.1%   135  380s
 26645 20809 5603.73505  111  399 8187.00000 5559.04630  32.1%   138  387s
 26974 21167 5605.50438  124  408 8187.00000 5559.04630  32.1%   139  390s
 27775 21949 5614.83560  137  272 8187.00000 5560.37795  32.1%   141  396s
 28773 22545 5648.99399  161  278 8187.00000 5560.48656  32.1%   142  401s
 28917 22776 5648.99399  163  280 8187.00000 5561.03702  32.1%   142  405s
 29232 23162 5650.06655  170  242 8187.00000 5561.03702  32.1%   142  410s
 29476 23281 5653.24584  178  261 8187.00000 5561.03702  32.1%   143  416s
 29779 23705 5654.68446  180  249 8187.00000 5561.03702  32.1%   143  422s
 30011 24000 5656.70014  181  260 8187.00000 5561.03702  32.1%   143  425s
 31087 24682 5561.03702   15  215 8187.00000 5561.03702  32.1%   142  433s
 31101 24705 5561.03702   18  233 8187.00000 5561.03702  32.1%   142  435s
 31311 24180 5561.03702   23  244 8187.00000 5561.03702  32.1%   143  440s
 31631 24060 5561.03702   27  238 8187.00000 5561.03702  32.1%   143  446s
 31936 24183 5672.67958   30  196 8187.00000 5561.03702  32.1%   144  450s
 32472 24406 5733.74949   35  178 8187.00000 5561.03702  32.1%   146  455s
H32852 24231                    8160.0000000 5561.03702  31.9%   147  458s
 32852 24625 5617.69002  143  403 8160.00000 5561.03702  31.9%   145  461s
 33568 25276 5623.18819  159  277 8160.00000 5561.03702  31.9%   147  467s
 33928 25608 5624.59549  173  267 8160.00000 5561.03702  31.9%   147  470s
 34773 26578 5646.38291  190  275 8160.00000 5561.03702  31.9%   147  477s
 35385 27200 infeasible  195      8160.00000 5561.03702  31.9%   148  482s
 36572 28092 5710.34291  226  250 8160.00000 5561.03702  31.9%   147  486s
 36975 28502 5713.69133  245  260 8160.00000 5561.03702  31.9%   147  490s
H37802 28839                    8159.0000000 5561.03702  31.8%   147  492s
 38119 29035 5814.37826   39  198 8159.00000 5561.03702  31.8%   147  495s
 38761 28975 5979.47035   44   98 8159.00000 5561.03702  31.8%   147  500s
 39842 29373     cutoff   54      8159.00000 5561.03702  31.8%   146  505s
H41175 29544                    8157.0000000 5561.03702  31.8%   145  508s
 41175 30002 5648.93590  196  262 8157.00000 5561.03702  31.8%   144  512s
 41702 30034 5648.93590  197  263 8157.00000 5561.03702  31.8%   145  515s
 41789 30351 5651.88812  199  365 8157.00000 5561.03702  31.8%   145  525s
 42063 31000 5652.37111  200  419 8157.00000 5561.03702  31.8%   146  530s
H44313 30092                    8150.0000000 6115.67740  25.0%   158 1135s
 45029 31189 6295.90028  282  269 8150.00000 6115.67740  25.0%   157 1143s
 45472 31626 6300.76028  303  272 8150.00000 6115.67740  25.0%   157 1146s
 46486 32646 6325.30531  354  284 8150.00000 6115.67740  25.0%   157 1154s
 47069 33287 6341.66875  366  236 8150.00000 6115.67740  25.0%   157 1158s
 47757 33615 6575.49834   79  126 8150.00000 6115.67740  25.0%   157 1160s
 49320 34028 6630.78210  115   48 8150.00000 6115.67740  25.0%   156 1165s
 51396 34913     cutoff   49      8150.00000 6115.67740  25.0%   154 1170s
 52173 35000 6119.60863   41  475 8150.00000 6119.60863  24.9%   153 1176s
 52179 35010 6119.60863   43  517 8150.00000 6119.60863  24.9%   153 1182s
 52187 35024 6119.60863   44  510 8150.00000 6119.60863  24.9%   153 1187s
 52203 35050 6119.60863   45  523 8150.00000 6119.60863  24.9%   154 1195s
 52235 35072 6119.60863   46  554 8150.00000 6119.60863  24.9%   155 1200s
 52267 35093 6119.60863   47  540 8150.00000 6119.60863  24.9%   156 1206s
 52299 35136 6119.60863   48  556 8150.00000 6119.60863  24.9%   156 1212s
 52353 35202 6119.60863   48  476 8150.00000 6119.60863  24.9%   157 1218s
 52437 35253 6119.60863   49  550 8150.00000 6119.60863  24.9%   157 1223s
 52516 35307 6119.60863   49  436 8150.00000 6119.60863  24.9%   158 1229s
 52597 35344 6119.60863   50  549 8150.00000 6119.60863  24.9%   158 1233s
 52661 35396 6119.60863   50  486 8150.00000 6119.60863  24.9%   159 1239s
 52734 35445 6119.60863   51  569 8150.00000 6119.60863  24.9%   159 1243s
 52808 35504 6119.60863   51  464 8150.00000 6119.60863  24.9%   159 1247s
 52893 35546 6119.60863   52  517 8150.00000 6119.60863  24.9%   160 1252s
 52964 35592 6119.60863   52  579 8150.00000 6119.60863  24.9%   160 1257s
 53033 35636 6119.60863   53  537 8150.00000 6119.60863  24.9%   161 1262s
 53100 35690 6121.72641   53  471 8150.00000 6119.60863  24.9%   161 1267s
 53177 35754 6119.60863   54  563 8150.00000 6119.60863  24.9%   162 1272s
 53268 35819 6255.60436   54  400 8150.00000 6119.60863  24.9%   162 1277s
 53372 35874 6119.60863   55  518 8150.00000 6119.60863  24.9%   163 1283s
 53472 35907 6119.60863   56  510 8150.00000 6119.60863  24.9%   164 1289s
 53552 35943 6119.60863   56  524 8150.00000 6119.60863  24.9%   165 1294s
 53633 35993 6119.60863   57  518 8150.00000 6119.60863  24.9%   166 1300s
 53719 36041 6139.96812   58  389 8150.00000 6119.60863  24.9%   167 1306s
 53812 36093 6119.60863   58  441 8150.00000 6119.60863  24.9%   168 1312s
 53901 36152 6122.33989   59  415 8150.00000 6119.60863  24.9%   169 1319s
 54001 36221 6197.28969   61  422 8150.00000 6119.60863  24.9%   171 1326s
 54113 36272 6217.13746   62  560 8150.00000 6119.60863  24.9%   172 1332s
 54209 36355 6218.71335   63  541 8150.00000 6119.60863  24.9%   173 1339s
 54332 36425 6620.86907   64  363 8150.00000 6119.60863  24.9%   174 1346s
 54452 36497 6500.52593   65  387 8150.00000 6119.60863  24.9%   176 1353s
 54576 36605 6639.92800   68  348 8150.00000 6119.60863  24.9%   177 1360s
 54736 36722 6643.75622   71  362 8150.00000 6119.60863  24.9%   179 1367s
 54923 36839 6648.29326   74  386 8150.00000 6119.60863  24.9%   180 1375s
 55129 36996 6656.63758   77  363 8150.00000 6119.60863  24.9%   182 1382s
 55377 37152 6662.92486   80  346 8150.00000 6119.60863  24.9%   183 1389s
 55655 37271 6666.13078   84  334 8150.00000 6119.60863  24.9%   183 1398s
 55927 37430 6679.30310   89  317 8150.00000 6119.60863  24.9%   184 1407s
 56241 37566     cutoff   93      8150.00000 6119.60863  24.9%   185 1416s
 57408 35252 6373.79123   47  888 8150.00000 6373.79123  21.8%   190 1986s
 57410 35256 6373.98335   48  877 8150.00000 6373.98335  21.8%   190 1991s
 57414 35262 6374.16931   49  830 8150.00000 6373.98812  21.8%   190 1998s
 57422 35276 6374.29815   50  870 8150.00000 6374.17235  21.8%   191 2003s
 57438 35302 6374.81724   51  887 8150.00000 6374.29888  21.8%   191 2014s
 57470 34822 6375.02487   52  869 8150.00000 6374.82308  21.8%   193 2019s
 57502 34843 6375.06391   53  815 8150.00000 6374.82308  21.8%   193 2027s
 57534 34864 6375.07615   54  879 8150.00000 6374.82308  21.8%   193 2035s
 57566 34905 6425.66395   54  610 8150.00000 6374.82308  21.8%   193 2045s
 57619 34948 6375.08547   55  835 8150.00000 6374.82308  21.8%   194 2055s
 57680 35013 6375.35087   56  806 8150.00000 6374.82308  21.8%   195 2066s
 57765 35068 6375.71201   57  879 8150.00000 6374.82308  21.8%   196 2075s
 57851 35128 6375.73461   58  863 8150.00000 6374.82308  21.8%   197 2083s
 57945 35126 6376.12244   59  853 8150.00000 6374.82308  21.8%   198 2092s
 57977 35148 6405.20354   59  714 8150.00000 6374.82308  21.8%   198 2104s
 58011 35169 6376.61008   60  964 8150.00000 6374.82308  21.8%   199 2110s
 58045 35189 6422.09025   60  592 8150.00000 6374.82308  21.8%   199 2118s
 58079 35212 6376.65088   61  946 8150.00000 6374.82308  21.8%   199 2125s
 58114 35232 6402.05938   61  804 8150.00000 6374.82308  21.8%   200 2134s
 58150 35254 6377.02315   62  903 8150.00000 6374.82308  21.8%   201 2140s
 58185 35278 6426.92507   62  556 8150.00000 6374.82308  21.8%   201 2149s
 58222 35298 6377.04393   63  906 8150.00000 6374.82308  21.8%   201 2157s
 58256 35319 6385.52804   63  720 8150.00000 6374.82308  21.8%   202 2166s
 58294 35340 6377.34613   64  829 8150.00000 6374.82308  21.8%   202 2175s
 58330 35363 6422.32868   64  519 8150.00000 6375.02521  21.8%   203 2184s
 58366 35384 6377.38505   65  826 8150.00000 6375.02521  21.8%   203 2193s
 58401 35409 6425.00230   65  609 8150.00000 6375.02521  21.8%   204 2202s
 58438 35431 6377.38505   66  824 8150.00000 6375.02521  21.8%   204 2212s
 58476 35455 6388.20931   66  634 8150.00000 6375.02521  21.8%   205 2221s
 58513 35475 6377.50482   67  823 8150.00000 6375.02521  21.8%   205 2233s
 58548 35502 6417.47434   67  737 8150.00000 6375.02521  21.8%   205 2242s
 58593 35521 6378.05870   68  889 8150.00000 6375.02521  21.8%   206 2254s
 58633 35551 6378.73594   68  803 8150.00000 6375.02521  21.8%   206 2265s
 58677 35578 6378.26615   69  826 8150.00000 6375.02521  21.8%   207 2277s
 58726 35622 6409.16796   69  694 8150.00000 6375.02521  21.8%   207 2288s
 58786 35653 6392.83454   70  603 8150.00000 6375.02521  21.8%   208 2300s
 58838 35728 6379.62528   70  784 8150.00000 6375.02521  21.8%   209 2313s
 58937 35793 6382.09306   71  787 8150.00000 6375.02521  21.8%   209 2326s
 59055 35890 6390.88206   71  699 8150.00000 6375.02521  21.8%   210 2337s
 59212 35925 6383.25338   72  821 8150.00000 6378.73595  21.7%   211 2350s
 59303 36068 6385.26215   72  737 8150.00000 6378.73595  21.7%   211 2364s
 59490 36208 6385.56915   73  744 8150.00000 6378.73711  21.7%   212 2376s
 59694 36348 6496.94439   73  534 8150.00000 6378.73711  21.7%   213 2391s
 59903 36501 6385.81637   74  781 8150.00000 6378.73711  21.7%   214 2405s
 60135 36629 6398.57476   74  629 8150.00000 6378.73711  21.7%   215 2419s
 60382 36576 6385.99372   75  778 8150.00000 6378.73711  21.7%   216 2433s
 60414 36652 6460.11704   75  577 8150.00000 6378.73711  21.7%   216 2448s
 60505 36824 6390.34547   76  766 8150.00000 6378.73711  21.7%   217 2463s
H60731 36749                    8132.0000000 6378.73711  21.6%   218 2463s
 60731 37338 6912.74127   31  195 8132.00000 6378.73711  21.6%   218 2465s
 62627 37514 6888.10976   69  180 8132.00000 6381.43974  21.5%   215 2471s
 64131 38626 6775.37445   27  168 8132.00000 6393.62971  21.4%   212 2476s
 66089 39119 6975.48864   96  398 8132.00000 6399.28464  21.3%   208 2488s
 66125 39598 6979.85261   97  400 8132.00000 6399.28464  21.3%   208 2521s
 66714 40034 6995.82659  109  451 8132.00000 6399.28464  21.3%   210 2534s
 67460 40369 6999.11845  115  355 8132.00000 6399.28464  21.3%   211 2542s
 68178 40516 7008.77821  121  348 8132.00000 6399.28464  21.3%   212 2550s
 68731 40733 7011.57346  126  308 8132.00000 6399.28464  21.3%   212 2558s
 69278 40938 7015.31109  132  302 8132.00000 6399.28464  21.3%   212 2566s
 69794 41032 7020.89052  136  353 8132.00000 6399.28464  21.3%   213 2574s
 70143 41431 7022.16077  140  379 8132.00000 6399.28464  21.3%   213 2583s
 70753 41653 7056.04196  144  267 8132.00000 6399.28464  21.3%   214 2592s
 71284 41894 7031.12863  149  333 8132.00000 6399.28464  21.3%   214 2600s
 71798 41970 6455.21116   76  585 8132.00000 6399.28464  21.3%   215 2618s
 72074 42034 6411.11818   77  784 8132.00000 6399.28464  21.3%   216 2630s
 72242 42155 6411.27167   78  738 8132.00000 6399.28464  21.3%   217 2642s
 72434 42247 6411.39210   79  789 8132.00000 6404.43109  21.2%   218 2654s
 72596 42355 6411.57364   80  790 8132.00000 6404.43109  21.2%   219 2667s
 72775 42505 6411.58994   81  804 8132.00000 6404.43109  21.2%   220 2680s
 73017 42671 6473.39511   82  499 8132.00000 6404.43109  21.2%   221 2694s
 73298 42869 6412.05161   83  754 8132.00000 6404.43512  21.2%   222 2707s
 73609 43114 6420.43874   84  708 8132.00000 6404.43512  21.2%   224 2720s
 73983 43325 6417.49557   85  716 8132.00000 6404.43512  21.2%   225 2733s
 74384 43387 6417.74883   86  574 8132.00000 6404.43512  21.2%   226 2747s
 74624 43617 6419.59459   88  777 8132.00000 6404.77751  21.2%   227 2761s
 74952 43749 6419.71271   89  752 8132.00000 6404.77751  21.2%   228 2775s
 75225 43966 6419.88910   90  738 8132.00000 6404.77751  21.2%   229 2790s
 75545 44205 6474.82741   91  509 8132.00000 6404.77751  21.2%   231 2805s
 75925 44438 6421.19003   93  738 8132.00000 6405.96412  21.2%   232 2820s
 76338 44684 6422.63585   95  759 8132.00000 6405.96412  21.2%   234 2836s
 76745 45038 6517.98832   96  643 8132.00000 6405.96412  21.2%   235 2852s
 77282 45635 6822.73517   75  186 8132.00000 6407.22498  21.2%   237 2855s
 78265 45416 6845.54988   98  192 8132.00000 6407.22498  21.2%   235 2860s
 80115 47093 6890.72572   34  133 8132.00000 6488.64432  20.2%   232 2867s
 81647 48326 6790.87278   37  193 8132.00000 6490.44788  20.2%   230 2872s
 82394 48822 6805.30132   58  187 8132.00000 6490.44788  20.2%   229 2875s
 83533 49359 6833.07581   84  175 8132.00000 6490.44788  20.2%   227 2881s
 84031 49860 6833.18933   85  178 8132.00000 6490.44788  20.2%   227 2887s
H84912 49860                    8127.0000000 6493.43756  20.1%   226 2888s
 84912 50257 7170.29181  154  330 8127.00000 6493.43756  20.1%   225 2900s
 85372 50376 7176.18749  163  309 8127.00000 6493.43756  20.1%   226 2912s
 85655 51143 7202.25606  163  315 8127.00000 6493.43756  20.1%   227 2927s
 86734 51309     cutoff  188      8127.00000 6493.43756  20.1%   228 2940s
 87468 51656 infeasible  210      8127.00000 6493.43756  20.1%   229 2952s
 88192 52267 6550.59931   48  568 8127.00000 6493.43756  20.1%   229 2963s
 89084 52001 6757.28566   51  440 8127.00000 6493.43756  20.1%   230 2972s
 89116 52021 6861.12629   52  427 8127.00000 6493.43756  20.1%   230 2981s
 89148 52268 6861.45882   53  411 8127.00000 6493.43756  20.1%   230 2991s
 89410 53152 6863.72745   54  412 8127.00000 6493.43756  20.1%   230 3003s
 90455 53996 6916.04891   66  378 8127.00000 6493.43756  20.1%   229 3015s
 91746 55789 7104.02269   85  350 8127.00000 6493.43756  20.1%   229 3035s
 94117 55690 6511.41918   98  743 8127.00000 6493.43756  20.1%   228 3060s
 94908 55932 6514.91763  101  659 8127.00000 6493.43756  20.1%   230 3074s
 95440 55959 6519.82102  103  651 8127.00000 6493.43756  20.1%   231 3088s
 95652 56027 6521.47299  105  631 8127.00000 6493.43756  20.1%   232 3103s
 95792 56373 6521.77163  107  680 8127.00000 6493.43756  20.1%   232 3120s
 96190 57021 6525.50123  109  551 8127.00000 6493.43756  20.1%   233 3138s
 97005 57302 6526.01464  112  566 8127.00000 6493.43756  20.1%   234 3155s
 97601 57838 6526.25219  115  616 8127.00000 6493.43756  20.1%   235 3172s
 98406 58120 6526.83426  118  532 8127.00000 6493.43756  20.1%   236 3189s
 98981 58463 6549.57894  120  562 8127.00000 6493.43756  20.1%   237 3208s
 99540 58994 6528.87544  123  707 8127.00000 6493.43756  20.1%   238 3225s
 100303 59686 6529.23563  125  607 8127.00000 6493.68340  20.1%   239 3245s
 102648 60994 6816.73276   28  194 8127.00000 6519.33408  19.8%   239 3250s
 105988 62376 6855.71031   36  179 8127.00000 6549.44007  19.4%   234 3256s
 107600 63870 6926.19772   82  185 8127.00000 6549.82848  19.4%   232 3260s
 109144 65928 6795.24566   49  197 8127.00000 6564.57803  19.2%   230 3266s
H111067 65928                    8126.0000000 6564.57803  19.2%   227 3266s
 111067 67664 7351.10581  191  323 8126.00000 6564.57803  19.2%   227 3285s
 113078 67474 6999.76930   61  439 8126.00000 6564.57803  19.2%   227 3295s
 113644 67857 6678.56849   61  464 8126.00000 6564.57803  19.2%   228 3308s
 114312 68521 6829.87143   63  339 8126.00000 6564.57803  19.2%   229 3321s
 115473 68680 6926.50738   65  397 8126.00000 6564.57803  19.2%   230 3334s
 116275 68629 7246.71955   67  315 8126.00000 6564.57803  19.2%   231 3348s
 116673 69283 7247.94655   69  311 8126.00000 6564.57803  19.2%   232 3362s
 117849 69333 6794.30337   55  422 8126.00000 6564.57803  19.2%   233 3376s
 118360 70647 6924.06803   59  359 8126.00000 6564.57803  19.2%   233 3393s
 120178 71315 6600.92041  128  577 8126.00000 6564.57803  19.2%   234 3427s
 121529 71190 6608.46373  133  596 8126.00000 6564.57803  19.2%   235 3446s
 121899 71097 6686.21000  135  484 8126.00000 6564.57803  19.2%   236 3469s
 121931 71130 6612.79747  136  622 8126.00000 6564.57803  19.2%   236 3491s
 121975 71147 6685.40309  136  575 8126.00000 6564.57803  19.2%   236 3515s
 122007 71484 6613.23710  137  628 8126.00000 6564.57803  19.2%   236 3542s
 122415 72239 6613.43151  139  618 8126.00000 6564.57803  19.2%   237 3570s
 123381 72379 6613.90670  142  695 8126.00000 6564.57803  19.2%   239 3599s
 123919 73370 6616.03984  145  658 8126.00000 6564.57803  19.2%   240 3630s
 125282 73828 6621.17971  149  628 8126.00000 6565.78572  19.2%   242 3659s
 126295 74099 6630.32339  153  601 8126.00000 6565.78572  19.2%   244 3690s
 126994 74943 6633.15002  158  581 8126.00000 6565.78572  19.2%   245 3721s
 128196 75677 6634.74244  163  605 8126.00000 6565.78572  19.2%   247 3753s
 129438 76460 6833.40346  104  178 8126.00000 6565.78572  19.2%   249 3757s
 131864 76908 6903.61402  184  124 8126.00000 6565.78572  19.2%   246 3760s
 133734 78076 6911.24802  100   84 8126.00000 6579.73988  19.0%   244 3766s
 135163 79274 6755.57872   45  129 8126.00000 6588.39782  18.9%   243 3770s
 138844 81674 6843.03586   30  121 8126.00000 6599.60472  18.8%   239 3777s
 140555 83394 6793.94641   30  126 8126.00000 6599.60472  18.8%   237 3781s
 142704 84405 7235.42330  109  356 8126.00000 6599.60472  18.8%   234 3804s
 143967 85743 6794.96987   72  557 8126.00000 6599.60472  18.8%   235 3827s
 145645 87008 7230.72724   94  374 8126.00000 6599.60472  18.8%   235 3848s
 147308 88417 6802.24003   53  369 8126.00000 6599.60472  18.8%   236 3869s
 148920 89813 7201.21514   70  428 8126.00000 6599.60472  18.8%   237 3890s
 150527 92068 7171.11683   69  375 8126.00000 6599.60472  18.8%   238 3912s
 153036 93824 7257.76664  175  413 8126.00000 6599.60472  18.8%   238 3933s
 155064 95420 6672.80015  169  506 8126.00000 6599.60472  18.8%   238 3979s
 156825 96183 6675.20903  177  579 8126.00000 6600.17437  18.8%   241 4009s
 158304 95954 6682.46860  185  562 8126.00000 6600.17437  18.8%   242 4039s
 158579 97024 6683.28088  186  586 8126.00000 6600.17437  18.8%   243 4071s
 159819 98460 6687.14732  190  609 8126.00000 6600.17437  18.8%   244 4104s
 161450 99479 6689.77307  200  581 8126.00000 6605.17754  18.7%   246 4137s
 162776 101074 6691.07216  204  543 8126.00000 6605.17754  18.7%   247 4170s
 164619 102130 6695.15107  214  557 8126.00000 6605.17754  18.7%   249 4203s
 165970 102800 6696.16819  220  546 8126.00000 6605.24142  18.7%   250 4239s
 166703 104330 6703.50882  227  520 8126.00000 6605.24142  18.7%   251 4274s
 168378 106422 6792.98511   47  162 8126.00000 6605.24142  18.7%   252 4279s
 171497 107223 6726.60661   32  190 8126.00000 6605.24142  18.7%   249 4282s
 173223 108148     cutoff   36      8126.00000 6617.25958  18.6%   247 4286s
 175180 106495 6619.46984   29  464 8126.00000 6617.25958  18.6%   246 4482s
 175182 106498 6619.52243   30  443 8126.00000 6619.46984  18.5%   246 4485s
 175194 106516 6622.92244   32  452 8126.00000 6621.07984  18.5%   246 4490s
 175239 106558 6644.38812   34  345 8126.00000 6643.93294  18.2%   246 4495s
 175332 106630 6670.85007   36  339 8126.00000 6644.38874  18.2%   246 4500s
 175445 106652 6672.21182   37  344 8126.00000 6644.38874  18.2%   246 4505s
 175619 106698 6718.28858   39  310 8126.00000 6644.38874  18.2%   246 4512s
 175748 106690 6753.73939   40  279 8126.00000 6656.50820  18.1%   247 4516s
 175857 106702 6811.75773   41  230 8126.00000 6662.80511  18.0%   247 4520s
 176040 106716     cutoff   44      8126.00000 6662.80511  18.0%   247 4527s
 176183 106721     cutoff   47      8126.00000 6662.80511  18.0%   247 4532s
 176342 106748 6817.91344   50  251 8126.00000 6676.96850  17.8%   247 4536s
 176518 106788 6821.21427   54  239 8126.00000 6682.02797  17.8%   248 4541s
 176734 106835 6823.29878   58  186 8126.00000 6693.23438  17.6%   248 4546s
 176982 106881     cutoff   62      8126.00000 6696.13661  17.6%   248 4551s
 177229 106900 6828.61418   68  206 8126.00000 6696.79635  17.6%   248 4555s
 177359 106924 6831.16176   73  241 8126.00000 6696.79635  17.6%   248 4562s
 177456 106968 infeasible   74      8126.00000 6698.14224  17.6%   248 4565s
 177761 106979 infeasible   79      8126.00000 6706.06575  17.5%   248 4570s
 177834 106994     cutoff   81      8126.00000 6706.06575  17.5%   248 4575s
 177910 107008 6857.89717   83  217 8126.00000 6706.06575  17.5%   248 4580s
 177980 107034 6917.02216   84   43 8126.00000 6706.06575  17.5%   248 4585s
 178136 107108     cutoff   85      8126.00000 6708.96047  17.4%   248 4593s
 178282 107188 6839.41085   87  221 8126.00000 6708.96047  17.4%   248 4597s
 178510 107256 6841.13439   90  222 8126.00000 6714.22577  17.4%   248 4601s
 178798 107293 6842.42993   94  223 8126.00000 6716.61580  17.3%   248 4605s
 179503 107429 6854.36370  108  208 8126.00000 6718.53802  17.3%   248 4614s
 179919 107550 6898.65907  116  209 8126.00000 6718.53802  17.3%   248 4618s
 180493 107639     cutoff  123      8126.00000 6721.88153  17.3%   248 4623s
 181084 107692 infeasible  136      8126.00000 6725.24538  17.2%   247 4627s
 181673 107716 6898.91565   44  249 8126.00000 6725.64188  17.2%   247 4632s
 182182 107958 6867.04460   44  240 8126.00000 6729.90137  17.2%   247 4637s
 182791 108028 6893.07399   72  225 8126.00000 6737.19990  17.1%   247 4641s
 183370 108152 6889.20541   35  176 8126.00000 6737.19990  17.1%   247 4646s
H184006 107940                    8122.0000000 6741.81834  17.0%   247 4646s
 184006 110292 7438.85079  220  402 8122.00000 6741.81834  17.0%   247 4673s
 186553 112371 6921.62753   80  505 8122.00000 6741.81834  17.0%   247 4693s
 188784 114060 7145.64816   91  423 8122.00000 6741.81834  17.0%   247 4713s
 191244 114422 6848.88235   51 1303 8122.00000 6848.88235  15.7%   247 5742s
 191246 114425 6848.89134   52 1100 8122.00000 6848.88479  15.7%   247 5752s
 191250 114432 6848.90690   53 1214 8122.00000 6848.89134  15.7%   248 5758s
 191258 114445 6849.01527   54 1411 8122.00000 6848.90709  15.7%   248 5764s
 191274 114471 6923.49241   55  764 8122.00000 6849.01527  15.7%   248 5787s
 191305 114493 6871.15284   56  618 8122.00000 6849.01551  15.7%   249 5795s
 191337 114514 6872.93439   57  666 8122.00000 6849.01551  15.7%   249 5807s
 191369 114576 6873.43202   58  636 8122.00000 6849.01551  15.7%   250 5820s
 191442 114584 6873.43256   59  634 8122.00000 6849.01551  15.7%   250 5830s
 191474 114625 6921.70304   58  480 8122.00000 6849.01551  15.7%   250 5841s
 191526 114640 6873.43256   60  635 8122.00000 6849.01551  15.7%   250 5850s
 191558 114663 6873.83633   61  654 8122.00000 6849.01551  15.7%   250 5860s
 191593 114687 6873.84713   62  651 8122.00000 6849.01551  15.7%   250 5870s
 191630 114720 7054.60994   60  512 8122.00000 6849.01551  15.7%   251 5879s
 191680 114738 7055.56592   62  529 8122.00000 6849.01551  15.7%   251 5888s
 191715 114769 6875.31302   63  513 8122.00000 6849.01551  15.7%   251 5898s
 191767 114816 6873.98587   63  629 8122.00000 6849.01551  15.7%   252 5907s
 191837 114866 6958.18454   64  438 8122.00000 6849.01551  15.7%   252 5916s
 191922 114870 6957.23478   64  452 8122.00000 6849.01551  15.7%   252 5923s
 191954 114897 6912.78068   65  596 8122.00000 6849.01551  15.7%   252 5931s
 192002 114922 7284.31924   65  432 8122.00000 6849.01551  15.7%   253 5938s
 192049 114992 6895.16626   64  579 8122.00000 6849.01551  15.7%   253 5946s
 192149 115067 6924.50259   65  701 8122.00000 6849.01551  15.7%   253 5953s
 192272 115159 7137.36086   65  408 8122.00000 6849.01551  15.7%   254 5960s
 192439 115131 7058.61501   65  515 8122.00000 6849.01551  15.7%   254 5968s
 192474 115170 7137.03864   66  440 8122.00000 6852.22209  15.6%   254 5977s
 192548 115238 6924.70774   66  646 8122.00000 6852.94324  15.6%   254 5986s
 192692 115301 6928.38382   67  694 8122.00000 6852.94979  15.6%   255 5995s
 192869 115394 6926.63415   66  636 8122.00000 6866.48571  15.5%   255 6004s
 193071 115498 6966.46145   68  547 8122.00000 6866.48639  15.5%   256 6014s
 193297 115621 7123.90047   68  471 8122.00000 6872.96245  15.4%   256 6024s
 193563 115780 7103.10303   68  452 8122.00000 6872.96245  15.4%   256 6033s
 193864 115938 7128.71181   70  457 8122.00000 6872.96245  15.4%   257 6044s
 194212 116100 7142.07333   79  352 8122.00000 6872.96245  15.4%   257 6053s
 194553 116265 7153.25868   92  401 8122.00000 6872.96245  15.4%   257 6063s
 194897 116435 7160.89073  101  391 8122.00000 6887.28509  15.2%   257 6073s
 195237 116626 7452.63196  105  321 8122.00000 6908.62802  14.9%   257 6083s
 195607 116681 7417.29019  108  366 8122.00000 6908.63843  14.9%   258 6093s
 195838 114638 7483.09593  110  370 8122.00000 6908.63843  14.9%   258 6105s
 196195 114771 7506.75455  115  288 8122.00000 6922.85770  14.8%   258 6116s
 196541 114908 7140.98480   60  603 8122.00000 6924.70849  14.7%   259 6129s
 196869 115075 7121.26585   60  607 8122.00000 6924.70849  14.7%   259 6142s
 197225 115222 7313.55326   61  465 8122.00000 6924.70849  14.7%   259 6155s
 197591 115359 7294.33453   63  405 8122.00000 6924.70849  14.7%   260 6168s
 197957 115515 7322.93823   65  395 8122.00000 6930.05909  14.7%   260 6181s
 198403 115616 7342.34732   70  404 8122.00000 6930.05909  14.7%   261 6196s
 198794 115799 7334.91131   78  391 8122.00000 6931.28135  14.7%   261 6210s
H199218 115658                    8103.0000000 6936.90771  14.4%   262 6210s
 199218 118872 7039.07049  233  574 8103.00000 6936.90771  14.4%   262 6268s
 202689 119160 7044.70970  245  508 8103.00000 6936.90771  14.4%   263 6300s
 203022 120543 7044.88013  247  502 8103.00000 6936.90771  14.4%   264 6334s
 204536 122223 7045.50477  252  501 8103.00000 6936.90771  14.4%   264 6372s
 206847 122516 6976.04177   61 1198 8103.00000 6975.78960  13.9%   264 7458s
 206849 122519 6976.07249   62 1166 8103.00000 6976.04262  13.9%   264 7465s
 206853 122526 6976.07249   63 1127 8103.00000 6976.07249  13.9%   264 7470s
 206861 122539 6976.39011   64 1199 8103.00000 6976.08307  13.9%   265 7478s
 206877 122565 6976.44061   65 1206 8103.00000 6976.39111  13.9%   265 7493s
 206909 122586 6976.66846   66 1252 8103.00000 6976.45159  13.9%   265 7504s
 206941 122608 6976.79993   67 1086 8103.00000 6976.45159  13.9%   265 7518s
 206974 122645 6976.87057   68 1050 8103.00000 6976.45159  13.9%   265 7533s
 207022 120589 7040.48362   68  639 8103.00000 6976.45159  13.9%   266 7547s
 207068 118715 6976.89777   69 1167 8103.00000 6976.45159  13.9%   266 7560s
 207190 118732 6977.30414   70 1134 8103.00000 6976.45159  13.9%   266 7572s
 207248 118799 6977.39747   71 1168 8103.00000 6976.45159  13.9%   266 7585s
 207334 118858 6977.94741   72  998 8103.00000 6976.45159  13.9%   267 7597s
 207422 117037 6978.02326   73 1030 8103.00000 6976.45159  13.9%   267 7606s
 207514 117038 6978.49979   74  967 8103.00000 6976.45159  13.9%   267 7614s
 207546 117061 7011.59225   74  810 8103.00000 6976.45159  13.9%   267 7624s
 207581 117079 6978.59341   75  996 8103.00000 6976.45159  13.9%   268 7632s
 207613 117097 6990.23827   75  939 8103.00000 6976.45159  13.9%   268 7640s
 207645 117119 6978.95229   76  869 8103.00000 6976.45159  13.9%   268 7649s
 207677 117143 7001.91538   76  803 8103.00000 6976.45159  13.9%   268 7659s
 207713 117162 6979.03609   77  885 8103.00000 6976.45159  13.9%   268 7666s
 207745 117199 6997.30682   77  700 8103.00000 6976.45159  13.9%   268 7676s
 207794 117244 6979.09198   78  944 8103.00000 6976.45159  13.9%   268 7684s
 207859 117293 7009.86907   78  790 8103.00000 6976.45159  13.9%   269 7695s
 207939 117344 6979.46211   79  992 8103.00000 6976.45159  13.9%   269 7706s
 208029 117405 6997.85929   79 1125 8103.00000 6976.73812  13.9%   269 7719s
 208137 117464 6979.50992   80  913 8103.00000 6976.73812  13.9%   269 7732s
 208258 117528 6979.72281   81  972 8103.00000 6976.73812  13.9%   269 7744s
 208381 117517 6980.17242   82 1024 8103.00000 6976.73812  13.9%   270 7763s
 208413 117539 7009.66049   82  663 8103.00000 6976.73812  13.9%   270 7795s
 208445 117559 6980.91512   83 1008 8103.00000 6976.73812  13.9%   270 7810s
 208479 117582 6980.72083   83  943 8103.00000 6976.73812  13.9%   270 7823s
 208515 117602 6981.13560   84  945 8103.00000 6976.73812  13.9%   270 7837s
 208550 117625 6984.95926   84  882 8103.00000 6976.73812  13.9%   270 7855s
 208586 117650 6985.11521   85  805 8103.00000 6976.73812  13.9%   270 7872s
 208627 117675 6985.16462   85  890 8103.00000 6976.73812  13.9%   270 7892s
 208668 117701 6985.18821   86  892 8103.00000 6976.73812  13.9%   270 7914s
 208709 117722 6998.64638   86  748 8103.00000 6976.73812  13.9%   270 7937s
 208749 117743 6985.53883   87  954 8103.00000 6976.73812  13.9%   270 7958s
 208788 117776 6989.21100   87  747 8103.00000 6980.91581  13.8%   271 7978s
 208835 117800 6990.44000   88  871 8103.00000 6980.91581  13.8%   271 8002s
 208879 117823 7069.27320   88  791 8103.00000 6980.91581  13.8%   271 8021s
 208920 117851 6991.49444   89  698 8103.00000 6980.92458  13.8%   271 8044s
 208962 117880 7012.75289   89  576 8103.00000 6980.92458  13.8%   271 8062s
 209006 117909 6991.76280   90  723 8103.00000 6980.92458  13.8%   271 8086s
 209050 117938 7021.96167   90  541 8103.00000 6980.92458  13.8%   271 8107s
 209097 117972 6991.85173   91  788 8103.00000 6980.92458  13.8%   271 8134s
 209148 118005 7009.46863   91  626 8103.00000 6980.92458  13.8%   272 8156s
 209198 118063 6991.88613   92  711 8103.00000 6980.92458  13.8%   272 8176s
 209274 118140 7020.17271   92  527 8103.00000 6980.92458  13.8%   272 8199s
 209378 118210 6992.32002   93  781 8103.00000 6980.92458  13.8%   272 8227s
 209488 118318 6993.22147   93  855 8103.00000 6980.92458  13.8%   272 8253s
 209649 118460 6992.54383   94  741 8103.00000 6981.14367  13.8%   272 8285s
 209860 118551 6995.71489   94  850 8103.00000 6981.14367  13.8%   272 8314s
 210041 118726 6992.72990   95  763 8103.00000 6981.14367  13.8%   273 8339s
 210287 118848 7007.12295   95  508 8103.00000 6981.17862  13.8%   273 8365s
 210505 118932 6992.93769   96  734 8103.00000 6981.17862  13.8%   273 8391s
 210670 119217 7022.84216   96  569 8103.00000 6981.17862  13.8%   274 8418s
 211036 119504 6995.03145   97  701 8103.00000 6981.17862  13.8%   274 8445s
 211484 119775 6993.85141   97  643 8103.00000 6981.17862  13.8%   275 8473s
 211954 120037 6995.10884   98  622 8103.00000 6981.32077  13.8%   275 8501s
 212434 120348 7013.77850   98  552 8103.00000 6981.56279  13.8%   275 8530s
 212945 120632 7007.15078  100  584 8103.00000 6981.56279  13.8%   276 8561s
 213472 120911 7017.02911  102  418 8103.00000 6981.89470  13.8%   276 8594s
 213997 121023 7017.83915  104  424 8103.00000 6982.22899  13.8%   277 8626s
 214313 121254 7018.09014  107  437 8103.00000 6982.22899  13.8%   278 8660s
H214686 121130                    8099.0000000 6982.35461  13.8%   278 8660s
 214686 121338 7111.12093   38  232 8099.00000 6982.35461  13.8%   278 8666s
 215502 121133 infeasible   65      8099.00000 6989.51991  13.7%   278 8670s
 216224 121250 7123.00842   47  233 8099.00000 7000.33260  13.6%   278 8678s
 216773 121239 7067.68602   41  334 8099.00000 7007.72769  13.5%   278 8682s
 217157 121464     cutoff   44      8099.00000 7008.26332  13.5%   278 8686s
 217805 121588 7114.02405   36  200 8099.00000 7012.91324  13.4%   278 8690s
 218962 121487 7117.47108   49  301 8099.00000 7013.05553  13.4%   278 8698s
 219020 121684 7149.47259   50  286 8099.00000 7013.05553  13.4%   278 8702s
 219491 121819 7168.32044   66  252 8099.00000 7020.34901  13.3%   278 8707s
 220218 121899 7122.37294   42  210 8099.00000 7023.93377  13.3%   278 8712s
 221027 121996 7100.86700   42  187 8099.00000 7032.72893  13.2%   278 8718s
 221902 122094 7137.70076   56  246 8099.00000 7033.94783  13.2%   277 8723s
 222799 122125 7049.68978   49  283 8099.00000 7038.41260  13.1%   277 8728s
 223778 122015 7145.01912   63  243 8099.00000 7039.37190  13.1%   277 8734s
 224747 121999 7124.48934   43  210 8099.00000 7044.64471  13.0%   277 8739s
 225808 121932 infeasible   39      8099.00000 7049.01342  13.0%   276 8745s
 226856 121592 infeasible   49      8099.00000 7050.39117  12.9%   276 8750s
 226909 121584     cutoff   48      8099.00000 7050.39117  12.9%   276 8755s
 226960 121601 7138.24772   49  164 8099.00000 7051.03336  12.9%   276 8761s
 227084 121720 7139.27272   50   61 8099.00000 7051.03336  12.9%   276 8766s
 227721 121902 7157.49414   42  187 8099.00000 7051.49977  12.9%   276 8772s
 228980 122046 infeasible   46      8099.00000 7055.66747  12.9%   276 8778s
 230523 121813 7143.09370   53  150 8099.00000 7059.03713  12.8%   275 8784s
 231464 121854 7163.29207   56  169 8099.00000 7060.01171  12.8%   275 8791s
 232710 121706 7167.88105   66  139 8099.00000 7063.41476  12.8%   274 8797s
 233614 121842 7145.28498   56  188 8099.00000 7065.38367  12.8%   274 8804s
 235408 121667 7514.69267   85  405 8099.00000 7067.31913  12.7%   273 8823s
 235971 121768 7486.60620   94  480 8099.00000 7067.31913  12.7%   274 8836s
 236378 121941 7562.37464  100  395 8099.00000 7067.31913  12.7%   274 8851s
 236770 122155 7504.94355  107  429 8099.00000 7080.98163  12.6%   274 8865s
 237223 122394 7558.07864  114  350 8099.00000 7080.98163  12.6%   275 8880s
 237774 122605 7561.69369  124  388 8099.00000 7080.98163  12.6%   275 8895s
 238338 122838 7579.33849  135  341 8099.00000 7086.78705  12.5%   275 8910s
 238913 123147 7608.31937  149  290 8099.00000 7086.78705  12.5%   276 8927s
 239519 123524 7629.48140  175  347 8099.00000 7086.78705  12.5%   276 8942s
 240238 123915 7217.36236   64  610 8099.00000 7086.78705  12.5%   276 8960s
 241115 124050     cutoff   67      8099.00000 7086.78705  12.5%   276 8976s
 241635 123936 7422.43636   61  502 8099.00000 7101.15897  12.3%   277 8991s
 241700 120145 7518.55933   63  454 8099.00000 7101.15897  12.3%   277 9010s
 242475 120589 7591.76921   81  390 8099.00000 7106.21032  12.3%   278 9028s
 243411 121055 7336.35033   59  510 8099.00000 7106.21032  12.3%   279 9049s
 244371 121494 7527.38273   66  412 8099.00000 7120.68647  12.1%   279 9068s
 245486 121798 7582.50977   66  560 8099.00000 7128.76295  12.0%   280 9088s
 246376 120071 7317.45143   60  467 8099.00000 7128.76295  12.0%   280 9107s
 247332 120187 7359.52930   61  450 8099.00000 7129.75495  12.0%   281 9129s
 248180 120410 infeasible   71      8099.00000 7133.07521  11.9%   282 9149s
 248986 121017 7475.95520   58  439 8099.00000 7134.68560  11.9%   283 9171s
 250128 121667 7495.92513   59  381 8099.00000 7134.68560  11.9%   284 9193s
 251443 121701 7555.62123   78  466 8099.00000 7134.68560  11.9%   284 9216s
 252067 121749 7592.82954   96  395 8099.00000 7135.15411  11.9%   285 9239s
 252488 121994 7593.15375   97  404 8099.00000 7135.15411  11.9%   285 9264s
 253023 123032     cutoff   96      8099.00000 7135.15411  11.9%   286 9291s
 254657 123118 7532.99896   64  343 8099.00000 7135.15411  11.9%   286 9317s
H255742 122756                    8085.0000000 7180.73155  11.2%   287 9317s
 255742 123358 7217.25163  109  474 8085.00000 7180.73155  11.2%   287 9361s
 256422 123457 7217.75820  113  452 8085.00000 7180.73155  11.2%   288 9387s
 256781 123654 7217.99917  115  472 8085.00000 7180.73155  11.2%   289 9415s
 257127 123925 7219.10065  118  391 8085.00000 7181.24922  11.2%   289 9443s
 257561 124202 7219.79864  120  444 8085.00000 7181.24922  11.2%   289 9471s
 258022 124458 7220.51020  122  437 8085.00000 7181.24922  11.2%   290 9501s
 258471 124657 7222.90052  124  522 8085.00000 7181.24922  11.2%   290 9531s
 258847 124732 7230.18453  128  282 8085.00000 7181.24922  11.2%   291 9563s
 259067 125094 7235.33127  132  417 8085.00000 7181.24922  11.2%   291 9597s
 259563 125424 7252.95063  135  443 8085.00000 7181.24922  11.2%   292 9632s
 260145 125984 7258.64209  140  425 8085.00000 7181.24922  11.2%   293 9666s
 260933 126500 7261.43454  147  451 8085.00000 7181.24922  11.2%   293 9701s
 261788 126272 7323.40228  153  362 8085.00000 7181.24922  11.2%   294 9734s
 261850 126758 7304.15941  154  356 8085.00000 7182.96088  11.2%   294 9769s
 262383 127545 7292.17940  159  376 8085.00000 7182.96088  11.2%   295 9805s
 263419 128648 7268.35360  165  447 8085.00000 7182.96088  11.2%   296 9841s
 264906 129575 7270.52103  174  353 8085.00000 7182.96088  11.2%   296 9877s
 266419 129304 7279.32432  186  381 8085.00000 7182.96088  11.2%   297 9913s
 266681 130120 7277.92537  191  431 8085.00000 7183.91584  11.1%   297 9949s
 267624 130356 7279.17737  200  451 8085.00000 7183.91584  11.1%   298 9984s
 268194 131373 7281.83857  204  404 8085.00000 7183.91584  11.1%   298 10022s
 269552 131806 7285.10131  214  423 8085.00000 7183.91980  11.1%   299 10062s
 270500 132097 7287.24964  224  393 8085.00000 7183.91980  11.1%   300 10101s
 271138 133006 7291.49507  234  459 8085.00000 7183.91980  11.1%   301 10144s
 272430 134105 7293.20407  246  392 8085.00000 7183.91980  11.1%   302 10188s
 274077 134853 7296.11980  255  361 8085.00000 7186.42499  11.1%   303 10229s
 275581 134919 7264.28933   65  215 8085.00000 7186.42499  11.1%   304 10242s
 278239 134102 7289.32143   77  111 8085.00000 7189.36357  11.1%   302 10248s
 279312 133841 infeasible   43      8085.00000 7191.05995  11.1%   302 10254s
 280502 133476 7257.20524   53  140 8085.00000 7199.09889  11.0%   302 10261s
 281822 133090 7258.12857   38  161 8085.00000 7203.19230  10.9%   302 10268s
 283360 132680     cutoff   98      8085.00000 7206.96251  10.9%   301 10276s
 284999 132415 7282.32933  108  208 8085.00000 7209.14094  10.8%   301 10283s
 286807 131857 7286.26604   50  123 8085.00000 7214.83405  10.8%   300 10291s
 288512 131486 infeasible   74      8085.00000 7218.85685  10.7%   299 10298s
 290513 131052 7262.67293   64  193 8085.00000 7223.54743  10.7%   299 10307s
 292808 130277 7276.32550   75  209 8085.00000 7227.03488  10.6%   298 10314s
 293941 129806 infeasible   51      8085.00000 7229.65130  10.6%   297 10323s
 296679 128647     cutoff   56      8085.00000 7235.10968  10.5%   296 10332s
 299586 127493 7259.80906   64  215 8085.00000 7239.79746  10.5%   294 10341s
 302796 127207 7652.71769   69  402 8085.00000 7244.74114  10.4%   293 10378s
 304152 128327     cutoff   65      8085.00000 7251.23787  10.3%   294 10418s
 306297 128490 7641.90871   69  371 8085.00000 7259.18733  10.2%   295 10442s
 307614 128151 7583.94842   70  421 8085.00000 7259.18733  10.2%   295 10467s
 307745 129341 7586.79946   73  470 8085.00000 7259.18733  10.2%   295 10495s
 309624 129461 7536.21045   60  410 8085.00000 7272.76940  10.0%   296 10521s
 310902 130019 7520.72524   63  452 8085.00000 7277.20637  10.0%   297 10550s
 312409 130800 7642.88004   62  411 8085.00000 7288.10458  9.86%   297 10580s
 314178 131777 7633.24892   95  438 8085.00000 7288.10458  9.86%   298 10609s
 316187 132510     cutoff   65      8085.00000 7296.27617  9.76%   299 10640s
 318163 133069 infeasible   63      8085.00000 7308.81967  9.60%   299 10672s
 319964 133406 7583.52273   83  401 8085.00000 7316.04596  9.51%   300 10706s
 321589 134211 7671.79110   95  463 8085.00000 7316.24922  9.51%   301 10740s
 323650 134703 7556.01198   65  416 8085.00000 7321.83631  9.44%   302 10776s
 325712 135746 infeasible   69      8085.00000 7327.73855  9.37%   303 10813s
 328158 137271 7488.98859   63  356 8085.00000 7337.20034  9.25%   303 10851s
 331397 138651 7466.41675  264  357 8085.00000 7343.19386  9.18%   303 10925s
 334144 139429 7471.97350  294  354 8085.00000 7343.68317  9.17%   305 11006s
 336101 139759 7580.21595  336  369 8085.00000 7343.68317  9.17%   308 11059s
 337314 141399 7594.36985  362  345 8085.00000 7343.68317  9.17%   309 11116s
 339843 142481 7625.92464  418  285 8085.00000 7343.68317  9.17%   309 11166s
 342326 142786 7492.54781   91  467 8085.00000 7346.44148  9.13%   310 11212s
 343958 142756 7555.88846   96  502 8085.00000 7349.34867  9.10%   311 11261s
 344847 143535 7679.40657  112  369 8085.00000 7349.50139  9.10%   312 11312s
 346558 144574 7590.41282  114  469 8085.00000 7349.82045  9.09%   314 11365s
 348732 145344 7512.33810   87  530 8085.00000 7349.82369  9.09%   315 11418s
 350510 147217 7641.04465  159  465 8085.00000 7349.82369  9.09%   315 11474s
 353397 148136 infeasible  120      8085.00000 7349.82369  9.09%   316 11530s
 355737 149456 7508.37659  104  487 8085.00000 7350.86359  9.08%   316 11588s
 358442 149411 7376.28204   67   51 8085.00000 7351.64461  9.07%   317 11602s
 366438 148857 7386.78204   74   74 8085.00000 7362.78204  8.93%   312 11620s
 373294 147326 7377.50427   70  134 8085.00000 7363.68621  8.92%   307 11628s
 375322 148705 7383.12204   55  119 8085.00000 7363.68621  8.92%   306 11636s
 381095 148422 7396.28204   77  116 8085.00000 7368.78204  8.86%   302 11643s
 386289 148111 7392.40821   72  162 8085.00000 7371.41295  8.83%   299 11649s
 391065 148023 7377.28204   51   66 8085.00000 7372.28204  8.82%   296 11654s
 395334 148558     cutoff   66      8085.00000 7373.14566  8.80%   293 11707s
 398467 150567 7481.49604   64  499 8085.00000 7378.08534  8.74%   295 11767s
 402779 150754 7448.19809   71  526 8085.00000 7384.37801  8.67%   295 11802s
 405049 151470 7695.01524   63  496 8085.00000 7387.43649  8.63%   296 11840s
 407604 153436 7711.20307   88  400 8085.00000 7394.17706  8.54%   297 11882s
 411404 154457 7710.97217  112  411 8085.00000 7399.29115  8.48%   297 11923s
 414906 156046     cutoff  137      8085.00000 7407.44309  8.38%   297 11963s
 418746 157617 7635.12580  127  415 8085.00000 7411.48582  8.33%   297 12003s
 422544 159233 7714.57670   70  467 8085.00000 7416.29065  8.27%   297 12043s
 426578 160766     cutoff   80      8085.00000 7417.19505  8.26%   296 12079s
 430371 162529 7483.70589   98  595 8085.00000 7420.35033  8.22%   296 12189s
 434490 162377 7721.78112  124  311 8085.00000 7424.97787  8.16%   298 12251s
 435970 167740 7524.98427  111  465 8085.00000 7424.97787  8.16%   299 12362s
 442131 166547 7682.09949  306  569 8085.00000 7425.18033  8.16%   300 12415s
 443267 168143 7724.71315  339  451 8085.00000 7425.18033  8.16%   300 12478s
 445729 168483 7531.47522   75  507 8085.00000 7425.78751  8.15%   301 12539s
 447184 169610 7566.20115   85  462 8085.00000 7425.78751  8.15%   303 12609s
 449273 170286 7599.20937  103  448 8085.00000 7428.76015  8.12%   305 12689s
 451232 172124 7617.61990  128  508 8085.00000 7429.44285  8.11%   308 12771s
 454289 172922 7634.95821  159  397 8085.00000 7429.59611  8.11%   309 12860s
 457046 173788 7680.96123  192  419 8085.00000 7429.59611  8.11%   311 12952s
 460297 174802 7727.27237  251  371 8085.00000 7429.59611  8.11%   313 13044s
 463621 175438 7568.21985   98  494 8085.00000 7430.47470  8.10%   314 13141s
 466131 178965 7449.67078   61  140 8085.00000 7431.51036  8.08%   316 13158s
 479635 178288 7440.88285   70  101 8085.00000 7433.01340  8.06%   308 13163s
 483141 179248 7453.68840   58  147 8085.00000 7433.53396  8.06%   307 13167s
 486568 180320 7448.38959   76  124 8085.00000 7433.99118  8.05%   305 13172s
 489964 180489 7443.82653   61  160 8085.00000 7434.36155  8.05%   303 13176s
 491549 181368 7437.53329   63  144 8085.00000 7434.50407  8.05%   302 13181s
 495488 184234 7444.36046   55  183 8085.00000 7434.81340  8.04%   300 13196s
 507465 184986 7444.39257   61  112 8085.00000 7435.80316  8.03%   294 13200s
 510843 189854 7690.34208  146  388 8085.00000 7436.06125  8.03%   293 13264s
 517698 189789 7727.04245  164  352 8085.00000 7441.98061  7.95%   292 13296s
 521034 192004 7649.57811   70  473 8085.00000 7444.21755  7.93%   292 13327s
 524698 194534 7718.49303  117  332 8085.00000 7444.61125  7.92%   292 13357s
 528230 197256     cutoff   69      8085.00000 7445.27339  7.91%   292 13387s
 531946 199773 7550.40760   62  355 8085.00000 7446.58976  7.90%   291 13415s
 535405 202350 7603.48806   65  477 8085.00000 7448.03832  7.88%   291 13444s
 539064 204212     cutoff  125      8085.00000 7448.38198  7.87%   290 13473s
 542186 205360 7480.31581   90  330 8085.00000 7450.68659  7.85%   290 13534s
 544234 200412 7709.92356  103  379 8085.00000 7450.86203  7.84%   291 13624s
 548376 206367 7678.86132  104  433 8085.00000 7451.62919  7.83%   290 13703s
H559261 206359                    8077.0000000 7455.18083  7.70%   289 13703s
 559261 208424 7769.16039  222  451 8077.00000 7455.18083  7.70%   289 13835s
 562232 211919 7706.56351  193  507 8077.00000 7455.18083  7.70%   291 13975s
 567755 212401 7513.81487   97  498 8077.00000 7457.31466  7.67%   293 14078s
 570705 215411 7767.04584  324  519 8077.00000 7458.59963  7.66%   295 14182s
 575260 217178 7651.68577  104  453 8077.00000 7458.59963  7.66%   296 14279s
 579262 220384 7617.46113   85  466 8077.00000 7459.08443  7.65%   297 14373s
 583245 222878 7580.93133   85  486 8077.00000 7460.38354  7.63%   298 14458s
 586157 226291 7586.52438  115  497 8077.00000 7460.38354  7.63%   300 14546s
 590221 228799 7662.31695  125  409 8077.00000 7460.71396  7.63%   301 14675s
 593882 232128 7660.00827  125  442 8077.00000 7461.41042  7.62%   302 14785s
 597782 235691 7624.50563   80  475 8077.00000 7461.41042  7.62%   303 14886s
 602040 237565 7697.11866  157  401 8077.00000 7463.54167  7.60%   305 14976s
 604464 239968 7469.30582   47  101 8077.00000 7464.88977  7.58%   306 14987s
 615569 240518 7470.80859   63   68 8077.00000 7465.63082  7.57%   302 14992s
 618698 242291 7475.26718   63  174 8077.00000 7466.02288  7.56%   301 15005s
 629062 242799 7482.80859   70   85 8077.00000 7466.67526  7.56%   296 15010s
 635905 243792 7478.61812   80   91 8077.00000 7467.14193  7.55%   294 15017s
 639315 244182 7472.97526   57   49 8077.00000 7467.40391  7.55%   293 15020s
 646020 245050     cutoff   70      8077.00000 7467.80906  7.54%   290 15028s
 649511 246075 7478.26097   68  122 8077.00000 7467.97943  7.54%   289 15040s
 659143 246095 7679.92751   83  460 8077.00000 7468.55580  7.53%   285 15091s
 659186 265442 7738.22920   84  409 8077.00000 7468.55580  7.53%   285 15368s
 691186 269002     cutoff   97      8077.00000 7474.66564  7.46%   284 15421s
 697360 271036 7716.14320   78  415 8077.00000 7475.96240  7.44%   283 15449s
 700698 272487 7738.05464  130  377 8077.00000 7478.94620  7.40%   283 15477s
 703652 274093 7605.11727   64  413 8077.00000 7482.24276  7.36%   283 15505s
 706409 276069 7699.65963  161  430 8077.00000 7482.92217  7.36%   283 15535s
 709595 277583 7680.48000   97  456 8077.00000 7483.84364  7.34%   283 15655s
 712245 280138 7634.86020  108  401 8077.00000 7483.88252  7.34%   285 15801s
 716212 284141 7659.11701  132  329 8077.00000 7484.64936  7.33%   288 15937s
 721701 286727 7728.75548  119  399 8077.00000 7485.66656  7.32%   290 16044s
 725063 289073 7632.80247  101  430 8077.00000 7486.32720  7.31%   291 16160s
 728558 292462 7708.85603  148  464 8077.00000 7486.32720  7.31%   293 16272s
 733134 295385 7628.53063   98  508 8077.00000 7488.05054  7.29%   294 16361s
 736915 297929 7779.03269  291  506 8077.00000 7488.23733  7.29%   295 16447s
 740166 301082 7577.15127   99  474 8077.00000 7489.83697  7.27%   296 16535s
 743767 303870 7761.32821  134  374 8077.00000 7489.83697  7.27%   297 16625s
 747218 305720 7647.43012  141  448 8077.00000 7490.52171  7.26%   298 16709s
 749534 308613 7669.61341  130  438 8077.00000 7491.19443  7.25%   300 16798s
 752880 311560 7531.13703  169  479 8077.00000 7491.21801  7.25%   301 16889s
 756393 314820 7526.16975   92  665 8077.00000 7491.23045  7.25%   302 17002s
 760600 315709 7500.84439   55   96 8077.00000 7491.42678  7.25%   303 17012s
 769827 315820 7507.18390   55  157 8077.00000 7491.85282  7.24%   300 17016s
 772830 315997 7504.77863   67  143 8077.00000 7492.12749  7.24%   299 17020s
 779295 316708 7504.31846   59  147 8077.00000 7492.44266  7.24%   297 17028s
 783029 317317     cutoff   57      8077.00000 7492.70338  7.23%   296 17040s
 795182 317657 7503.81291   69  136 8077.00000 7493.26291  7.23%   292 17047s
 798674 317802 7500.98260   81  137 8077.00000 7493.45874  7.22%   291 17052s
 802008 318071 7501.23245   61   50 8077.00000 7493.64543  7.22%   290 17055s
 808797 318251     cutoff   96      8077.00000 7493.96109  7.22%   288 17062s
 812307 321162 7508.73096   87  396 8077.00000 7494.43363  7.21%   287 17110s
 817572 322667 7738.52947   95  411 8077.00000 7495.50805  7.20%   287 17141s
 820549 324261 7688.16720  102  468 8077.00000 7496.05937  7.19%   287 17172s
 823596 327041 7738.39875  226  393 8077.00000 7497.23266  7.18%   287 17222s
 828354 328772 7512.01174   96  254 8077.00000 7499.38772  7.15%   287 17255s
 831730 330409 7710.28641   76  362 8077.00000 7500.31040  7.14%   287 17289s
 834878 332007 7750.82184  116  338 8077.00000 7501.71466  7.12%   288 17322s
 838035 333367 7539.92502   81  460 8077.00000 7504.31322  7.09%   288 17356s
 841147 334863 7617.37523   74  480 8077.00000 7504.82720  7.08%   288 17391s
 844264 336349 7738.07015  221  387 8077.00000 7506.37455  7.06%   288 17425s
 847558 337819 7588.30255   73  545 8077.00000 7508.04575  7.04%   288 17460s
 850806 339262 7751.30552   75  372 8077.00000 7510.28461  7.02%   288 17495s
 854045 341263 7738.61580  105  362 8077.00000 7511.36788  7.00%   288 17542s
 857887 343410     cutoff   62      8077.00000 7514.26877  6.97%   289 17580s
 861415 344869     cutoff  120      8077.00000 7515.82634  6.95%   289 17618s
 864609 346347 7564.93501  147  552 8077.00000 7517.39880  6.93%   289 17729s
 866864 349912 7702.14254  158  458 8077.00000 7517.39880  6.93%   291 17889s
 871769 352672 7801.12934  149  454 8077.00000 7518.99455  6.91%   293 18013s
 875359 355172 7721.22327  114  474 8077.00000 7519.63665  6.90%   294 18131s
 879519 357689 7586.00694  156  441 8077.00000 7520.05603  6.90%   296 18247s
 883741 361009 7596.41355   79  473 8077.00000 7520.05603  6.90%   297 18352s
 887704 363558 7682.68815   99  526 8077.00000 7521.19824  6.88%   298 18450s
 890621 366538 7684.80062   93  359 8077.00000 7521.28947  6.88%   300 18564s
 894573 369289 7706.29956  108  421 8077.00000 7521.31647  6.88%   301 18659s
 898017 371744 7743.28469  101  401 8077.00000 7522.51979  6.86%   302 18753s
 901084 373341 7721.76815  158  511 8077.00000 7523.13464  6.86%   303 18846s
 902885 376025 7777.58582  279  608 8077.00000 7523.13464  6.86%   304 18952s
 906831 378360 7789.14205  183  492 8077.00000 7523.30857  6.86%   305 19051s
 910086 380564     cutoff  156      8077.00000 7523.36122  6.85%   305 19149s
 913293 383765 7671.67552  148  442 8077.00000 7524.38847  6.84%   306 19255s
 917566 383965 7532.63833   69   23 8077.00000 7524.38847  6.84%   307 19264s
 921648 383965 7534.79484   75  119 8077.00000 7524.38847  6.84%   306 19265s
 929660 383999 7533.15833   67  133 8077.00000 7525.00590  6.83%   304 19271s
 934182 383904     cutoff   67      8077.00000 7525.17166  6.83%   302 19275s
 939885 383982     cutoff   83      8077.00000 7525.47434  6.83%   301 19281s
 945117 383972     cutoff   65      8077.00000 7525.63725  6.83%   300 19285s
 946771 383678 7531.28833   80   77 8077.00000 7525.80938  6.82%   299 19295s
 957717 383451 7529.67166   66   78 8077.00000 7526.27166  6.82%   296 19302s
 961338 383272 7532.11833   62   38 8077.00000 7526.43477  6.82%   295 19306s
 965025 383060 7531.98939   78   93 8077.00000 7526.59328  6.81%   294 19310s
 968404 385365 7610.34320   76  530 8077.00000 7526.76333  6.81%   293 19353s
 972347 387136 7547.82360   68  444 8077.00000 7529.22257  6.78%   294 19390s
 975590 388639     cutoff   90      8077.00000 7531.52874  6.75%   294 19427s
 978522 390562 7754.96172   96  326 8077.00000 7532.54333  6.74%   294 19466s
 981936 392579 7644.97316  150  419 8077.00000 7535.13344  6.71%   294 19505s
 985326 394551 7693.54805   68  489 8077.00000 7537.29996  6.68%   294 19542s
 988729 396811 infeasible  101      8077.00000 7538.41930  6.67%   294 19589s
 992820 398746 7654.89055   75  410 8077.00000 7541.22795  6.63%   294 19625s
 995839 400929 7630.32013   88  470 8077.00000 7544.55308  6.59%   294 19661s
 999063 403068 7731.64791  217  487 8077.00000 7545.98471  6.57%   295 19697s
 1002264 405475 7645.55933  108  385 8077.00000 7547.49901  6.56%   295 19734s
 1005728 407571 7755.39736   93  453 8077.00000 7549.26832  6.53%   295 19770s
 1009045 409827 7760.47284   70  417 8077.00000 7551.82383  6.50%   295 19807s
 1012437 412232 7716.08806  145  476 8077.00000 7553.71711  6.48%   295 19843s
 1015884 414394 7606.24371   70  520 8077.00000 7556.18007  6.45%   295 19878s
 1019029 416644 7791.11991  122  388 8077.00000 7557.20338  6.44%   295 19985s
 1022166 419186 7714.97783  112  419 8077.00000 7557.20338  6.44%   296 20095s
 1025792 421427 7760.62870  110  459 8077.00000 7559.19478  6.41%   297 20194s
 1029134 423748 7704.93115  124  419 8077.00000 7559.41445  6.41%   298 20295s
 1032237 426417 7639.49336  111  506 8077.00000 7560.30266  6.40%   299 20395s
 1036033 428221 7726.55774  103  428 8077.00000 7560.87657  6.39%   300 20492s
 1039230 430282 7714.13651  110  535 8077.00000 7561.95278  6.38%   301 20591s
 1042612 432656 7791.50176  121  451 8077.00000 7562.13358  6.37%   302 20690s
 1045818 435245 7782.42408  161  410 8077.00000 7563.05541  6.36%   303 20791s
 1049245 437400 7574.45987  102  592 8077.00000 7563.86353  6.35%   304 20899s
 1049314 437400 7672.35127  104  530 8077.00000 7563.91368  6.35%   304 20900s
 1052169 440422     cutoff  160      8077.00000 7563.91368  6.35%   304 21008s
 1056023 443256 7796.44369  156  324 8077.00000 7564.39391  6.35%   305 21102s
 1059454 444992 7723.64818  160  417 8077.00000 7565.74813  6.33%   306 21193s
 1061460 447953 7848.36910  269  428 8077.00000 7565.87097  6.33%   306 21302s
 1065204 450717 7703.04327   78  476 8077.00000 7566.72724  6.32%   307 21402s
 1068691 453852 7743.05643  156  321 8077.00000 7567.22931  6.31%   308 21497s
 1072380 453174 7576.57306   76  124 8077.00000 7567.23320  6.31%   308 21504s
 1080469 453011     cutoff   73      8077.00000 7567.57987  6.31%   306 21507s
 1083791 452685 7576.99020   79   91 8077.00000 7567.71340  6.31%   306 21510s
 1090637 451824 7573.03764   76  132 8077.00000 7568.04806  6.30%   304 21518s
 1094100 451393 7575.10431   68   85 8077.00000 7568.21528  6.30%   303 21521s
 1097548 450927     cutoff   71      8077.00000 7568.42658  6.30%   302 21525s
 1104540 449845 7572.50431   71   34 8077.00000 7568.74431  6.29%   301 21531s
 1111450 448671     cutoff   67      8077.00000 7569.08098  6.29%   299 21537s
 1114963 447991     cutoff   70      8077.00000 7569.28413  6.29%   298 21540s
 1121991 446390 7578.04402   56  160 8077.00000 7569.62098  6.28%   297 21547s
 1125360 449355 7602.16559   68  499 8077.00000 7569.83225  6.28%   296 21592s
 1129401 452302 7681.62195   69  463 8077.00000 7571.72294  6.26%   296 21626s
 1133254 454623 7766.93191  100  374 8077.00000 7572.11394  6.25%   296 21658s
 1136571 456801 7716.38300   76  436 8077.00000 7574.36569  6.22%   296 21690s
 1139653 459077 7692.01319  116  342 8077.00000 7576.35535  6.20%   296 21722s
 1142853 461492 7672.61462   72  442 8077.00000 7577.41553  6.19%   295 21755s
 1146201 463846 7753.80654  176  478 8077.00000 7578.77096  6.17%   295 21788s
 1149538 466140 7722.62068   81  509 8077.00000 7580.57422  6.15%   295 21820s
 1152694 469029 7671.19842  100  479 8077.00000 7581.43700  6.14%   295 21852s
 1156420 471338 7695.71949   75  431 8077.00000 7581.43700  6.14%   295 21896s
 1160446 473661 7650.77089   80  475 8077.00000 7584.52692  6.10%   295 21930s
 1163703 476244     cutoff   82      8077.00000 7585.07281  6.09%   295 21963s
 1167259 478645     cutoff  110      8077.00000 7585.82445  6.08%   295 21997s
 1170733 480578 7733.92078  126  419 8077.00000 7586.59924  6.07%   295 22030s
 1174085 482673     cutoff   67      8077.00000 7588.60144  6.05%   295 22063s
 1177285 482787 7641.24425  142  539 8077.00000 7589.17115  6.04%   295 22176s
 1177427 506571 7702.32932  144  566 8077.00000 7589.17115  6.04%   295 23443s
 1209427 510148 7743.93458  126  483 8077.00000 7592.00386  6.00%   303 23559s
 1213827 513066 7739.58952  109  386 8077.00000 7593.38349  5.99%   304 23656s
 1217207 515157 infeasible  283      8077.00000 7594.13670  5.98%   304 23742s
 1219983 516295 7724.11066   88  534 8077.00000 7594.40203  5.97%   305 23833s
 1221571 519971 7707.12021  106  443 8077.00000 7594.40203  5.97%   305 23931s
 1225716 523000 7864.65308  111  378 8077.00000 7595.63898  5.96%   306 24025s
 1229370 521081 7600.41877   53  179 8077.00000 7595.66895  5.96%   306 24031s
 1239107 519190 7602.25855   49  140 8077.00000 7596.17752  5.95%   304 24037s
 1242533 518080     cutoff   59      8077.00000 7596.35351  5.95%   303 24040s
 1249432 515611 7598.60676   74  130 8077.00000 7596.72672  5.95%   302 24045s
 1256409 512733 7603.74101   73   32 8077.00000 7597.20076  5.94%   300 24051s
 1263561 509469     cutoff   77      8077.00000 7597.71184  5.93%   299 24056s
 1270675 505695     cutoff   84      8077.00000 7598.26958  5.93%   297 24061s
 1277974 501176 infeasible   69      8077.00000 7598.90205  5.92%   296 24067s
 1281646 503940 7689.55689   84  468 8077.00000 7599.19101  5.92%   295 24107s
 1285591 506922 7672.18819   77  417 8077.00000 7600.06942  5.90%   295 24140s
 1289350 509281 7761.69160   69  351 8077.00000 7601.21617  5.89%   295 24172s
 1292569 512597 7657.37848   84  509 8077.00000 7601.45768  5.89%   295 24216s
 1297119 514447 7658.20790   83  407 8077.00000 7601.91658  5.88%   295 24246s
 1300111 516291 7768.97839  194  439 8077.00000 7602.61505  5.87%   295 24276s
 1302941 518769 7689.66430  103  479 8077.00000 7603.94284  5.86%   295 24308s
 1306274 521250 7656.73455   88  395 8077.00000 7604.55731  5.85%   295 24339s
 1309636 523795 7706.36041   77  366 8077.00000 7604.93576  5.84%   295 24371s
 1312998 526528 7671.79547   94  476 8077.00000 7605.60240  5.84%   295 24402s
 1316562 528846 7763.40756  213  492 8077.00000 7605.97696  5.83%   294 24433s
 1319768 531136 7663.79370   87  437 8077.00000 7606.55218  5.82%   294 24464s
 1323221 533855 7765.15146  246  523 8077.00000 7607.37842  5.81%   294 24511s
 1327579 536598 7769.90405  118  437 8077.00000 7608.10664  5.81%   294 24541s
 1330980 539346 7721.38787  125  445 8077.00000 7608.10664  5.81%   294 24569s
 1334378 541830 7807.23313  225  683 8077.00000 7609.16439  5.79%   294 24681s
 1337512 545256 7875.01313  274  556 8077.00000 7609.66403  5.79%   295 24796s
 1341714 547014 7718.29065  106  436 8077.00000 7610.40135  5.78%   295 24895s
 1343663 550913 7852.30025  185  349 8077.00000 7610.40135  5.78%   296 25012s
 1348395 552588 7842.21712  178  296 8077.00000 7610.65905  5.77%   296 25090s
 1350959 554838 7874.84007  106  482 8077.00000 7611.36566  5.76%   297 25174s
 1353762 557075 7834.71655  196  542 8077.00000 7611.36838  5.76%   297 25265s
 1356769 559792 7638.63394  139  509 8077.00000 7612.08821  5.76%   298 25360s
 1360173 562424 7863.58606  285  524 8077.00000 7612.22806  5.75%   298 25453s
 1363578 565162 7753.17086  176  346 8077.00000 7612.81954  5.75%   299 25545s
 1366922 568192 7793.68245  133  351 8077.00000 7612.90319  5.75%   300 25638s
 1370564 570135 7869.25192  188  371 8077.00000 7613.02768  5.74%   300 25728s
 1373290 571946 7721.36641  103  404 8077.00000 7613.85721  5.73%   301 25840s
 1376427 574132 7681.13219  120  416 8077.00000 7614.19244  5.73%   302 25953s
 1379958 576819 7750.41570  167  430 8077.00000 7614.19244  5.73%   303 26061s
 1383650 579592 7694.31249   92  513 8077.00000 7614.48690  5.73%   304 26166s
 1387698 576202 infeasible   71      8077.00000 7614.48690  5.73%   305 26170s
 1396454 570124     cutoff   71      8077.00000 7615.50962  5.71%   303 26175s
 1408470 565715 7752.56737  126  508 8077.00000 7620.23690  5.66%   300 26218s
 1412595 567466 7692.20989   69  446 8077.00000 7620.57344  5.65%   300 26250s
 1415551 569494 7738.11371   85  449 8077.00000 7621.78920  5.64%   300 26284s
 1419163 572203     cutoff   84      8077.00000 7622.60742  5.63%   300 26316s
 1422874 575192 7793.68995  140  430 8077.00000 7623.04391  5.62%   300 26346s
 1426482 578394 7764.32553  168  501 8077.00000 7623.04391  5.62%   300 26388s
 1430724 580578 7774.76309  148  425 8077.00000 7624.13266  5.61%   300 26419s
 1433967 580604 7640.84852   73  460 8077.00000 7624.72368  5.60%   300 26447s
 1434042 581851 7641.40463   74  465 8077.00000 7624.72368  5.60%   300 26478s
 1435833 585120 7654.70936   69  452 8077.00000 7625.10025  5.59%   300 26513s
 1439950 587514 7774.23343  147  422 8077.00000 7625.39537  5.59%   300 26547s
 1443436 589169 7708.28149   70  420 8077.00000 7626.05242  5.58%   299 26581s
 1446611 591428 infeasible   81      8077.00000 7627.02920  5.57%   299 26614s
 1450017 594167 7786.79597  138  492 8077.00000 7627.66888  5.56%   299 26647s
 1453588 596717 7654.88497   64  564 8077.00000 7627.67002  5.56%   299 26679s
 1456881 599619 7777.83455  136  396 8077.00000 7627.67002  5.56%   299 26721s
 1461015 602324     cutoff  152      8077.00000 7629.25696  5.54%   299 26825s
 1464478 605963 7692.52113   84  576 8077.00000 7629.88539  5.54%   300 26929s
 1468773 608460 7840.54925  104  464 8077.00000 7629.88539  5.54%   300 27020s
 1472056 611018 7751.67407  103  434 8077.00000 7630.26538  5.53%   301 27112s
 1475418 612398 7811.19907  316  460 8077.00000 7630.69468  5.53%   301 27204s
 1477220 615548 7730.19301  116  449 8077.00000 7630.89808  5.52%   302 27312s
 1481176 617306 7741.98468  106  426 8077.00000 7631.34826  5.52%   302 27403s
 1483727 620039 7706.28670  162  519 8077.00000 7631.48112  5.52%   303 27509s
 1487250 622236 7685.23726  111  409 8077.00000 7632.18092  5.51%   303 27606s
 1490351 623811 7869.93526  142  403 8077.00000 7632.23780  5.51%   304 27706s
 1493061 626635 7692.91786  100  444 8077.00000 7632.71709  5.50%   305 27809s
 1493432 626635 7811.58327  146  374 8077.00000 7632.71709  5.50%   305 27810s
 1496796 629109 7732.42596  133  299 8077.00000 7633.05101  5.50%   305 27910s
 1500201 632082 7841.60292   96  339 8077.00000 7633.50072  5.49%   306 28012s
 1503782 635113 7764.44561  111  588 8077.00000 7633.88557  5.49%   306 28109s
 1507374 638663 7861.55238  185  462 8077.00000 7633.88557  5.49%   307 28217s
 1511574 641461     cutoff   82      8077.00000 7633.88557  5.49%   307 28256s
 1515481 644200 7773.44672   73  446 8077.00000 7634.05549  5.48%   307 28288s
 1519083 646992 7780.14757  105  380 8077.00000 7635.13699  5.47%   307 28320s
 1522627 649770 7735.10636  120  437 8077.00000 7635.47734  5.47%   307 28351s
 1526279 652467 7735.43010   72  375 8077.00000 7635.86932  5.46%   307 28380s
 1529828 654757 7669.50462   70  484 8077.00000 7636.35231  5.46%   307 28409s
 1530845 654757 7691.25822   83  339 8077.00000 7636.35231  5.46%   307 28410s
 1533128 657393 7780.29011  158  536 8077.00000 7636.35231  5.46%   307 28439s
 1536441 660740 7713.29019   76  421 8077.00000 7636.84857  5.45%   306 28480s
 1540792 662982 7745.35189  103  450 8077.00000 7637.62438  5.44%   306 28510s
 1543909 666042 7796.44305   98  410 8077.00000 7637.87385  5.44%   306 28540s
 1547641 668577 7654.72355   82  433 8077.00000 7638.22429  5.43%   306 28569s
 1550889 670617 7711.53585   78  437 8077.00000 7638.56274  5.43%   306 28598s
 1553782 672889     cutoff  139      8077.00000 7638.74514  5.43%   306 28629s
 1556811 675160     cutoff   63      8077.00000 7638.74514  5.43%   306 28659s
 1560062 677542 7733.92941  131  370 8077.00000 7639.54557  5.42%   305 28690s
 1563335 680080 7718.14251  113  518 8077.00000 7640.00389  5.41%   305 28798s
 1566575 683817 7900.20669  116  426 8077.00000 7640.00389  5.41%   306 28906s
 1571024 685735 7736.82849   86  483 8077.00000 7641.37326  5.39%   306 29002s
 1573914 687501 7791.95368  118  349 8077.00000 7641.37326  5.39%   307 29095s
 1576734 690148 7867.46500  186  423 8077.00000 7641.77133  5.39%   308 29196s
 1580180 692873 7713.34985  102  581 8077.00000 7642.01749  5.39%   308 29292s
 1583705 695533 7680.36309   86  492 8077.00000 7642.07971  5.38%   309 29388s
 1587118 698563 7703.04153   89  510 8077.00000 7642.36245  5.38%   309 29482s
 1590647 702311 7868.98957  256  509 8077.00000 7642.36245  5.38%   310 29591s
 1595058 704218 7831.16264  144  391 8077.00000 7642.52332  5.38%   310 29675s
 1597654 705944 7748.60731   78  506 8077.00000 7642.93566  5.37%   311 29765s
 1599798 708756 7782.96164  204  413 8077.00000 7643.04871  5.37%   311 29867s
 1603524 711242 7720.72374  116  473 8077.00000 7643.67904  5.36%   312 29961s
 1606526 714074 7771.87136  104  508 8077.00000 7644.03917  5.36%   312 30057s
 1609796 717741 7708.12018  127  360 8077.00000 7644.05363  5.36%   313 30152s
 1613956 720816 7746.18371   67  387 8077.00000 7644.05363  5.36%   313 30190s
 1617980 723922 7759.78364   99  474 8077.00000 7644.83007  5.35%   313 30231s
 1622123 726372 7776.63145  171  453 8077.00000 7645.46128  5.34%   313 30262s
 1625445 728997 7758.20240  123  480 8077.00000 7645.69044  5.34%   313 30292s
 1628830 731895 7776.32200  147  423 8077.00000 7646.15758  5.33%   313 30322s
 1632245 734666 7721.13042  124  434 8077.00000 7646.15758  5.33%   312 30352s
 1635748 736875 7796.81686   83  434 8077.00000 7646.39450  5.33%   312 30381s
 1638797 738818 7717.21633  112  477 8077.00000 7647.04734  5.32%   312 30412s
 1641691 741016 7696.24962   81  436 8077.00000 7647.11915  5.32%   312 30443s
 1644699 743594 7758.87797  106  469 8077.00000 7647.65122  5.32%   312 30475s
 1648339 745380 7762.65982   82  413 8077.00000 7647.76157  5.31%   312 30518s
 1650807 745845 7702.80243  105  491 8077.00000 7648.11980  5.31%   312 30570s
 1651577 746507 7703.34607  106  477 8077.00000 7648.11980  5.31%   312 30644s
 1652616 749706 7703.50939  107  475 8077.00000 7648.11980  5.31%   312 30739s
 1657049 754634 7703.69267  108  451 8077.00000 7648.49336  5.31%   312 30818s
 1664035 757108 7905.68610  157  306 8077.00000 7648.70118  5.30%   311 30924s
 1667207 760177 7894.02342   96  456 8077.00000 7648.74777  5.30%   312 31035s
 1671087 763028 7914.25258  205  479 8077.00000 7649.10310  5.30%   312 31146s
 1674705 765513 7859.25245  130  439 8077.00000 7649.35807  5.29%   313 31249s
 1678081 768033 7894.20818  212  405 8077.00000 7649.74972  5.29%   313 31353s
 1681426 770694 7774.64402  164  381 8077.00000 7649.78091  5.29%   314 31453s
 1684682 773239 7801.70212  188  459 8077.00000 7649.99764  5.29%   314 31550s
 1687702 776561 7737.47213   91  502 8077.00000 7650.00798  5.29%   315 31648s
 1691557 779444 7823.81024  162  625 8077.00000 7650.13829  5.28%   315 31745s
 1695187 781549 7882.34249  337  589 8077.00000 7650.64507  5.28%   316 31839s
 1697823 784768 7778.35921  272  510 8077.00000 7650.66383  5.28%   316 31938s
 1701500 788096 7860.41766  370  511 8077.00000 7650.66383  5.28%   317 32048s
 1705611 789910 7777.81400   95  595 8077.00000 7651.24222  5.27%   317 32138s
 1708228 791535 7769.63534  101  528 8077.00000 7651.69493  5.27%   317 32234s
 1710277 794806 7875.52817  215  422 8077.00000 7651.69493  5.27%   318 32340s
 1714211 789456 7721.27173  146  523 8077.00000 7652.04075  5.26%   318 32377s
 1714311 813063 7721.42928  147  509 8077.00000 7652.25074  5.26%   318 32658s
 1746311 813330 7691.13222   75  457 8077.00000 7654.87176  5.23%   317 32698s
 1746705 836682 7796.76495   83  339 8077.00000 7654.87176  5.23%   317 32969s
 1777422 836682 7696.72074   87  435 8077.00000 7657.64540  5.19%   316 32970s
H1778417 836682                    8075.0000000 7657.64540  5.17%   316 32970s
 1778417 838228 7801.09654   95  516 8075.00000 7657.64540  5.17%   316 33078s
 1780757 841264 7774.63284  102  601 8075.00000 7657.75177  5.17%   316 33226s
 1785165 844393 7766.89375  157  466 8075.00000 7657.84578  5.17%   317 33351s
 1789277 847082 7805.99282  103  681 8075.00000 7658.06543  5.16%   318 33465s
 1793214 850207 7742.50463  126  552 8075.00000 7658.32857  5.16%   318 33573s
 1797007 852450 7683.68221  106  411 8075.00000 7658.73408  5.15%   319 33682s
 1800134 855113 7873.85517   85  452 8075.00000 7658.73408  5.15%   319 33794s
 1803657 857625 7785.05049  114  409 8075.00000 7659.10205  5.15%   320 33907s
 1806823 861046 7882.83691  364  527 8075.00000 7659.10205  5.15%   321 34016s
 1810922 864057 7819.14819   79  448 8075.00000 7659.10205  5.15%   321 34121s
 1814804 866691 7913.40585  133  426 8075.00000 7659.45704  5.15%   321 34223s
 1818333 869544 7881.49980  174  381 8075.00000 7659.94088  5.14%   322 34323s
 1821832 872419 7787.05271  244  483 8075.00000 7659.98715  5.14%   322 34423s
 1825336 875011 7692.96592   76  664 8075.00000 7660.39360  5.13%   323 34518s
 1828981 877508 7700.48520   86  409 8075.00000 7660.57096  5.13%   323 34557s
 1832465 880063 7757.24902  195  489 8075.00000 7661.17101  5.12%   323 34591s
 1836070 882959 7772.05566  135  415 8075.00000 7661.27555  5.12%   323 34625s
 1840032 885865     cutoff   89      8075.00000 7662.17444  5.11%   322 34657s
 1843878 888536 7768.73210   92  423 8075.00000 7662.60077  5.11%   322 34688s
 1847479 890546 7766.66338  213  394 8075.00000 7662.60077  5.11%   322 34717s
 1850571 892604 7725.59128   74  534 8075.00000 7663.08986  5.10%   322 34748s
 1853572 894969 7739.22282   77  398 8075.00000 7663.43455  5.10%   322 34778s
 1857187 897000 7804.59894  103  257 8075.00000 7663.60594  5.09%   322 34809s
 1860241 900122 7805.28420  101  454 8075.00000 7663.97936  5.09%   322 34849s
 1864450 902444 7713.44798   74  513 8075.00000 7664.33319  5.09%   321 34878s
 1867508 905247 7739.30030  154  462 8075.00000 7664.33319  5.09%   321 34908s
 1870978 907887 7758.24204   75  427 8075.00000 7664.64914  5.08%   321 34938s
 1874361 910208 7780.76484  159  399 8075.00000 7664.64914  5.08%   321 34967s
 1877497 912692 7782.49270  143  430 8075.00000 7665.27930  5.07%   321 34997s
 1880995 914345 7748.30290   73  579 8075.00000 7665.54876  5.07%   321 35106s
 1883271 917507 7820.42872  125  634 8075.00000 7665.63927  5.07%   321 35256s
 1887202 921401 7890.13430  228  615 8075.00000 7665.78244  5.07%   322 35396s
 1891883 925027 7810.18715  124  571 8075.00000 7666.17180  5.06%   322 35514s
 1896596 927750 7903.48040  250  521 8075.00000 7666.25145  5.06%   323 35617s
 1900241 930339 7898.88418  195  478 8075.00000 7666.25466  5.06%   323 35717s
 1903292 933687 7768.79458  106  452 8075.00000 7666.77641  5.06%   324 35822s
 1907297 936079 7882.95710  159  310 8075.00000 7666.77641  5.06%   324 35923s
 1910531 938028 7865.43176  135  371 8075.00000 7666.85640  5.05%   325 36034s
 1913760 940357 7736.06845  109  485 8075.00000 7667.30670  5.05%   325 36145s
 1917175 943338 7904.33221  173  368 8075.00000 7667.31866  5.05%   326 36262s
 1920982 946430 7734.20596   73  533 8075.00000 7667.68081  5.04%   326 36363s
 1924837 948915 7835.80646  120  504 8075.00000 7667.75911  5.04%   326 36459s
 1928135 951296 7922.30769  294  474 8075.00000 7667.75911  5.04%   327 36560s
 1931238 953803 7766.54383   82  466 8075.00000 7668.29509  5.04%   327 36597s
 1934692 956822 7735.35833  108  417 8075.00000 7668.47646  5.03%   327 36632s
 1938701 959666 7742.55880   97  448 8075.00000 7668.86388  5.03%   327 36664s
 1942443 962756 7783.09308  163  510 8075.00000 7669.16279  5.03%   327 36704s
 1946581 965170 7741.90838   82  353 8075.00000 7669.36771  5.02%   327 36734s
 1949793 967707 7769.06383  166  416 8075.00000 7669.46979  5.02%   326 36764s
 1953437 970376 7708.23244   88  407 8075.00000 7669.89452  5.02%   326 36793s
 1956789 972251 7780.20367  108  483 8075.00000 7669.94093  5.02%   326 36822s
 1959702 974377 7780.43742   79  554 8075.00000 7670.18001  5.01%   326 36852s
 1962976 976703 7793.01116  142  427 8075.00000 7670.23690  5.01%   326 36881s
 1966442 979172 7713.11649  110  472 8075.00000 7670.54841  5.01%   326 36910s
 1969685 981708 7745.20673  134  400 8075.00000 7670.77677  5.01%   326 36939s
 1973234 984651 7777.25632   83  395 8075.00000 7671.01997  5.00%   325 36978s
 1977567 986741 7793.19568   89  342 8075.00000 7671.17866  5.00%   325 37007s
 1980696 988611 7791.18815  134  550 8075.00000 7671.29002  5.00%   325 37034s
 1983471 991348 7763.47907  103  560 8075.00000 7671.64889  5.00%   325 37141s
 1986771 994823 7912.07417  223  479 8075.00000 7671.64889  5.00%   325 37247s
 1991038 997306 7885.76133  172  564 8075.00000 7671.79221  4.99%   326 37338s
 1994499 1000570 7840.67441   95  504 8075.00000 7672.25595  4.99%   326 37445s
 1998401 1003353 7717.79309  103  449 8075.00000 7672.42424  4.99%   326 37532s
 2001606 1006216 7928.73040  109  356 8075.00000 7672.42424  4.99%   327 37623s
 2005424 1007417 7741.41300  144  578 8075.00000 7672.55365  4.98%   327 37710s
 2007277 1009849 7757.95330  115  626 8075.00000 7672.72294  4.98%   327 37803s
 2010350 1011840 7929.93331  151  545 8075.00000 7673.03237  4.98%   327 37902s
 2013162 1012771 7780.99133  109  340 8075.00000 7673.21067  4.98%   328 37998s
 2014830 1015376 7739.06299  127  336 8075.00000 7673.21067  4.98%   328 38110s
 2018897 1017692 7805.94813  159  421 8075.00000 7673.43326  4.97%   329 38217s
 2022281 1019533 7819.67034  198  397 8075.00000 7673.58959  4.97%   329 38323s
 2025361 1022368 7856.83174  246  388 8075.00000 7673.78551  4.97%   330 38431s
 2028875 1024762 7863.10538  162  482 8075.00000 7673.78551  4.97%   330 38530s
 2031885 1026900 7867.24609  140  364 8075.00000 7674.05338  4.97%   331 38636s
 2035358 1029985     cutoff  117      8075.00000 7674.11902  4.96%   331 38672s
 2039361 1032724 7690.98691   74  444 8075.00000 7674.32771  4.96%   331 38702s
 2042955 1035204 7785.09318  143  400 8075.00000 7674.32771  4.96%   331 38731s
 2046309 1037909 7761.98758  100  318 8075.00000 7674.86189  4.96%   331 38760s
 2049776 1039483 7800.45793   88  346 8075.00000 7674.99389  4.95%   331 38789s
 2052810 1041403 7742.43642   65  399 8075.00000 7675.11994  4.95%   331 38817s
 2055708 1044391 7739.49636   93  424 8075.00000 7675.27011  4.95%   330 38856s
 2059724 1047206 7763.99421   99  390 8075.00000 7675.41014  4.95%   330 38886s
 2063391 1049538 7808.66866  125  428 8075.00000 7675.49292  4.95%   330 38914s
 2066600 1052029 7782.28837  134  390 8075.00000 7675.73716  4.94%   330 38943s
 2070078 1054549 7764.97279   97  458 8075.00000 7676.00187  4.94%   330 38970s
 2073484 1056521 7776.71966  134  364 8075.00000 7676.12269  4.94%   330 38999s
 2076708 1058295 7797.50565   97  263 8075.00000 7676.17184  4.94%   329 39027s
 2079736 1060339 7679.54407   76  475 8075.00000 7676.34686  4.94%   329 39056s
 2082938 1061951 7804.33319   95  432 8075.00000 7676.34686  4.94%   329 39085s
 2085831 1063658 7880.17808  129  467 8075.00000 7676.61511  4.93%   329 39188s
 2088465 1066346 7873.16490  111  334 8075.00000 7676.72512  4.93%   330 39320s
 2092181 1070242 7713.52030  175  437 8075.00000 7677.03327  4.93%   330 39442s
 2096736 1072483 7864.14648  177  399 8075.00000 7677.05058  4.93%   331 39550s
 2099860 1074635 7928.87076  137  432 8075.00000 7677.05058  4.93%   331 39655s
 2103202 1078268 7815.17628  148  554 8075.00000 7677.48730  4.92%   332 39764s
 2107501 1081085 7883.52455  256  607 8075.00000 7677.53533  4.92%   332 39868s
 2111165 1083601 7764.75325  100  498 8075.00000 7677.73226  4.92%   332 39963s
 2114415 1086537 7766.20661  135  472 8075.00000 7677.90628  4.92%   333 40059s
 2117857 1087801 7905.61894  144  566 8075.00000 7677.95097  4.92%   333 40155s
 2119891 1090633 7798.67699   98  480 8075.00000 7677.95373  4.92%   333 40259s
 2123656 1093080 7770.13016  151  497 8075.00000 7678.26544  4.91%   334 40360s
 2126897 1095210 infeasible  128      8075.00000 7678.41166  4.91%   334 40459s
 2130017 1097725 7860.24664  271  343 8075.00000 7678.58021  4.91%   334 40563s
 2133118 1100891 infeasible  280      8075.00000 7678.74483  4.91%   335 40668s
 2137101 1102938 7774.11029  121  365 8075.00000 7678.74483  4.91%   335 40707s
 2140079 1105754 7787.29215  156  474 8075.00000 7678.83382  4.91%   335 40748s
 2144163 1108242 7762.00843  106  404 8075.00000 7678.88209  4.91%   335 40782s
 2147885 1110462 7768.62833  113  509 8075.00000 7679.13094  4.90%   335 40815s
 2151530 1113271     cutoff   78      8075.00000 7679.43368  4.90%   335 40848s
 2155196 1116060 7745.77696   91  429 8075.00000 7679.66390  4.90%   334 40879s
 2158978 1118646 7747.84784   98  409 8075.00000 7679.68611  4.90%   334 40909s
 2162508 1120952 7803.37009  116  439 8075.00000 7679.88749  4.89%   334 40939s
 2165865 1121111 7790.74790   83  441 8075.00000 7680.06027  4.89%   334 40966s
 2166076 1122834 7729.88308   71  451 8075.00000 7680.22349  4.89%   334 41003s
 2168899 1126566 7759.50783   98  412 8075.00000 7680.30764  4.89%   334 41044s
 2174068 1129331 7793.89648  121  435 8075.00000 7680.57684  4.88%   334 41076s
 2177832 1131729 7706.43643   94  437 8075.00000 7680.86929  4.88%   333 41104s
 2181014 1134196 7808.64406   78  388 8075.00000 7680.90821  4.88%   333 41135s
 2184602 1136785 7742.52956  135  443 8075.00000 7681.16656  4.88%   333 41165s
 2188065 1138809 7828.45713  183  461 8075.00000 7681.37657  4.87%   333 41271s
 2190897 1141653 7860.65050  271  424 8075.00000 7681.41879  4.87%   333 41394s
 2194802 1144382 7908.71822  126  405 8075.00000 7681.76359  4.87%   334 41512s
 2198432 1147074 7709.30104  113  474 8075.00000 7681.98455  4.87%   334 41622s
 2201880 1149744 7832.64329  151  541 8075.00000 7682.18327  4.86%   334 41732s
 2205369 1152027 7837.00899  101  459 8075.00000 7682.18327  4.86%   335 41838s
 2208604 1154018 7882.53535  173  527 8075.00000 7682.22161  4.86%   335 41943s
 2212040 1156818 7835.75628   80  526 8075.00000 7682.55485  4.86%   336 42054s
 2215555 1159682 7756.97051  103  415 8075.00000 7682.60385  4.86%   336 42158s
 2219122 1162428 7820.79492   94  327 8075.00000 7682.88266  4.86%   336 42268s
 2222631 1165469 7906.24708  149  477 8075.00000 7683.12206  4.85%   337 42368s
 2226476 1167757 7851.22296  127  411 8075.00000 7683.32207  4.85%   337 42462s
 2229561 1169536 7827.88951  183  592 8075.00000 7683.36115  4.85%   337 42559s
 2232530 1170637 7879.03917  157  377 8075.00000 7683.70319  4.85%   337 42655s
 2235239 1171920 7833.11651  123  495 8075.00000 7683.89870  4.84%   338 42754s
 2237692 1174318 7734.08987  190  431 8075.00000 7683.89870  4.84%   338 42861s
 2241572 1177063 7755.28877   93  413 8075.00000 7684.10948  4.84%   339 42896s
 2245211 1180185 7743.73577   87  454 8075.00000 7684.13554  4.84%   338 42928s
 2249249 1183168 7769.12645   86  324 8075.00000 7684.16687  4.84%   338 42967s
 2253455 1185833 7786.60806  166  493 8075.00000 7684.70801  4.83%   338 42996s
 2256844 1188844 7801.63349  121  389 8075.00000 7684.82478  4.83%   338 43024s
 2260401 1191091 7715.74066   81  516 8075.00000 7684.92629  4.83%   338 43051s
 2263578 1193115 7788.88691  154  408 8075.00000 7684.92629  4.83%   337 43078s
 2266689 1195559 7784.74467   91  340 8075.00000 7685.18865  4.83%   337 43105s
 2269970 1198112 7818.64375  139  338 8075.00000 7685.18865  4.83%   337 43133s
 2273399 1200020 7771.10697  122  321 8075.00000 7685.18865  4.83%   337 43160s
 2276172 1202524 7766.53067  101  366 8075.00000 7685.49614  4.82%   337 43189s
 2279621 1203244 7800.89634   75  366 8075.00000 7685.69553  4.82%   337 43200s

Cutting planes:
  Learned: 1
  Gomory: 16
  Cover: 837
  Implied bound: 7
  Clique: 93
  MIR: 262
  StrongCG: 4
  Zero half: 43
  RLT: 990
  Relax-and-lift: 3
  BQP: 3

Explored 2280563 nodes (767980390 simplex iterations) in 43205.03 seconds (24749.22 work units)
Thread count was 32 (of 128 available processors)

Solution count 10: 8075 8077 8085 ... 8150

Time limit reached
Best objective 8.075000000000e+03, best bound 7.686000000000e+03, gap 4.8173%
Solved c101_Skewed2 -> /project2/ssuen_1733/output/v3/c101_Skewed2.pkl / .json
[Tue Dec 16 04:47:59 PST 2025] Finished run_single_instance for c101_Skewed2
