==========================================
SLURM_JOB_ID = 5298011
SLURM_JOB_NODELIST = b22-22
TMPDIR = /tmp/SLURM_5298011
==========================================
Using Python:
Python 3.10.18
Checking core dependencies:
numpy: 2.2.6
gurobi: (12, 0, 3)
[Mon Dec 15 16:47:16 PST 2025] Starting run_single_instance on b22-22.hpc.usc.edu for r101_Skewed2
Set parameter TokenServer to value "hpc-licenses.hpcc.usc.edu"
Set parameter TimeLimit to value 43200
Set parameter Seed to value 42
Set parameter OutputFlag to value 1
Gurobi Optimizer version 12.0.3 build v12.0.3rc0 (linux64 - "Rocky Linux 8.10 (Green Obsidian)")

CPU model: AMD EPYC 7542 32-Core Processor, instruction set [SSE2|AVX|AVX2]
Thread count: 64 physical cores, 128 logical processors, using up to 32 threads

Non-default parameters:
TimeLimit  43200
Seed  42

Optimize a model with 703550 rows, 728000 columns and 5954600 nonzeros
Model fingerprint: 0xc1e77096
Variable types: 0 continuous, 728000 integer (727500 binary)
Coefficient statistics:
  Matrix range     [1e+00, 1e+03]
  Objective range  [1e+00, 9e+01]
  Bounds range     [1e+00, 5e+01]
  RHS range        [1e+00, 1e+03]
Presolve removed 677300 rows and 697653 columns
Presolve time: 1.71s
Presolved: 26250 rows, 30347 columns, 186950 nonzeros
Variable types: 0 continuous, 30347 integer (30300 binary)
Performing another presolve...
Presolve removed 580 rows and 150 columns (presolve time = 7s)...
Presolve removed 580 rows and 150 columns
Presolve time: 6.68s
Deterministic concurrent LP optimizer: primal and dual simplex
Showing primal log only...


Root simplex log...

Iteration    Objective       Primal Inf.    Dual Inf.      Time
       0    2.1200000e+02   3.510000e+02   1.614753e+10     11s
Concurrent spin time: 0.15s

Solved with dual simplex

Root simplex log...

Iteration    Objective       Primal Inf.    Dual Inf.      Time
   14026    4.0905816e+03   0.000000e+00   0.000000e+00     13s

Root relaxation: objective 4.090582e+03, 14026 iterations, 2.29 seconds (1.19 work units)
Total elapsed time = 12.79s (DegenMoves)

    Nodes    |    Current Node    |     Objective Bounds      |     Work
 Expl Unexpl |  Obj  Depth IntInf | Incumbent    BestBd   Gap | It/Node Time

     0     0 4090.58163    0  624          - 4090.58163      -     -   13s
     0     0 4169.69536    0  777          - 4169.69536      -     -   14s
     0     0 4169.69536    0  800          - 4169.69536      -     -   14s
     0     0 4169.69536    0  820          - 4169.69536      -     -   14s
     0     0 4169.69536    0  814          - 4169.69536      -     -   14s
     0     0 4169.69536    0  876          - 4169.69536      -     -   15s
     0     0 4169.69536    0  892          - 4169.69536      -     -   15s
     0     0 4169.69536    0  915          - 4169.69536      -     -   15s
     0     0 4169.69536    0  900          - 4169.69536      -     -   15s
     0     0 4169.69536    0  902          - 4169.69536      -     -   15s
     0     0 4206.38761    0 1019          - 4206.38761      -     -   16s
     0     0 4207.31569    0 1049          - 4207.31569      -     -   16s
     0     0 4207.32853    0 1054          - 4207.32853      -     -   16s
     0     0 4233.14886    0 1114          - 4233.14886      -     -   17s
     0     0 4234.75493    0 1083          - 4234.75493      -     -   18s
     0     0 4234.93722    0 1093          - 4234.93722      -     -   18s
     0     0 4234.96730    0 1095          - 4234.96730      -     -   18s
     0     0 4234.98431    0 1098          - 4234.98431      -     -   18s
     0     0 4302.10283    0 1076          - 4302.10283      -     -   19s
     0     0 4311.11886    0 1069          - 4311.11886      -     -   19s
     0     0 4311.33118    0 1059          - 4311.33118      -     -   19s
     0     0 4311.37038    0 1073          - 4311.37038      -     -   19s
     0     0 4311.40804    0 1064          - 4311.40804      -     -   19s
     0     0 4357.58420    0 1131          - 4357.58420      -     -   20s
     0     0 4360.17375    0 1078          - 4360.17375      -     -   20s
     0     0 4360.51726    0 1105          - 4360.51726      -     -   20s
     0     0 4360.58925    0 1123          - 4360.58925      -     -   20s
     0     0 4360.58925    0 1123          - 4360.58925      -     -   20s
     0     0 4387.37766    0 1095          - 4387.37766      -     -   21s
     0     0 4389.49381    0 1136          - 4389.49381      -     -   21s
     0     0 4390.11228    0 1139          - 4390.11228      -     -   21s
     0     0 4390.45330    0 1156          - 4390.45330      -     -   22s
     0     0 4390.49579    0 1155          - 4390.49579      -     -   22s
     0     0 4414.02229    0 1145          - 4414.02229      -     -   22s
     0     0 4414.52706    0 1098          - 4414.52706      -     -   22s
     0     0 4414.56063    0 1139          - 4414.56063      -     -   23s
     0     0 4414.59683    0 1152          - 4414.59683      -     -   23s
     0     0 4440.03501    0 1265          - 4440.03501      -     -   23s
     0     0 4443.53117    0 1285          - 4443.53117      -     -   24s
     0     0 4443.58511    0 1284          - 4443.58511      -     -   24s
     0     0 4483.42567    0 1127          - 4483.42567      -     -   24s
     0     0 4485.74601    0 1239          - 4485.74601      -     -   25s
     0     0 4485.86027    0 1299          - 4485.86027      -     -   25s
     0     0 4485.94163    0 1290          - 4485.94163      -     -   25s
     0     0 4506.39654    0 1369          - 4506.39654      -     -   26s
     0     0 4506.80627    0 1314          - 4506.80627      -     -   26s
     0     0 4506.90723    0 1380          - 4506.90723      -     -   26s
     0     0 4506.91248    0 1361          - 4506.91248      -     -   26s
     0     0 4510.95695    0 1407          - 4510.95695      -     -   26s
     0     0 4511.60064    0 1399          - 4511.60064      -     -   27s
     0     0 4511.83871    0 1352          - 4511.83871      -     -   27s
     0     0 4511.91603    0 1401          - 4511.91603      -     -   27s
     0     0 4515.86216    0 1395          - 4515.86216      -     -   27s
     0     0 4516.10911    0 1336          - 4516.10911      -     -   27s
     0     0 4516.13086    0 1375          - 4516.13086      -     -   27s
     0     0 4527.03242    0 1449          - 4527.03242      -     -   28s
     0     0 4527.80915    0 1477          - 4527.80915      -     -   28s
     0     0 4527.93572    0 1459          - 4527.93572      -     -   28s
     0     0 4527.97705    0 1428          - 4527.97705      -     -   29s
     0     0 4536.66926    0 1409          - 4536.66926      -     -   29s
     0     0 4537.27188    0 1490          - 4537.27188      -     -   29s
     0     0 4537.33172    0 1458          - 4537.33172      -     -   29s
     0     0 4538.34126    0 1472          - 4538.34126      -     -   30s
     0     0 4538.55434    0 1480          - 4538.55434      -     -   30s
     0     0 4538.55786    0 1486          - 4538.55786      -     -   30s
     0     0 4540.75653    0 1338          - 4540.75653      -     -   30s
     0     0 4542.70909    0 1420          - 4542.70909      -     -   31s
     0     0 4542.72210    0 1416          - 4542.72210      -     -   31s
     0     0 4552.24980    0 1398          - 4552.24980      -     -   31s
     0     0 4552.35942    0 1387          - 4552.35942      -     -   31s
     0     0 4553.04840    0 1320          - 4553.04840      -     -   32s
     0     0 4553.09624    0 1380          - 4553.09624      -     -   32s
     0     0 4553.31820    0 1372          - 4553.31820      -     -   32s
     0     0 4553.33110    0 1343          - 4553.33110      -     -   33s
     6     4 4576.73273    2   99          - 4576.73273      -  14.7   46s
   611   149 4586.68028    2  111          - 4586.68028      -  51.1   52s
  1123   342 4592.94430    2  327          - 4592.94430      -  64.5   67s
  1153   402 4597.69729    6  285          - 4597.69729      -  78.3   71s
  1323   624 4602.89523   10  241          - 4597.97170      -   111   75s
  1629   847 4632.00828    2  544          - 4632.00828      -   141  101s
  1635   855 4632.36234    4  546          - 4632.14311      -   145  106s
  1679   917 4635.66308    7  540          - 4634.05258      -   163  113s
  1711   957 4635.68491    8  552          - 4635.66308      -   185  116s
  1762  1053 4773.95065    9  440          - 4635.66308      -   193  120s
  1911  1152 4637.46604   13  494          - 4635.66308      -   215  126s
  1980  1218 4638.27795   15  458          - 4635.66308      -   224  131s
  2080  1314 4638.93703   18  531          - 4635.66308      -   231  136s
  2145  1350 4673.42863    2  427          - 4673.42863      -   254  163s
  2147  1354 4674.36727    3  351          - 4673.94364      -   254  166s
  2159  1378 4676.52944    5  432          - 4675.92342      -   261  171s
  2175  1408 4676.96164    6  455          - 4676.55450      -   270  175s
  2239  1492 4677.08233    8  421          - 4677.08233      -   292  182s
  2291  1593 4677.28439    9  445          - 4677.08233      -   293  185s
  2444  1709 4685.95420   12  424          - 4677.08233      -   308  190s
  2544  1810 4684.34668   14  430          - 4677.08233      -   318  195s
H 2648  1843                    6077.0000000 4677.08233  23.0%   334  197s
  3524  2027 4708.56521   20   66 6077.00000 4685.47825  22.9%   260  200s
  4253  2443 4703.23398   20  325 6077.00000 4688.02305  22.9%   231  205s
  4651  2790 4705.02724   27  269 6077.00000 4690.96697  22.8%   226  210s
H 4728  2822                    6074.0000000 4690.96697  22.8%   227  210s
  4760  2883 4694.76266   20  528 6074.00000 4690.96697  22.8%   224  217s
  4795  2915 4695.30718   21  513 6074.00000 4690.96697  22.8%   227  220s
  4860  2977 4696.37585   23  491 6074.00000 4690.96697  22.8%   231  226s
  5011  3194 4697.78650   26  471 6074.00000 4690.96697  22.8%   237  232s
  5116  3290 4698.90120   29  467 6074.00000 4690.96697  22.8%   238  235s
  5279  3437 4805.59026   34  484 6074.00000 4690.96697  22.8%   242  241s
  5372  3532 4703.41207   35  455 6074.00000 4690.96697  22.8%   243  245s
H 5477  3532                    6070.0000000 4690.96697  22.7%   253  245s
  5546  3633 4700.70293   20  487 6070.00000 4690.96697  22.7%   251  251s
  5650  3737 4701.81785   25  497 6070.00000 4690.96697  22.7%   256  255s
  5800  3888 4707.65302   29  457 6070.00000 4690.96697  22.7%   259  261s
  5919  4038 4708.77883   33  440 6070.00000 4690.96697  22.7%   262  267s
  5993  4070 4709.92540   34  461 6070.00000 4690.96697  22.7%   263  270s
  6058  4133 4712.30265   36  413 6070.00000 4690.96697  22.7%   266  275s
  6126  4208 4718.35038   40  432 6070.00000 4690.96697  22.7%   267  280s
H 6165  4208                    6063.0000000 4690.96697  22.6%   273  280s
  8132  5003 4717.07066   34  327 6063.00000 4701.11394  22.5%   218  285s
  8622  5482 4723.25301   44  314 6063.00000 4701.11394  22.5%   215  290s
H 8813  5571                    6061.0000000 4701.11394  22.4%   215  291s
  8855  5766 4794.34559   36  436 6061.00000 4701.11394  22.4%   212  297s
  9025  5879 4715.25754   37  480 6061.00000 4701.11394  22.4%   214  301s
  9250  6104 4716.70510   44  497 6061.00000 4701.11394  22.4%   216  307s
  9496  6339 4718.12353   47  500 6061.00000 4701.11394  22.4%   218  313s
  9623  6478 4721.17192   49  494 6061.00000 4701.13577  22.4%   219  315s
H 9768  6478                    6057.0000000 4701.13577  22.4%   223  315s
  9836  6623 4730.41892   42  435 6057.00000 4701.13577  22.4%   221  322s
  9917  6716 4737.52636   43  388 6057.00000 4701.13577  22.4%   222  326s
 10108  6883 4734.47957   46  457 6057.00000 4701.13577  22.4%   224  333s
 10201  7005 4734.96843   49  437 6057.00000 4701.13577  22.4%   226  336s
 10373  7142 4737.54470   58  327 6057.00000 4701.13577  22.4%   227  341s
 10527  7286 4740.43055   69  341 6057.00000 4701.13577  22.4%   227  347s
 10610  7411 4744.30702   70  335 6057.00000 4701.13577  22.4%   228  350s
 13398  8448 4741.50161   47  276 6057.00000 4717.35239  22.1%   194  355s
 14135  9222 4744.45599   51  311 6057.00000 4719.04384  22.1%   190  361s
 14450  9361 4750.12076   51  394 6057.00000 4719.04384  22.1%   189  367s
 14524  9443 4744.80095   52  399 6057.00000 4719.22072  22.1%   190  372s
 14572  9487 4742.76318   53  479 6057.00000 4719.22072  22.1%   190  375s
 14620  9571 4742.88620   54  483 6057.00000 4719.22072  22.1%   190  380s
 14708  9743 4742.90449   55  476 6057.00000 4719.22072  22.1%   191  386s
 14897  9771 4743.76980   57  438 6057.00000 4719.22072  22.1%   193  391s
 14933  9854 4744.28510   58  468 6057.00000 4719.22072  22.1%   193  397s
 15018  9997 4744.54592   61  475 6057.00000 4719.22072  22.1%   194  402s
 15176 10196 4747.67428   68  476 6057.00000 4719.22072  22.1%   194  408s
 15388 10425 4750.83868   75  406 6057.00000 4719.22072  22.1%   196  413s
 15619 10620 4767.20246   75  294 6057.00000 4719.22072  22.1%   198  416s
 15976 10909 4770.15739   87  333 6057.00000 4719.23671  22.1%   198  421s
 16243 11051 4771.64561   92  424 6057.00000 4719.23671  22.1%   199  427s
 16275 11089 4771.64561   93  443 6057.00000 4719.23671  22.1%   200  430s
 16346 11156 4772.10755   95  417 6057.00000 4719.23671  22.1%   201  436s
 16419 11218 4772.34058   97  444 6057.00000 4719.23671  22.1%   201  441s
 16484 11445 4772.75790   99  407 6057.00000 4719.23671  22.1%   202  447s
 16689 11662 4774.07644  110  322 6057.00000 4719.23671  22.1%   203  450s
H16906 11662                    6056.0000000 4719.23671  22.1%   204  450s
 20222 12757 4757.69679   57  360 6056.00000 4730.15297  21.9%   178  456s
 20570 13198 4760.61896   71  303 6056.00000 4730.15297  21.9%   177  461s
 20995 13652 4765.37823   83  228 6056.00000 4731.25345  21.9%   177  465s
 21535 14208 4765.08888   80  367 6056.00000 4731.25345  21.9%   175  471s
 22022 14576 4773.27187   93  393 6056.00000 4731.25345  21.9%   176  478s
 22228 14812 4777.59686   96  437 6056.00000 4731.25345  21.9%   177  483s
 22466 15036 4778.03887   97  394 6056.00000 4731.25345  21.9%   178  486s
 22696 15253 4779.04693  101  428 6056.00000 4731.25345  21.9%   179  491s
 22931 15496 4781.13828  106  435 6056.00000 4731.25345  21.9%   180  496s
 23184 15703 4791.12536  122  324 6056.00000 4731.25345  21.9%   181  500s
 23524 15908 4795.27246  134  458 6056.00000 4731.25345  21.9%   182  508s
 23598 16145 4795.29094  135  445 6056.00000 4731.25345  21.9%   183  513s
 23841 16447 4796.88962  140  485 6056.00000 4731.25345  21.9%   183  518s
 24161 16735 4799.01610  146  455 6056.00000 4731.25345  21.9%   183  522s
 24467 16937 4802.49357  162  402 6056.00000 4731.25345  21.9%   184  527s
 26788 16811 4804.60779   99  263 6056.00000 4766.73417  21.3%   174  554s
 27158 17004 4805.65570  107  306 6056.00000 4766.73417  21.3%   173  555s
 28221 18018 4813.65591  128  221 6056.00000 4766.73417  21.3%   171  561s
 28741 18723 4823.13246  112  468 6056.00000 4766.73417  21.3%   169  568s
 29236 18995 4827.85479  125  406 6056.00000 4767.91311  21.3%   170  572s
 29557 19117 4830.62845  127  382 6056.00000 4767.91311  21.3%   170  577s
 29715 19423 4838.61607  129  355 6056.00000 4767.91311  21.3%   171  582s
 30045 19724 4848.34098  137  362 6056.00000 4767.91311  21.3%   172  587s
 30362 20054 4848.34098  138  366 6056.00000 4767.91311  21.3%   172  591s
 30730 20455 4842.03364  166  378 6056.00000 4768.87110  21.3%   173  598s
 31138 20717 4846.89014  182  363 6056.00000 4768.87110  21.3%   174  602s
 31427 20909 4855.46593  190  418 6056.00000 4768.87110  21.3%   175  606s
 31637 21214 4855.62137  191  423 6056.00000 4768.87110  21.3%   176  610s
 32002 21295 4864.18648  201  426 6056.00000 4768.87110  21.3%   176  618s
 32051 21398 4864.18648  202  422 6056.00000 4768.87110  21.3%   176  621s
 32155 21681 4864.36854  203  416 6056.00000 4768.87110  21.3%   176  626s
 32448 22100 4866.39842  205  426 6056.00000 4768.87110  21.3%   176  630s
 33235 21860 4848.27853   22  525 6056.00000 4848.19334  19.9%   176  699s
 33237 21863 4848.29114   23  497 6056.00000 4848.29114  19.9%   176  702s
 33249 21883 4848.58729   25  513 6056.00000 4848.43810  19.9%   177  707s
 33265 21904 4848.77278   26  447 6056.00000 4848.63887  19.9%   177  710s
 33361 21971 4850.77429   29  500 6056.00000 4848.80610  19.9%   178  717s
 33438 22019 4850.78367   30  481 6056.00000 4848.80610  19.9%   179  721s
 33540 22096 4851.02688   31  483 6056.00000 4848.80610  19.9%   179  725s
 33650 22121 4851.26670   32  511 6056.00000 4848.80610  19.9%   179  731s
 33720 22167 4851.31435   33  493 6056.00000 4849.53227  19.9%   180  736s
 33804 22212 4851.80947   35  457 6056.00000 4849.53227  19.9%   180  743s
 33885 22256 4851.99146   37  477 6056.00000 4849.53227  19.9%   181  746s
 33977 22296 4852.02998   39  453 6056.00000 4849.53227  19.9%   181  750s
 34160 22366 4861.68351   41  324 6056.00000 4849.53245  19.9%   182  756s
 34210 22403 4854.52586   41  359 6056.00000 4849.53245  19.9%   182  760s
 34363 22459 4865.84318   43  341 6056.00000 4849.86797  19.9%   183  766s
 34525 22595 4924.96094   44  322 6056.00000 4850.89035  19.9%   183  771s
 34771 22720 4857.71039   46  345 6056.00000 4850.89035  19.9%   184  776s
 35041 22847 4858.42456   48  319 6056.00000 4851.54129  19.9%   184  782s
 35343 23001 4858.91100   50  324 6056.00000 4851.54129  19.9%   185  787s
 35496 23090 4859.67933   51  359 6056.00000 4852.24201  19.9%   185  790s
H35655 23037                    6055.0000000 4852.24201  19.9%   185  790s
 36139 23013 5052.35154   32 1114 6055.00000 5052.31310  16.6%   190 1137s
 36141 23016 5052.36238   33 1101 6055.00000 5052.35154  16.6%   190 1142s
 36145 23023 5052.51193   34 1073 6055.00000 5052.36601  16.6%   190 1147s
 36153 23036 5052.66664   35 1102 6055.00000 5052.51193  16.6%   191 1152s
 36169 23063 5052.85657   36 1062 6055.00000 5052.69325  16.6%   192 1159s
 36201 23084 5053.22714   37  982 6055.00000 5052.85784  16.6%   193 1164s
 36233 23106 5055.05506   38  995 6055.00000 5052.85784  16.6%   194 1169s
 36265 23127 5055.40509   39 1048 6055.00000 5052.85784  16.6%   194 1176s
 36297 23148 5108.04564   39  711 6055.00000 5052.85784  16.6%   195 1184s
 36329 23170 5055.40509   40 1047 6055.00000 5052.85784  16.6%   196 1190s
 36361 23191 5057.61623   40  792 6055.00000 5052.85784  16.6%   196 1196s
 36393 23212 5055.42802   41  966 6055.00000 5052.85784  16.6%   197 1201s
 36425 23254 5099.74867   41  683 6055.00000 5052.85784  16.6%   197 1209s
 36477 23268 5055.67006   42 1018 6055.00000 5052.85784  16.6%   198 1227s
 36509 23332 5084.45704   42  756 6055.00000 5052.85784  16.6%   199 1234s
 36583 23365 5056.58609   43  885 6055.00000 5052.85784  16.6%   200 1241s
 36641 23437 5098.06030   43  703 6055.00000 5052.85784  16.6%   201 1247s
 36732 23503 5057.73346   44  870 6055.00000 5052.85784  16.6%   203 1253s
 36829 23576 5083.95579   44  723 6055.00000 5052.85784  16.6%   204 1259s
 36934 23643 5058.51507   45  916 6055.00000 5052.85784  16.6%   205 1266s
 37036 23717 5058.64452   46  898 6055.00000 5052.85784  16.6%   207 1272s
 37146 23798 5059.20552   47  797 6055.00000 5052.85784  16.6%   208 1278s
 37270 23793 5059.42210   48  869 6055.00000 5052.85784  16.6%   209 1283s
 37310 23827 5110.81763   48  684 6055.00000 5052.85784  16.6%   210 1290s
 37369 23857 5060.13127   49  920 6055.00000 5052.85784  16.6%   211 1296s
 37444 23908 5073.11956   49  748 6055.00000 5053.22737  16.5%   212 1303s
 37537 23986 5060.43612   50  924 6055.00000 5053.22737  16.5%   213 1310s
 37656 24054 5064.08698   50  801 6055.00000 5054.42372  16.5%   214 1318s
 37776 24096 5061.86959   51  965 6055.00000 5054.42372  16.5%   215 1325s
 37886 24153 5107.17131   51  825 6055.00000 5054.42372  16.5%   217 1334s
 38003 24229 5062.07575   52  966 6055.00000 5054.42372  16.5%   219 1343s
H38132 24186                    6049.0000000 5056.70751  16.4%   223 1343s
 38132 24739 5159.05340  230  363 6049.00000 5056.70751  16.4%   222 1350s
 38707 25121 5166.37523  265  424 6049.00000 5056.70751  16.4%   222 1355s
 39559 25903 5192.54553  272  327 6049.00000 5056.70751  16.4%   221 1363s
 39949 26332 5196.39407  282  325 6049.00000 5056.70751  16.4%   220 1367s
 40419 26736 5199.54330  302  289 6049.00000 5056.70751  16.4%   220 1373s
 40851 26878 5064.71482   52  410 6049.00000 5056.70751  16.4%   220 1376s
 41156 27005 5064.94100   54  434 6049.00000 5056.70751  16.4%   220 1381s
 41307 27059 5065.22208   55  470 6049.00000 5057.26708  16.4%   220 1385s
 41504 27054 5123.36311   56  231 6049.00000 5057.26708  16.4%   220 1390s
 41622 27174 5109.90226   57  326 6049.00000 5058.16789  16.4%   220 1397s
 41783 27282 5066.93146   58  509 6049.00000 5058.16789  16.4%   220 1401s
 42019 27370 5119.08860   58  241 6049.00000 5058.16789  16.4%   220 1405s
 42505 27615 5068.49397   60  477 6049.00000 5058.16789  16.4%   220 1412s
 42750 27779 5069.06080   61  469 6049.00000 5058.16789  16.4%   220 1415s
 43330 28244 5075.47101   63  375 6049.00000 5058.16789  16.4%   220 1421s
 44138 28460 5099.12560   52  777 6049.00000 5058.55490  16.4%   218 1433s
 44273 28544 5064.15272   53  989 6049.00000 5058.55490  16.4%   220 1441s
 44413 28611 5111.99384   53  785 6049.00000 5058.55490  16.4%   222 1449s
 44537 28683 5064.36090   54  953 6049.00000 5058.55490  16.4%   224 1457s
 44666 28791 5093.59683   54  747 6049.00000 5059.04500  16.4%   226 1465s
 44821 28890 5064.88927   55  968 6049.00000 5059.04500  16.4%   227 1473s
 44992 28976 5065.10065   56  996 6049.00000 5059.04500  16.4%   229 1482s
 45135 29065 5069.25372   57  982 6049.00000 5059.04500  16.4%   231 1491s
 45284 29203 5076.90682   58  893 6049.00000 5059.04500  16.4%   233 1500s
 45483 29292 5072.35211   60  973 6049.00000 5059.04500  16.4%   235 1510s
 45654 29428 5073.21254   61  966 6049.00000 5059.73775  16.4%   238 1519s
 45849 29571 5073.60774   62  863 6049.00000 5059.73775  16.4%   240 1529s
 46061 29696 5086.37565   63  886 6049.00000 5059.73775  16.4%   242 1541s
 46270 29820 5086.49832   64  887 6049.00000 5059.73775  16.4%   244 1550s
 46474 29938 5086.72512   65  901 6049.00000 5059.73775  16.4%   246 1562s
 46723 30036 5087.81563   66  800 6049.00000 5059.73775  16.4%   248 1573s
 46942 30139 5088.10163   67  914 6049.00000 5059.73775  16.4%   251 1584s
 47132 30303 5089.79332   68  961 6049.00000 5059.73775  16.4%   253 1595s
 47379 30608 5207.40818  316  276 6049.00000 5059.73775  16.4%   256 1603s
 47791 31304 5212.45974  326  220 6049.00000 5059.73775  16.4%   255 1611s
 48542 31874 5311.32883  351  208 6049.00000 5059.73775  16.4%   254 1617s
 49149 31904 infeasible  387      6049.00000 5059.73775  16.4%   253 1623s
 49183 32577 5247.77165  389  195 6049.00000 5059.73775  16.4%   253 1628s
 49886 32648 5327.14168  446  211 6049.00000 5059.73775  16.4%   252 1636s
 50382 32331 5193.09487   28  851 6049.00000 5193.01595  14.2%   253 1953s
 50384 32335 5195.56935   29  873 6049.00000 5193.09547  14.1%   254 1957s
 50388 32341 5196.19209   30  843 6049.00000 5195.56937  14.1%   254 1961s
 50396 32355 5196.71489   31  856 6049.00000 5196.19209  14.1%   254 1967s
 50412 32376 5196.93900   32  851 6049.00000 5196.71886  14.1%   254 1976s
 50444 32398 5199.63004   33  870 6049.00000 5196.93931  14.1%   255 1983s
 50476 32432 5199.67627   34  775 6049.00000 5196.93931  14.1%   256 1993s
H50522 32417                    6036.0000000 5196.93931  13.9%   257 1993s
 50522 32975 5208.88320   67  475 6036.00000 5196.93931  13.9%   257 1998s
 51166 33025 5209.14258   69  369 6036.00000 5196.93931  13.9%   256 2002s
 51487 33102 5209.25070   70  315 6036.00000 5198.79853  13.9%   255 2005s
 51995 33372 5214.34990   72  281 6036.00000 5198.79853  13.9%   254 2011s
 52680 33842 5279.81038   74  236 6036.00000 5198.79853  13.9%   253 2017s
 53127 33975 5213.86565   76  329 6036.00000 5199.25799  13.9%   252 2021s
 53893 34421 5263.71532   78  189 6036.00000 5199.48958  13.9%   250 2028s
 54358 34390 5214.92406   81  337 6036.00000 5199.48958  13.9%   250 2031s
 54555 34658 5278.74997   82  223 6036.00000 5199.48958  13.9%   249 2036s
 54975 34841 5230.28910   69  916 6036.00000 5200.16691  13.8%   248 2049s
 55313 34963 5230.57485   70  863 6036.00000 5200.16691  13.8%   251 2061s
 55583 35107 5231.74274   71  935 6036.00000 5200.16691  13.8%   254 2074s
 55837 35309 5231.84743   72  956 6036.00000 5200.16691  13.8%   256 2087s
 56157 35472 5233.53796   73  829 6036.00000 5200.16691  13.8%   258 2103s
 56463 35690 5241.13693   74  751 6036.00000 5200.16691  13.8%   261 2116s
 56805 35837 5242.11181   76  700 6036.00000 5200.16691  13.8%   263 2133s
 57090 36031 5243.04662   77  760 6036.00000 5200.16691  13.8%   266 2147s
 57379 36332 5243.04662   78  760 6036.00000 5200.16691  13.8%   269 2161s
 57786 36483 5243.83677   80  770 6036.00000 5200.16691  13.8%   272 2175s
 58105 36587 5255.72297   81  765 6036.00000 5200.16691  13.8%   274 2190s
 58329 36760 5246.70529   83  805 6036.00000 5200.16691  13.8%   277 2205s
 58579 37040 5247.46724   85  765 6036.00000 5200.16691  13.8%   279 2222s
 59005 36930 5252.06894   87  767 6036.00000 5200.16691  13.8%   281 2239s
 59037 36985 5304.98724   87  679 6036.00000 5200.16691  13.8%   282 2257s
 59113 37000 5249.15960   35  735 6036.00000 5200.16691  13.8%   282 2268s
 59153 36482 5205.70120   36  802 6036.00000 5200.16691  13.8%   283 2278s
 59226 36521 5206.80527   37  747 6036.00000 5200.16691  13.8%   284 2286s
 59290 36558 5207.07189   38  774 6036.00000 5200.16691  13.8%   285 2294s
 59350 36603 5207.19723   39  745 6036.00000 5200.16691  13.8%   285 2303s
 59415 36644 5207.68414   40  733 6036.00000 5200.16691  13.8%   286 2311s
 59478 36665 5207.78570   41  718 6036.00000 5200.16691  13.8%   287 2319s
 59520 36698 5247.58307   41  626 6036.00000 5200.16691  13.8%   287 2327s
 59567 36714 5208.11759   42  738 6036.00000 5200.16691  13.8%   288 2333s
 59599 36740 5247.08146   42  614 6036.00000 5200.16691  13.8%   288 2341s
 59635 36766 5208.98125   43  720 6036.00000 5200.16691  13.8%   289 2347s
 59673 36790 5253.49416   43  663 6036.00000 5200.16691  13.8%   289 2355s
 59711 36816 5210.13557   44  721 6036.00000 5200.16691  13.8%   290 2362s
 59751 36843 5261.53433   44  656 6036.00000 5200.16691  13.8%   290 2369s
 59791 36874 5210.77745   45  689 6036.00000 5200.16691  13.8%   291 2376s
 59835 36907 5252.59776   45  580 6036.00000 5200.16691  13.8%   291 2383s
 59885 36947 5213.74026   46  677 6036.00000 5200.16691  13.8%   292 2391s
 59942 36993 5228.80170   46  665 6036.00000 5200.16691  13.8%   292 2399s
 60008 37003 5213.77935   47  690 6036.00000 5200.16691  13.8%   293 2407s
 60040 37027 5243.35857   47  583 6036.00000 5200.16691  13.8%   293 2415s
 60074 36548 5214.80493   48  720 6036.00000 5200.16691  13.8%   293 2423s
 60156 36616 5214.82053   49  684 6036.00000 5200.16691  13.8%   294 2432s
 60252 36681 5214.92835   50  719 6036.00000 5200.16691  13.8%   295 2441s
 60349 36745 5215.19858   51  746 6036.00000 5200.16691  13.8%   295 2451s
 60445 36818 5215.27733   52  714 6036.00000 5200.16691  13.8%   296 2460s
 60555 36878 5227.24937   53  610 6036.00000 5200.16691  13.8%   296 2470s
 60659 36936 5278.85548   53  516 6036.00000 5200.16691  13.8%   297 2480s
 60769 37012 5240.31295   54  562 6036.00000 5202.87003  13.8%   298 2491s
 60901 37086 5240.39531   55  576 6036.00000 5202.87003  13.8%   299 2501s
 61032 37169 5252.19453   56  544 6036.00000 5202.87003  13.8%   299 2512s
 61178 37250 5241.39932   58  568 6036.00000 5202.87003  13.8%   300 2524s
 61324 37347 5242.41596   59  513 6036.00000 5207.56942  13.7%   300 2535s
 61490 37432 5243.44126   61  579 6036.00000 5207.60241  13.7%   301 2547s
 61659 37541 5304.64035   62  546 6036.00000 5207.60241  13.7%   302 2559s
 61845 37108 5244.26943   63  571 6036.00000 5207.60241  13.7%   302 2573s
 62024 37204 5244.64892   64  543 6036.00000 5207.60241  13.7%   303 2586s
 62210 37255 5284.39412   65  464 6036.00000 5208.70890  13.7%   304 2599s
 62334 36886 5246.10488   67  585 6036.00000 5212.62161  13.6%   304 2613s
 62519 36398 5248.22089   68  534 6036.00000 5212.62161  13.6%   305 2630s
 62577 35664 5249.85386   69  493 6036.00000 5212.62161  13.6%   305 2646s
 62753 35802 5288.16846   70  487 6036.00000 5212.62161  13.6%   306 2661s
 62950 35969 5251.03797   72  480 6036.00000 5212.62161  13.6%   307 2677s
 63186 36098 5251.50455   75  493 6036.00000 5212.62161  13.6%   308 2694s
H63400 36027                    5996.0000000 5212.62161  13.1%   310 2694s
 63400 36584 5228.42520   84  377 5996.00000 5212.62161  13.1%   310 2701s
 64401 36934 5229.33317   90  338 5996.00000 5212.62161  13.1%   308 2709s
 65046 37136 5229.96934   93  372 5996.00000 5212.62161  13.1%   306 2714s
 65655 37209 5230.18955   95  424 5996.00000 5212.62161  13.1%   305 2717s
 66000 37515 5230.40992   97  315 5996.00000 5212.62161  13.1%   304 2723s
 66497 37378 5230.90952   98  411 5996.00000 5212.62161  13.1%   303 2728s
 66531 37536 5293.02673   98  214 5996.00000 5212.62161  13.1%   303 2733s
 66744 38020 5231.14371   99  435 5996.00000 5213.86862  13.0%   302 2739s
 67448 38657 5233.43940  102  375 5996.00000 5213.86862  13.0%   301 2745s
 68385 39171 5234.29809  105  398 5996.00000 5213.86862  13.0%   298 2750s
 69332 39037 5266.03326   88  774 5996.00000 5213.86862  13.0%   296 2771s
 69575 39586 5347.08669   88  595 5996.00000 5213.86862  13.0%   297 2802s
 70270 39823 5269.29216   89  816 5996.00000 5217.09514  13.0%   300 2827s
 70847 40109 5271.93651   91  829 5996.00000 5217.09514  13.0%   302 2849s
 71393 40148 5272.21789   92  880 5996.00000 5217.09514  13.0%   305 2871s
 71678 40685 5403.49852   93  498 5996.00000 5217.09514  13.0%   307 2896s
 72411 41110 5302.18856   95  636 5996.00000 5218.34871  13.0%   310 2920s
 73138 41713 5273.68313   97  832 5996.00000 5218.34871  13.0%   312 2945s
 74061 41442 5274.58014  100  731 5996.00000 5218.34871  13.0%   315 2965s
 74099 41800 5331.60221  100  620 5996.00000 5218.34871  13.0%   315 2988s
 74586 42269 5277.95118  102  751 5996.00000 5218.34871  13.0%   317 3013s
 75338 42259 5257.74537   77  468 5996.00000 5218.34871  13.0%   321 3031s
 75590 42383 5259.13906   80  548 5996.00000 5218.34871  13.0%   322 3046s
 75810 42152 5260.81694   82  521 5996.00000 5218.34871  13.0%   323 3063s
 76075 42439 5261.04560   84  512 5996.00000 5218.34871  13.0%   323 3078s
 76475 42635 5261.35566   86  508 5996.00000 5218.34871  13.0%   324 3091s
 76823 42855 5265.02644   88  574 5996.00000 5218.34871  13.0%   325 3105s
 77196 43053 5264.74384   90  514 5996.00000 5218.98986  13.0%   325 3119s
 77533 43236 5265.44109   92  591 5996.00000 5218.98986  13.0%   326 3133s
 77873 43631 5265.87944   94  530 5996.00000 5219.00434  13.0%   327 3147s
 78430 43811 5266.22807   96  601 5996.00000 5219.00434  13.0%   327 3161s
 78822 44118 5266.85057   98  607 5996.00000 5221.00468  12.9%   327 3174s
 79285 44502 5267.10600  100  619 5996.00000 5221.00468  12.9%   328 3189s
 79852 44671 5267.56673  102  570 5996.00000 5221.00468  12.9%   328 3203s
 80241 45047 5268.98271  103  648 5996.00000 5221.00468  12.9%   329 3218s
H80783 44867                    5995.0000000 5221.02617  12.9%   329 3218s
 80783 45651 5241.59788  108  347 5995.00000 5221.02617  12.9%   329 3226s
 81738 45956 5243.93495  112  435 5995.00000 5222.18037  12.9%   327 3232s
 82603 46248 5295.63858  116  297 5995.00000 5222.18037  12.9%   326 3238s
 83481 46677 5249.45210  119  408 5995.00000 5222.18037  12.9%   324 3245s
 84222 47345 5250.42426  122  385 5995.00000 5222.18037  12.9%   323 3251s
 85036 48212 5312.18736  125  328 5995.00000 5222.18037  12.9%   321 3259s
 86066 48472 5261.20189  129  357 5995.00000 5222.18037  12.9%   319 3267s
 86561 49085 5355.21624  132  216 5995.00000 5224.88446  12.8%   319 3275s
 87310 49737 5264.40388  136  373 5995.00000 5225.92486  12.8%   318 3286s
 88033 50354 5286.21499  104  881 5995.00000 5225.96390  12.8%   318 3316s
 88788 50728 5357.14802  107  686 5995.00000 5225.96390  12.8%   321 3344s
 89508 50753 5425.43919  110  620 5995.00000 5225.96390  12.8%   325 3373s
 89846 51422 5363.92509  112  588 5995.00000 5225.96390  12.8%   326 3405s
 90843 51695 5295.24221  114  874 5995.00000 5225.96390  12.8%   328 3436s
 91593 52261 5296.10012  117  766 5995.00000 5225.96390  12.8%   332 3470s
 92539 52447 5299.73118  121  856 5995.00000 5225.96390  12.8%   336 3503s
 93048 53192 5301.51852  124  814 5995.00000 5225.96390  12.8%   340 3539s
 93994 54050 5306.94180  128  847 5995.00000 5225.96390  12.8%   344 3581s
 94982 54773 5276.05233  104  580 5995.00000 5225.96390  12.8%   349 3605s
 95741 55133 5274.89762  108  593 5995.00000 5225.96390  12.8%   349 3620s
 96384 55470 5275.89214  111  524 5995.00000 5225.96390  12.8%   349 3634s
 96973 55699 5276.23271  113  592 5995.00000 5225.96390  12.8%   349 3650s
 97470 55936 5277.88355  115  597 5995.00000 5226.69723  12.8%   350 3666s
 97907 56411 5278.08296  117  595 5995.00000 5226.69723  12.8%   350 3682s
 98547 56740 5350.33515  119  411 5995.00000 5226.69723  12.8%   351 3699s
 99131 57154 5279.01475  122  546 5995.00000 5226.69723  12.8%   351 3716s
 99781 57311 5307.69318  124  469 5995.00000 5226.69723  12.8%   351 3733s
 100176 57385 5295.94990  127  543 5995.00000 5226.69723  12.8%   353 3751s
 100390 57254 5351.15310  128  388 5995.00000 5226.69723  12.8%   353 3771s
 101142 57799 5292.75723  131  435 5995.00000 5226.69723  12.8%   353 3804s
H102008 57511                    5992.0000000 5226.69723  12.8%   354 3805s
 102008 57782 5267.45416  142  470 5992.00000 5226.69723  12.8%   353 3815s
 102382 59548 5269.26856  147  554 5992.00000 5226.69723  12.8%   354 3837s
 104621 61034 5335.28035  161  347 5992.00000 5227.37293  12.8%   352 3850s
 106443 62591 5272.37760  170  484 5992.00000 5227.39759  12.8%   349 3862s
 108301 64185 5274.39648  178  439 5992.00000 5227.39759  12.8%   346 3874s
 110271 64288 5275.57444  184  551 5992.00000 5227.39759  12.8%   343 3885s
 110428 65271 5275.79378  185  521 5992.00000 5227.39759  12.8%   343 3896s
 111766 66166 5310.59154  133  848 5992.00000 5227.39759  12.8%   341 3936s
 112781 66972 5312.77833  138  814 5992.00000 5227.39759  12.8%   345 3974s
 113663 67394 5313.88270  142  744 5992.00000 5227.39759  12.8%   349 4017s
 114149 68380 5319.16475  147  785 5992.00000 5227.39759  12.8%   352 4065s
 115258 69928 5320.19626  152  802 5992.00000 5227.39759  12.8%   357 4113s
 116856 71252 5322.08410  159  767 5992.00000 5227.39759  12.8%   361 4159s
 118263 72680 5322.98592  165  728 5992.00000 5227.39759  12.8%   364 4206s
 119913 73833 5329.43780  172  796 5992.00000 5227.39759  12.8%   368 4251s
 121254 75077 5297.03494  136  530 5992.00000 5227.39759  12.8%   372 4283s
 122599 75391 5298.00429  139  621 5992.00000 5227.39759  12.8%   371 4302s
 123475 75899 5298.77551  143  509 5992.00000 5227.39759  12.8%   371 4321s
 124323 75650 5303.09214  147  416 5992.00000 5227.39759  12.8%   371 4341s
 124361 76047 5362.65163  147  429 5992.00000 5227.39759  12.8%   371 4361s
 125128 76520 5378.78428  148  342 5992.00000 5227.39759  12.8%   371 4382s
 125634 77174 5391.90920  152  378 5992.00000 5227.39759  12.8%   371 4406s
 126363 78010 5330.26672  155  533 5992.00000 5227.39759  12.8%   372 4430s
 127261 78847 5330.48220  161  492 5992.00000 5227.39759  12.8%   372 4455s
 128159 79982 5333.46398  165  493 5992.00000 5227.39759  12.8%   372 4481s
 129324 81316 5335.16417  171  480 5992.00000 5227.39759  12.8%   372 4508s
H130705 81316                    5988.0000000 5227.39759  12.7%   372 4508s
 130705 82016 5277.90485  192  507 5988.00000 5227.39759  12.7%   372 4522s
 131602 84883 5279.84133  198  591 5988.00000 5227.39759  12.7%   371 4541s
 134750 86380     cutoff  214      5988.00000 5228.21120  12.7%   366 4553s
 136416 88075 5284.68867  220  481 5988.00000 5228.21120  12.7%   363 4565s
 138285 89933 5285.34742  227  475 5988.00000 5228.21120  12.7%   360 4578s
 140513 91086 5286.39127  236  494 5988.00000 5228.21120  12.7%   357 4590s
 142441 92253 5337.62102  178  707 5988.00000 5228.87764  12.7%   355 4644s
 143736 93632 5342.70750  186  734 5988.00000 5228.87764  12.7%   358 4700s
 145402 95472 5346.13192  192  749 5988.00000 5228.87764  12.7%   360 4751s
 147553 96074 5349.49610  199  688 5988.00000 5228.87764  12.7%   362 4798s
 148312 97846 5350.11853  202  717 5988.00000 5228.87764  12.7%   363 4849s
 150296 100022 5355.05366  208  665 5988.00000 5250.25753  12.3%   365 4899s
 152852 102052 5360.50120  216  757 5988.00000 5250.25753  12.3%   366 4948s
 155052 103699 5359.94584  178  478 5988.00000 5250.25753  12.3%   367 4989s
 156802 104958 5362.51937  187  479 5988.00000 5250.25753  12.3%   367 5016s
 158167 105892 5428.14490  195  330 5988.00000 5250.25753  12.3%   368 5043s
 159223 107177 5364.76693  201  530 5988.00000 5250.25753  12.3%   368 5073s
 160597 108582 5367.83469  211  544 5988.00000 5250.25753  12.3%   368 5103s
 162128 109316 5369.34582  221  526 5988.00000 5250.25753  12.3%   368 5136s
 162971 109347 5402.47882  224  393 5988.00000 5250.25753  12.3%   368 5169s
 163004 109377 5370.49318  225  552 5988.00000 5250.25753  12.3%   368 5199s
 163037 109526 5393.98026  225  431 5988.00000 5250.25753  12.3%   368 5233s
 163220 110471 5370.74146  226  502 5988.00000 5250.25753  12.3%   368 5267s
 164269 111118 5371.06103  229  544 5988.00000 5252.46889  12.3%   369 5304s
 165014 111572 5406.20539  234  387 5988.00000 5252.46889  12.3%   369 5344s
 165500 112721 5376.54367  239  530 5988.00000 5252.46889  12.3%   369 5386s
 166883 113964 5321.94561  245  428 5988.00000 5252.46889  12.3%   369 5402s
 168875 115577 5316.17620  257  440 5988.00000 5252.52393  12.3%   367 5417s
 170843 117006 5325.15267  271  388 5988.00000 5254.32929  12.3%   365 5434s
 172397 120338 5329.45765  283  359 5988.00000 5254.32929  12.3%   363 5452s
 176558 120513 5265.09008   36  562 5988.00000 5264.83587  12.1%   358 5962s
 176560 120517 5265.33946   37  662 5988.00000 5265.09101  12.1%   358 5965s
 176572 120535 5265.44170   39  620 5988.00000 5265.44170  12.1%   358 5971s
 176588 120556 5265.64592   40  715 5988.00000 5265.45097  12.1%   358 5976s
 176618 120576 5268.68738   41  669 5988.00000 5265.64929  12.1%   358 5980s
 176682 120615 5269.41616   43  613 5988.00000 5268.12856  12.0%   358 5990s
 176747 120667 5274.61652   44  656 5988.00000 5268.12856  12.0%   358 5999s
 176796 120684 5302.18611   44  384 5988.00000 5268.12856  12.0%   358 6003s
 176846 120722 5274.95550   45  538 5988.00000 5268.12856  12.0%   358 6008s
 176918 120750 5284.35875   45  404 5988.00000 5268.12856  12.0%   358 6013s
 177000 120798 5276.24694   46  526 5988.00000 5268.70948  12.0%   358 6018s
 177095 120815 5283.47277   46  492 5988.00000 5268.70948  12.0%   358 6021s
 177158 120857 5276.54945   47  591 5988.00000 5269.00771  12.0%   358 6026s
 177297 120897 5279.47950   48  528 5988.00000 5269.00771  12.0%   358 6032s
 177374 120910 5292.82548   48  449 5988.00000 5269.00771  12.0%   358 6036s
 177533 120937 5281.17261   49  492 5988.00000 5269.00771  12.0%   358 6041s
 177598 120959 5281.17261   50  491 5988.00000 5269.00771  12.0%   358 6046s
 177699 120962 5291.01655   50  435 5988.00000 5269.00771  12.0%   358 6052s
 177774 120995 5281.88864   51  460 5988.00000 5269.00771  12.0%   358 6056s
 177984 121037 5282.05114   52  508 5988.00000 5269.00771  12.0%   358 6064s
 178092 121071 5282.20772   53  508 5988.00000 5269.00771  12.0%   358 6069s
 178215 121070 5282.65656   54  535 5988.00000 5269.00771  12.0%   358 6073s
 178306 121112 5282.71261   55  539 5988.00000 5269.00771  12.0%   358 6078s
 178435 121100 5283.15545   56  497 5988.00000 5269.00771  12.0%   358 6081s
 178481 121140 5315.74336   56  356 5988.00000 5269.00771  12.0%   358 6085s
 178721 121248 5283.24073   58  500 5988.00000 5269.00771  12.0%   357 6094s
 178885 121280 5283.40942   59  562 5988.00000 5269.00771  12.0%   357 6098s
 179052 121331 5283.55905   60  517 5988.00000 5269.00771  12.0%   357 6104s
 179221 121385 5283.83871   61  524 5988.00000 5269.00771  12.0%   357 6109s
 179390 121439 5284.03615   62  535 5988.00000 5269.00771  12.0%   357 6113s
 179567 121497 5285.69257   63  535 5988.00000 5269.00771  12.0%   357 6120s
 179763 121561 5287.21894   64  526 5988.00000 5269.00771  12.0%   357 6128s
 179944 121635 5287.23929   65  535 5988.00000 5270.85044  12.0%   357 6134s
 180164 121700 5331.17159   66  370 5988.00000 5270.85044  12.0%   357 6139s
 180404 121770 5298.62591   67  424 5988.00000 5270.85044  12.0%   356 6147s
 180653 121850 5289.65638   68  490 5988.00000 5270.85044  12.0%   356 6152s
 180899 121789 5294.39955   70  543 5988.00000 5271.63118  12.0%   356 6159s
 180933 121809 5289.79395   70  536 5988.00000 5271.63118  12.0%   356 6165s
 180988 121883 5290.76257   71  521 5988.00000 5271.63118  12.0%   356 6172s
 181154 121978 5291.00612   72  593 5988.00000 5271.63118  12.0%   356 6180s
 181401 122081 5293.59409   74  582 5988.00000 5271.63118  12.0%   356 6187s
 181670 122209 5337.19394   75  356 5988.00000 5271.63118  12.0%   355 6195s
 181938 122349 5297.00138   77  377 5988.00000 5272.22479  12.0%   355 6204s
 182250 124053 5385.08832  224  774 5988.00000 5272.40945  12.0%   355 6271s
 184351 126438 5387.52357  234  680 5988.00000 5272.61489  11.9%   357 6331s
 186999 128470 5390.01370  244  693 5988.00000 5272.61489  11.9%   358 6385s
 189615 128731 5318.52550   43 1248 5988.00000 5318.06508  11.2%   360 7578s
 189617 128734 5321.18729   44 1087 5988.00000 5318.52661  11.2%   360 7586s
 189621 128741 5321.57702   45 1127 5988.00000 5321.18729  11.1%   360 7592s
 189629 128754 5321.86428   46 1218 5988.00000 5321.58253  11.1%   360 7598s
 189645 128780 5323.76759   47 1108 5988.00000 5321.86548  11.1%   360 7614s
 189677 128801 5325.58033   48 1242 5988.00000 5323.77196  11.1%   360 7627s
 189709 128827 5325.74101   49 1230 5988.00000 5323.77196  11.1%   360 7641s
 189746 128882 5327.25631   50 1187 5988.00000 5323.77196  11.1%   361 7654s
 189813 128892 5352.62811   50  873 5988.00000 5323.77196  11.1%   361 7667s
 189845 128920 5327.47152   51 1118 5988.00000 5323.77196  11.1%   361 7677s
 189884 128959 5347.06707   51  844 5988.00000 5323.77196  11.1%   361 7688s
 189937 129017 5328.56918   52 1098 5988.00000 5323.77196  11.1%   361 7698s
 190013 129085 5365.39522   52  857 5988.00000 5323.77196  11.1%   362 7709s
 190106 129142 5332.93735   53 1106 5988.00000 5323.77196  11.1%   362 7718s
 190198 129199 5348.25621   53  892 5988.00000 5323.77196  11.1%   362 7727s
 190289 129256 5338.02867   54 1101 5988.00000 5323.77196  11.1%   363 7736s
 190379 129312 5357.28295   54  758 5988.00000 5323.77196  11.1%   363 7745s
 190471 129365 5344.34960   55 1045 5988.00000 5323.77196  11.1%   363 7752s
 190566 129421 5351.61309   55  962 5988.00000 5323.77196  11.1%   363 7763s
 190670 129467 5345.19639   56 1051 5988.00000 5325.60002  11.1%   364 7772s
 190766 129520 5361.79812   56  877 5988.00000 5326.08276  11.1%   364 7782s
 190861 129572 5349.47585   57 1138 5988.00000 5326.08276  11.1%   364 7792s
 190966 129623 5378.11060   57  788 5988.00000 5326.08276  11.1%   364 7802s
 191068 129674 5349.87205   58 1158 5988.00000 5326.08276  11.1%   365 7813s
 191166 129739 5351.73773   59 1063 5988.00000 5330.82040  11.0%   365 7822s
 191269 129820 5380.22982   59  928 5988.00000 5330.82040  11.0%   365 7831s
 191389 129882 5354.15465   60 1108 5988.00000 5330.82040  11.0%   366 7843s
 191505 129942 5355.66198   61 1027 5988.00000 5330.82040  11.0%   366 7855s
 191620 130011 5355.66198   62 1025 5988.00000 5330.82040  11.0%   367 7867s
 191749 130090 5357.76035   63  991 5988.00000 5332.17396  11.0%   367 7880s
 191891 130168 5361.93689   64 1001 5988.00000 5337.54694  10.9%   367 7892s
 192029 130290 5358.03332   64 1024 5988.00000 5337.54694  10.9%   368 7904s
 192205 130397 5364.25802   65 1007 5988.00000 5337.54694  10.9%   368 7917s
 192383 130520 5362.04925   66 1147 5988.00000 5337.54694  10.9%   369 7930s
 192576 130657 5362.50411   67 1118 5988.00000 5337.54694  10.9%   369 7943s
 192802 130611 5362.51544   68 1120 5988.00000 5337.54694  10.9%   369 7955s
 192835 130629 5381.84715   68  947 5988.00000 5337.54694  10.9%   369 7966s
 192867 130647 5362.99456   69 1078 5988.00000 5337.54694  10.9%   369 7977s
 192907 130713 5385.88212   69  971 5988.00000 5337.54694  10.9%   369 7992s
 193010 130836 5363.47875   70 1086 5988.00000 5337.54694  10.9%   370 8007s
 193196 130985 5389.30462   70  764 5988.00000 5337.54694  10.9%   370 8021s
 193447 131165 5363.94055   71 1017 5988.00000 5337.54694  10.9%   370 8036s
 193767 131300 5397.13165   71  834 5988.00000 5337.54694  10.9%   370 8053s
 194056 131460 5364.05999   72  980 5988.00000 5337.54694  10.9%   371 8068s
 194340 131612 5375.81381   72  893 5988.00000 5339.62509  10.8%   371 8086s
 194616 131817 5365.41445   73  986 5988.00000 5339.62509  10.8%   371 8104s
 194939 132023 5365.45510   74  851 5988.00000 5339.62509  10.8%   372 8123s
 195262 132275 5368.46177   76  962 5988.00000 5339.62509  10.8%   372 8141s
 195638 132569 5368.68819   77  953 5988.00000 5339.62509  10.8%   373 8162s
 196087 132796 5370.00742   80 1009 5988.00000 5339.62509  10.8%   373 8181s
 196526 133039 5370.51855   82  934 5988.00000 5341.35240  10.8%   373 8201s
 196990 133240 5376.84920   84  851 5988.00000 5341.35240  10.8%   373 8223s
 197432 135654 5467.79811  247  519 5988.00000 5341.35240  10.8%   374 8281s
 200372 136058 5470.96323  265  509 5988.00000 5342.86747  10.8%   373 8316s
 200943 137525 5491.24824  270  390 5988.00000 5342.86747  10.8%   373 8355s
 202786 140087 5474.03068  278  549 5988.00000 5342.86747  10.8%   373 8396s
 206024 140338 5370.07942   43 1340 5988.00000 5370.07942  10.3%   372 9661s
 206026 140342 5370.07942   44 1367 5988.00000 5370.07942  10.3%   372 9668s
 206030 140348 5370.66754   45 1268 5988.00000 5370.07942  10.3%   372 9674s
 206038 140362 5371.77946   46 1188 5988.00000 5370.66810  10.3%   372 9682s
 206054 140388 5371.82581   47 1139 5988.00000 5371.78769  10.3%   372 9698s
 206086 140409 5376.52829   48 1257 5988.00000 5371.96608  10.3%   372 9712s
 206118 140430 5376.91935   49 1244 5988.00000 5371.96608  10.3%   372 9728s
 206150 140483 5377.08207   50 1233 5988.00000 5371.96608  10.3%   372 9743s
 206214 140494 5441.57704   50  789 5988.00000 5371.96608  10.3%   373 9759s
 206246 140517 5377.63208   51 1317 5988.00000 5371.96608  10.3%   373 9774s
 206280 140543 5405.92461   51  948 5988.00000 5371.96608  10.3%   373 9789s
 206319 140610 5378.70285   52 1365 5988.00000 5371.96608  10.3%   373 9802s
 206400 140673 5393.51519   52  930 5988.00000 5371.96608  10.3%   373 9815s
 206490 140727 5379.39363   53 1274 5988.00000 5371.96608  10.3%   373 9826s
 206574 140775 5414.33864   53  829 5988.00000 5371.96608  10.3%   374 9838s
 206650 140826 5379.43292   54 1192 5988.00000 5371.96608  10.3%   374 9849s
 206726 140831 5421.61554   54  705 5988.00000 5371.96608  10.3%   374 9861s
 206759 140852 5379.54953   55 1200 5988.00000 5371.96608  10.3%   374 9870s
 206791 140874 5424.26186   55  909 5988.00000 5371.96608  10.3%   374 9881s
 206823 140895 5380.59428   56 1176 5988.00000 5371.96608  10.3%   374 9889s
 206855 140920 5380.29313   56 1224 5988.00000 5371.96608  10.3%   374 9898s
 206891 140963 5380.45427   57 1088 5988.00000 5371.96608  10.3%   374 9908s
 206946 141026 5380.94361   58 1091 5988.00000 5371.96608  10.3%   375 9918s
 207027 141031 5387.50530   59 1061 5988.00000 5371.96608  10.3%   375 9928s
 207059 141053 5398.54528   59  754 5988.00000 5371.96608  10.3%   375 9938s
 207092 141082 5388.67459   60 1054 5988.00000 5371.96608  10.3%   375 9950s
 207132 141111 5392.17232   60  797 5988.00000 5371.96608  10.3%   375 9961s
 207175 141156 5388.83390   61  997 5988.00000 5371.96608  10.3%   375 9974s
 207236 141197 5396.42617   61  933 5988.00000 5371.96608  10.3%   375 9991s
 207302 141277 5388.97669   62  971 5988.00000 5371.96608  10.3%   375 10006s
 207429 141346 5389.43203   63  948 5988.00000 5371.96608  10.3%   376 10026s
 207565 141428 5389.68159   64  958 5988.00000 5376.57442  10.2%   376 10040s
 207711 141522 5392.18069   65  906 5988.00000 5380.59468  10.1%   376 10055s
 207869 141621 5395.24531   66  770 5988.00000 5380.59468  10.1%   376 10069s
 208036 141731 5407.14741   67  637 5988.00000 5380.59468  10.1%   376 10084s
 208220 141837 5398.71604   68  823 5988.00000 5380.59468  10.1%   377 10100s
 208412 141937 5399.93774   69  773 5988.00000 5380.59588  10.1%   377 10116s
 208594 142057 5400.19398   70  882 5988.00000 5380.59588  10.1%   377 10134s
 208782 142184 5400.57653   71  763 5988.00000 5380.59588  10.1%   377 10150s
 208989 142316 5400.96530   73  823 5988.00000 5380.59588  10.1%   377 10168s
 209210 142438 5402.33286   75  745 5988.00000 5380.59588  10.1%   377 10188s
 209435 142575 5427.18997   76  576 5988.00000 5381.24864  10.1%   378 10206s
 209692 142729 5409.40382   78  760 5988.00000 5381.24864  10.1%   378 10226s
 209979 142845 5410.29060   80  733 5988.00000 5381.24864  10.1%   378 10248s
 210237 142974 5412.69672   81  726 5988.00000 5383.78766  10.1%   378 10269s
 210482 143140 5415.62303   83  732 5988.00000 5383.78766  10.1%   378 10290s
 210766 143076 5416.10868   85  780 5988.00000 5383.78766  10.1%   379 10308s
 210798 143141 5434.69071   85  661 5988.00000 5383.78766  10.1%   379 10328s
 210885 143366 5416.99813   86  755 5988.00000 5383.78766  10.1%   379 10350s
 211179 143539 5417.25228   87  680 5988.00000 5383.78766  10.1%   379 10374s
 211510 143731 5417.83432   89  662 5988.00000 5383.78766  10.1%   379 10398s
 211868 143910 5455.19861   91  473 5988.00000 5384.18855  10.1%   379 10422s
 212233 144099 5478.13101   92  563 5988.00000 5384.18855  10.1%   379 10448s
 212607 144173 5410.30660   80  550 5988.00000 5384.38622  10.1%   379 10457s
 212926 144302 5410.74658   83  501 5988.00000 5385.15443  10.1%   379 10464s
 213255 144564 5411.80019   85  452 5988.00000 5385.63752  10.1%   379 10471s
 213758 144666 5412.54738   87  502 5988.00000 5385.63752  10.1%   379 10478s
 214157 144839 5413.10081   89  431 5988.00000 5385.63752  10.1%   378 10486s
 214600 145020 5413.25644   91  496 5988.00000 5385.63752  10.1%   378 10492s
 215083 145154 5421.95464   93  508 5988.00000 5385.63752  10.1%   378 10499s
 215573 145347 5413.78487   95  543 5988.00000 5385.63752  10.1%   377 10505s
 216097 145198 5413.90642   97  522 5988.00000 5385.63752  10.1%   377 10510s
 216131 145222 5459.98054   97  304 5988.00000 5385.63752  10.1%   377 10515s
 216173 145307 5413.92443   98  480 5988.00000 5385.63752  10.1%   377 10521s
 216386 145563 5414.11691  102  542 5988.00000 5385.75495  10.1%   376 10527s
 216815 145897 5414.46280  105  573 5988.00000 5385.75495  10.1%   376 10535s
 217387 146255 5414.88715  108  565 5988.00000 5385.75495  10.1%   376 10542s
 218045 146821 5415.12613  111  534 5988.00000 5385.75495  10.1%   375 10549s
 218947 147220 5415.38073  114  506 5988.00000 5385.75495  10.1%   374 10557s
 219867 147462 5415.70360  117  508 5988.00000 5385.75495  10.1%   373 10564s
 220581 147795 5416.05888  120  471 5988.00000 5388.19565  10.0%   372 10570s
 221295 148077 5450.33150  122  361 5988.00000 5388.19565  10.0%   372 10578s
 221995 148434 5416.73733  125  491 5988.00000 5388.19565  10.0%   371 10586s
 222734 149021 5417.59943  129  458 5988.00000 5388.19565  10.0%   371 10594s
 223650 149625 5417.78116  132  490 5988.00000 5388.19565  10.0%   370 10602s
 224702 149997 5418.52805  135  501 5988.00000 5388.19565  10.0%   369 10610s
 225606 150297 5418.97205  139  475 5988.00000 5388.19565  10.0%   368 10619s
 226436 150889 5419.60083  143  541 5988.00000 5388.19565  10.0%   367 10628s
 227556 151244 5421.71365  146  562 5988.00000 5388.19565  10.0%   366 10638s
 228650 151681 5427.49511  152  351 5988.00000 5388.19565  10.0%   365 10647s
 229692 151907 5428.53692  157  368 5988.00000 5389.24137  10.0%   364 10658s
 230575 152067 5429.93580  162  416 5988.00000 5389.24137  10.0%   364 10668s
 231466 152336 5435.95777  167  462 5988.00000 5389.24137  10.0%   364 10679s
 232409 152360 5425.42930   85  834 5988.00000 5389.24137  10.0%   363 10702s
 232860 152512 5425.80754   87  923 5988.00000 5389.87320  10.0%   363 10722s
 233211 152741 5427.66491   89  864 5988.00000 5391.50343  10.0%   364 10743s
 233613 152976 5429.08401   91  855 5988.00000 5392.54315  9.94%   364 10763s
 234044 153171 5433.83796   93  760 5988.00000 5394.40078  9.91%   364 10784s
 234483 153399 5436.08703   95  869 5988.00000 5394.40088  9.91%   365 10806s
 234910 153625 5436.97768   97  863 5988.00000 5394.40088  9.91%   365 10827s
 235342 153915 5452.92271   98  666 5988.00000 5394.40088  9.91%   366 10850s
 235831 154202 5443.25539  100  772 5988.00000 5394.95645  9.90%   366 10874s
 236335 154497 5444.14020  102  802 5988.00000 5394.95645  9.90%   366 10899s
 236874 154805 5444.64228  104  781 5988.00000 5394.95645  9.90%   367 10924s
 237474 155013 5446.30849  107  838 5988.00000 5394.95645  9.90%   367 10951s
 237973 155336 5549.40022  109  572 5988.00000 5394.95645  9.90%   368 10977s
 238550 155682 5453.44567  112  748 5988.00000 5394.95645  9.90%   369 11007s
 239200 156045 5460.73711  114  785 5988.00000 5395.46867  9.90%   369 11035s
 239924 156288 5462.43190  117  857 5988.00000 5395.46867  9.90%   369 11068s
 240553 156590 5464.45184  119  748 5988.00000 5395.46867  9.90%   370 11100s
 241260 156872 5465.01097  122  762 5988.00000 5395.46867  9.90%   370 11132s
 241989 157220 5465.55877  125  779 5988.00000 5395.46867  9.90%   371 11165s
 242761 157616 5470.56842  129  844 5988.00000 5397.73367  9.86%   371 11199s
 243596 157862 5471.93907  132  837 5988.00000 5397.73367  9.86%   372 11235s
 244374 158355 5474.59209  136  848 5988.00000 5397.73367  9.86%   373 11272s
 245388 158745 5565.88541  139  700 5988.00000 5397.73367  9.86%   373 11311s
 246430 159320 5477.94857  143  994 5988.00000 5398.09381  9.85%   374 11351s
 247601 160204 5479.98681  147 1006 5988.00000 5398.09381  9.85%   375 11389s
 248942 161272 5481.25201  151  980 5988.00000 5400.85883  9.81%   375 11430s
 250643 161891 5485.31934  156  915 5988.00000 5401.12260  9.80%   376 11470s
 252018 162625 5486.87069  161  932 5988.00000 5401.45990  9.80%   376 11512s
 253552 162468 5440.57245   94  739 5988.00000 5401.45990  9.80%   376 11542s
 253974 162602 5440.89780   96  870 5988.00000 5401.45990  9.80%   377 11565s
 254286 162788 5441.46562   98  808 5988.00000 5401.45990  9.80%   377 11591s
 254614 163007 5503.50142  100  586 5988.00000 5401.86090  9.79%   377 11617s
 254972 163219 5442.44522  101  778 5988.00000 5401.86090  9.79%   377 11645s
 255324 163452 5444.00690  104  700 5988.00000 5401.86090  9.79%   377 11670s
 255709 163708 5444.52386  107  734 5988.00000 5401.86090  9.79%   377 11697s
 256148 163900 5449.05785  109  690 5988.00000 5401.86090  9.79%   378 11726s
 256545 164187 5445.74612  112  671 5988.00000 5401.86090  9.79%   378 11754s
 257053 164400 5446.23343  114  675 5988.00000 5401.86090  9.79%   378 11783s
 257491 164654 5446.59859  116  692 5988.00000 5404.86208  9.74%   378 11813s
 257957 164982 5446.97357  118  703 5988.00000 5404.86208  9.74%   378 11843s
 258489 165503 5448.73630  121  716 5988.00000 5404.86208  9.74%   378 11875s
 259282 166061 5521.53798  124  456 5988.00000 5404.86208  9.74%   378 11908s
 260230 166536 5450.70391  127  813 5988.00000 5404.86208  9.74%   378 11940s
 261140 166914 5451.61206  130  779 5988.00000 5404.86208  9.74%   378 11975s
 261955 167350 5538.34285  132  570 5988.00000 5404.86208  9.74%   377 12008s
 262795 167858 5459.01025  134  670 5988.00000 5404.86208  9.74%   377 12042s
 263702 168314 5460.44541  137  772 5988.00000 5404.86208  9.74%   377 12076s
 264548 168829 5461.48464  140  835 5988.00000 5404.86208  9.74%   378 12113s
 265596 169325 5462.32773  142  834 5988.00000 5404.86208  9.74%   378 12150s
 266580 169784 5465.37222  146  697 5988.00000 5404.86208  9.74%   378 12186s
 267469 170510 5466.25648  150  757 5988.00000 5404.86208  9.74%   378 12224s
 268607 171394 5467.17092  155  614 5988.00000 5404.86208  9.74%   378 12264s
 269974 171891 5468.44143  161  691 5988.00000 5404.86208  9.74%   378 12303s
 271125 172610 5469.53600  165  708 5988.00000 5405.98069  9.72%   378 12342s
 272451 173599 5509.65224  169  606 5988.00000 5405.98902  9.72%   378 12385s
 274221 174272 5456.86183  173  481 5988.00000 5408.12436  9.68%   377 12400s
 275695 175159 5459.41281  182  397 5988.00000 5408.12436  9.68%   376 12412s
 277167 175794 5461.13793  192  583 5988.00000 5408.12436  9.68%   375 12423s
 278500 177457 5461.78905  198  522 5988.00000 5408.50167  9.68%   374 12442s
 280925 177561 5462.64810  208  527 5988.00000 5408.50167  9.68%   372 12453s
 282029 177973 5464.20128  213  494 5988.00000 5410.18331  9.65%   371 12463s
 282917 179158 5505.47780  217  245 5988.00000 5410.18331  9.65%   371 12477s
 284642 179592 5470.36569  226  280 5988.00000 5410.26752  9.65%   370 12488s
 285877 180213 infeasible  235      5988.00000 5410.28091  9.65%   369 12502s
 287288 180738 5475.92635  245  378 5988.00000 5410.28091  9.65%   368 12516s
 288575 181301 5477.58991  258  356 5988.00000 5410.72215  9.64%   367 12530s
 289954 182257 5483.61897  273  446 5988.00000 5410.72215  9.64%   366 12546s
 291635 183371     cutoff  296      5988.00000 5412.26186  9.61%   365 12561s
 293598 185015 5495.49306  324  484 5988.00000 5412.26186  9.61%   364 12578s
 296114 186229 5512.01600  353  405 5988.00000 5412.61016  9.61%   362 12593s
 298551 186889 5440.54993   69  387 5988.00000 5412.61016  9.61%   360 12610s
 300403 186523 5499.63882  165  918 5988.00000 5412.61016  9.61%   359 12664s
 300785 189853 5500.31935  168  932 5988.00000 5412.61016  9.61%   360 12821s
 304858 190157 5518.26305  188  815 5988.00000 5412.61016  9.61%   364 12881s
 307158 190762 5528.72790  197  848 5988.00000 5412.61016  9.61%   365 12935s
 309224 191283 5531.54165  204  902 5988.00000 5415.27800  9.56%   365 12988s
 310916 192399 5537.18598  214  927 5988.00000 5416.83887  9.54%   367 13041s
 312813 193632 5545.10495  225  711 5988.00000 5416.83887  9.54%   368 13096s
 315123 194496     cutoff  237      5988.00000 5417.34929  9.53%   368 13151s
 317218 195438 5557.42347  254  852 5988.00000 5417.42833  9.53%   369 13207s
 319285 196742 5561.32760  269  864 5988.00000 5417.42833  9.53%   370 13263s
 321476 198276 5565.46264  286  832 5988.00000 5417.42833  9.53%   371 13321s
 324048 199075 5569.66844  318  787 5988.00000 5417.42833  9.53%   371 13381s
 326100 199936 5484.73822  175  767 5988.00000 5419.01232  9.50%   371 13442s
 328093 201324 5487.16193  184  643 5988.00000 5419.01232  9.50%   371 13509s
 330309 201666 5490.27749  192  779 5988.00000 5419.65913  9.49%   371 13546s
 331441 202877 5491.16785  196  700 5988.00000 5419.65913  9.49%   371 13586s
 333121 203818 5499.37387  202  656 5988.00000 5419.65913  9.49%   370 13627s
 334780 203683 5500.57015  207  740 5988.00000 5420.87502  9.47%   370 13665s
 335241 205188 5519.63797  208  554 5988.00000 5420.87502  9.47%   370 13711s
 337185 205704 5511.95848  217  636 5988.00000 5420.87502  9.47%   369 13753s
 338530 205473 5513.84970  223  626 5988.00000 5420.87502  9.47%   369 13793s
 338783 206372 5561.89759  226  535 5988.00000 5420.87502  9.47%   369 13839s
 339996 207801 5516.38927  228  664 5988.00000 5420.87502  9.47%   369 13892s
 342102 208710 5517.66710  235  668 5988.00000 5420.87502  9.47%   369 13945s
 343957 209548 5519.19311  241  728 5988.00000 5420.87502  9.47%   368 14001s
 345604 210248 5522.17248  249  690 5988.00000 5420.87502  9.47%   369 14057s
 346934 211782 5527.95611  258  612 5988.00000 5420.87502  9.47%   369 14118s
 348953 213337 5532.40232  268  642 5988.00000 5420.87502  9.47%   369 14182s
 351321 213327 5534.26061  280  605 5988.00000 5420.87502  9.47%   369 14248s
 352317 214375 5496.02347  115  494 5988.00000 5420.87502  9.47%   369 14272s
 354500 215891 5531.51390  201  467 5988.00000 5421.96265  9.45%   368 14296s
 357387 217467     cutoff  110      5988.00000 5422.42218  9.45%   367 14316s
 360644 220037 infeasible  226      5988.00000 5422.80192  9.44%   365 14345s
 364912 219372 5490.43144   82  441 5988.00000 5422.80192  9.44%   362 14361s
 365792 220533 5540.13143  107  353 5988.00000 5422.80192  9.44%   362 14382s
 367947 221323 5432.14907   61  521 5988.00000 5422.96860  9.44%   361 14403s
 370373 222652 5471.61325  105  363 5988.00000 5424.69039  9.41%   360 14425s
 372974 223549 5514.32916   82  290 5988.00000 5424.72766  9.41%   359 14451s
 375131 225468 5435.83031   55  522 5988.00000 5424.99627  9.40%   358 14479s
 378685 226243     cutoff  112      5988.00000 5424.99627  9.40%   356 14506s
 381887 227912 5512.52946  106  321 5988.00000 5426.04423  9.38%   355 14533s
 385452 230329 5442.77483   81  487 5988.00000 5426.19211  9.38%   353 14561s
 389844 231111     cutoff  342      5988.00000 5426.81731  9.37%   351 14641s
 392453 232790     cutoff  388      5988.00000 5426.81731  9.37%   353 14714s
 395538 234397 5609.02424  444  800 5988.00000 5427.52172  9.36%   353 14803s
 398523 236055 5522.91201   63  465 5988.00000 5427.52172  9.36%   355 14879s
 401585 237429 5520.61206   86  511 5988.00000 5427.52172  9.36%   356 14951s
 404460 239582 5580.54067  155  899 5988.00000 5427.52172  9.36%   356 15026s
 408127 241315 5625.40109  243  610 5988.00000 5427.52172  9.36%   356 15099s
 411525 243873 5520.16814  106  608 5988.00000 5430.34139  9.31%   356 15173s
 415421 246337 5584.45513  209  599 5988.00000 5430.34139  9.31%   356 15245s
 419448 247408 5503.45301   73  573 5988.00000 5430.34139  9.31%   356 15314s
 422285 248522 5480.88212   87  716 5988.00000 5431.71414  9.29%   356 15384s
 424461 249351 5619.13597  288  405 5988.00000 5431.71414  9.29%   357 15479s
 426329 252171 5588.73198  303  469 5988.00000 5437.59058  9.19%   358 15594s
 429926 253532 5551.45408  324  596 5988.00000 5437.59058  9.19%   358 15700s
 432654 255512 5555.60646  342  550 5988.00000 5437.86107  9.19%   359 15796s
 435820 257051 5645.26497  358  436 5988.00000 5437.86107  9.19%   359 15887s
 438779 257860 5560.63960  374  574 5988.00000 5437.86107  9.19%   359 15978s
 440895 259150 5564.85685  390  573 5988.00000 5437.86107  9.19%   360 16074s
 443145 261228 5615.66760  408  439 5988.00000 5437.86107  9.19%   360 16181s
 446279 262652 5570.31210  429  608 5988.00000 5437.86107  9.19%   361 16289s
 449034 263869 5573.34614  451  519 5988.00000 5437.86107  9.19%   362 16404s
 451412 266463 5578.10836  470  624 5988.00000 5437.86107  9.19%   362 16526s
 455089 269813 5581.82843  493  548 5988.00000 5437.86107  9.19%   362 16646s
 460171 271355 5526.01237   80  315 5988.00000 5440.47420  9.14%   362 16677s
 464313 272750 5522.17736  123  405 5988.00000 5440.58549  9.14%   360 16702s
 467960 272880     cutoff   78      5988.00000 5441.07294  9.13%   358 16727s
 469859 274556 5528.48923  162  386 5988.00000 5441.35247  9.13%   358 16753s
 473109 276120 5557.68211  108  248 5988.00000 5441.53036  9.13%   357 16780s
 476472 277641 5489.64667  205  396 5988.00000 5441.53036  9.13%   356 16807s
 480034 278425 5526.23122  388  299 5988.00000 5442.09006  9.12%   354 16833s
 483040 279710 infeasible  479      5988.00000 5442.33301  9.11%   353 16860s
 486534 280223 5503.54898  131  356 5988.00000 5442.33301  9.11%   352 16886s
 488689 282821 5555.14090  210  380 5988.00000 5442.33301  9.11%   351 16913s
 492648 285360 5547.18255  156  367 5988.00000 5443.25403  9.10%   350 16945s
 497669 285437 5490.19537  121  306 5988.00000 5443.63876  9.09%   348 16965s
 500084 286912 5469.65797   80  477 5988.00000 5444.14755  9.08%   347 16987s
 502970 288320 5537.54067   93  376 5988.00000 5444.45260  9.08%   346 17010s
 505815 291731 5517.18934  151  689 5988.00000 5444.51700  9.08%   345 17114s
 509670 293423 5628.78953  411  454 5988.00000 5444.62216  9.07%   346 17203s
 513169 295227 5558.18208   68  553 5988.00000 5444.62216  9.07%   347 17287s
 516575 296760 5574.07816   90  532 5988.00000 5444.81061  9.07%   348 17371s
 519979 297970 5517.32805   59  526 5988.00000 5446.71958  9.04%   349 17453s
 522807 300491 5554.44688   81  559 5988.00000 5447.22308  9.03%   350 17538s
 526721 299630 5513.13264   65  507 5988.00000 5447.57787  9.03%   351 17620s
 527271 301387 5515.38082   66  547 5988.00000 5447.57787  9.03%   351 17705s
 529390 305151 5574.37658  110  553 5988.00000 5447.91159  9.02%   351 17801s
 534361 306554 5540.28008   69  603 5988.00000 5448.13030  9.02%   352 17884s
 537847 309660 5633.54371  158  700 5988.00000 5448.13030  9.02%   352 17986s
 542823 310147 5623.68032  131  513 5988.00000 5448.56529  9.01%   352 18053s
 545432 312101 5609.77401  115  472 5988.00000 5449.88268  8.99%   353 18124s
 548489 314159 5471.25109   67  605 5988.00000 5449.88268  8.99%   353 18196s
 551806 316314 5595.79804  518  702 5988.00000 5450.13308  8.98%   354 18334s
 555483 318507 5598.58663  544  560 5988.00000 5450.13308  8.98%   354 18453s
 559258 319386 5603.74612  574  495 5988.00000 5450.81653  8.97%   354 18559s
 561266 318717 5572.53708   70  479 5988.00000 5451.19166  8.96%   354 18560s
 561665 320747 5613.37831  599  632 5988.00000 5451.65187  8.96%   354 18673s
 564222 322979 5618.03533  626  600 5988.00000 5451.71438  8.96%   355 18796s
 567783 325935 5640.82299  675  515 5988.00000 5452.86822  8.94%   355 18909s
 572154 330296     cutoff  759      5988.00000 5452.89326  8.94%   354 19019s
 578438 331281 5611.36694  119  465 5988.00000 5452.89326  8.94%   353 19104s
 581851 333835 5539.66068  105  556 5988.00000 5453.16636  8.93%   353 19229s
 585824 337233 5667.72375  289  460 5988.00000 5453.16636  8.93%   352 19327s
 590829 339329 5550.31269  176  645 5988.00000 5453.16636  8.93%   351 19407s
 594489 342751 5589.50768  370  477 5988.00000 5453.33303  8.93%   351 19483s
 598118 345241 5455.69914   72  527 5988.00000 5453.85536  8.92%   350 19513s
 601161 346287 5465.86782  116  555 5988.00000 5454.05235  8.92%   349 19545s
 602968 349931 5475.57149  137  540 5988.00000 5454.05235  8.92%   349 19584s
 607903 352193 5502.00876  241  433 5988.00000 5454.12833  8.92%   348 19616s
 610777 355973 5513.81304  327  451 5988.00000 5454.73500  8.91%   347 19648s
 615000 359914 5540.79411  466  430 5988.00000 5454.94599  8.90%   346 19681s
 619785 362233 5532.39216   96  419 5988.00000 5455.20573  8.90%   344 19702s
 622664 364393 5465.95717   63  383 5988.00000 5455.26731  8.90%   344 19725s
 625531 366725 5485.84241   96  484 5988.00000 5455.26731  8.90%   343 19747s
 628443 369688 5494.89075  152  565 5988.00000 5455.26731  8.90%   342 19771s
 632067 372423 5510.60340  276  514 5988.00000 5455.94290  8.89%   341 19794s
 635207 375035 5523.45928  388  445 5988.00000 5456.06942  8.88%   340 19817s
 638188 377531 5551.13704  496  378 5988.00000 5456.06942  8.88%   339 19840s
 641181 379343 5563.68039   53  289 5988.00000 5456.24302  8.88%   338 19864s
 643753 381256 5523.89013   78  349 5988.00000 5456.42409  8.88%   338 19890s
 646653 384661 5512.35465  113  394 5988.00000 5456.52075  8.88%   337 19922s
 650985 388092 5586.65025  144  678 5988.00000 5456.70981  8.87%   336 20016s
 654828 389896 5648.08960  304  651 5988.00000 5456.92818  8.87%   337 20096s
 657526 393631 5632.48558   98  486 5988.00000 5457.03258  8.87%   338 20182s
 661559 397426 5551.09014  118  727 5988.00000 5457.18275  8.86%   338 20262s
 665717 400636 5624.50533  249  669 5988.00000 5457.18275  8.86%   338 20338s
 669473 403637 5482.02539   67  704 5988.00000 5458.59671  8.84%   339 20433s
 672791 407809 5582.75301  138  768 5988.00000 5458.60648  8.84%   340 20523s
 677231 411698 5649.14376  279  577 5988.00000 5458.60648  8.84%   340 20599s
 681426 415603 5578.14529  132  709 5988.00000 5458.73555  8.84%   340 20669s
 685643 418713 5623.96027  313  604 5988.00000 5458.73555  8.84%   340 20734s
 689017 421513 5599.38001   85  559 5988.00000 5458.73555  8.84%   340 20798s
 692002 424215 5472.36803   56  538 5988.00000 5458.73555  8.84%   341 20865s
 695218 426479 5585.02782  141  551 5988.00000 5459.22058  8.83%   341 20930s
 697759 429078 5477.56712   60  653 5988.00000 5459.22058  8.83%   341 20999s
 700587 433079 5597.89732  127  700 5988.00000 5459.74007  8.82%   342 21091s
 705059 436132 5633.96410  599  571 5988.00000 5460.35275  8.81%   342 21209s
 708256 440580 5669.97229  703  472 5988.00000 5460.35275  8.81%   342 21330s
 712816 445670 5521.42688  140  829 5988.00000 5460.35275  8.81%   342 21428s
 718051 449946 5555.86568  252  730 5988.00000 5460.35275  8.81%   341 21539s
 722799 451841 5583.03233  381  625 5988.00000 5460.71137  8.81%   340 21618s
 724942 455367 5608.80727  509  649 5988.00000 5460.71137  8.81%   340 21708s
 728817 457789 5636.64696  795  573 5988.00000 5460.71137  8.81%   340 21794s
 731586 460329 5496.15481   64  785 5988.00000 5460.71137  8.81%   340 21882s
 734608 461086 5634.76653  123  481 5988.00000 5460.71137  8.81%   340 21973s
 735577 463154 5646.34705  157  637 5988.00000 5460.71137  8.81%   340 22071s
 738052 466701 5523.60791   94  504 5988.00000 5460.71137  8.81%   341 22176s
 741637 470970 5575.00549  267  630 5988.00000 5460.71137  8.81%   341 22278s
 746021 474250 5611.46252  494  590 5988.00000 5460.71137  8.81%   340 22370s
 749565 477858 5674.95176  696  500 5988.00000 5462.19241  8.78%   340 22487s
 753558 480102 5610.04320  209  584 5988.00000 5462.19241  8.78%   340 22575s
 755936 481122 5496.99851   75  326 5988.00000 5462.19241  8.78%   340 22604s
 757535 484545 5536.52174  115  378 5988.00000 5462.19241  8.78%   340 22661s
 762713 488676 5515.06372   79  314 5988.00000 5462.19241  8.78%   339 22701s
 767902 492295 5500.82017  101  376 5988.00000 5462.74354  8.77%   338 22735s
 772381 492319 5520.19283  116  369 5988.00000 5462.99862  8.77%   337 22766s
 772418 492550 5520.37152  117  343 5988.00000 5462.99862  8.77%   337 22801s
 772654 494358 5520.73251  118  398 5988.00000 5462.99862  8.77%   337 22835s
 775163 497232 infeasible  128      5988.00000 5463.29170  8.76%   336 22870s
 779521 500643 5479.76392  114  571 5988.00000 5463.70532  8.76%   336 22903s
 783721 502907 5511.53138  197  531 5988.00000 5463.85136  8.75%   335 22935s
 787443 505219 5540.61216  373  544 5988.00000 5464.19591  8.75%   334 22961s
 790674 508154 5539.74993  129  250 5988.00000 5464.50680  8.74%   334 22988s
 794297 509429 5500.81726   60  342 5988.00000 5464.62040  8.74%   333 23015s
 795991 511248 5531.62073   80  408 5988.00000 5464.64872  8.74%   333 23043s
 799497 513397 5511.51161   89  315 5988.00000 5464.86116  8.74%   332 23071s
 802878 516133 5536.53674   92  420 5988.00000 5464.94125  8.74%   332 23099s
 806292 518867 5549.23250   77  549 5988.00000 5465.15425  8.73%   331 23186s
 809338 523169 5506.85150   67  494 5988.00000 5465.15425  8.73%   332 23279s
 813819 526578 5607.49273  197  388 5988.00000 5465.15425  8.73%   332 23355s
 817543 530452 5532.09155   85  608 5988.00000 5465.15425  8.73%   332 23429s
 821773 533685 5520.78583   67  580 5988.00000 5465.38015  8.73%   332 23498s
 825332 536173 5570.28623   73  606 5988.00000 5465.70631  8.72%   333 23569s
 828613 537941 5603.01628   81  567 5988.00000 5465.70631  8.72%   333 23640s
 831006 538972 5576.46578   82  558 5988.00000 5466.44144  8.71%   334 23731s
 832379 547167 5586.73254   89  536 5988.00000 5466.44251  8.71%   334 23928s
 841308 550879 5614.37314  195  810 5988.00000 5467.03478  8.70%   335 24014s
 845460 553109 5539.21199   62  531 5988.00000 5467.03913  8.70%   336 24094s
 848190 555494 5583.73675  103  609 5988.00000 5467.03913  8.70%   336 24177s
 850936 557959 5650.95972  280  577 5988.00000 5467.03913  8.70%   337 24263s
 854099 560673 5593.71299  127  606 5988.00000 5467.06709  8.70%   338 24350s
 857509 564584 5638.76466  362  577 5988.00000 5467.06709  8.70%   339 24462s
 861812 567533 5554.51592   70  694 5988.00000 5467.06709  8.70%   339 24547s
 865196 570364 5615.47213  146  631 5988.00000 5467.06709  8.70%   339 24630s
 868485 572372 5665.96702  315  561 5988.00000 5468.54638  8.67%   339 24712s
 870895 575181 5513.85382   81  595 5988.00000 5468.54638  8.67%   339 24800s
 873870 578023 5567.62646  189  547 5988.00000 5468.54638  8.67%   339 24891s
 876843 578814 5599.18232  327  543 5988.00000 5468.54638  8.67%   339 24976s
 877781 580425 5599.29487  328  535 5988.00000 5468.86006  8.67%   339 25072s
 879670 583649 5599.49126  329  479 5988.00000 5468.86006  8.67%   339 25178s
 883455 583676 5625.04822  403  612 5988.00000 5468.86006  8.67%   339 25286s
 883492 609035 5625.26085  404  610 5988.00000 5468.86006  8.67%   339 27535s
 915492 611766 5529.50974   79  299 5988.00000 5469.57903  8.66%   352 27564s
 918772 615186 5548.19491   79  315 5988.00000 5469.72582  8.66%   352 27593s
 922881 618247 5550.18606  108  312 5988.00000 5469.76204  8.65%   351 27626s
 926817 620823 5554.98933  101  339 5988.00000 5469.96188  8.65%   350 27651s
 929918 623597 5534.04828  111  354 5988.00000 5470.17275  8.65%   350 27677s
 933324 626034 5516.87309   94  432 5988.00000 5470.17275  8.65%   349 27703s
 936554 628771 5498.61761   90  340 5988.00000 5470.44440  8.64%   349 27729s
 939868 631404 5497.60089  150  464 5988.00000 5470.55450  8.64%   348 27755s
 943115 634256 5522.06293  261  530 5988.00000 5470.72173  8.64%   347 27781s
 946460 637159 5551.57252  374  432 5988.00000 5470.90732  8.64%   347 27806s
 949865 640042 5536.78191   85  363 5988.00000 5471.10406  8.63%   346 27831s
 953204 642017 5525.36594   69  237 5988.00000 5471.21013  8.63%   345 27864s
 955779 646154     cutoff  132      5988.00000 5471.27215  8.63%   345 27900s
 961117 648390 5547.72902  103  254 5988.00000 5471.58787  8.62%   344 27926s
 964203 650700 5543.59664   99  354 5988.00000 5471.61159  8.62%   344 27953s
 967497 652596 5542.93739   65  521 5988.00000 5471.61159  8.62%   343 28039s
 969922 655752 5505.75808   76  717 5988.00000 5472.13404  8.61%   344 28130s
 973573 657803 5570.43137  208  743 5988.00000 5472.14051  8.61%   344 28209s
 976186 660293 5635.37946  415  493 5988.00000 5472.14051  8.61%   345 28294s
 979538 662947 5573.19489  139  650 5988.00000 5472.18902  8.61%   345 28378s
 982772 666435 5619.91804  288  578 5988.00000 5472.67788  8.61%   346 28463s
 986625 669521 5579.85926  120  605 5988.00000 5472.67788  8.61%   346 28546s
 990254 672024     cutoff   70      5988.00000 5472.67788  8.61%   347 28624s
 993285 674854 5490.02021   54  635 5988.00000 5472.67788  8.61%   347 28705s
 996716 677296 5557.07961  170  596 5988.00000 5472.67788  8.61%   348 28784s
 999911 680655 5600.62080  303  524 5988.00000 5472.67788  8.61%   348 28874s
 1004078 683271 5507.77176   58  598 5988.00000 5472.78777  8.60%   348 28942s
 1007456 685336 5532.12487   75  648 5988.00000 5472.78777  8.60%   348 29010s
 1010152 686546 5551.48156   92  729 5988.00000 5472.78777  8.60%   349 29080s
 1011713 688200 5559.53637  108  636 5988.00000 5472.78777  8.60%   349 29158s
 1013892 690686 5564.47511  133  801 5988.00000 5472.78777  8.60%   350 29243s
 1016983 693060 5582.26820  163  622 5988.00000 5472.78777  8.60%   351 29328s
 1020361 694593 5634.93423  362  527 5988.00000 5473.61966  8.59%   352 29458s
 1023442 696948 5654.69734  418  426 5988.00000 5474.27345  8.58%   352 29591s
 1026812 699735 5559.99662  104  601 5988.00000 5474.32068  8.58%   352 29718s
 1030691 703420 5611.39727  275  472 5988.00000 5474.32068  8.58%   353 29836s
 1034659 708500 5670.02172  596  470 5988.00000 5474.32068  8.58%   352 29951s
 1040232 711456 5512.93524   66  795 5988.00000 5474.32068  8.58%   352 30048s
 1043738 713763 5598.52141  147  707 5988.00000 5474.32068  8.58%   352 30138s
 1046218 718352 5663.01716  282  455 5988.00000 5474.32068  8.58%   352 30236s
 1051282 724351 5571.84839  143  613 5988.00000 5474.32068  8.58%   352 30362s
 1057650 726351 5643.25259  426  651 5988.00000 5474.32068  8.58%   351 30426s
 1059830 728314 5690.05129  668  445 5988.00000 5474.32068  8.58%   351 30498s
 1062114 730309     cutoff  109      5988.00000 5474.32068  8.58%   351 30575s
 1064600 732118 5569.82606   88  538 5988.00000 5474.81682  8.57%   351 30654s
 1066736 734311 5610.74138   96  398 5988.00000 5474.81682  8.57%   351 30742s
 1069308 736315 5575.71631   83  568 5988.00000 5475.41364  8.56%   352 30834s
 1071567 738555 5509.90861  117  254 5988.00000 5475.41364  8.56%   352 30863s
 1074592 742052 5546.36791  136  415 5988.00000 5475.63070  8.56%   351 30895s
 1078898 744837 5531.93070   64  297 5988.00000 5475.68593  8.56%   351 30923s
 1082332 747711 5512.36943   91  340 5988.00000 5475.77155  8.55%   350 30950s
 1085814 749321 5578.04926  270  266 5988.00000 5475.91869  8.55%   350 30977s
 1087783 752305 5507.85753   90  329 5988.00000 5475.91869  8.55%   349 31009s
 1091587 753370 5553.15294   63  254 5988.00000 5476.20212  8.55%   349 31035s
 1093090 756528 5507.01539   80  348 5988.00000 5476.22027  8.55%   349 31066s
 1097135 759495 5530.80238   72  357 5988.00000 5476.37960  8.54%   348 31094s
 1100845 762262 5573.92079   88  212 5988.00000 5476.47165  8.54%   347 31122s
 1104642 764848 5559.27698  107  365 5988.00000 5476.56388  8.54%   347 31152s
 1107929 767856 5519.91551   90  482 5988.00000 5476.80955  8.54%   346 31179s
 1111778 770508 5532.03099   87  305 5988.00000 5476.84485  8.54%   346 31205s
 1115043 773245 5486.48003   61  331 5988.00000 5476.94135  8.53%   345 31230s
 1118486 775508 5539.04662  176  168 5988.00000 5477.13638  8.53%   345 31262s
 1122236 776995 5598.34205  202  718 5988.00000 5477.33727  8.53%   344 31349s
 1124826 780134 5612.57075  252  688 5988.00000 5477.78843  8.52%   345 31456s
 1129697 783386 5539.12339   77  459 5988.00000 5477.90399  8.52%   345 31539s
 1133694 786029 5523.90153   58  591 5988.00000 5478.18348  8.51%   345 31629s
 1136941 787610 5508.65522   66  646 5988.00000 5478.18348  8.51%   346 31718s
 1138824 789845 5527.50968   79  611 5988.00000 5478.18348  8.51%   347 31826s
 1142051 792568 5592.53047   98  405 5988.00000 5478.31112  8.51%   348 31933s
 1145799 795358 5640.97580  120  355 5988.00000 5478.55443  8.51%   349 32038s
 1149424 798533 5576.09342  141  673 5988.00000 5478.55443  8.51%   349 32140s
 1153881 800694 5583.24325  166  741 5988.00000 5478.61327  8.51%   350 32229s
 1156850 804443 5594.57194  196  615 5988.00000 5478.61327  8.51%   350 32322s
 1161960 806633 5604.19013  234  704 5988.00000 5478.76790  8.50%   351 32402s
 1164939 809720 5618.90911  269  570 5988.00000 5478.76790  8.50%   350 32490s
 1168760 812136 infeasible  352      5988.00000 5478.76790  8.50%   351 32564s
 1172107 814319 5572.13462   71  457 5988.00000 5478.87434  8.50%   351 32638s
 1175029 817332 5512.79710   93  788 5988.00000 5479.16083  8.50%   351 32761s
 1178220 821551 5568.67850  143  693 5988.00000 5479.16083  8.50%   351 32887s
 1182816 823780 5599.71676  262  819 5988.00000 5479.26416  8.50%   351 32987s
 1185297 827121 5615.35555  349  823 5988.00000 5479.32562  8.49%   352 33111s
 1189187 831212 5651.84549  538  695 5988.00000 5479.58926  8.49%   352 33211s
 1193391 833894 5687.78108  723  609 5988.00000 5479.58926  8.49%   351 33296s
 1196356 837807 5581.87674  150  545 5988.00000 5479.58926  8.49%   351 33385s
 1200494 841432 5611.70672  254  509 5988.00000 5479.58926  8.49%   351 33471s
 1204600 844722 5642.91911  450  543 5988.00000 5479.58926  8.49%   351 33550s
 1208043 847919 5675.40115  647  511 5988.00000 5479.58926  8.49%   351 33626s
 1211532 851125 5586.61402  113  669 5988.00000 5479.58926  8.49%   350 33702s
 1214988 856106 5626.72810  224  710 5988.00000 5479.58926  8.49%   350 33817s
 1220657 858035 5687.61541  497  620 5988.00000 5479.71925  8.49%   350 33886s
 1222792 861360 5670.72034  103  373 5988.00000 5479.71925  8.49%   349 33960s
 1226466 863456 5530.72628   91  473 5988.00000 5479.71925  8.49%   349 33989s
 1229650 866021 5512.52258   61  318 5988.00000 5479.85827  8.49%   349 34019s
 1233090 869243 5578.94606  134  322 5988.00000 5479.85827  8.49%   348 34049s
 1236928 872466 5546.52614   55  243 5988.00000 5480.12105  8.48%   348 34077s
 1240836 875309 5565.67118  103  282 5988.00000 5480.16165  8.48%   347 34103s
 1244388 876651 5550.14709   80  279 5988.00000 5480.36795  8.48%   347 34130s
 1246134 878894 5576.56997   53  226 5988.00000 5480.44699  8.48%   346 34158s
 1249484 881062 5561.44529  135  423 5988.00000 5480.51753  8.47%   346 34187s
 1252756 883904 5545.31234  129  217 5988.00000 5480.66195  8.47%   346 34218s
 1256341 886557 5555.87777  123  359 5988.00000 5480.71238  8.47%   345 34244s
 1259583 889015     cutoff  135      5988.00000 5480.71238  8.47%   345 34272s
 1262853 892003 5489.50696   81  445 5988.00000 5480.97738  8.47%   344 34299s
 1266456 894540 5526.15636   76  292 5988.00000 5481.02991  8.47%   344 34325s
 1269860 896935     cutoff   65      5988.00000 5481.02991  8.47%   343 34351s
 1273112 899463 5543.15640  221  390 5988.00000 5481.33443  8.46%   343 34378s
 1276428 901810 5535.12855  104  289 5988.00000 5481.35794  8.46%   343 34404s
 1279560 904049 5523.33821   66  669 5988.00000 5481.35794  8.46%   342 34487s
 1282176 908853 5633.75584  116  540 5988.00000 5481.35794  8.46%   343 34591s
 1287279 912428 5619.53811  119  680 5988.00000 5481.72076  8.45%   343 34668s
 1291287 914902 5570.64380   82  473 5988.00000 5481.72076  8.45%   343 34742s
 1294014 917617 5511.54400   71  743 5988.00000 5481.72076  8.45%   343 34820s
 1297113 919947 5648.91447  126  753 5988.00000 5481.90295  8.45%   344 34897s
 1299919 922697 5521.29773   77  671 5988.00000 5481.92103  8.45%   344 34987s
 1303549 924216 5582.57498  180  634 5988.00000 5481.92103  8.45%   345 35066s
 1305410 925824 5608.76740  287  721 5988.00000 5481.92103  8.45%   346 35161s
 1307701 927902 5526.25267   70  633 5988.00000 5482.50405  8.44%   346 35264s
 1311397 931099 5608.27120  132  793 5988.00000 5482.50405  8.44%   347 35363s
 1315357 934069 5566.43476   83  601 5988.00000 5482.56961  8.44%   348 35455s
 1319093 937173 5515.96678   72  801 5988.00000 5482.56961  8.44%   348 35545s
 1322692 940576 5578.67518  206  649 5988.00000 5482.67587  8.44%   348 35634s
 1326856 942826 5514.46639   61  691 5988.00000 5482.77158  8.44%   349 35717s
 1329807 946754 5576.66912  136  563 5988.00000 5482.77158  8.44%   349 35835s
 1333993 949734 5630.85841  270  757 5988.00000 5482.77158  8.44%   349 35921s
 1337102 953998 5671.77127  415  522 5988.00000 5482.94826  8.43%   349 36013s
 1341530 957858 5690.78154  127  401 5988.00000 5482.94826  8.43%   348 36096s
 1345661 960828     cutoff   86      5988.00000 5482.94826  8.43%   348 36177s
 1349002 965477 5568.97893   84  505 5988.00000 5483.30242  8.43%   348 36291s
 1353894 968530 5635.34243  238  327 5988.00000 5483.30242  8.43%   347 36367s
 1357198 969498 5684.30972  454  459 5988.00000 5483.30242  8.43%   347 36441s
 1358193 974361 5508.72017  110  779 5988.00000 5483.30242  8.43%   347 36524s
 1363160 978652 5555.28108  177  679 5988.00000 5483.30242  8.43%   347 36598s
 1367685 980873 5580.71830  278  696 5988.00000 5483.30242  8.43%   346 36665s
 1370238 983320 5595.06082  347  668 5988.00000 5483.68662  8.42%   346 36736s
 1373049 985729 5623.08600  486  625 5988.00000 5483.76627  8.42%   346 36808s
 1375824 987472 5644.46977  640  544 5988.00000 5483.76627  8.42%   346 36881s
 1377797 991336 5664.53910  777  625 5988.00000 5483.76627  8.42%   346 36960s
 1381817 993127     cutoff  229      5988.00000 5483.76627  8.42%   345 36989s
 1384527 996204 5581.09056  125  362 5988.00000 5483.80227  8.42%   345 37020s
 1388184 998276 5574.18992  173  342 5988.00000 5484.06978  8.42%   345 37045s
 1390852 999832 5574.40438   77  258 5988.00000 5484.23192  8.41%   344 37074s
 1392745 1002394 5508.48578   99  391 5988.00000 5484.24064  8.41%   344 37106s
 1396282 1005267 5538.30604  175  451 5988.00000 5484.28193  8.41%   344 37137s
 1400165 1007656     cutoff  337      5988.00000 5484.40114  8.41%   343 37166s
 1403740 1009537 5533.96531   98  369 5988.00000 5484.44933  8.41%   343 37196s
 1407257 1010651     cutoff  139      5988.00000 5484.59244  8.41%   343 37224s
 1409510 1012086     cutoff  125      5988.00000 5484.68730  8.41%   343 37255s
 1412518 1014317 5499.83651  142  425 5988.00000 5484.79729  8.40%   342 37287s
 1416368 1016801 5504.72790  159  521 5988.00000 5484.80600  8.40%   342 37318s
 1419919 1018935 5508.16827  172  426 5988.00000 5484.99527  8.40%   342 37344s
 1422973 1021266 5511.11644  187  524 5988.00000 5485.10884  8.40%   341 37371s
 1425925 1023756 5513.51723  207  364 5988.00000 5485.24973  8.40%   341 37400s
 1429388 1026121 5515.88486  224  500 5988.00000 5485.33642  8.39%   341 37429s
 1432606 1027598 5571.46705  102  734 5988.00000 5485.33642  8.39%   340 37518s
 1434670 1030290 5648.47776  238  705 5988.00000 5485.36270  8.39%   341 37651s
 1438171 1031606 5555.61632  144  811 5988.00000 5485.37792  8.39%   342 37780s
 1440192 1036037 5555.76814  145  720 5988.00000 5485.62106  8.39%   342 37923s
 1446018 1040400 5611.36459  319  502 5988.00000 5485.62106  8.39%   343 38036s
 1451150 1040431 5639.19687   96  596 5988.00000 5485.69813  8.39%   343 38136s
 1451183 1040489 5640.46627   97  616 5988.00000 5485.69813  8.39%   343 38230s
 1451253 1041664 5641.01168   98  621 5988.00000 5485.69813  8.39%   343 38328s
 1452972 1044449 5625.42212   69  366 5988.00000 5485.69813  8.39%   343 38436s
 1456087 1049100 5607.68006  184  635 5988.00000 5485.69813  8.39%   344 38548s
 1461396 1052445 5516.65981   60  608 5988.00000 5485.69813  8.39%   344 38640s
 1465274 1056174 5600.01658  150  606 5988.00000 5485.93731  8.38%   344 38733s
 1469360 1058670 5502.66156   63  687 5988.00000 5486.18220  8.38%   344 38804s
 1472256 1061651 5548.70200  115  593 5988.00000 5486.19200  8.38%   345 38878s
 1475471 1063008 5603.47615  197  609 5988.00000 5486.19200  8.38%   345 38957s
 1476943 1066048 5625.01473  286  631 5988.00000 5486.19200  8.38%   345 39041s
 1480673 1069024 5593.43501   74  547 5988.00000 5486.30091  8.38%   345 39122s
 1484110 1073523 5513.51120   79  941 5988.00000 5486.30091  8.38%   345 39237s
 1488849 1076753 5545.80538  119  917 5988.00000 5486.30091  8.38%   345 39315s
 1492385 1078822 5572.97641  152  925 5988.00000 5486.40688  8.38%   345 39390s
 1494798 1082274 5602.07577  181  846 5988.00000 5486.40688  8.38%   345 39468s
 1498301 1083443 5629.60691  253  760 5988.00000 5486.40688  8.38%   345 39542s
 1499518 1087033 5640.79981  287  694 5988.00000 5486.40688  8.38%   345 39625s
 1503261 1091586 5669.61159  386  733 5988.00000 5486.40688  8.38%   344 39711s
 1508148 1094344 5526.62390  100  547 5988.00000 5486.40688  8.38%   344 39785s
 1511164 1097001 5659.98054  140  440 5988.00000 5486.40688  8.38%   344 39862s
 1514235 1100881 5579.68472   69  501 5988.00000 5487.18672  8.36%   344 39968s
 1518229 1105782 5663.04011  148  583 5988.00000 5487.18672  8.36%   343 40053s
 1523221 1109796 5570.31584   75  580 5988.00000 5487.66155  8.36%   343 40123s
 1527459 1112791 5576.14097   89  687 5988.00000 5487.72079  8.35%   343 40187s
 1530653 1115215 5651.95373  120  471 5988.00000 5487.72079  8.35%   342 40252s
 1533595 1117454 5569.49122   92  584 5988.00000 5487.95125  8.35%   342 40318s
 1535934 1119624 5547.61684  243  360 5988.00000 5487.95125  8.35%   342 40347s
 1538723 1121526     cutoff  261      5988.00000 5487.95511  8.35%   342 40380s
 1542327 1123974 5527.73649  283  476 5988.00000 5488.30146  8.34%   342 40411s
 1545857 1126909 5553.53249  319  299 5988.00000 5488.44384  8.34%   341 40442s
 1549703 1129447 5538.34983   52  281 5988.00000 5488.52104  8.34%   341 40473s
 1553169 1131864 5573.71018  112  399 5988.00000 5488.60539  8.34%   341 40499s
 1556429 1133786 5534.92728   80  415 5988.00000 5488.73543  8.34%   340 40528s
 1559996 1136140 5563.68374  134  318 5988.00000 5488.79893  8.34%   340 40554s
 1563273 1138303 5522.42423   87  297 5988.00000 5488.79893  8.34%   340 40581s
 1566360 1141069 5550.91949  180  353 5988.00000 5488.88768  8.34%   340 40607s
 1570023 1143564 5519.06495  205  426 5988.00000 5488.88768  8.34%   339 40634s
 1572983 1146055 5555.64497  302  480 5988.00000 5489.12764  8.33%   339 40661s
 1576581 1147962 5577.03317   90  307 5988.00000 5489.21615  8.33%   338 40688s
 1579609 1150126 5545.42255  100  408 5988.00000 5489.27790  8.33%   338 40720s
 1583059 1151562 5571.86482  118  306 5988.00000 5489.29235  8.33%   338 40747s
 1584917 1154612 5565.10068  116  327 5988.00000 5489.38277  8.33%   338 40781s
 1588975 1157478 5608.74392   97  468 5988.00000 5489.38277  8.33%   337 40866s
 1592132 1161544 5554.58462   64  572 5988.00000 5489.38277  8.33%   338 40955s
 1596465 1165056 5516.40277   62  699 5988.00000 5489.38277  8.33%   338 41032s
 1600403 1168204 5585.38382  132  709 5988.00000 5489.38277  8.33%   338 41123s
 1604141 1170804 5653.66201  285  738 5988.00000 5490.08439  8.32%   338 41199s
 1606974 1174565 5604.78886  126  559 5988.00000 5490.10297  8.31%   338 41277s
 1610947 1178794 5577.24897  120  543 5988.00000 5490.19768  8.31%   338 41353s
 1615427 1181925 5526.58131   68  688 5988.00000 5490.19768  8.31%   338 41422s
 1618791 1184768 5571.65925  149  782 5988.00000 5490.19768  8.31%   338 41491s
 1621831 1187581 5664.13910  260  688 5988.00000 5490.19768  8.31%   339 41561s
 1625095 1190335 5554.10514   55  517 5988.00000 5490.41900  8.31%   339 41633s
 1628440 1191841 5664.20843  129  546 5988.00000 5490.65543  8.31%   339 41703s
 1630321 1193244 5587.62882   78  484 5988.00000 5490.91850  8.30%   340 41794s
 1632019 1196802 infeasible  109      5988.00000 5490.91850  8.30%   340 41962s
 1637661 1199613 5636.99799  255  547 5988.00000 5490.93618  8.30%   342 42070s
 1641617 1203081 5608.66720  180  693 5988.00000 5490.93618  8.30%   342 42180s
 1645247 1206890 5638.98449  376  688 5988.00000 5490.93618  8.30%   342 42276s
 1649428 1209974 5666.72789  605  566 5988.00000 5490.93618  8.30%   342 42381s
 1652921 1213097 5627.01375  122  469 5988.00000 5491.06720  8.30%   342 42480s
 1656518 1215607 5571.66167   77  619 5988.00000 5491.22960  8.30%   342 42574s
 1659414 1218507 5588.49152   63  631 5988.00000 5491.22960  8.30%   342 42670s
 1662772 1223012 5574.90409   71  521 5988.00000 5491.51723  8.29%   342 42767s
 1667509 1226215 5586.88470   75  579 5988.00000 5491.51723  8.29%   342 42851s
 1670874 1230699 5616.77020  119  749 5988.00000 5491.51723  8.29%   341 42935s
 1675407 1235736 5653.34363  245  627 5988.00000 5491.51723  8.29%   341 43012s
 1680576 1240626 5696.96206  394  554 5988.00000 5491.83236  8.29%   341 43117s
 1685814 1243388 5667.14662  170  301 5988.00000 5491.83236  8.29%   340 43183s
 1688700 1244218 5587.14642  108  406 5988.00000 5491.83236  8.29%   340 43200s

Cutting planes:
  Learned: 2
  Gomory: 16
  Lift-and-project: 1
  Cover: 834
  Implied bound: 4
  Clique: 137
  MIR: 188
  StrongCG: 11
  Zero half: 143
  RLT: 803
  Relax-and-lift: 2
  BQP: 4

Explored 1689592 nodes (574626368 simplex iterations) in 43205.54 seconds (24188.19 work units)
Thread count was 32 (of 128 available processors)

Solution count 10: 5988 5992 5995 ... 6061

Time limit reached
Best objective 5.988000000000e+03, best bound 5.492000000000e+03, gap 8.2832%
Solved r101_Skewed2 -> /project2/ssuen_1733/output/v3/r101_Skewed2.pkl / .json
[Tue Dec 16 04:47:57 PST 2025] Finished run_single_instance for r101_Skewed2
